2026-07-18 20:16:26.607 Db OMORI[10624:837b] [com.apple.CFBundle:resources] Resource lookup at CFBundle 0x600003b04000 </Users/runner/Library/Developer/CoreSimulator/Devices/CE505324-B3F4-4B42-8BC5-419D92D4505A/data/Containers/Bundle/Application/E58B6841-34D4-4770-ACE2-B6E6158EE7D8/OMORI.app> (executable, loaded)
	Request       : InfoPlist type: stringsdict
	Result        : None
2026-07-18 20:16:26.607 Db OMORI[10624:837b] [com.apple.defaults:User Defaults] found no value for key WebKitDebugDeveloperExtrasEnabled in CFPrefsSearchListSource<0x600002c0a900> (Domain: com.poring.omori.ru, Container: (null))
2026-07-18 20:16:26.607 Db OMORI[10624:837b] [com.apple.defaults:User Defaults] found no value for key WebKitDebugVisibleDebugOverlayRegions in CFPrefsSearchListSource<0x600002c0a900> (Domain: com.poring.omori.ru, Container: (null))
2026-07-18 20:16:26.608 Db OMORI[10624:837b] [com.apple.defaults:User Defaults] found no value for key WebKitDebugCompositingBordersVisible in CFPrefsSearchListSource<0x600002c0a900> (Domain: com.poring.omori.ru, Container: (null))
2026-07-18 20:16:26.608 Db OMORI[10624:837b] [com.apple.defaults:User Defaults] found no value for key WebKitDebugCompositingRepaintCountersVisible in CFPrefsSearchListSource<0x600002c0a900> (Domain: com.poring.omori.ru, Container: (null))
2026-07-18 20:16:26.608 Db OMORI[10624:837b] [com.apple.defaults:User Defaults] found no value for key WebKitDebugDeclarativeWebPush in CFPrefsSearchListSource<0x600002c0a900> (Domain: com.poring.omori.ru, Container: (null))
2026-07-18 20:16:26.608 Db OMORI[10624:837b] [com.apple.defaults:User Defaults] found no value for key WebKitDebugDisableScreenSizeOverride in CFPrefsSearchListSource<0x600002c0a900> (Domain: com.poring.omori.ru, Container: (null))
2026-07-18 20:16:26.608 Db OMORI[10624:837b] [com.apple.defaults:User Defaults] found no value for key WebKitDebugForceAlwaysUserScalable in CFPrefsSearchListSource<0x600002c0a900> (Domain: com.poring.omori.ru, Container: (null))
2026-07-18 20:16:26.608 Db OMORI[10624:837b] [com.apple.defaults:User Defaults] found no value for key WebKitDebugAcceleratedDrawingEnabled in CFPrefsSearchListSource<0x600002c0a900> (Domain: com.poring.omori.ru, Container: (null))
2026-07-18 20:16:26.608 Db OMORI[10624:837b] [com.apple.defaults:User Defaults] found no value for key WebKitDebugLegacyLineLayoutVisualCoverageEnabled in CFPrefsSearchListSource<0x600002c0a900> (Domain: com.poring.omori.ru, Container: (null))
2026-07-18 20:16:26.608 Db OMORI[10624:837b] [com.apple.defaults:User Defaults] found no value for key WebKitDebugLogsPageMessagesToSystemConsoleEnabled in CFPrefsSearchListSource<0x600002c0a900> (Domain: com.poring.omori.ru, Container: (null))
2026-07-18 20:16:26.608 Db OMORI[10624:837b] [com.apple.defaults:User Defaults] found no value for key WebKitDebugNeedsInAppBrowserPrivacyQuirks in CFPrefsSearchListSource<0x600002c0a900> (Domain: com.poring.omori.ru, Container: (null))
2026-07-18 20:16:26.608 Db OMORI[10624:837b] [com.apple.defaults:User Defaults] found no value for key WebKitDebugResourceUsageOverlayVisible in CFPrefsSearchListSource<0x600002c0a900> (Domain: com.poring.omori.ru, Container: (null))
2026-07-18 20:16:26.609 Db OMORI[10624:837b] [com.apple.defaults:User Defaults] found no value for key WebKitDebugTiledScrollingIndicatorVisible in CFPrefsSearchListSource<0x600002c0a900> (Domain: com.poring.omori.ru, Container: (null))
2026-07-18 20:16:26.609 Db OMORI[10624:837b] [com.apple.defaults:User Defaults] found no value for key WebKitDebugWebInspectorEngineeringSettingsAllowed in CFPrefsSearchListSource<0x600002c0a900> (Domain: com.poring.omori.ru, Container: (null))
2026-07-18 20:16:26.609 Db OMORI[10624:837b] [com.apple.defaults:User Defaults] found no value for key WebKitDebugDragLiftDelay in CFPrefsSearchListSource<0x600002c0a900> (Domain: com.poring.omori.ru, Container: (null))
2026-07-18 20:16:26.610 Db OMORI[10624:837b] [com.apple.defaults:User Defaults] found no value for key WebKitFastClickingDisabled in CFPrefsSearchListSource<0x600002c0a900> (Domain: com.poring.omori.ru, Container: (null))
2026-07-18 20:16:26.610 Df OMORI[10624:837b] [com.apple.WebKit:Process] 0x10681a8e8 - PageConfiguration::delaysWebProcessLaunchUntilFirstLoad() -> false because of associated processPool value
2026-07-18 20:16:26.610 Df OMORI[10624:837b] [com.apple.WebKit:Process] 0x10581d008 - WebProcessPool::createWebPage: Not delaying WebProcess launch
2026-07-18 20:16:26.610 Df OMORI[10624:837b] [com.apple.WebKit:Process] 0x112018680 - [PID=0] WebProcessProxy::constructor:
2026-07-18 20:16:26.611 Df OMORI[10624:837b] [com.apple.WebKit:ProcessSuspension] 0x11200c420 - [PID=0, throttler=0x112018748] ProcessThrottler::Activity::Activity: Starting background activity / 'WebProcess initialization'
2026-07-18 20:16:26.611 Db OMORI[10624:837b] [com.apple.defaults:User Defaults] found no value for key WebKitJavaScriptCoreUseConfigFile in CFPrefsSearchListSource<0x600002c0a900> (Domain: com.poring.omori.ru, Container: (null))
2026-07-18 20:16:26.611 Db OMORI[10624:837b] [com.apple.defaults:User Defaults] looked up value 1 for key WebKitJSCJITEnabledDefaultsKey in CFPrefsSource<0x6000017003c0> (Domain: Volatile, User: , ByHost: No, Container: , Contents Need Refresh: No) via CFPrefsSearchListSource<0x600002c0a900> (Domain: com.poring.omori.ru, Container: (null))
2026-07-18 20:16:26.611 Db OMORI[10624:837b] [com.apple.defaults:User Defaults] looked up value 1 for key WebKitJSCFTLJITEnabledDefaultsKey in CFPrefsSource<0x6000017003c0> (Domain: Volatile, User: , ByHost: No, Container: , Contents Need Refresh: No) via CFPrefsSearchListSource<0x600002c0a900> (Domain: com.poring.omori.ru, Container: (null))
2026-07-18 20:16:26.612 Db OMORI[10624:837b] [com.apple.defaults:User Defaults] found no value for key LogMemoryJetsamDetails in CFPrefsSearchListSource<0x600002c0a900> (Domain: com.poring.omori.ru, Container: (null))
2026-07-18 20:16:26.612 Db OMORI[10624:837b] [com.apple.defaults:User Defaults] found no value for key WebKitSuppressMemoryPressureHandler in CFPrefsSearchListSource<0x600002c0a900> (Domain: com.poring.omori.ru, Container: (null))
2026-07-18 20:16:26.612 Db OMORI[10624:837b] [com.apple.defaults:User Defaults] found no value for key RemoteInspectorEnabled in CFPrefsSearchListSource<0x600002c10f00> (Domain: com.apple.webinspectord, Container: (null))
2026-07-18 20:16:26.612 Db OMORI[10624:837b] [com.apple.defaults:User Defaults] found no value for key WebKitLogCookieInformation in CFPrefsSearchListSource<0x600002c0a900> (Domain: com.poring.omori.ru, Container: (null))
2026-07-18 20:16:26.612 Df OMORI[10624:837b] (libMobileGestalt.dylib) No persisted cache on this platform.
2026-07-18 20:16:26.612 Db OMORI[10624:837b] [com.apple.defaults:User Defaults] found no value for key ReduceMotionEnabled in CFPrefsSearchListSource<0x600002c0a900> (Domain: com.poring.omori.ru, Container: (null))
2026-07-18 20:16:26.612 Db OMORI[10624:837b] [com.apple.Accessibility:AXSupportCommon] CF Read: domain = com.poring.omori.ru, preference = ReduceMotionEnabled, appID = com.poring.omori.ru result = (null) (-1 - empty, 0 - false, 1 - true)
2026-07-18 20:16:26.613 Db OMORI[10624:837b] [com.apple.defaults:User Defaults] found no value for key IncreaseButtonLegibilityEnabled in CFPrefsSearchListSource<0x600002c0a900> (Domain: com.poring.omori.ru, Container: (null))
2026-07-18 20:16:26.613 Db OMORI[10624:837b] [com.apple.Accessibility:AXSupportCommon] CF Read: domain = com.poring.omori.ru, preference = IncreaseButtonLegibilityEnabled, appID = com.poring.omori.ru result = (null) (-1 - empty, 0 - false, 1 - true)
2026-07-18 20:16:26.613 Db OMORI[10624:837b] [com.apple.defaults:User Defaults] found no value for key EnhancedTextLegibilityEnabled in CFPrefsSearchListSource<0x600002c0a900> (Domain: com.poring.omori.ru, Container: (null))
2026-07-18 20:16:26.613 Db OMORI[10624:837b] [com.apple.Accessibility:AXSupportCommon] CF Read: domain = com.poring.omori.ru, preference = EnhancedTextLegibilityEnabled, appID = com.poring.omori.ru result = (null) (-1 - empty, 0 - false, 1 - true)
2026-07-18 20:16:26.614 Db OMORI[10624:837b] [com.apple.defaults:User Defaults] found no value for key DarkenSystemColors in CFPrefsSearchListSource<0x600002c0a900> (Domain: com.poring.omori.ru, Container: (null))
2026-07-18 20:16:26.614 Db OMORI[10624:837b] [com.apple.Accessibility:AXSupportCommon] CF Read: domain = com.poring.omori.ru, preference = DarkenSystemColors, appID = com.poring.omori.ru result = (null) (-1 - empty, 0 - false, 1 - true)
2026-07-18 20:16:26.614 Db OMORI[10624:837b] [com.apple.defaults:User Defaults] found no value for key InvertColorsEnabled in CFPrefsSearchListSource<0x600002c0a900> (Domain: com.poring.omori.ru, Container: (null))
2026-07-18 20:16:26.614 Db OMORI[10624:837b] [com.apple.Accessibility:AXSupportCommon] CF Read: domain = com.poring.omori.ru, preference = InvertColorsEnabled, appID = com.poring.omori.ru result = (null) (-1 - empty, 0 - false, 1 - true)
2026-07-18 20:16:26.615 Df OMORI[10624:837b] [com.apple.WebKit:Loading] 0x105826a18 - [pageProxyID=17, webPageID=18, PID=0] WebPageProxy::constructor:
2026-07-18 20:16:26.615 Df OMORI[10624:837b] [com.apple.WebKit:Media] VideoPresentationManagerProxy::PlaybackSessionManagerProxy(25C8F47B)
2026-07-18 20:16:26.615 Df OMORI[10624:837b] [com.apple.WebKit:Fullscreen] VideoPresentationManagerProxy::VideoPresentationManagerProxy(25C8F47B)
2026-07-18 20:16:26.615 Df OMORI[10624:837b] [com.apple.WebKit:Process] 0x112018680 - [PID=0] WebProcessProxy::addExistingWebPage: webPage=0x105826a18, pageProxyID=17, webPageID=18
2026-07-18 20:16:26.616 Df OMORI[10624:837b] [com.apple.WebKit:ProcessSwapping] 0x112053300 - [PID=0] WebProcessCache::updateCapacity: Cache is disabled by client
2026-07-18 20:16:26.616 Db OMORI[10624:837b] [com.apple.defaults:User Defaults] found no value for key WebKitDebugDragLiftDelay in CFPrefsSearchListSource<0x600002c0a900> (Domain: com.poring.omori.ru, Container: (null))
2026-07-18 20:16:26.616 Db OMORI[10624:837b] [com.apple.defaults:User Defaults] found no value for key WebKit2GPUProcessForDOMRendering in CFPrefsSearchListSource<0x600002c0a900> (Domain: com.poring.omori.ru, Container: (null))
2026-07-18 20:16:26.607 Db OMORI[10624:8398] [com.apple.launchservices:binding] BindingEvaluator::CreateWithBundleInfo(ID=(null), name=OMORI.app, CC=????, vers=(null))
2026-07-18 20:16:26.617 Df OMORI[10624:837b] The preference key "InspectableWebview" is not defined and will default to "TRUE"
2026-07-18 20:16:26.618 Db OMORI[10624:8391] [com.apple.launchservices:default] No extension point parent specified, returning first extension point found id: 184
2026-07-18 20:16:26.617 Db OMORI[10624:8398] [com.apple.launchservices:binding] Running evaluator 0x16c3f58e0
2026-07-18 20:16:26.618 Db OMORI[10624:8391] [com.apple.launchservices:record] Invoking selector extensionPointRecordWithContext:tableID:unitID:unitBytes: on <LSApplicationExtensionRecord 0x60000260e6a0> to get the value for property extensionPointRecord
2026-07-18 20:16:26.618 Db OMORI[10624:8391] [com.apple.launchservices:default] No extension point parent specified, returning first extension point found id: 184
2026-07-18 20:16:26.618 Db OMORI[10624:8391] [com.apple.launchservices:record] Invoking selector identifierWithContext:tableID:unitID:unitBytes: on <LSExtensionPointRecord 0x60000021ebe0> to get the value for property identifier
2026-07-18 20:16:26.618 Db OMORI[10624:8398] [com.apple.launchservices:binding] Adding user preferences
2026-07-18 20:16:26.618 Db OMORI[10624:8398] [com.apple.launchservices:binding] Skipping weak binding due to options
2026-07-18 20:16:26.618 Db OMORI[10624:8398] [com.apple.launchservices:binding] 0 bindings found
2026-07-18 20:16:26.619 Db OMORI[10624:837b] [com.apple.defaults:User Defaults] found no value for key WebKitDebugDragLiftDelay in CFPrefsSearchListSource<0x600002c0a900> (Domain: com.poring.omori.ru, Container: (null))
2026-07-18 20:16:26.619 Df OMORI[10624:837b] The preference key "AllowBackForwardNavigationGestures" is not defined and will default to "FALSE"
2026-07-18 20:16:26.619 Df OMORI[10624:837b] The preference key "Allow3DTouchLinkPreview" is not defined and will default to "TRUE"
2026-07-18 20:16:26.619 Df OMORI[10624:837b] CDVWebViewEngine will reload WKWebView if required on resume
2026-07-18 20:16:26.619 Df OMORI[10624:837b] Using WKWebView
2026-07-18 20:16:26.618 Db OMORI[10624:8398] [com.apple.launchservices:binding] Truncating a list of bindings to max 1 known-good ones.
2026-07-18 20:16:26.620 Db OMORI[10624:8398] [com.apple.launchservices:binding] Adding and sorting bundles
2026-07-18 20:16:26.620 Db OMORI[10624:8398] [com.apple.launchservices:binding] +++ OMORI (B:0x260, C:0x0) (null)
2026-07-18 20:16:26.620 Db OMORI[10624:8398] [com.apple.launchservices:binding] 1 bindings found
2026-07-18 20:16:26.620 Df OMORI[10624:837b] [CDVTimer][console] 0.097990ms
2026-07-18 20:16:26.621 Df OMORI[10624:837b] [CDVTimer][handleopenurl] 0.095963ms
2026-07-18 20:16:26.621 Db OMORI[10624:837b] [com.apple.CFBundle:resources] Resource lookup at CFBundle 0x600003b04000 </Users/runner/Library/Developer/CoreSimulator/Devices/CE505324-B3F4-4B42-8BC5-419D92D4505A/data/Containers/Bundle/Application/E58B6841-34D4-4770-ACE2-B6E6158EE7D8/OMORI.app> (executable, loaded)
	Request       : config.xml
	Result        : file:///Users/runner/Library/Developer/CoreSimulator/Devices/CE505324-B3F4-4B42-8BC5-419D92D4505A/data/Containers/Bundle/Application/E58B6841-34D4-4770-ACE2-B6E6158EE7D8/OMORI.app/config.xml
2026-07-18 20:16:26.620 Db OMORI[10624:8398] [com.apple.launchservices:binding] Truncating a list of bindings to max 1 known-good ones.
2026-07-18 20:16:26.621 Db OMORI[10624:8398] [com.apple.launchservices:binding] +++ OMORI (B:0x260, C:0x0) (null)
2026-07-18 20:16:26.621 Db OMORI[10624:8398] [com.apple.launchservices:binding] Best binding found for evaluator 0x16c3f5bf0: OMORI (B:0x260, C:0x0)
2026-07-18 20:16:26.621 Db OMORI[10624:8398] [com.apple.launchservices:binding] BindingEvaluator::~BindingEvaluator(0x16c3f58e0)
2026-07-18 20:16:26.621 Db OMORI[10624:8398] [com.apple.launchservices:binding] BindingEvaluator::~BindingEvaluator(0x16c3f5bf0)
2026-07-18 20:16:26.622 Df OMORI[10624:837b] Unlimited access to network resources
2026-07-18 20:16:26.622 Df OMORI[10624:837b] [CDVTimer][intentandnavigationfilter] 1.664996ms
2026-07-18 20:16:26.623 Df OMORI[10624:837b] [CDVTimer][gesturehandler] 0.107050ms
2026-07-18 20:16:26.623 Db OMORI[10624:8398] [com.apple.launchservices:record] Invoking selector uniqueIdentifierWithContext:tableID:unitID:unitBytes: on <LSApplicationExtensionRecord 0x600002604360> to get the value for property uniqueIdentifier
2026-07-18 20:16:26.624 Df OMORI[10624:837b] [com.apple.FileURL:default] kExcludedFromBackupXattrName set on path: /Users/runner/Library/Developer/CoreSimulator/Devices/CE505324-B3F4-4B42-8BC5-419D92D4505A/data/Containers/Data/Application/CF8D2B8D-7D8A-4847-95B5-B0D28745528B/Library/NoCloud
2026-07-18 20:16:26.625 Df OMORI[10624:837b] [com.apple.FileURL:default] kExcludedFromBackupXattrName set on path: /Users/runner/Library/Developer/CoreSimulator/Devices/CE505324-B3F4-4B42-8BC5-419D92D4505A/data/Containers/Data/Application/CF8D2B8D-7D8A-4847-95B5-B0D28745528B/Documents/NoCloud
2026-07-18 20:16:26.626 Df OMORI[10624:837b] [CDVTimer][file] 3.026009ms
2026-07-18 20:16:26.626 Df OMORI[10624:837b] [CDVTimer][TotalPluginStartup] 6.021976ms
2026-07-18 20:16:26.626 Db OMORI[10624:837b] [com.apple.CFBundle:resources] Resource lookup at CFBundle 0x600003b04000 </Users/runner/Library/Developer/CoreSimulator/Devices/CE505324-B3F4-4B42-8BC5-419D92D4505A/data/Containers/Bundle/Application/E58B6841-34D4-4770-ACE2-B6E6158EE7D8/OMORI.app> (executable, loaded)
	Request       : index.html type:  path: www
	Result        : file:///Users/runner/Library/Developer/CoreSimulator/Devices/CE505324-B3F4-4B42-8BC5-419D92D4505A/data/Containers/Bundle/Application/E58B6841-34D4-4770-ACE2-B6E6158EE7D8/OMORI.app/www/index.html
2026-07-18 20:16:26.627 Df OMORI[10624:837b] [com.apple.WebKit:Loading] 0x105826a18 - [pageProxyID=17, webPageID=18, PID=0] WebPageProxy::loadFile:
2026-07-18 20:16:26.632 Db OMORI[10624:837b] [com.apple.runningboard:process] Decoded RBSProcessHandle with IPC ID 6b1ff5300002980
2026-07-18 20:16:26.632 Df OMORI[10624:837b] [com.apple.runningboard:connection] Creating side-channel connection to com.apple.runningboard
2026-07-18 20:16:26.632 Df OMORI[10624:837b] [com.apple.xpc:connection] [0x600003d04000] activating connection: mach=true listener=false peer=false name=com.apple.runningboard
2026-07-18 20:16:26.634 Df OMORI[10624:837b] [com.apple.runningboard:process] Hit the server for a process handle 6b1ff5300002980 that resolved to: [app<com.poring.omori.ru((null))>:10624]
2026-07-18 20:16:26.635 Df OMORI[10624:837b] [com.apple.WebKit:Process] 0x105826a18 - [pageProxyID=17, webPageID=18, PID=0] WebPageProxy::WebPageProxy::shouldForceForegroundPriorityForClientNavigation() returns 1 based on PageClient::canTakeForegroundAssertions()
2026-07-18 20:16:26.636 Df OMORI[10624:837b] [com.apple.WebKit:ProcessSuspension] 0x11200c690 - [PID=0, throttler=0x112018748] ProcessThrottler::Activity::Activity: Starting foreground activity / 'Client navigation'
2026-07-18 20:16:26.636 Db OMORI[10624:839b] [com.apple.runningboard:assertion] Adding assertion 8021-10624-790 to dictionary
2026-07-18 20:16:26.640 Db OMORI[10624:8398] [com.apple.launchservices:record] Invoking selector entitlementsWithContext:tableID:unitID:unitBytes: on <LSApplicationExtensionRecord 0x600002604360> to get the value for property entitlements
2026-07-18 20:16:26.640 Df OMORI[10624:837b] [com.apple.WebKit:ProcessSuspension] 0x112023060 - NavigationState is taking a process network assertion because a page load started
2026-07-18 20:16:26.641 Df OMORI[10624:837b] [com.apple.WebKit:ProcessSuspension] 0x11200c6c0 - [PID=0, throttler=0x112018748] ProcessThrottler::Activity::Activity: Starting background activity / 'Page Load'
2026-07-18 20:16:26.643 Db OMORI[10624:837b] [com.apple.defaults:User Defaults] found no value for key LogUIPresentationController in CFPrefsSearchListSource<0x600002c00380> (Domain: com.apple.UIKit, Container: (null))
2026-07-18 20:16:26.644 Db OMORI[10624:837b] [com.apple.defaults:User Defaults] found no value for key UseSingleSystemColor in CFPrefsSearchListSource<0x600002c06b00> (Domain: com.apple.Accessibility, Container: (null))
2026-07-18 20:16:26.645 Db OMORI[10624:837b] [com.apple.Accessibility:AXSupportCommon] CF Read: domain = com.apple.Accessibility, preference = UseSingleSystemColor, appID = (null) result = (null) (-1 - empty, 0 - false, 1 - true)
2026-07-18 20:16:26.645 Db OMORI[10624:837b] [com.apple.defaults:User Defaults] found no value for key UseSingleSystemColor in CFPrefsPlistSource<0x600002c07000> (Domain: com.apple.Accessibility, User: kCFPreferencesCurrentUser, ByHost: No, Container: /Users/runner/Library/Developer/CoreSimulator/Devices/CE505324-B3F4-4B42-8BC5-419D92D4505A/data, Contents Need Refresh: No)
2026-07-18 20:16:26.646 Db OMORI[10624:837b] [com.apple.defaults:User Defaults] found no value for key UIViewLocalizeOverrideLayoutEngine in CFPrefsSearchListSource<0x600002c0a900> (Domain: com.poring.omori.ru, Container: (null))
2026-07-18 20:16:26.640 Db OMORI[10624:839e] [com.apple.runningboard:message] PERF: [app<com.poring.omori.ru((null))>:10624] Received message from runningboardd: async_didChangeInheritances:completion:
2026-07-18 20:16:26.641 Db OMORI[10624:8398] [com.apple.launchservices:default] Got plist data 0x10681a5a0 for unit 2f10 from database 0x106043800
2026-07-18 20:16:26.647 A  OMORI[10624:839e] (RunningBoardServices) didChangeInheritances
2026-07-18 20:16:26.647 Db OMORI[10624:8398] [com.apple.launchservices:default] Getting plist hint for data 0x10681a5a0
2026-07-18 20:16:26.649 Db OMORI[10624:8398] [com.apple.launchservices:record] Invoking selector platformWithContext:tableID:unitID:unitBytes: on <LSApplicationExtensionRecord 0x600002604360> to get the value for property platform
2026-07-18 20:16:26.649 Db OMORI[10624:8398] [com.apple.extensionkit:default] Extension identity [82A11097-DEA2-40E8-AA18-1857200A2231]: com.apple.WebKit.GPU extension point: com.apple.web-browser-engine.rendering platform: 7 Requesting sandbox profile name: `com.apple.WebKit.GPU`
2026-07-18 20:16:26.650 Db OMORI[10624:8398] [com.apple.extensionkit:default] Extension identity [82A11097-DEA2-40E8-AA18-1857200A2231]: com.apple.WebKit.GPU extension point: com.apple.web-browser-engine.rendering platform: 7 XPC overlay: {
    CFBundlePackageType = "XPC!";
    XPCService =     {
        EnvironmentVariables =         {
            BSServiceDomains = "{}";
            "EXTENSION_KIT_EXTENSION_TYPE" = 8;
        };
        ProgramArguments =         (
            "/Library/Developer/CoreSimulator/Volumes/iOS_22B81/Library/Developer/CoreSimulator/Profiles/Runtimes/iOS 18.1.simruntime/Contents/Resources/RuntimeRoot/System/Library/ExtensionKit/Extensions/GPUExtension.appex/com.apple.WebKit.GPU"
        );
        RunLoopType = NSRunLoop;
        ServiceType = Application;
        "_AbandonCoalition" = 0;
        "_AdditionalProperties" =         {
            RunningBoard =             {
                Backoff = 1;
                LaunchRequestEndpointIdentifiers =                 {
                    "com.apple.WebKit.GPU" = 1;
                    "com.apple.frontboar
2026-07-18 20:16:26.650 Db OMORI[10624:839e] [com.apple.runningboard:connection] didChangeInheritances: <RBSInheritanceChangeSet| gained:{(
    <RBSInheritance| environment:(none) name:com.apple.frontboard.visibility origID:8021-8018-789 0>
)} lost:(null)>
2026-07-18 20:16:26.651 Df OMORI[10624:837b] [com.apple.WebKit:ViewState] 0x112000480 - ApplicationStateTracker::ApplicationStateTracker(): m_isInBackground=0
2026-07-18 20:16:26.652 Df OMORI[10624:837b] [com.apple.WebKit:ViewState] 0x106053800 - WKApplicationStateTrackingView: View with page [0x105826a18, pageProxyID=17] was added to a window, _lastObservedStateWasBackground=0, isNowBackground=0
2026-07-18 20:16:26.671 Df SpringBoard[8018:5fbb] [com.apple.UIKit:SceneDeactivation] Removed: <UIApplicationSceneDeactivationAssertion: 0x600000de7630; reason: systemGesture; all scene levels; hasPredicate: NO>
2026-07-18 20:16:26.677 I  SpringBoard[8018:5fbb] [com.apple.BaseBoard:Transaction] <SBSceneLayoutWorkspaceTransaction:0x11475e130> Milestone satisfied: waitingForDelegate
2026-07-18 20:16:26.650 I  OMORI[10624:8398] [com.apple.runningboard:general] Sending launch request: <RBSLaunchRequest| xpcservice<com.apple.WebKit.GPU([app<com.poring.omori.ru((null))>:10624])>{vt hash: 223737757}[uuid:424900A0-A2E3-43CD-8459-1F4656332238]; "Launching extension com.apple.WebKit.GPU(82A11097-DEA2-40E8-AA18-1857200A2231 for host 10624">
2026-07-18 20:16:26.688 Db OMORI[10624:837b] [com.apple.defaults:User Defaults] found no value for key NSTallLocalizedStrings in CFPrefsSearchListSource<0x600002c0a900> (Domain: com.poring.omori.ru, Container: (null))
2026-07-18 20:16:26.689 Db OMORI[10624:837b] [com.apple.defaults:User Defaults] looked up value (
    "en-US"
) for key AppleLanguages in CFPrefsPlistSource<0x600002c00900> (Domain: kCFPreferencesAnyApplication, User: kCFPreferencesCurrentUser, ByHost: No, Container: /Users/runner/Library/Developer/CoreSimulator/Devices/CE505324-B3F4-4B42-8BC5-419D92D4505A/data, Contents Need Refresh: No) via CFPrefsSearchListSource<0x600002c0a900> (Domain: com.poring.omori.ru, Container: (null))
2026-07-18 20:16:26.689 Df OMORI[10624:8390] [com.apple.xpc:connection] [0x104f121f0] activating connection: mach=true listener=false peer=false name=com.apple.fontservicesd
2026-07-18 20:16:26.689 Db OMORI[10624:837b] [com.apple.defaults:User Defaults] looked up value (
    "en-US"
) for key AppleLanguages in CFPrefsPlistSource<0x600002c00900> (Domain: kCFPreferencesAnyApplication, User: kCFPreferencesCurrentUser, ByHost: No, Container: /Users/runner/Library/Developer/CoreSimulator/Devices/CE505324-B3F4-4B42-8BC5-419D92D4505A/data, Contents Need Refresh: No) via CFPrefsSearchListSource<0x600002c0a900> (Domain: com.poring.omori.ru, Container: (null))
2026-07-18 20:16:26.689 Db OMORI[10624:837b] [com.apple.defaults:User Defaults] found no value for key NSLanguageAwareLineSpacingAdjustmentsON in CFPrefsSearchListSource<0x600002c0a900> (Domain: com.poring.omori.ru, Container: (null))
2026-07-18 20:16:26.705 Db OMORI[10624:837b] [com.apple.defaults:User Defaults] found no value for key WebKitDebugDragLiftDelay in CFPrefsSearchListSource<0x600002c0a900> (Domain: com.poring.omori.ru, Container: (null))
2026-07-18 20:16:26.706 Db OMORI[10624:837b] [com.apple.defaults:User Defaults] found no value for key WebKitShowFastClickDebugTapHighlights in CFPrefsSearchListSource<0x600002c0a900> (Domain: com.poring.omori.ru, Container: (null))
2026-07-18 20:16:26.710 Df OMORI[10624:837b] [com.apple.WebKit:ViewState] 0x105826a18 - [pageProxyID=17, webPageID=18, PID=0] WebPageProxy::updateActivityState: view visibility state changed 0 -> 1
2026-07-18 20:16:26.711 Db OMORI[10624:837b] [com.apple.defaults:User Defaults] found no value for key KeyboardLastUsed in CFPrefsSearchListSource<0x600002c11900> (Domain: com.apple.keyboard.preferences, Container: (null))
2026-07-18 20:16:26.711 Db OMORI[10624:837b] [com.apple.defaults:User Defaults] found no value for key AppleKeyboardsExpanded in CFPrefsSearchListSource<0x600002c16b80> (Domain: kCFPreferencesAnyApplication, Container: (null))
2026-07-18 20:16:26.712 Db OMORI[10624:837b] [com.apple.defaults:User Defaults] looked up value (
    "en-US"
) for key AppleLanguages in CFPrefsPlistSource<0x600002c00900> (Domain: kCFPreferencesAnyApplication, User: kCFPreferencesCurrentUser, ByHost: No, Container: /Users/runner/Library/Developer/CoreSimulator/Devices/CE505324-B3F4-4B42-8BC5-419D92D4505A/data, Contents Need Refresh: No) via CFPrefsSearchListSource<0x600002c0a900> (Domain: com.poring.omori.ru, Container: (null))
2026-07-18 20:16:26.712 Db OMORI[10624:837b] [com.apple.defaults:User Defaults] found no value for key AppleKeyboardsIncludeIntl in CFPrefsSearchListSource<0x600002c16b80> (Domain: kCFPreferencesAnyApplication, Container: (null))
2026-07-18 20:16:26.728 Df OMORI[10624:837b] [com.apple.BackBoard:Keyboard] Activating connection to server: (null)
2026-07-18 20:16:26.728 Df OMORI[10624:837b] [com.apple.BackBoard:Keyboard] server remote target <BSXPCServiceConnectionProxy<BKSKeyboardServiceClientToServerIPC>: 0x60000291ea70>
2026-07-18 20:16:26.729 Df OMORI[10624:837b] [com.apple.BackBoard:Keyboard] currently observing: YES
2026-07-18 20:16:26.729 Df OMORI[10624:837b] [com.apple.BackBoard:Keyboard] connected: (
    "<BKSHIDKeyboardDevice: 0x600000251a40> {\134n    senderID: 0xACEFADE00000003;\134n    transport: <nil>;\134n    language: <nil>;\134n    layout: US;\134n    countryCode: 0;\134n    standardType: 4294967295;\134n    subinterfaceID: 0;\134n    capsLockKeyHasLanguageSwitchLabel: NO;\134n    globeKeyLabelHasGlobeSymbol: NO;\134n}"
)
2026-07-18 20:16:26.729 Df OMORI[10624:837b] [com.apple.BackBoard:Keyboard] currently observing: NO
2026-07-18 20:16:26.729 Df OMORI[10624:837b] [com.apple.BackBoard:Keyboard] disconnected: (
    "<BKSHIDKeyboardDevice: 0x600000251a40> {\134n    senderID: 0xACEFADE00000003;\134n    transport: <nil>;\134n    language: <nil>;\134n    layout: US;\134n    countryCode: 0;\134n    standardType: 4294967295;\134n    subinterfaceID: 0;\134n    capsLockKeyHasLanguageSwitchLabel: NO;\134n    globeKeyLabelHasGlobeSymbol: NO;\134n}"
)
2026-07-18 20:16:26.730 Df OMORI[10624:837b] [com.apple.BackBoard:Keyboard] currently observing: YES
2026-07-18 20:16:26.730 Df OMORI[10624:837b] [com.apple.BackBoard:Keyboard] connected: (
    "<BKSHIDKeyboardDevice: 0x600000251800> {\134n    senderID: 0xACEFADE00000003;\134n    transport: <nil>;\134n    language: <nil>;\134n    layout: US;\134n    countryCode: 0;\134n    standardType: 4294967295;\134n    subinterfaceID: 0;\134n    capsLockKeyHasLanguageSwitchLabel: NO;\134n    globeKeyLabelHasGlobeSymbol: NO;\134n}"
)
2026-07-18 20:16:26.730 Df OMORI[10624:837b] [com.apple.BackBoard:Keyboard] currently observing: NO
2026-07-18 20:16:26.730 Df OMORI[10624:837b] [com.apple.BackBoard:Keyboard] disconnected: (
    "<BKSHIDKeyboardDevice: 0x600000251800> {\134n    senderID: 0xACEFADE00000003;\134n    transport: <nil>;\134n    language: <nil>;\134n    layout: US;\134n    countryCode: 0;\134n    standardType: 4294967295;\134n    subinterfaceID: 0;\134n    capsLockKeyHasLanguageSwitchLabel: NO;\134n    globeKeyLabelHasGlobeSymbol: NO;\134n}"
)
2026-07-18 20:16:26.740 Df OMORI[10624:837b] [com.apple.UIKit:HardwareKeyboard] -[UIApplication GSKeyboardForHWLayout:senderID:forceRebuild:createIfNeeded:], New hardware layout is created with US layout and 0 standardType.
2026-07-18 20:16:26.741 Df OMORI[10624:837b] [com.apple.BackBoard:Keyboard] currently observing: YES
2026-07-18 20:16:26.741 Df OMORI[10624:837b] [com.apple.BackBoard:Keyboard] connected: (
    "<BKSHIDKeyboardDevice: 0x600000254de0> {\134n    senderID: 0xACEFADE00000003;\134n    transport: <nil>;\134n    language: <nil>;\134n    layout: US;\134n    countryCode: 0;\134n    standardType: 4294967295;\134n    subinterfaceID: 0;\134n    capsLockKeyHasLanguageSwitchLabel: NO;\134n    globeKeyLabelHasGlobeSymbol: NO;\134n}"
)
2026-07-18 20:16:26.741 Df OMORI[10624:837b] [com.apple.BackBoard:Keyboard] currently observing: NO
2026-07-18 20:16:26.741 Df OMORI[10624:837b] [com.apple.BackBoard:Keyboard] disconnected: (
    "<BKSHIDKeyboardDevice: 0x600000254de0> {\134n    senderID: 0xACEFADE00000003;\134n    transport: <nil>;\134n    language: <nil>;\134n    layout: US;\134n    countryCode: 0;\134n    standardType: 4294967295;\134n    subinterfaceID: 0;\134n    capsLockKeyHasLanguageSwitchLabel: NO;\134n    globeKeyLabelHasGlobeSymbol: NO;\134n}"
)
2026-07-18 20:16:26.742 Df OMORI[10624:837b] [com.apple.WebKit:ViewState] 0x105826a18 - [pageProxyID=17, webPageID=18, PID=0] WebPageProxy::viewIsBecomingVisible:
2026-07-18 20:16:26.744 Df OMORI[10624:837b] [com.apple.WebKit:ProcessSuspension] 0x105826a18 - [pageProxyID=17, webPageID=18, PID=0] WebPageProxy::updateThrottleState: UIProcess is taking a foreground assertion because the view is visible
2026-07-18 20:16:26.747 Df OMORI[10624:837b] [com.apple.WebKit:ProcessSuspension] 0x11200c750 - [PID=0, throttler=0x112018748] ProcessThrottler::Activity::Activity: Starting foreground activity / 'View is visible'
2026-07-18 20:16:26.750 Df OMORI[10624:837b] [com.apple.WebKit:ViewState] 0x106051e00 (pageProxyID=17) -[WKWebView _endLiveResize]
2026-07-18 20:16:26.750 Db OMORI[10624:837b] [com.apple.defaults:User Defaults] found no value for key UIViewControllerDetachedInheritsContentOverlayInsetsFromSuperview in CFPrefsSearchListSource<0x600002c0a900> (Domain: com.poring.omori.ru, Container: (null))
2026-07-18 20:16:26.751 Db OMORI[10624:837b] [com.apple.defaults:User Defaults] found no value for key ModernContentOverlayInsetsPropagation in CFPrefsSearchListSource<0x600002c0a900> (Domain: com.poring.omori.ru, Container: (null))
2026-07-18 20:16:26.751 Db OMORI[10624:837b] [com.apple.defaults:User Defaults] found no value for key LogOrientation in CFPrefsSearchListSource<0x600002c00380> (Domain: com.apple.UIKit, Container: (null))
2026-07-18 20:16:26.751 Df OMORI[10624:837b] [com.apple.UIKit:Orientation] <UIWindowScene: 0x10680ab40> (A34358D8-D6AA-4D9F-A145-1D65691623ED) Scene updated orientation preferences: none -> ( Ll Lr )
2026-07-18 20:16:26.752 Df OMORI[10624:837b] [com.apple.FrontBoard:SceneClient] [(FBSceneManager):sceneID:com.poring.omori.ru-default] Client settings update contains non-nil but zero-duration animation settings (rdar://125278944)
2026-07-18 20:16:26.752 Df OMORI[10624:837b] [com.apple.UIKit:KeyWindow] Key window API is scene-level: YES
2026-07-18 20:16:26.752 Df OMORI[10624:837b] [com.apple.UIKit:KeyWindow] UIWindowScene: 0x10680ab40: Window became key in scene: UIWindow: 0x104f0e430; contextId: 0xC65B79D3: reason: UIWindowScene: 0x10680ab40: Window requested to become key in scene: 0x104f0e430
2026-07-18 20:16:26.752 Df OMORI[10624:837b] [com.apple.UIKit:KeyWindow] Key window needs update: 1; currentKeyWindowScene: 0x0; evaluatedKeyWindowScene: 0x10680ab40; currentApplicationKeyWindow: 0x0; evaluatedApplicationKeyWindow: 0x104f0e430; reason: UIWindowScene: 0x10680ab40: Window requested to become key in scene: 0x104f0e430
2026-07-18 20:16:26.754 Db SpringBoard[8018:61a6] [com.apple.UIKit:KeyboardArbiter] [<_UIKeyboardArbiterClientHandle: 0x6000039b0ea0; [app<com.poring.omori.ru((null))>:10624] <(null)>; hosting PIDs {(
)}; level 0.000000; active NO [wants NO]; suppression 0; iav 0.000000; on screen NO; isAcquiringFocus: NO>] setClientFocusContext: sceneIdentity: com.apple.frontboard.systemappservices/FBSceneManager:sceneID%3Acom.poring.omori.ru-default
2026-07-18 20:16:26.752 Df OMORI[10624:837b] [com.apple.UIKit:KeyWindow] Window did become application key: UIWindow: 0x104f0e430; contextId: 0xC65B79D3; scene identity: com.apple.frontboard.systemappservices/FBSceneManager:sceneID%3Acom.poring.omori.ru-default
2026-07-18 20:16:26.754 Db SpringBoard[8018:61a6] [com.apple.UIKit:KeyboardArbiter] -[_UIKeyboardArbiter updateSceneClientSettings:]  [_UIKeyboardArbiter] Updating focus context to (null) level 2.000000
2026-07-18 20:16:26.753 Df OMORI[10624:837b] [com.apple.UIKit:EventDeferring] [0x600002909180] Begin local event deferring requested for token: 0x600002609fe0; environments: 1; reason: UIWindowScene: 0x10680ab40: Begin event deferring in keyboardFocus for window: 0x104f0e430
2026-07-18 20:16:26.755 Db SpringBoard[8018:61a6] [com.apple.UIKit:KeyboardArbiter] Advisor: KeyboardFocus from _activeHandleForFocusEvaluation [<_UIKeyboardArbiterClientHandle: 0x6000039b0ea0; [app<com.poring.omori.ru((null))>:10624] <<UIKBArbiterClientFocusContext: 0x60000027f6e0; contextID = c65b79d3; sceneIdentity = com.apple.frontboard.systemappservices/FBSceneManager:sceneID%3Acom.poring.omori.ru-default >>; hosting PIDs {(
)}; level 0.000000; active NO [wants NO]; suppression 0; iav 0.000000; on screen NO; isAcquiringFocus: NO>]
2026-07-18 20:16:26.753 Df OMORI[10624:837b] [com.apple.BackBoard:EventDelivery] flushing changes: <contentsMask: 0x2; discreteDispatchingRules: <nil>; deferringRules: [[10624-1]; <keyboardFocus; builtin; com.apple.frontboard.systemappservices/FBSceneManager:sceneID%3Acom.poring.omori.ru-default> -> <token: 0xC65B79D3; pid: 10624>; reason: UIWindowScene: 0x10680ab40: Begin event deferring in keyboardFocus for window: 0x104f0e430]; keyCommandDispatchingRules: <nil>; keyCommandsRegistrations: <nil>; bufferingPredicates: <nil>; activeUIResponders: <nil>>
2026-07-18 20:16:26.753 Db OMORI[10624:837b] [com.apple.defaults:User Defaults] found no value for key LogKeyboardFocus in CFPrefsSearchListSource<0x600002c00380> (Domain: com.apple.UIKit, Container: (null))
2026-07-18 20:16:26.754 Db OMORI[10624:837b] [com.apple.BackgroundTasks:Framework] Application finished launching
2026-07-18 20:16:26.756 Df SpringBoard[8018:5fbb] [com.apple.SpringBoard:KeyboardFocus] [coordinator] handling new keyboard arbiter request pid: 10624 sceneIdentity: com.apple.frontboard.systemappservices/FBSceneManager:sceneID%3Acom.poring.omori.ru-default
2026-07-18 20:16:26.756 Db SpringBoard[8018:61a6] [com.apple.UIKit:KeyboardArbiter] Advisor: invoking request:sceneFocusChange:<pid: 10624; sceneIdentity: com.apple.frontboard.systemappservices/FBSceneManager:sceneID%3Acom.poring.omori.ru-default>
2026-07-18 20:16:26.757 Df SpringBoard[8018:5fbb] [com.apple.SpringBoard:KeyboardFocus] arbiter: arbiter requested pid 10624 / com.apple.frontboard.systemappservices/FBSceneManager:sceneID%3Acom.poring.omori.ru-default
2026-07-18 20:16:26.757 Df SpringBoard[8018:5fbb] [com.apple.SpringBoard:KeyboardFocus] [coordinator] using arbiter suggested pid 10624 + scene: com.apple.frontboard.systemappservices/FBSceneManager:sceneID%3Acom.poring.omori.ru-default
2026-07-18 20:16:26.757 Df SpringBoard[8018:5fbb] [com.apple.SpringBoard:KeyboardFocus] [coordinator] informing scene controller 'com.apple.springboard' of focusTarget: <com.apple.frontboard.systemappservices/FBSceneManager:sceneID%3Acom.poring.omori.ru-default pid:10624>
2026-07-18 20:16:26.758 Db SpringBoard[8018:5fbb] [com.apple.SpringBoard:KeyboardFocus] [com.apple.springboard] - generating new policy for reason: <keyboardArbiterSuggestion> - last non-SB keyboard arbiter suggestion: <com.apple.frontboard.systemappservices/FBSceneManager:sceneID%3Acom.poring.omori.ru-default pid:10624>]
2026-07-18 20:16:26.759 Db SpringBoard[8018:5fbb] [com.apple.SpringBoard:KeyboardFocus] [com.apple.springboard] - generated policy for reason: <keyboardArbiterSuggestion> - {
    keyboardFocusTarget: <com.apple.frontboard.systemappservices/FBSceneManager:sceneID%3Acom.poring.omori.ru-default pid:10624>;
    selectionPolicy: KeyboardArbiter;
    shouldSuppressRemoteDeferring: 0;
} : <BSAuditHistory: 0x60000002da60>]
2026-07-18 20:16:26.760 Df SpringBoard[8018:5fbb] [com.apple.SpringBoard:KeyboardFocus] [coordinator] keyboard arbiter suggested <pid: 10624; sceneIdentity: com.apple.frontboard.systemappservices/FBSceneManager:sceneID%3Acom.poring.omori.ru-default> and we replied <com.apple.frontboard.systemappservices/FBSceneManager:sceneID%3Acom.poring.omori.ru-default pid:10624>
2026-07-18 20:16:26.760 Db SpringBoard[8018:6887] [com.apple.UIKit:KeyboardArbiter] Advisor: KeyboardFocus from _activeHandleForFocusEvaluation [<_UIKeyboardArbiterClientHandle: 0x6000039b0ea0; [app<com.poring.omori.ru((null))>:10624] <<UIKBArbiterClientFocusContext: 0x60000027f6e0; contextID = c65b79d3; sceneIdentity = com.apple.frontboard.systemappservices/FBSceneManager:sceneID%3Acom.poring.omori.ru-default >>; hosting PIDs {(
)}; level 0.000000; active NO [wants NO]; suppression 0; iav 0.000000; on screen NO; isAcquiringFocus: NO>]
2026-07-18 20:16:26.761 I  SpringBoard[8018:6887] [com.apple.UIKit:KeyboardArbiter] Advisor: Scene focus change request: com.apple.frontboard.systemappservices/FBSceneManager:sceneID%3Acom.poring.omori.ru-default
2026-07-18 20:16:26.763 I  SpringBoard[8018:61a6] [com.apple.FrontBoard:ProcessScene] [(FBSceneManager):sceneID:com.poring.omori.ru-default] Client settings updated with diff: <FBSSceneClientSettingsDiff: 0x6000017eb800; UIApplicationSceneClientSettings> {
    settings = <BSKeyedSettingsDiff: 0x600000cdf660> {
        layers = <BSKeyedSettingsDiff: 0x600000ce3a50> {
            0xc65b79d3 = <_FBSCapturedSceneLayer: 0x6000022025d0; type: context; level: 0; contextID: 0xc65b79d3 (3327883731)>;
        };
    };
    subclassSettings = <BSSettingsDiff: 0x600000ce0a80> {
        screenEdgesDeferringSystemGestures = 0;
        idleTimerDisabled = NO;
        deviceOrientationEventsEnabled = YES;
        homeIndicatorAutoHidden = NO;
        (200000) = Yes;
        canvasTitle = (redacted);
        (200001) = No;
        sceneActivationBias = unknown;
    };
}
2026-07-18 20:16:26.764 Db SpringBoard[8018:6887] [com.apple.UIKit:KeyboardArbiter] Advisor: Updating current keyboard focus to PID: 10624; sceneIdentity: com.apple.frontboard.systemappservices/FBSceneManager:sceneID%3Acom.poring.omori.ru-default
2026-07-18 20:16:26.766 I  SpringBoard[8018:61a6] [com.apple.FrontBoard:ProcessScene] [(FBSceneManager):sceneID:com.poring.omori.ru-default] Client settings updated with diff: <FBSSceneClientSettingsDiff: 0x60000185f3c0; UIApplicationSceneClientSettings> {
    settings = <BSKeyedSettingsDiff: 0x600000dee5e0> {
        layers = <BSKeyedSettingsDiff: 0x600000ded9b0> {
            0xc65b79d3 = <_FBSCapturedSceneLayer: 0x600002217660; type: context; level: 0; contextID: 0xc65b79d3 (3327883731)>;
        };
    };
}
2026-07-18 20:16:26.755 Df OMORI[10624:837b] [com.apple.UIKit:Application] Deactivation reason removed: 10; deactivation reasons: 3104 -> 2080; animating application lifecycle event: 1
2026-07-18 20:16:26.755 Db OMORI[10624:837b] [com.apple.UIKit:UIDevice.orientation] Setting device orientation to 3 and sending notification.
2026-07-18 20:16:26.768 Df SpringBoard[8018:5fbb] [com.apple.SpringBoard:IdleTimer] Scene <FBScene: 0x600003d4bed0; FBSceneManager:sceneID:com.poring.omori.ru-default> is setting idleTimerDisabled to: NO
2026-07-18 20:16:26.765 Db SpringBoard[8018:6887] [com.apple.UIKit:KeyboardArbiter] [<_UIKeyboardArbiterClientHandle: 0x6000039b0ea0; [app<com.poring.omori.ru((null))>:10624] <<UIKBArbiterClientFocusContext: 0x60000027f6e0; contextID = c65b79d3; sceneIdentity = com.apple.frontboard.systemappservices/FBSceneManager:sceneID%3Acom.poring.omori.ru-default >>; hosting PIDs {(
)}; level 0.000000; active NO [wants NO]; suppression 0; iav 0.000000; on screen NO; isAcquiringFocus: NO>] beginAcquiringFocusOnQueue: sceneIdentity: com.apple.frontboard.systemappservices/FBSceneManager:sceneID%3Acom.poring.omori.ru-default
2026-07-18 20:16:26.756 Db OMORI[10624:837b] [com.apple.UIKit:UIDevice.orientation] Setting device orientation to 0 and sending notification.
2026-07-18 20:16:26.768 Df SpringBoard[8018:5fbb] [com.apple.SpringBoard:IdleTimer] SBIdleTimerGlobalCoordinator - updateIdleTimerForReason:"IdleTimerDisableChangedForMainDisplaySceneManager - client:com.poring.omori.ru"]
2026-07-18 20:16:26.757 Df OMORI[10624:837b] [com.apple.UIKit:Application] Deactivation reason added: 12; deactivation reasons: 2080 -> 6176; animating application lifecycle event: 1
2026-07-18 20:16:26.768 Db SpringBoard[8018:5fbb] [com.apple.SpringBoard:IdleTimer] UPDATE BEHAVIOR: SBMainDisplaySceneManager reason:SBWorkspaceCoordinatorRequested <SBIdleTimerBehavior: 0x600000c4f330; duration: Unlocked; mode: Auto; warnMode: Warn>
2026-07-18 20:16:26.757 Df OMORI[10624:837b] [com.apple.UIKit:Application] Deactivation reason removed: 11; deactivation reasons: 6176 -> 4128; animating application lifecycle event: 1
2026-07-18 20:16:26.758 Df OMORI[10624:837b] [com.apple.UIKit:InterfaceStyle] Not push traits update to screen for new style 1, <UIWindowScene: 0x10680ab40> (A34358D8-D6AA-4D9F-A145-1D65691623ED)
2026-07-18 20:16:26.772 Db SpringBoard[8018:5fbb] [com.apple.FrontBoard:AppDataStore] fetching object for key=_SBScenes appID=com.poring.omori.ru (synchronously)
2026-07-18 20:16:26.759 Db OMORI[10624:837b] [com.apple.BacklightServices:scenes] 0x600000c0cba0 environment updated:sceneID:com.poring.omori.ru-default
  delta:{ visualState:0 date:0 active:0 blanked:0 seed:0 }
  diff:(null)
  new:(null) (null)
  old:(null) (null)
  new:(null)
2026-07-18 20:16:26.772 Db SpringBoard[8018:5fbb] [com.apple.FrontBoard:AppDataStore] checking for prefetched object for key=_SBScenes appID=com.poring.omori.ru
2026-07-18 20:16:26.763 Db OMORI[10624:837b] [com.apple.defaults:User Defaults] found no value for key NSConstraintBasedLayoutLogPivotCounts in CFPrefsSearchListSource<0x600002c0a900> (Domain: com.poring.omori.ru, Container: (null))
2026-07-18 20:16:26.772 Db SpringBoard[8018:5fbb] [com.apple.FrontBoard:AppDataStore] found object <NSDictionary: 0x600001893b40; {
    "sceneID:com.poring.omori.ru-default" =     {
        interfaceOrientationFromUserResizing = 0;
        persistenceIdentifier = "A34358D8-D6AA-4D9F-A145-1D65691623ED";
        sceneSessionRole = UIWindowSceneSessionRoleApplication;
    };
}>
2026-07-18 20:16:26.769 Db OMORI[10624:837b] [com.apple.defaults:User Defaults] found no value for key NSConstraintBasedLayoutTrackDirtyObservables in CFPrefsSearchListSource<0x600002c0a900> (Domain: com.poring.omori.ru, Container: (null))
2026-07-18 20:16:26.773 Db SpringBoard[8018:5fbb] [com.apple.FrontBoard:AppDataStore] found prefetched object: <NSDictionary: 0x600001893b40; {
    "sceneID:com.poring.omori.ru-default" =     {
        interfaceOrientationFromUserResizing = 0;
        persistenceIdentifier = "A34358D8-D6AA-4D9F-A145-1D65691623ED";
        sceneSessionRole = UIWindowSceneSessionRoleApplication;
    };
}>
2026-07-18 20:16:26.773 Db OMORI[10624:837b] [com.apple.defaults:User Defaults] found no value for key CGContextHighlight2xScaledImages in CFPrefsPlistSource<0x600002c0a980> (Domain: com.poring.omori.ru, User: kCFPreferencesCurrentUser, ByHost: No, Container: (null), Contents Need Refresh: No)
2026-07-18 20:16:26.773 Db SpringBoard[8018:5fbb] [com.apple.FrontBoard:AppDataStore] fetching object for key=_SBScenes appID=com.poring.omori.ru (synchronously)
2026-07-18 20:16:26.774 Db SpringBoard[8018:5fbb] [com.apple.FrontBoard:AppDataStore] checking for prefetched object for key=_SBScenes appID=com.poring.omori.ru
2026-07-18 20:16:26.774 Db SpringBoard[8018:5fbb] [com.apple.FrontBoard:AppDataStore] found object <NSDictionary: 0x600001893b40; {
    "sceneID:com.poring.omori.ru-default" =     {
        interfaceOrientationFromUserResizing = 0;
        persistenceIdentifier = "A34358D8-D6AA-4D9F-A145-1D65691623ED";
        sceneSessionRole = UIWindowSceneSessionRoleApplication;
    };
}>
2026-07-18 20:16:26.774 Db SpringBoard[8018:5fbb] [com.apple.FrontBoard:AppDataStore] found prefetched object: <NSDictionary: 0x600001893b40; {
    "sceneID:com.poring.omori.ru-default" =     {
        interfaceOrientationFromUserResizing = 0;
        persistenceIdentifier = "A34358D8-D6AA-4D9F-A145-1D65691623ED";
        sceneSessionRole = UIWindowSceneSessionRoleApplication;
    };
}>
2026-07-18 20:16:26.775 I  SpringBoard[8018:5fbb] [com.apple.FrontBoard:AppDataStore] setting object for key=_SBScenes appID=com.poring.omori.ru object=<NSDictionary: 0x600001753480; {
    "sceneID:com.poring.omori.ru-default" =     {
        canvasTitle = "";
        interfaceOrientationFromUserResizing = 0;
        persistenceIdentifier = "A34358D8-D6AA-4D9F-A145-1D65691623ED";
        sceneSessionRole = UIWindowSceneSessionRoleApplication;
    };
}>
2026-07-18 20:16:26.773 Db OMORI[10624:837b] [com.apple.defaults:User Defaults] found no value for key CGContextHighlight2xScaledImages in CFPrefsPlistSource<0x600002c0a980> (Domain: com.poring.omori.ru, User: kCFPreferencesCurrentUser, ByHost: No, Container: (null), Contents Need Refresh: No)
2026-07-18 20:16:26.775 Db SpringBoard[8018:5fbb] [com.apple.FrontBoard:AppDataStore] updating cache key=_SBScenes appID=com.poring.omori.ru object=<NSDictionary: 0x600001753480; {
    "sceneID:com.poring.omori.ru-default" =     {
        canvasTitle = "";
        interfaceOrientationFromUserResizing = 0;
        persistenceIdentifier = "A34358D8-D6AA-4D9F-A145-1D65691623ED";
        sceneSessionRole = UIWindowSceneSessionRoleApplication;
    };
}>
2026-07-18 20:16:26.774 Db OMORI[10624:837b] [com.apple.defaults:User Defaults] found no value for key CGContextHighlight2xScaledImages in CFPrefsPlistSource<0x600002c00780> (Domain: kCFPreferencesAnyApplication, User: kCFPreferencesCurrentUser, ByHost: No, Container: (null), Contents Need Refresh: No)
2026-07-18 20:16:26.774 Db OMORI[10624:837b] [com.apple.defaults:User Defaults] found no value for key CGContextHighlight2xScaledImages in CFPrefsPlistSource<0x600002c00780> (Domain: kCFPreferencesAnyApplication, User: kCFPreferencesCurrentUser, ByHost: No, Container: (null), Contents Need Refresh: No)
2026-07-18 20:16:26.775 Db OMORI[10624:837b] [com.apple.defaults:User Defaults] found no value for key CGContextTrackImageDrawing in CFPrefsPlistSource<0x600002c0a980> (Domain: com.poring.omori.ru, User: kCFPreferencesCurrentUser, ByHost: No, Container: (null), Contents Need Refresh: No)
2026-07-18 20:16:26.775 Db OMORI[10624:837b] [com.apple.defaults:User Defaults] found no value for key CGContextTrackImageDrawing in CFPrefsPlistSource<0x600002c0a980> (Domain: com.poring.omori.ru, User: kCFPreferencesCurrentUser, ByHost: No, Container: (null), Contents Need Refresh: No)
2026-07-18 20:16:26.775 Db OMORI[10624:837b] [com.apple.defaults:User Defaults] found no value for key CGContextTrackImageDrawing in CFPrefsPlistSource<0x600002c00780> (Domain: kCFPreferencesAnyApplication, User: kCFPreferencesCurrentUser, ByHost: No, Container: (null), Contents Need Refresh: No)
2026-07-18 20:16:26.776 Db OMORI[10624:837b] [com.apple.defaults:User Defaults] found no value for key CGContextTrackImageDrawing in CFPrefsPlistSource<0x600002c00780> (Domain: kCFPreferencesAnyApplication, User: kCFPreferencesCurrentUser, ByHost: No, Container: (null), Contents Need Refresh: No)
2026-07-18 20:16:26.778 Df OMORI[10624:837b] [com.apple.WebKit:Loading] 0x10602ec18 - [pageProxyID=7, webPageID=8, PID=0] WebPageProxy::close:
2026-07-18 20:16:26.780 Df OMORI[10624:837b] [com.apple.WebKit:Media] VideoPresentationManagerProxy::invalidate(AD402B50)
2026-07-18 20:16:26.780 Df OMORI[10624:837b] [com.apple.WebKit:Fullscreen] VideoPresentationManagerProxy::invalidate(AD402B50)
2026-07-18 20:16:26.780 Df OMORI[10624:837b] [com.apple.WebKit:Fullscreen] VideoPresentationManagerProxy::~VideoPresentationManagerProxy(AD402B50)
2026-07-18 20:16:26.780 Df OMORI[10624:837b] [com.apple.WebKit:Fullscreen] VideoPresentationManagerProxy::invalidate(AD402B50)
2026-07-18 20:16:26.780 Df OMORI[10624:837b] [com.apple.WebKit:Media] VideoPresentationManagerProxy::~PlaybackSessionManagerProxy(AD402B50)
2026-07-18 20:16:26.781 Df OMORI[10624:837b] [com.apple.WebKit:ProcessCapabilities] 0x10602ec18 - [pageProxyID=7, webPageID=8, PID=0] WebPageProxy::setMediaCapability: clearing media capability
2026-07-18 20:16:26.782 Df OMORI[10624:837b] [com.apple.WebKit:Process] 0x1120180c0 - [PID=0] WebProcessProxy::removeWebPage: webPage=0x10602ec18, pageProxyID=7, webPageID=8
2026-07-18 20:16:26.789 Df SpringBoard[8018:60bf] [com.apple.FrontBoard:ProcessScene] [0x600003791c80:(FBSceneManager):sceneID:com.poring.omori.ru-default] Scene action [Logical Activate][0x1f2e] completed with success: 1
