2026-07-18 19:29:23.891 Db OMORI[10763:8adc] [com.apple.defaults:User Defaults] CFPrefsManagedSource<0x600002c0b300> (Domain: com.apple.Accessibility, User: kCFPreferencesCurrentUser, ByHost: Yes, Container: (null), Contents Need Refresh: No) loaded: an empty base plist and no additional changes from the base plist
2026-07-18 19:29:23.891 Db OMORI[10763:8adc] [com.apple.defaults:User Defaults] CFPrefsManagedSource<0x600002c0b380> (Domain: com.apple.Accessibility, User: kCFPreferencesAnyUser, ByHost: Yes, Container: (null), Contents Need Refresh: No) loaded: an empty base plist and no additional changes from the base plist
2026-07-18 19:29:23.891 Db OMORI[10763:8adc] [com.apple.defaults:User Defaults] CFPrefsPlistSource<0x600002c0b280> (Domain: com.apple.Accessibility, User: kCFPreferencesCurrentUser, ByHost: No, Container: (null), Contents Need Refresh: No) loaded: a new base plist and no additional changes from the base plist
2026-07-18 19:29:23.891 Df OMORI[10763:8adf] [com.apple.FrontBoard:SceneExtension] Realizing settings extension <UIKit__UITypedKeyValueSceneSettings> on FBSSceneSettings
2026-07-18 19:29:23.891 Db OMORI[10763:8adc] [com.apple.defaults:User Defaults] CFPrefsPlistSource<0x600002c0b500> (Domain: com.apple.Accessibility, User: kCFPreferencesCurrentUser, ByHost: No, Container: /Users/runner/Library/Developer/CoreSimulator/Devices/CE505324-B3F4-4B42-8BC5-419D92D4505A/data, Contents Need Refresh: No) loaded: a new base plist and no additional changes from the base plist
2026-07-18 19:29:23.891 Db OMORI[10763:8adc] [com.apple.defaults:User Defaults] CFPrefsPlistSource<0x600002c0b600> (Domain: com.apple.Accessibility, User: kCFPreferencesCurrentUser, ByHost: Yes, Container: (null), Contents Need Refresh: No) loaded: an empty base plist and no additional changes from the base plist
2026-07-18 19:29:23.891 Db OMORI[10763:8adf] [com.apple.FrontBoard:SceneExtension] registering method "_uiTypedKeyStorage" from extension <UIKit__UITypedKeyValueSceneSettings> on class "FBSSceneSettings"
2026-07-18 19:29:23.891 Db OMORI[10763:8adf] [com.apple.FrontBoard:SceneExtension] registering method "set_uiTypedKeyStorage:" from extension <UIKit__UITypedKeyValueSceneSettings> on class "FBSSceneSettings"
2026-07-18 19:29:23.891 Db OMORI[10763:8adc] [com.apple.defaults:User Defaults] found no value for key EnhancedTextLegibilityEnabled in CFPrefsSearchListSource<0x600002c0b180> (Domain: com.apple.Accessibility, Container: (null))
2026-07-18 19:29:23.891 Df OMORI[10763:8adf] [com.apple.FrontBoard:SceneExtension] Realizing settings extension <UIKit__UITypedKeyValueSceneSettings> on FBSSceneClientSettings
2026-07-18 19:29:23.891 Db OMORI[10763:8adc] [com.apple.Accessibility:AXSupportCommon] CF Read: domain = com.apple.Accessibility, preference = EnhancedTextLegibilityEnabled, appID = (null) result = (null) (-1 - empty, 0 - false, 1 - true)
2026-07-18 19:29:23.891 Db OMORI[10763:8adf] [com.apple.FrontBoard:SceneExtension] registering method "_uiTypedKeyStorage" from extension <UIKit__UITypedKeyValueSceneSettings> on class "FBSSceneClientSettings"
2026-07-18 19:29:23.891 Db OMORI[10763:8adf] [com.apple.FrontBoard:SceneExtension] registering method "set_uiTypedKeyStorage:" from extension <UIKit__UITypedKeyValueSceneSettings> on class "FBSSceneClientSettings"
2026-07-18 19:29:23.891 Df OMORI[10763:8ae7] [com.apple.FrontBoard:SceneExtension] UIMutableApplicationSceneClientSettings setting counterpart class: UIApplicationSceneClientSettings
2026-07-18 19:29:23.891 Db OMORI[10763:8adc] [com.apple.defaults:User Defaults] found no value for key EnhancedTextLegibilityEnabled in CFPrefsPlistSource<0x600002c0b500> (Domain: com.apple.Accessibility, User: kCFPreferencesCurrentUser, ByHost: No, Container: /Users/runner/Library/Developer/CoreSimulator/Devices/CE505324-B3F4-4B42-8BC5-419D92D4505A/data, Contents Need Refresh: No)
2026-07-18 19:29:23.891 Db OMORI[10763:8adc] [com.apple.defaults:User Defaults] found no value for key DarkenSystemColors in CFPrefsSearchListSource<0x600002c0b180> (Domain: com.apple.Accessibility, Container: (null))
2026-07-18 19:29:23.891 Db OMORI[10763:8adc] [com.apple.Accessibility:AXSupportCommon] CF Read: domain = com.apple.Accessibility, preference = DarkenSystemColors, appID = (null) result = (null) (-1 - empty, 0 - false, 1 - true)
2026-07-18 19:29:23.891 Df OMORI[10763:8ae7] [com.apple.FrontBoard:SceneExtension] Realizing settings extension FBSSceneTransitionContextCore on FBSSceneTransitionContext
2026-07-18 19:29:23.891 Db OMORI[10763:8adc] [com.apple.defaults:User Defaults] found no value for key DarkenSystemColors in CFPrefsPlistSource<0x600002c0b500> (Domain: com.apple.Accessibility, User: kCFPreferencesCurrentUser, ByHost: No, Container: /Users/runner/Library/Developer/CoreSimulator/Devices/CE505324-B3F4-4B42-8BC5-419D92D4505A/data, Contents Need Refresh: No)
2026-07-18 19:29:23.892 Db OMORI[10763:8adc] [com.apple.defaults:User Defaults] found no value for key UITraitCollectionChangeLoggingEnabled in CFPrefsSearchListSource<0x600002c07500> (Domain: com.poring.omori.ru, Container: (null))
2026-07-18 19:29:23.894 Db OMORI[10763:8ae7] [com.apple.BaseBoard:Common] [rdar://100354962] Fixing incorrect property returned by protocol_copyPropertyList2() for "parentUpdate": required --> optional
2026-07-18 19:29:23.894 Db OMORI[10763:8ae7] [com.apple.BaseBoard:Common] [rdar://100354962] Fixing incorrect property returned by protocol_copyPropertyList2() for "executionContext": required --> optional
2026-07-18 19:29:23.894 Db OMORI[10763:8ae7] [com.apple.BaseBoard:Common] [rdar://100354962] Fixing incorrect property returned by protocol_copyPropertyList2() for "clientProcessHandle": required --> optional
2026-07-18 19:29:23.894 Db OMORI[10763:8ae7] [com.apple.BaseBoard:Common] [rdar://100354962] Fixing incorrect property returned by protocol_copyPropertyList2() for "updateContext": required --> optional
2026-07-18 19:29:23.894 Db OMORI[10763:8ae7] [com.apple.BaseBoard:Common] [rdar://100354962] Fixing incorrect property returned by protocol_copyPropertyList2() for "watchdogTransitionContext": required --> optional
2026-07-18 19:29:23.893 Db OMORI[10763:8adc] [com.apple.defaults:User Defaults] found no value for key UIStateRestorationDebugLogging in CFPrefsSearchListSource<0x600002c07500> (Domain: com.poring.omori.ru, Container: (null))
2026-07-18 19:29:23.894 Db OMORI[10763:8ae7] [com.apple.BaseBoard:Common] [rdar://100354962] Fixing incorrect property returned by protocol_copyPropertyList2() for "allowCPUThrottling": required --> optional
2026-07-18 19:29:23.894 Db OMORI[10763:8ae7] [com.apple.BaseBoard:Common] [rdar://100354962] Fixing incorrect property returned by protocol_copyPropertyList2() for "runningBoardAssertionDisabled": required --> optional
2026-07-18 19:29:23.894 Db OMORI[10763:8ae7] [com.apple.BaseBoard:Common] [rdar://100354962] Fixing incorrect property returned by protocol_copyPropertyList2() for "error": required --> optional
2026-07-18 19:29:23.894 Db OMORI[10763:8ae7] [com.apple.FrontBoard:SceneExtension] registering method "actions" from extension FBSSceneTransitionContextCore on class "FBSSceneTransitionContext"
2026-07-18 19:29:23.894 Db OMORI[10763:8ae7] [com.apple.FrontBoard:SceneExtension] registering method "setActions:" from extension FBSSceneTransitionContextCore on class "FBSSceneTransitionContext"
2026-07-18 19:29:23.894 Db OMORI[10763:8adc] [com.apple.defaults:User Defaults] found no value for key AccessibilityEnabled in CFPrefsSearchListSource<0x600002c0b180> (Domain: com.apple.Accessibility, Container: (null))
2026-07-18 19:29:23.894 Db OMORI[10763:8ae7] [com.apple.FrontBoard:SceneExtension] registering method "executionContext" from extension FBSSceneTransitionContextCore on class "FBSSceneTransitionContext"
2026-07-18 19:29:23.895 Db OMORI[10763:8ae7] [com.apple.FrontBoard:SceneExtension] registering method "setExecutionContext:" from extension FBSSceneTransitionContextCore on class "FBSSceneTransitionContext"
2026-07-18 19:29:23.895 Db OMORI[10763:8ae7] [com.apple.FrontBoard:SceneExtension] registering method "clientProcessHandle" from extension FBSSceneTransitionContextCore on class "FBSSceneTransitionContext"
2026-07-18 19:29:23.895 Db OMORI[10763:8ae7] [com.apple.FrontBoard:SceneExtension] registering method "setClientProcessHandle:" from extension FBSSceneTransitionContextCore on class "FBSSceneTransitionContext"
2026-07-18 19:29:23.895 Db OMORI[10763:8ae7] [com.apple.FrontBoard:SceneExtension] registering method "isRunningBoardAssertionDisabled" from extension FBSSceneTransitionContextCore on class "FBSSceneTransitionContext"
2026-07-18 19:29:23.894 Db OMORI[10763:8adc] [com.apple.Accessibility:AXSupportCommon] CF Read: domain = com.apple.Accessibility, preference = AccessibilityEnabled, appID = (null) result = (null) (-1 - empty, 0 - false, 1 - true)
2026-07-18 19:29:23.895 Db OMORI[10763:8ae7] [com.apple.FrontBoard:SceneExtension] registering method "setRunningBoardAssertionDisabled:" from extension FBSSceneTransitionContextCore on class "FBSSceneTransitionContext"
2026-07-18 19:29:23.895 Db OMORI[10763:8ae7] [com.apple.FrontBoard:SceneExtension] registering method "animationSettings" from extension FBSSceneTransitionContextCore on class "FBSSceneTransitionContext"
2026-07-18 19:29:23.895 Db OMORI[10763:8ae7] [com.apple.FrontBoard:SceneExtension] registering method "setAnimationSettings:" from extension FBSSceneTransitionContextCore on class "FBSSceneTransitionContext"
2026-07-18 19:29:23.895 Db OMORI[10763:8ae7] [com.apple.FrontBoard:SceneExtension] registering method "parentUpdate" from extension FBSSceneTransitionContextCore on class "FBSSceneTransitionContext"
2026-07-18 19:29:23.895 Db OMORI[10763:8ae7] [com.apple.FrontBoard:SceneExtension] registering method "setParentUpdate:" from extension FBSSceneTransitionContextCore on class "FBSSceneTransitionContext"
2026-07-18 19:29:23.895 Db OMORI[10763:8adc] [com.apple.defaults:User Defaults] found no value for key AccessibilityEnabled in CFPrefsPlistSource<0x600002c0b500> (Domain: com.apple.Accessibility, User: kCFPreferencesCurrentUser, ByHost: No, Container: /Users/runner/Library/Developer/CoreSimulator/Devices/CE505324-B3F4-4B42-8BC5-419D92D4505A/data, Contents Need Refresh: No)
2026-07-18 19:29:23.895 Db OMORI[10763:8ae7] [com.apple.FrontBoard:SceneExtension] registering method "watchdogTransitionContext" from extension FBSSceneTransitionContextCore on class "FBSSceneTransitionContext"
2026-07-18 19:29:23.896 Db OMORI[10763:8ae7] [com.apple.FrontBoard:SceneExtension] registering method "setWatchdogTransitionContext:" from extension FBSSceneTransitionContextCore on class "FBSSceneTransitionContext"
2026-07-18 19:29:23.896 Db OMORI[10763:8ae7] [com.apple.FrontBoard:SceneExtension] registering method "updateContext" from extension FBSSceneTransitionContextCore on class "FBSSceneTransitionContext"
2026-07-18 19:29:23.896 Db OMORI[10763:8ae7] [com.apple.FrontBoard:SceneExtension] registering method "setUpdateContext:" from extension FBSSceneTransitionContextCore on class "FBSSceneTransitionContext"
2026-07-18 19:29:23.896 Db OMORI[10763:8ae7] [com.apple.FrontBoard:SceneExtension] registering method "animationFence" from extension FBSSceneTransitionContextCore on class "FBSSceneTransitionContext"
2026-07-18 19:29:23.895 Db OMORI[10763:8adc] [com.apple.defaults:User Defaults] looked up value 0 for key InvertColorsEnabled in CFPrefsPlistSource<0x600002c0b280> (Domain: com.apple.Accessibility, User: kCFPreferencesCurrentUser, ByHost: No, Container: (null), Contents Need Refresh: No) via CFPrefsSearchListSource<0x600002c0b180> (Domain: com.apple.Accessibility, Container: (null))
2026-07-18 19:29:23.896 Db OMORI[10763:8ae7] [com.apple.FrontBoard:SceneExtension] registering method "setAnimationFence:" from extension FBSSceneTransitionContextCore on class "FBSSceneTransitionContext"
2026-07-18 19:29:23.896 Db OMORI[10763:8ae7] [com.apple.FrontBoard:SceneExtension] registering method "error" from extension FBSSceneTransitionContextCore on class "FBSSceneTransitionContext"
2026-07-18 19:29:23.896 Db OMORI[10763:8ae7] [com.apple.FrontBoard:SceneExtension] registering method "setError:" from extension FBSSceneTransitionContextCore on class "FBSSceneTransitionContext"
2026-07-18 19:29:23.896 Db OMORI[10763:8ae7] [com.apple.FrontBoard:SceneExtension] registering method "originatingProcess" from extension FBSSceneTransitionContextCore on class "FBSSceneTransitionContext"
2026-07-18 19:29:23.896 Db OMORI[10763:8ae7] [com.apple.FrontBoard:SceneExtension] registering method "setOriginatingProcess:" from extension FBSSceneTransitionContextCore on class "FBSSceneTransitionContext"
2026-07-18 19:29:23.896 Db OMORI[10763:8adc] [com.apple.Accessibility:AXSupportCommon] CF Read: domain = com.apple.Accessibility, preference = InvertColorsEnabled, appID = (null) result = 0 (-1 - empty, 0 - false, 1 - true)
2026-07-18 19:29:23.896 Db OMORI[10763:8ae7] [com.apple.FrontBoard:SceneExtension] registering method "allowCPUThrottling" from extension FBSSceneTransitionContextCore on class "FBSSceneTransitionContext"
2026-07-18 19:29:23.896 Db OMORI[10763:8ae7] [com.apple.FrontBoard:SceneExtension] registering method "setAllowCPUThrottling:" from extension FBSSceneTransitionContextCore on class "FBSSceneTransitionContext"
2026-07-18 19:29:23.896 I  OMORI[10763:8ae7] [com.apple.FrontBoard:Common] [FBSScene] [(FBSceneManager):sceneID:com.poring.omori.ru-default] Created client agent: <UIApplicationSceneClientAgent: 0x60000000c890>
2026-07-18 19:29:23.896 Db OMORI[10763:8adc] [com.apple.Accessibility:AXSupportCommon] Read Global: preference = InvertColorsEnabled, result = 0 (-1 - empty, 0 - false, 1 - true)
2026-07-18 19:29:23.896 Db OMORI[10763:8adc] [com.apple.Accessibility:AXSupportCommon] Updated cache: preference = InvertColorsEnabled, result = 0 (-1 - empty, 0 - false, 1 - true)
2026-07-18 19:29:23.896 Db OMORI[10763:8adc] [com.apple.defaults:User Defaults] found no value for key ApplicationAccessibilityEnabled in CFPrefsSearchListSource<0x600002c0b180> (Domain: com.apple.Accessibility, Container: (null))
2026-07-18 19:29:23.896 Db OMORI[10763:8adc] [com.apple.Accessibility:AXSupportCommon] CF Read: domain = com.apple.Accessibility, preference = ApplicationAccessibilityEnabled, appID = (null) result = (null) (-1 - empty, 0 - false, 1 - true)
2026-07-18 19:29:23.897 Db OMORI[10763:8adc] [com.apple.defaults:User Defaults] found no value for key ApplicationAccessibilityEnabled in CFPrefsPlistSource<0x600002c0b500> (Domain: com.apple.Accessibility, User: kCFPreferencesCurrentUser, ByHost: No, Container: /Users/runner/Library/Developer/CoreSimulator/Devices/CE505324-B3F4-4B42-8BC5-419D92D4505A/data, Contents Need Refresh: No)
2026-07-18 19:29:23.897 Df OMORI[10763:8adc] [com.apple.dt.xctest:Default] Registering for test daemon availability notify post.
2026-07-18 19:29:23.897 Df OMORI[10763:8adc] [com.apple.dt.xctest:Default] notify_get_state check indicated test daemon not ready.
2026-07-18 19:29:23.897 Df OMORI[10763:8adc] [com.apple.dt.xctest:Default] notify_get_state check indicated test daemon not ready.
2026-07-18 19:29:23.897 Df OMORI[10763:8adc] [com.apple.dt.xctest:Default] notify_get_state check indicated test daemon not ready.
2026-07-18 19:29:23.897 Db OMORI[10763:8adc] [com.apple.defaults:User Defaults] found no value for key UIRequireCrimsonLifecycle in CFPrefsSearchListSource<0x600002c08400> (Domain: com.apple.UIKit, Container: (null))
2026-07-18 19:29:23.898 Db OMORI[10763:8adc] [com.apple.defaults:User Defaults] found no value for key LogUpdateScheduler in CFPrefsSearchListSource<0x600002c08400> (Domain: com.apple.UIKit, Container: (null))
2026-07-18 19:29:23.898 Df OMORI[10763:8adc] [com.apple.UIKit:UpdateScheduler] Selected display: name=LCD (PurpleMain), id=1
2026-07-18 19:29:23.899 Db OMORI[10763:8adc] [com.apple.FrontBoard:SceneClient] [(FBSceneManager):sceneID:com.poring.omori.ru-default] Adding extension: "_UISceneRelationshipManagementExtension"
2026-07-18 19:29:23.899 Db OMORI[10763:8adc] [com.apple.FrontBoard:SceneClient] [(FBSceneManager):sceneID:com.poring.omori.ru-default] Adding extension: "_UIApplicationSceneKeyboardExtension"
2026-07-18 19:29:23.899 Db OMORI[10763:8adc] [com.apple.FrontBoard:SceneClient] [(FBSceneManager):sceneID:com.poring.omori.ru-default] Instantiated component: "<_UIApplicationSceneKeyboardClientComponent: 0x600000202500>"
2026-07-18 19:29:23.900 Db OMORI[10763:8adc] [com.apple.FrontBoard:SceneClient] [(FBSceneManager):sceneID:com.poring.omori.ru-default] Adding extension: "_UISceneOcclusionExtension"
2026-07-18 19:29:23.900 Db OMORI[10763:8adc] [com.apple.FrontBoard:SceneClient] [(FBSceneManager):sceneID:com.poring.omori.ru-default] Adding extension: "_UIApplicationInterfaceProtectionSceneExtension"
2026-07-18 19:29:23.900 Db OMORI[10763:8adc] [com.apple.FrontBoard:SceneClient] [(FBSceneManager):sceneID:com.poring.omori.ru-default] Adding extension: "_UISceneMaskingExtension"
2026-07-18 19:29:23.900 Db OMORI[10763:8adc] [com.apple.FrontBoard:SceneClient] [(FBSceneManager):sceneID:com.poring.omori.ru-default] Instantiated component: "<_UISceneMaskingClientComponent: 0x600000210500>"
2026-07-18 19:29:23.900 Db OMORI[10763:8adc] [com.apple.FrontBoard:SceneClient] [(FBSceneManager):sceneID:com.poring.omori.ru-default] Adding extension: "_UISystemChromeSceneExtension"
2026-07-18 19:29:23.900 Db OMORI[10763:8adc] [com.apple.FrontBoard:SceneClient] [(FBSceneManager):sceneID:com.poring.omori.ru-default] Instantiated component: "<_UIHomeAffordanceClientSceneComponent: 0x600000202460>"
2026-07-18 19:29:23.902 I  SpringBoard[8130:6615] [com.apple.SpringBoard:StatusBarish] setAvoidanceFrame:NSRect: {{295.5, 0}, {76, 20}} reason: SBDeviceApplicationSceneViewController statusBar: 0x1017ccb60
2026-07-18 19:29:23.902 I  SpringBoard[8130:6615] [com.apple.SpringBoard:StatusBarish] setting avoidanceFrame NSRect: {{295.5, 0}, {76, 20}} on statusBar 0x1017ccb60 for reason: SBDeviceApplicationSceneViewController
2026-07-18 19:29:23.904 Df SpringBoard[8130:6615] [com.apple.UIKit:SceneDeactivation] Added: <UIApplicationSceneDeactivationAssertion: 0x600000dc6370; reason: systemAnimation; all scene levels; hasPredicate: YES>
2026-07-18 19:29:23.905 Df SpringBoard[8130:6615] [com.apple.UIKit:SceneDeactivation] Removed: <UIApplicationSceneDeactivationAssertion: 0x600000dfb210; reason: systemAnimation; all scene levels; hasPredicate: NO>
2026-07-18 19:29:23.917 I  SpringBoard[8130:6615] [com.apple.SpringBoard:StatusBarish] setAvoidanceFrame:NSRect: {{295.5, 0}, {76, 20}} reason: SBDeviceApplicationSceneViewController statusBar: 0x1017ccb60
2026-07-18 19:29:23.901 Db OMORI[10763:8adc] [com.apple.FrontBoard:SceneClient] [(FBSceneManager):sceneID:com.poring.omori.ru-default] Adding extension: "_UISystemShellSceneHostingEnvironmentExtension"
2026-07-18 19:29:23.901 Db OMORI[10763:8adc] [com.apple.FrontBoard:SceneClient] [(FBSceneManager):sceneID:com.poring.omori.ru-default] Instantiated component: "<_UISystemShellSceneHostingEnvironmentClientComponent: 0x6000002112e0>"
2026-07-18 19:29:23.903 Db OMORI[10763:8adc] [com.apple.FrontBoard:SceneClient] [(FBSceneManager):sceneID:com.poring.omori.ru-default] Adding extension: "_UISceneRenderingEnvironmentExtension"
2026-07-18 19:29:23.903 Db OMORI[10763:8adc] [com.apple.FrontBoard:SceneClient] [(FBSceneManager):sceneID:com.poring.omori.ru-default] Instantiated component: "<_UISceneRenderingEnvironmentClientComponent: 0x600000211240>"
2026-07-18 19:29:23.903 Db OMORI[10763:8adc] [com.apple.FrontBoard:SceneClient] [(FBSceneManager):sceneID:com.poring.omori.ru-default] Adding extension: "_UISceneTransitioningExtension"
2026-07-18 19:29:23.903 Db OMORI[10763:8adc] [com.apple.FrontBoard:SceneClient] [(FBSceneManager):sceneID:com.poring.omori.ru-default] Instantiated component: "<_UISceneTransitioningClientComponent: 0x6000002111a0>"
2026-07-18 19:29:23.921 Df OMORI[10763:8adc] [com.apple.UIKit:BackgroundTask] Will add backgroundTask with taskName: Persistent SceneSession Map Update, expirationHandler: <__NSGlobalBlock__: 0x1e08e83c0>
2026-07-18 19:29:23.922 Df OMORI[10763:8adc] [com.apple.UIKit:BackgroundTask] Reusing background assertion <BKSProcessAssertion: 0x600002104230>
2026-07-18 19:29:23.922 Df OMORI[10763:8adc] [com.apple.UIKit:BackgroundTask] Incrementing reference count for background assertion <BKSProcessAssertion: 0x600002104230>
2026-07-18 19:29:23.922 Df OMORI[10763:8adc] [com.apple.UIKit:BackgroundTask] Created background task <_UIBackgroundTaskInfo: 0x60000170c440>: taskID = 2, taskName = Persistent SceneSession Map Update, creationTime = 648 (elapsed = 0).
2026-07-18 19:29:23.923 Df OMORI[10763:8adc] [com.apple.UIKit:Application] Deactivation reason added: 5; deactivation reasons: 1024 -> 1056; animating application lifecycle event: 1
2026-07-18 19:29:23.923 Db OMORI[10763:8adc] [com.apple.defaults:User Defaults] found no value for key LogInterfaceStyle in CFPrefsSearchListSource<0x600002c08400> (Domain: com.apple.UIKit, Container: (null))
2026-07-18 19:29:23.923 Df OMORI[10763:8adc] [com.apple.UIKit:InterfaceStyle] Not push traits update to screen for new style 1, <UIWindowScene: 0x10330abc0> (DF100BAF-A1B4-4D96-A04E-EAE40C53C3A9)
2026-07-18 19:29:23.923 Df OMORI[10763:8adc] [com.apple.UIKit:InterfaceStyle] Should send trait collection or coordinate space update, interface style 1 -> 1, <UIWindowScene: 0x10330abc0> (DF100BAF-A1B4-4D96-A04E-EAE40C53C3A9)
2026-07-18 19:29:23.925 Db OMORI[10763:8adc] [com.apple.defaults:User Defaults] found no value for key FullKeyboardAccessEnabled in CFPrefsSearchListSource<0x600002c0b180> (Domain: com.apple.Accessibility, Container: (null))
2026-07-18 19:29:23.926 Db OMORI[10763:8adc] [com.apple.Accessibility:AXSupportCommon] CF Read: domain = com.apple.Accessibility, preference = FullKeyboardAccessEnabled, appID = (null) result = (null) (-1 - empty, 0 - false, 1 - true)
2026-07-18 19:29:23.926 Db OMORI[10763:8adc] [com.apple.defaults:User Defaults] found no value for key FullKeyboardAccessEnabled in CFPrefsPlistSource<0x600002c0b500> (Domain: com.apple.Accessibility, User: kCFPreferencesCurrentUser, ByHost: No, Container: /Users/runner/Library/Developer/CoreSimulator/Devices/CE505324-B3F4-4B42-8BC5-419D92D4505A/data, Contents Need Refresh: No)
2026-07-18 19:29:23.927 Df OMORI[10763:8adc] [com.apple.UIKit:InterfaceStyle] Not push traits update to screen for new style 1, <UIWindowScene: 0x10330abc0> (DF100BAF-A1B4-4D96-A04E-EAE40C53C3A9)
2026-07-18 19:29:23.929 Db OMORI[10763:8adc] [com.apple.BacklightServices:scenes] create BLSBacklightFBSSceneEnvironment (BacklightUIServices) for scene:<UIWindowScene: 0x10330abc0; role: UIWindowSceneSessionRoleApplication; activationState: UISceneActivationStateUnattached> {
    session = <UISceneSession: 0x60000170c8c0; persistentIdentifier: DF100BAF-A1B4-4D96-A04E-EAE40C53C3A9> {
        configuration = <UISceneConfiguration: 0x600001707980; name: 0x0>;
    };
    delegate = (nil);
    screen = <UIScreen: 0x1033071e0; bounds: {{0, 0}, {667, 375}}; mode: <UIScreenMode: 0x6000002072a0; size = 750.000000 x 1334.000000>>;
}
2026-07-18 19:29:23.933 Db OMORI[10763:8adc] [com.apple.BacklightServices:scenes] 0x600000c01aa0 create environment:<BLSBacklightFBSSceneEnvironment: 0x600000c01aa0; identifier: 0x0; active: NO; liveUpdating: NO; unrestrictedFramerate: NO; aoSupport: NO; visualState: 0x0; presentationDate: 0x0> for scene:<FBSScene: 0x6000033046e0; (FBSceneManager):sceneID:com.poring.omori.ru-default; valid: YES> {
    settings = <UIApplicationSceneSettings: 0x600002105450> {
        settings = <BSKeyedSettings: 0x600000c0acd0> {
            displayConfiguration = <FBSDisplayConfiguration: 0x600003d08000; Main; mode: "375x667@2x 60Hz p3 SDR">;
            foreground = Yes;
            frame = NSRect: {{0, 0}, {375, 667}};
            interfaceOrientation = landscapeRight (3);
            interruptionPolicy = reconnect (2);
            level = 1;
            <SBSUIHomeScreenIconStyleSceneSettings> = <BSKeyedSettings: 0x600000c0ab20> {
                iconStyleConfiguration = <SBSHomeScreenIconStyleConfiguration: 0x600000203740>;
            };
            <_UISceneTransitioningHostSettings> = <BSKeyedSettings: 0x600000c0a9a0> <…>
2026-07-18 19:29:23.933 Db OMORI[10763:8adc] [com.apple.BacklightServices:scenes] BLSBacklightFBSSceneEnvironment (BacklightUIServices) _settingsDiffActionsForScene
2026-07-18 19:29:23.933 Db OMORI[10763:8adc] [com.apple.BacklightServices:scenes] create BLSBacklightUISceneEnvironmentDiffAction:<_UIBacklightUISceneEnvironmentDiffAction: 0x60000000c580>
2026-07-18 19:29:23.933 Db OMORI[10763:8adc] [com.apple.BacklightServices:scenes] BLSBacklightFBSSceneEnvironment (BacklightUIServices) _actionRespondersForScene
2026-07-18 19:29:23.933 Db OMORI[10763:8adc] [com.apple.BacklightServices:scenes] create BLSBacklightUISceneEnvironmentActionHandler:<_UIBacklightUISceneEnvironmentActionHandler: 0x60000000c4c0>
2026-07-18 19:29:23.933 Db OMORI[10763:8adc] [com.apple.defaults:User Defaults] found no value for key LogHomeAffordanceObservation in CFPrefsSearchListSource<0x600002c08400> (Domain: com.apple.UIKit, Container: (null))
2026-07-18 19:29:23.933 Df OMORI[10763:8adc] [com.apple.UIKit:HomeAffordanceObservation] Initializing: <_UIHomeAffordanceSceneNotifier: 0x60000290d810>; with scene: <UIWindowScene: 0x10330abc0>
2026-07-18 19:29:23.933 Db OMORI[10763:8adc] [com.apple.BacklightServices:scenes] BLSBacklightFBSSceneEnvironment (BacklightUIServices) _settingsDiffActionsForScene
2026-07-18 19:29:23.933 Db OMORI[10763:8adc] [com.apple.BacklightServices:scenes] create BLSBacklightUISceneEnvironmentDiffAction:<_UIBacklightUISceneEnvironmentDiffAction: 0x60000000c4e0>
2026-07-18 19:29:23.933 Db OMORI[10763:8adc] [com.apple.BacklightServices:scenes] BLSBacklightFBSSceneEnvironment (BacklightUIServices) _actionRespondersForScene
2026-07-18 19:29:23.934 Db OMORI[10763:8adc] [com.apple.BacklightServices:scenes] create BLSBacklightUISceneEnvironmentActionHandler:<_UIBacklightUISceneEnvironmentActionHandler: 0x600000004640>
2026-07-18 19:29:23.934 Df OMORI[10763:8adc] [com.apple.BacklightServices:scenes] 0x600000c01aa0 setDelegate:<0x600000c01e00 _UIBacklightEnvironment> hasDelegate:YES for environment:sceneID:com.poring.omori.ru-default
2026-07-18 19:29:23.935 Db OMORI[10763:8adc] [com.apple.BacklightServices:scenes] 0x600000c01aa0 setSupportsAlwaysOn:NO for environment:sceneID:com.poring.omori.ru-default
2026-07-18 19:29:23.936 Db OMORI[10763:8adc] [com.apple.BacklightServices:scenes] BLSBacklightFBSSceneEnvironment (BacklightUIServices) _settingsDiffActionsForScene
2026-07-18 19:29:23.936 Db OMORI[10763:8adc] [com.apple.BacklightServices:scenes] create BLSBacklightUISceneEnvironmentDiffAction:<_UIBacklightUISceneEnvironmentDiffAction: 0x600000004590>
2026-07-18 19:29:23.936 Db OMORI[10763:8adc] [com.apple.BacklightServices:scenes] BLSBacklightFBSSceneEnvironment (BacklightUIServices) _actionRespondersForScene
2026-07-18 19:29:23.937 Db OMORI[10763:8adc] [com.apple.BacklightServices:scenes] create BLSBacklightUISceneEnvironmentActionHandler:<_UIBacklightUISceneEnvironmentActionHandler: 0x600000004280>
2026-07-18 19:29:23.938 Df OMORI[10763:8adc] [com.apple.UIKit:InterfaceStyle] Not push traits update to screen for new style 1, <UIWindowScene: 0x10330abc0> (DF100BAF-A1B4-4D96-A04E-EAE40C53C3A9)
2026-07-18 19:29:23.939 Db OMORI[10763:8adc] [com.apple.defaults:User Defaults] found no value for key LogEventDeferring in CFPrefsSearchListSource<0x600002c08400> (Domain: com.apple.UIKit, Container: (null))
2026-07-18 19:29:23.939 Df OMORI[10763:8adc] [com.apple.UIKit:EventDeferring] [0x600002908a80] Initialized with scene: <UIWindowScene: 0x10330abc0>; behavior: <_UIEventDeferringBehavior_iOS: 0x600000207d60>; systemShellManagesKeyboardFocus: 1
2026-07-18 19:29:23.941 Db OMORI[10763:8adc] [com.apple.BacklightServices:scenes] BLSBacklightFBSSceneEnvironment (BacklightUIServices) _settingsDiffActionsForScene
2026-07-18 19:29:23.945 Db OMORI[10763:8adc] [com.apple.BacklightServices:scenes] create BLSBacklightUISceneEnvironmentDiffAction:<_UIBacklightUISceneEnvironmentDiffAction: 0x6000000045c0>
2026-07-18 19:29:23.945 Db OMORI[10763:8adc] [com.apple.BacklightServices:scenes] BLSBacklightFBSSceneEnvironment (BacklightUIServices) _actionRespondersForScene
2026-07-18 19:29:23.946 Db OMORI[10763:8adc] [com.apple.BacklightServices:scenes] create BLSBacklightUISceneEnvironmentActionHandler:<_UIBacklightUISceneEnvironmentActionHandler: 0x600000004680>
2026-07-18 19:29:23.946 Db OMORI[10763:8adc] [com.apple.defaults:User Defaults] found no value for key LogKeyWindow in CFPrefsSearchListSource<0x600002c08400> (Domain: com.apple.UIKit, Container: (null))
2026-07-18 19:29:23.920 I  SpringBoard[8130:6615] [com.apple.SpringBoard:StatusBarish] setting avoidanceFrame NSRect: {{295.5, 0}, {76, 20}} on statusBar 0x1017ccb60 for reason: SBDeviceApplicationSceneViewController
2026-07-18 19:29:23.921 I  SpringBoard[8130:6615] [com.apple.SpringBoard:StatusBarish] setAvoidanceFrame:NSRect: {{295.5, 0}, {76, 20}} reason: SBDeviceApplicationSceneViewController statusBar: 0x1017ccb60
2026-07-18 19:29:23.921 I  SpringBoard[8130:6615] [com.apple.SpringBoard:StatusBarish] setting avoidanceFrame NSRect: {{295.5, 0}, {76, 20}} on statusBar 0x1017ccb60 for reason: SBDeviceApplicationSceneViewController
2026-07-18 19:29:23.921 I  SpringBoard[8130:6615] [com.apple.SpringBoard:StatusBarish] setAvoidanceFrame:NSRect: {{295.5, 0}, {76, 20}} reason: SBDeviceApplicationSceneViewController statusBar: 0x1017ccb60
2026-07-18 19:29:23.950 Df OMORI[10763:8adc] [com.apple.xpc:connection] [0x102a08950] activating connection: mach=false listener=false peer=false name=(anonymous)
2026-07-18 19:29:23.922 Db OMORI[10763:8ae6] [com.apple.runningboard:message] PERF: [app<com.poring.omori.ru((null))>:10763] Received message from runningboardd: async_didChangeInheritances:completion:
2026-07-18 19:29:23.960 A  OMORI[10763:8ae6] (RunningBoardServices) didChangeInheritances
2026-07-18 19:29:23.963 Df OMORI[10763:8adc] [com.apple.BackBoard:EventDelivery] policyStatus:<BKSHIDEventDeliveryPolicyObserver: 0x600002109270; process scope; status: target> was:none
2026-07-18 19:29:23.963 Df OMORI[10763:8adc] [com.apple.UIKit:KeyWindow] Setting default evaluation strategy for UIUserInterfaceIdiomPhone to LastOneWins
2026-07-18 19:29:23.963 Df OMORI[10763:8adc] [com.apple.UIKit:KeyWindow] Scene target of keyboard event deferring environment did change: 1; scene: UIWindowScene: 0x10330abc0; scene identity: com.apple.frontboard.systemappservices/FBSceneManager:sceneID%3Acom.poring.omori.ru-default
2026-07-18 19:29:23.963 Df OMORI[10763:8adc] [com.apple.UIKit:EventDeferring] [0x600002908a80] Scene target of event deferring environments did update: scene: 0x10330abc0; current systemShellManagesKeyboardFocus: 1; systemShellManagesKeyboardFocusForScene: 1; eligibleForRecordRemoval: 1;
2026-07-18 19:29:23.921 I  SpringBoard[8130:6615] [com.apple.SpringBoard:StatusBarish] setting avoidanceFrame NSRect: {{295.5, 0}, {76, 20}} on statusBar 0x1017ccb60 for reason: SBDeviceApplicationSceneViewController
2026-07-18 19:29:23.963 Db OMORI[10763:8ae0] [com.apple.BaseBoard:MachPort]  *|machport|* <BSMachPortTaskNameRight: 0x600001703ec0; usable: YES; (10763:4803:send task_name_for_pid:backboardd.8151)> -> (<NSThread: 0x600001706640>{number = 6, name = (null)}) (
	0   BaseBoard                           0x0000000183b27b10 -[BSMachPortRight _initWithPort:type:owner:trace:] + 192
	1   BaseBoard                           0x0000000183b29adc -[BSMachPortTaskNameRight initWithPID:] + 260
	2   BaseBoard                           0x0000000183b2997c +[BSMachPortTaskNameRight taskNameForPID:] + 56
	3   BaseBoard                           0x0000000183b39380 +[BSProcessHandle processHandleForXPCConnection:] + 176
	4   BoardServices                       0x00000001874b8448 +[BSXPCServiceConnectionPeer peerOfConnection:] + 316
	5   BoardServices                       0x00000001874e1ea4 __55-[BSXPCServiceConnection _lock_activateNowOrWhenReady:]_block_invoke_3 + 132
	6   BoardServices                       0x00000001874da408 __55-[BSXPCServiceConnectionMessage _actuallySendWithMode:]_block_invoke + 14
2026-07-18 19:29:23.963 Df OMORI[10763:8adc] [com.apple.UIKit:KeyWindow] Scene became target of keyboard event deferring environment: UIWindowScene: 0x10330abc0; scene identity: com.apple.frontboard.systemappservices/FBSceneManager:sceneID%3Acom.poring.omori.ru-default
2026-07-18 19:29:23.964 Df OMORI[10763:8adc] [com.apple.UIKit:KeyWindow] Setting default evaluation strategy for UIUserInterfaceIdiomPhone to SystemShellManaged
2026-07-18 19:29:23.964 Df OMORI[10763:8adc] [com.apple.UIKit:KeyWindow] Key window needs update: 0; currentKeyWindowScene: 0x0; evaluatedKeyWindowScene: 0x10330abc0; currentApplicationKeyWindow: 0x0; evaluatedApplicationKeyWindow: 0x0; reason: UIWindowScene: 0x10330abc0: Window scene became target of keyboard environment
2026-07-18 19:29:23.964 Db OMORI[10763:8adc] [com.apple.BacklightServices:scenes] BLSBacklightFBSSceneEnvironment (BacklightUIServices) _settingsDiffActionsForScene
2026-07-18 19:29:23.964 Db OMORI[10763:8adc] [com.apple.BacklightServices:scenes] create BLSBacklightUISceneEnvironmentDiffAction:<_UIBacklightUISceneEnvironmentDiffAction: 0x600000004580>
2026-07-18 19:29:23.964 Db OMORI[10763:8adc] [com.apple.BacklightServices:scenes] BLSBacklightFBSSceneEnvironment (BacklightUIServices) _actionRespondersForScene
2026-07-18 19:29:23.964 Db OMORI[10763:8adc] [com.apple.BacklightServices:scenes] create BLSBacklightUISceneEnvironmentActionHandler:<_UIBacklightUISceneEnvironmentActionHandler: 0x60000000c540>
2026-07-18 19:29:23.964 Db OMORI[10763:8adc] [com.apple.BacklightServices:scenes] BLSBacklightFBSSceneEnvironment (BacklightUIServices) _settingsDiffActionsForScene
2026-07-18 19:29:23.964 Db OMORI[10763:8adc] [com.apple.BacklightServices:scenes] create BLSBacklightUISceneEnvironmentDiffAction:<_UIBacklightUISceneEnvironmentDiffAction: 0x60000000c4c0>
2026-07-18 19:29:23.964 Db OMORI[10763:8adc] [com.apple.BacklightServices:scenes] BLSBacklightFBSSceneEnvironment (BacklightUIServices) _actionRespondersForScene
2026-07-18 19:29:23.964 Db OMORI[10763:8adc] [com.apple.BacklightServices:scenes] create BLSBacklightUISceneEnvironmentActionHandler:<_UIBacklightUISceneEnvironmentActionHandler: 0x60000000c560>
2026-07-18 19:29:23.964 Df OMORI[10763:8adc] [com.apple.UIKit:InterfaceStyle] Not push traits update to screen for new style 1, <UIWindowScene: 0x10330abc0> (DF100BAF-A1B4-4D96-A04E-EAE40C53C3A9)
2026-07-18 19:29:23.965 Db OMORI[10763:8adc] [com.apple.BacklightServices:scenes] BLSBacklightFBSSceneEnvironment (BacklightUIServices) _settingsDiffActionsForScene
2026-07-18 19:29:23.965 Db OMORI[10763:8adc] [com.apple.BacklightServices:scenes] create BLSBacklightUISceneEnvironmentDiffAction:<_UIBacklightUISceneEnvironmentDiffAction: 0x600000004280>
2026-07-18 19:29:23.965 Db OMORI[10763:8adc] [com.apple.BacklightServices:scenes] BLSBacklightFBSSceneEnvironment (BacklightUIServices) _actionRespondersForScene
2026-07-18 19:29:23.965 Db OMORI[10763:8adc] [com.apple.BacklightServices:scenes] create BLSBacklightUISceneEnvironmentActionHandler:<_UIBacklightUISceneEnvironmentActionHandler: 0x600000004810>
2026-07-18 19:29:23.965 Db OMORI[10763:8adc] [com.apple.BacklightServices:scenes] BLSBacklightFBSSceneEnvironment (BacklightUIServices) _settingsDiffActionsForScene
2026-07-18 19:29:23.965 Db OMORI[10763:8adc] [com.apple.BacklightServices:scenes] create BLSBacklightUISceneEnvironmentDiffAction:<_UIBacklightUISceneEnvironmentDiffAction: 0x6000000046e0>
2026-07-18 19:29:23.965 Db OMORI[10763:8adc] [com.apple.BacklightServices:scenes] BLSBacklightFBSSceneEnvironment (BacklightUIServices) _actionRespondersForScene
2026-07-18 19:29:23.965 Db OMORI[10763:8adc] [com.apple.BacklightServices:scenes] create BLSBacklightUISceneEnvironmentActionHandler:<_UIBacklightUISceneEnvironmentActionHandler: 0x600000004650>
2026-07-18 19:29:23.965 Db OMORI[10763:8adc] [com.apple.BacklightServices:scenes] BLSBacklightFBSSceneEnvironment (BacklightUIServices) _settingsDiffActionsForScene
2026-07-18 19:29:23.965 Db OMORI[10763:8adc] [com.apple.BacklightServices:scenes] create BLSBacklightUISceneEnvironmentDiffAction:<_UIBacklightUISceneEnvironmentDiffAction: 0x600000004670>
2026-07-18 19:29:23.965 Db OMORI[10763:8adc] [com.apple.BacklightServices:scenes] BLSBacklightFBSSceneEnvironment (BacklightUIServices) _actionRespondersForScene
2026-07-18 19:29:23.965 Db OMORI[10763:8adc] [com.apple.BacklightServices:scenes] create BLSBacklightUISceneEnvironmentActionHandler:<_UIBacklightUISceneEnvironmentActionHandler: 0x600000004850>
2026-07-18 19:29:23.965 Df OMORI[10763:8adc] [com.apple.UIKit:InterfaceStyle] Not push traits update to screen for new style 1, <UIWindowScene: 0x10330abc0> (DF100BAF-A1B4-4D96-A04E-EAE40C53C3A9)
2026-07-18 19:29:23.965 Db OMORI[10763:8adc] [com.apple.BacklightServices:scenes] BLSBacklightFBSSceneEnvironment (BacklightUIServices) _settingsDiffActionsForScene
2026-07-18 19:29:23.966 Db OMORI[10763:8adc] [com.apple.BacklightServices:scenes] create BLSBacklightUISceneEnvironmentDiffAction:<_UIBacklightUISceneEnvironmentDiffAction: 0x6000000046a0>
2026-07-18 19:29:23.966 Db OMORI[10763:8adc] [com.apple.BacklightServices:scenes] BLSBacklightFBSSceneEnvironment (BacklightUIServices) _actionRespondersForScene
2026-07-18 19:29:23.967 Db OMORI[10763:8adc] [com.apple.BacklightServices:scenes] create BLSBacklightUISceneEnvironmentActionHandler:<_UIBacklightUISceneEnvironmentActionHandler: 0x600000004670>
2026-07-18 19:29:23.967 Db OMORI[10763:8adc] [com.apple.BacklightServices:scenes] BLSBacklightFBSSceneEnvironment (BacklightUIServices) _settingsDiffActionsForScene
2026-07-18 19:29:23.967 Db OMORI[10763:8adc] [com.apple.BacklightServices:scenes] create BLSBacklightUISceneEnvironmentDiffAction:<_UIBacklightUISceneEnvironmentDiffAction: 0x600000004790>
2026-07-18 19:29:23.967 Db OMORI[10763:8adc] [com.apple.BacklightServices:scenes] BLSBacklightFBSSceneEnvironment (BacklightUIServices) _actionRespondersForScene
2026-07-18 19:29:23.967 Db OMORI[10763:8adc] [com.apple.BacklightServices:scenes] create BLSBacklightUISceneEnvironmentActionHandler:<_UIBacklightUISceneEnvironmentActionHandler: 0x600000004730>
2026-07-18 19:29:23.968 Db OMORI[10763:8adc] [com.apple.BacklightServices:scenes] BLSBacklightFBSSceneEnvironment (BacklightUIServices) _settingsDiffActionsForScene
2026-07-18 19:29:23.968 Db OMORI[10763:8adc] [com.apple.BacklightServices:scenes] create BLSBacklightUISceneEnvironmentDiffAction:<_UIBacklightUISceneEnvironmentDiffAction: 0x60000000c570>
2026-07-18 19:29:23.966 I  SpringBoard[8130:7095] [com.apple.FrontBoard:ProcessScene] [0x600003793b40:(FBSceneManager):sceneID:com.poring.omori.ru-default] Sending scene action [Forward Event][0x3e80] to process 0x1017d2060 (watchdog: none)
2026-07-18 19:29:23.969 Db OMORI[10763:8adc] [com.apple.BacklightServices:scenes] BLSBacklightFBSSceneEnvironment (BacklightUIServices) _actionRespondersForScene
2026-07-18 19:29:23.969 Db OMORI[10763:8adc] [com.apple.BacklightServices:scenes] create BLSBacklightUISceneEnvironmentActionHandler:<_UIBacklightUISceneEnvironmentActionHandler: 0x60000000c5d0>
2026-07-18 19:29:23.971 I  SpringBoard[8130:6615] [com.apple.BaseBoard:Transaction] <SBSceneLayoutSynchronizeTransitionTransaction:0x600003328820> Milestone satisfied: synchronizedCommit
2026-07-18 19:29:23.972 I  SpringBoard[8130:6615] [com.apple.BaseBoard:Transaction] <SBSceneLayoutSynchronizeTransitionTransaction:0x600003328820> State changed from 'Working' to 'Done Working'
2026-07-18 19:29:23.969 Df OMORI[10763:8adc] [com.apple.UIKit:InterfaceStyle] Not push traits update to screen for new style 1, <UIWindowScene: 0x10330abc0> (DF100BAF-A1B4-4D96-A04E-EAE40C53C3A9)
2026-07-18 19:29:23.972 I  SpringBoard[8130:6615] [com.apple.BaseBoard:Transaction] <SBSceneLayoutWorkspaceTransaction:0x110811110> Child transaction finished work: <SBSceneLayoutSynchronizeTransitionTransaction: 0x600003328820>
2026-07-18 19:29:23.969 Db OMORI[10763:8adc] [com.apple.BacklightServices:scenes] BLSBacklightFBSSceneEnvironment (BacklightUIServices) _settingsDiffActionsForScene
2026-07-18 19:29:23.972 I  SpringBoard[8130:6615] [com.apple.BaseBoard:Transaction] <SBSceneLayoutWorkspaceTransaction:0x110811110> Milestone satisfied: slaves
2026-07-18 19:29:23.973 I  SpringBoard[8130:6615] [com.apple.BaseBoard:Transaction] <SBSceneLayoutSynchronizeTransitionTransaction:0x600003328820> Child transaction completed: <BSBlockTransaction: 0x60000353cf20>: addSlaves
2026-07-18 19:29:23.973 I  SpringBoard[8130:6615] [com.apple.BaseBoard:Transaction] <SBSceneLayoutSynchronizeTransitionTransaction:0x600003328960> Child transaction completed: <BSBlockTransaction: 0x60000353d340>: beginTransition
2026-07-18 19:29:23.973 I  SpringBoard[8130:6615] [com.apple.BaseBoard:Transaction] <SBSceneLayoutSynchronizeTransitionTransaction:0x600003328960> State changed from 'Done Working' to 'Completed'
2026-07-18 19:29:23.973 I  SpringBoard[8130:6615] [com.apple.BaseBoard:Transaction] <SBSceneLayoutSynchronizeTransitionTransaction:0x600003328960> Completed after 0.56s.
2026-07-18 19:29:23.973 I  SpringBoard[8130:6615] [com.apple.BaseBoard:Transaction] <SBSceneLayoutWorkspaceTransaction:0x110811110> Child transaction completed: <SBSceneLayoutSynchronizeTransitionTransaction: 0x600003328960>
2026-07-18 19:29:23.975 I  SpringBoard[8130:6615] [com.apple.BaseBoard:Transaction] <SBSceneLayoutSynchronizeTransitionTransaction:0x60000331bd40> Child transaction completed: <BSBlockTransaction: 0x60000353d4a0>: prepareTransition
2026-07-18 19:29:23.975 I  SpringBoard[8130:6615] [com.apple.BaseBoard:Transaction] <SBSceneLayoutSynchronizeTransitionTransaction:0x60000331bd40> State changed from 'Done Working' to 'Completed'
2026-07-18 19:29:23.976 I  SpringBoard[8130:6615] [com.apple.BaseBoard:Transaction] <SBSceneLayoutSynchronizeTransitionTransaction:0x60000331bd40> Completed after 0.57s.
2026-07-18 19:29:23.976 I  SpringBoard[8130:6615] [com.apple.BaseBoard:Transaction] <SBSceneLayoutWorkspaceTransaction:0x110811110> Child transaction completed: <SBSceneLayoutSynchronizeTransitionTransaction: 0x60000331bd40>
2026-07-18 19:29:23.976 I  SpringBoard[8130:6615] [com.apple.BaseBoard:Transaction] <SBSceneLayoutWorkspaceTransaction:0x110811110> Child transaction completed: <BSBlockTransaction: 0x60000353d4a0>: prepareTransition
2026-07-18 19:29:23.976 I  SpringBoard[8130:6615] [com.apple.BaseBoard:Transaction] <SBSceneLayoutSynchronizeTransitionTransaction:0x600003328820> State changed from 'Done Working' to 'Completed'
2026-07-18 19:29:23.976 I  SpringBoard[8130:6615] [com.apple.BaseBoard:Transaction] <SBSceneLayoutSynchronizeTransitionTransaction:0x600003328820> Completed after 0.57s.
2026-07-18 19:29:23.977 I  SpringBoard[8130:6615] [com.apple.BaseBoard:Transaction] <SBSceneLayoutWorkspaceTransaction:0x110811110> Child transaction completed: <SBSceneLayoutSynchronizeTransitionTransaction: 0x600003328820>
2026-07-18 19:29:23.969 Db OMORI[10763:8adc] [com.apple.BacklightServices:scenes] create BLSBacklightUISceneEnvironmentDiffAction:<_UIBacklightUISceneEnvironmentDiffAction: 0x60000000c550>
2026-07-18 19:29:23.977 I  SpringBoard[8130:6615] [com.apple.BaseBoard:Transaction] <SBSceneLayoutWorkspaceTransaction:0x110811110> Milestone satisfied: synchronizedCommit
2026-07-18 19:29:23.977 I  SpringBoard[8130:6615] [com.apple.BaseBoard:Transaction] <FBUpdateSceneTransaction:0x600003b46ca0> Life assertion removed for reason: beginning
2026-07-18 19:29:23.970 Db OMORI[10763:8adc] [com.apple.BacklightServices:scenes] BLSBacklightFBSSceneEnvironment (BacklightUIServices) _actionRespondersForScene
2026-07-18 19:29:23.970 Db OMORI[10763:8adc] [com.apple.BacklightServices:scenes] create BLSBacklightUISceneEnvironmentActionHandler:<_UIBacklightUISceneEnvironmentActionHandler: 0x60000000c570>
2026-07-18 19:29:23.972 Db OMORI[10763:8adc] [com.apple.BacklightServices:scenes] BLSBacklightFBSSceneEnvironment (BacklightUIServices) _settingsDiffActionsForScene
2026-07-18 19:29:23.972 Db OMORI[10763:8adc] [com.apple.BacklightServices:scenes] create BLSBacklightUISceneEnvironmentDiffAction:<_UIBacklightUISceneEnvironmentDiffAction: 0x60000000c600>
2026-07-18 19:29:23.978 I  SpringBoard[8130:6615] [com.apple.SpringBoard:StatusBarish] setAvoidanceFrame:NSRect: {{295.5, 0}, {76, 20}} reason: SBDeviceApplicationSceneViewController statusBar: 0x1017ccb60
2026-07-18 19:29:23.972 Db OMORI[10763:8adc] [com.apple.BacklightServices:scenes] BLSBacklightFBSSceneEnvironment (BacklightUIServices) _actionRespondersForScene
2026-07-18 19:29:23.972 Db OMORI[10763:8adc] [com.apple.BacklightServices:scenes] create BLSBacklightUISceneEnvironmentActionHandler:<_UIBacklightUISceneEnvironmentActionHandler: 0x60000000c8e0>
2026-07-18 19:29:23.979 Df OMORI[10763:8adc] [com.apple.UIKit:InterfaceStyle] Not push traits update to screen for new style 1, <UIWindowScene: 0x10330abc0> (DF100BAF-A1B4-4D96-A04E-EAE40C53C3A9)
2026-07-18 19:29:23.982 Db OMORI[10763:8adc] [com.apple.defaults:User Defaults] found no value for key LogAppLifecycle in CFPrefsSearchListSource<0x600002c08400> (Domain: com.apple.UIKit, Container: (null))
2026-07-18 19:29:23.982 Df OMORI[10763:8adc] [com.apple.UIKit:AppLifecycle] sceneOfRecord: sceneID: sceneID:com.poring.omori.ru-default  persistentID: DF100BAF-A1B4-4D96-A04E-EAE40C53C3A9
2026-07-18 19:29:23.982 Df OMORI[10763:8adc] [com.apple.UIKit:Application] Ignoring already applied deactivation reason: 5; deactivation reasons: 1056
2026-07-18 19:29:23.982 Df OMORI[10763:8adc] [com.apple.UIKit:Application] Deactivation reason added: 11; deactivation reasons: 1056 -> 3104; animating application lifecycle event: 1
2026-07-18 19:29:23.979 I  SpringBoard[8130:6615] [com.apple.SpringBoard:StatusBarish] setting avoidanceFrame NSRect: {{295.5, 0}, {76, 20}} on statusBar 0x1017ccb60 for reason: SBDeviceApplicationSceneViewController
2026-07-18 19:29:23.975 Db OMORI[10763:8ae6] [com.apple.runningboard:connection] didChangeInheritances: <RBSInheritanceChangeSet| gained:{(
    <RBSInheritance| environment:(none) name:com.apple.frontboard.visibility origID:8133-8130-665 0>
)} lost:(null)>
2026-07-18 19:29:23.990 Df OMORI[10763:8adc] [com.apple.xpc:connection] [0x1033085e0] activating connection: mach=true listener=false peer=false name=com.apple.UIKit.KeyboardManagement.hosted
2026-07-18 19:29:23.991 Db OMORI[10763:8adc] [com.apple.defaults:User Defaults] found no value for key LogViewServices in CFPrefsSearchListSource<0x600002c08400> (Domain: com.apple.UIKit, Container: (null))
2026-07-18 19:29:23.991 Df OMORI[10763:8adc] [com.apple.UIKit:ViewServices] Launching as view service: NO
2026-07-18 19:29:23.992 Df OMORI[10763:8adc] Apache Cordova iOS platform version 7.1.1 is starting.
2026-07-18 19:29:24.005 Db OMORI[10763:8adc] [com.apple.defaults:User Defaults] found no value for key UIViewLayoutFeedbackLoopDebuggingThreshold in CFPrefsSearchListSource<0x600002c07500> (Domain: com.poring.omori.ru, Container: (null))
2026-07-18 19:29:24.005 Db OMORI[10763:8adc] [com.apple.defaults:User Defaults] found no value for key UIEngineHostingViewsShouldGuardWantsAutolayoutFlagPropagation in CFPrefsSearchListSource<0x600002c07500> (Domain: com.poring.omori.ru, Container: (null))
2026-07-18 19:29:24.006 Db OMORI[10763:8adc] [com.apple.defaults:User Defaults] found no value for key UIViewUseStaleDelegateContentInsets in CFPrefsSearchListSource<0x600002c07500> (Domain: com.poring.omori.ru, Container: (null))
2026-07-18 19:29:24.006 Db OMORI[10763:8adc] [com.apple.defaults:User Defaults] found no value for key _UIConstraintBasedLayoutEngageNonLazily in CFPrefsSearchListSource<0x600002c07500> (Domain: com.poring.omori.ru, Container: (null))
2026-07-18 19:29:24.010 Db OMORI[10763:8adc] [com.apple.defaults:User Defaults] found no value for key ReduceMotionEnabled in CFPrefsSearchListSource<0x600002c0b180> (Domain: com.apple.Accessibility, Container: (null))
2026-07-18 19:29:24.010 Db OMORI[10763:8adc] [com.apple.Accessibility:AXSupportCommon] CF Read: domain = com.apple.Accessibility, preference = ReduceMotionEnabled, appID = (null) result = (null) (-1 - empty, 0 - false, 1 - true)
2026-07-18 19:29:24.010 Db OMORI[10763:8adc] [com.apple.defaults:User Defaults] found no value for key ReduceMotionEnabled in CFPrefsPlistSource<0x600002c0b500> (Domain: com.apple.Accessibility, User: kCFPreferencesCurrentUser, ByHost: No, Container: /Users/runner/Library/Developer/CoreSimulator/Devices/CE505324-B3F4-4B42-8BC5-419D92D4505A/data, Contents Need Refresh: No)
2026-07-18 19:29:24.010 Db OMORI[10763:8adc] [com.apple.defaults:User Defaults] found no value for key UITraitUsageTrackingLoggingEnabled in CFPrefsSearchListSource<0x600002c07500> (Domain: com.poring.omori.ru, Container: (null))
2026-07-18 19:29:24.013 Db OMORI[10763:8adc] [com.apple.defaults:User Defaults] found no value for key _UIConstraintBasedLayout in CFPrefsSearchListSource<0x600002c07500> (Domain: com.poring.omori.ru, Container: (null))
2026-07-18 19:29:24.014 Db OMORI[10763:8adc] [com.apple.CFBundle:resources] Resource lookup at CFBundle 0x600003b04000 </Users/runner/Library/Developer/CoreSimulator/Devices/CE505324-B3F4-4B42-8BC5-419D92D4505A/data/Containers/Bundle/Application/775A121F-A6CB-4985-8F77-9CA11D3F73DB/OMORI.app> (executable, loaded)
	Request       : MainViewController type: nib
	Result        : file:///Users/runner/Library/Developer/CoreSimulator/Devices/CE505324-B3F4-4B42-8BC5-419D92D4505A/data/Containers/Bundle/Application/775A121F-A6CB-4985-8F77-9CA11D3F73DB/OMORI.app/MainViewController.nib
