2026-07-18 19:29:24.482 Db OMORI[10763:8adc] [com.apple.defaults:User Defaults] CFPrefsManagedSource<0x600002c12100> (Domain: com.apple.webinspectord, User: kCFPreferencesCurrentUser, ByHost: Yes, Container: (null), Contents Need Refresh: No) loaded: an empty base plist and no additional changes from the base plist
2026-07-18 19:29:24.482 Db OMORI[10763:8adc] [com.apple.defaults:User Defaults] CFPrefsManagedSource<0x600002c13580> (Domain: com.apple.webinspectord, User: kCFPreferencesAnyUser, ByHost: Yes, Container: (null), Contents Need Refresh: No) loaded: an empty base plist and no additional changes from the base plist
2026-07-18 19:29:24.482 Db OMORI[10763:8adc] [com.apple.defaults:User Defaults] CFPrefsPlistSource<0x600002c10500> (Domain: com.apple.webinspectord, User: kCFPreferencesCurrentUser, ByHost: No, Container: (null), Contents Need Refresh: No) loaded: an empty base plist and no additional changes from the base plist
2026-07-18 19:29:24.482 Db OMORI[10763:8adc] [com.apple.defaults:User Defaults] CFPrefsPlistSource<0x600002c11f00> (Domain: com.apple.webinspectord, User: kCFPreferencesCurrentUser, ByHost: No, Container: /Users/runner/Library/Developer/CoreSimulator/Devices/CE505324-B3F4-4B42-8BC5-419D92D4505A/data, Contents Need Refresh: No) loaded: an empty base plist and no additional changes from the base plist
2026-07-18 19:29:24.482 Db OMORI[10763:8adc] [com.apple.defaults:User Defaults] CFPrefsPlistSource<0x600002c10800> (Domain: com.apple.webinspectord, User: kCFPreferencesCurrentUser, ByHost: Yes, Container: (null), Contents Need Refresh: No) loaded: an empty base plist and no additional changes from the base plist
2026-07-18 19:29:24.483 Db OMORI[10763:8adc] [com.apple.defaults:User Defaults] found no value for key RemoteInspectorEnabled in CFPrefsSearchListSource<0x600002c11480> (Domain: com.apple.webinspectord, Container: (null))
2026-07-18 19:29:24.483 Db OMORI[10763:8adc] [com.apple.CFBundle:resources] Resource lookup at CFBundle 0x600003b04000 </Users/runner/Library/Developer/CoreSimulator/Devices/CE505324-B3F4-4B42-8BC5-419D92D4505A/data/Containers/Bundle/Application/775A121F-A6CB-4985-8F77-9CA11D3F73DB/OMORI.app> (executable, loaded)
	Request       : InfoPlist type: strings
	Result        : None
2026-07-18 19:29:24.483 Db OMORI[10763:8adc] [com.apple.CFBundle:resources] Resource lookup at CFBundle 0x600003b04000 </Users/runner/Library/Developer/CoreSimulator/Devices/CE505324-B3F4-4B42-8BC5-419D92D4505A/data/Containers/Bundle/Application/775A121F-A6CB-4985-8F77-9CA11D3F73DB/OMORI.app> (executable, loaded)
	Request       : InfoPlist type: stringsdict
	Result        : None
2026-07-18 19:29:24.483 Db OMORI[10763:8adc] [com.apple.CFNetwork:ATS] Using configuration {
    NSAllowsLocalNetworking = 1;
    NSExceptionDomains =     {
        "apple-mapkit.com" =         {
            NSATSBuiltinOverride = 1;
            NSExceptionAllowsInsecureHTTPLoads = 1;
            NSExceptionMinimumTLSVersion = "TLSv1.0";
            NSExceptionRequiresForwardSecrecy = 0;
            NSIncludesSubdomains = 1;
        };
        "apple.com" =         {
            NSATSBuiltinOverride = 1;
            NSExceptionAllowsInsecureHTTPLoads = 1;
            NSExceptionMinimumTLSVersion = "TLSv1.2";
            NSExceptionRequiresForwardSecrecy = 0;
            NSIncludesSubdomains = 1;
        };
        "geo.apple.com" =         {
            NSATSBuiltinOverride = 1;
            NSExceptionAllowsInsecureHTTPLoads = 1;
            NSExceptionMinimumTLSVersion = "TLSv1.0";
            NSExceptionRequiresForwardSecrecy = 0;
            NSIncludesSubdomains = 1;
        };
        "gs.apple.com" =         {
            NSATSBuiltinOverride = 1;
            NSExceptionAllowsInsecure
2026-07-18 19:29:24.484 Db OMORI[10763:8adc] [com.apple.defaults:User Defaults] found no value for key WebKitLogCookieInformation in CFPrefsSearchListSource<0x600002c07500> (Domain: com.poring.omori.ru, Container: (null))
2026-07-18 19:29:24.488 Df OMORI[10763:8ae0] [com.apple.extensionkit:launch] Launching process with config: bundleID: com.apple.WebKit.WebContent instance ID: Optional([_EXExtensionInstanceIdentifier: 3C0F91A5-D565-43F9-A5C5-827931E98CE4])
2026-07-18 19:29:24.492 Db OMORI[10763:8ae0] [com.apple.launchservices:record] Invoking selector SDKDictionaryWithContext:tableID:unitID:unitBytes: on <LSExtensionPointRecord 0x6000002241c0> to get the value for property SDKDictionary
2026-07-18 19:29:24.493 Db OMORI[10763:8ae0] [com.apple.launchservices:default] Got plist data 0x103318070 for unit 990 from database 0x10481f800
2026-07-18 19:29:24.493 Db OMORI[10763:8ae0] [com.apple.launchservices:default] Getting plist hint for data 0x103318070
2026-07-18 19:29:24.494 I  OMORI[10763:8ae0] [com.apple.launchservices:datasep] application record search init. Node: <FSNode 0x6000002176e0> { isDir = y, path = '/Users/runner/Library/Developer/CoreSimulator/Devices/CE505324-B3F4-4B42-8BC5-419D92D4505A/data/Containers/Bundle/Application/775A121F-A6CB-4985-8F77-9CA11D3F73DB/OMORI.app' } bundleID: (null) itemID: 0
2026-07-18 19:29:24.494 Db OMORI[10763:8ae0] [com.apple.launchservices:binding] BindingEvaluator::CreateWithBundleInfo(ID=(null), name=OMORI.app, CC=????, vers=(null))
2026-07-18 19:29:24.494 Db OMORI[10763:8ae0] [com.apple.launchservices:binding] Running evaluator 0x16d9518e0
2026-07-18 19:29:24.494 Db OMORI[10763:8ae0] [com.apple.launchservices:binding] Adding user preferences
2026-07-18 19:29:24.494 Db OMORI[10763:8ae0] [com.apple.launchservices:binding] Skipping weak binding due to options
2026-07-18 19:29:24.494 Db OMORI[10763:8ae0] [com.apple.launchservices:binding] 0 bindings found
2026-07-18 19:29:24.495 Db OMORI[10763:8ae0] [com.apple.launchservices:binding] Truncating a list of bindings to max 1 known-good ones.
2026-07-18 19:29:24.495 Db OMORI[10763:8ae0] [com.apple.launchservices:binding] Adding and sorting bundles
2026-07-18 19:29:24.496 Db OMORI[10763:8ae0] [com.apple.launchservices:binding] +++ OMORI (B:0x260, C:0x0) (null)
2026-07-18 19:29:24.496 Db OMORI[10763:8ae0] [com.apple.launchservices:binding] 1 bindings found
2026-07-18 19:29:24.496 Db OMORI[10763:8ae0] [com.apple.launchservices:binding] Truncating a list of bindings to max 1 known-good ones.
2026-07-18 19:29:24.496 Db OMORI[10763:8ae0] [com.apple.launchservices:binding] +++ OMORI (B:0x260, C:0x0) (null)
2026-07-18 19:29:24.496 Db OMORI[10763:8ae0] [com.apple.launchservices:binding] Best binding found for evaluator 0x16d951bf0: OMORI (B:0x260, C:0x0)
2026-07-18 19:29:24.496 Db OMORI[10763:8ae0] [com.apple.launchservices:binding] BindingEvaluator::~BindingEvaluator(0x16d9518e0)
2026-07-18 19:29:24.496 Db OMORI[10763:8ae0] [com.apple.launchservices:binding] BindingEvaluator::~BindingEvaluator(0x16d951bf0)
2026-07-18 19:29:24.500 Db OMORI[10763:8ae0] [com.apple.launchservices:record] Invoking selector uniqueIdentifierWithContext:tableID:unitID:unitBytes: on <LSApplicationExtensionRecord 0x60000260b000> to get the value for property uniqueIdentifier
2026-07-18 19:29:24.507 Db OMORI[10763:8ae0] [com.apple.launchservices:record] Invoking selector entitlementsWithContext:tableID:unitID:unitBytes: on <LSApplicationExtensionRecord 0x60000260b000> to get the value for property entitlements
2026-07-18 19:29:24.507 Db OMORI[10763:8ae0] [com.apple.launchservices:default] Got plist data 0x103304380 for unit 30b0 from database 0x10481f800
2026-07-18 19:29:24.507 Db OMORI[10763:8ae0] [com.apple.launchservices:default] Getting plist hint for data 0x103304380
2026-07-18 19:29:24.507 Db OMORI[10763:8ae0] [com.apple.launchservices:record] Invoking selector platformWithContext:tableID:unitID:unitBytes: on <LSApplicationExtensionRecord 0x60000260b000> to get the value for property platform
2026-07-18 19:29:24.507 Db OMORI[10763:8ae0] [com.apple.extensionkit:default] Extension identity [8E577BF7-8961-403A-9921-83DFD7A22B47]: com.apple.WebKit.WebContent extension point: com.apple.web-browser-engine.webcontent platform: 7 Requesting sandbox profile name: `com.apple.WebKit.WebContent`
2026-07-18 19:29:24.509 Db OMORI[10763:8ae0] [com.apple.extensionkit:default] Extension identity [8E577BF7-8961-403A-9921-83DFD7A22B47]: com.apple.WebKit.WebContent extension point: com.apple.web-browser-engine.webcontent platform: 7 XPC overlay: {
    CFBundlePackageType = "XPC!";
    XPCService =     {
        EnvironmentVariables =         {
            BSServiceDomains = "{}";
            "EXTENSION_KIT_EXTENSION_TYPE" = 8;
        };
        ProgramArguments =         (
            "/Library/Developer/CoreSimulator/Volumes/iOS_22B81/Library/Developer/CoreSimulator/Profiles/Runtimes/iOS 18.1.simruntime/Contents/Resources/RuntimeRoot/System/Library/ExtensionKit/Extensions/WebContentExtension.appex/com.apple.WebKit.WebContent"
        );
        RunLoopType = NSRunLoop;
        ServiceType = Application;
        "_AbandonCoalition" = 0;
        "_AdditionalProperties" =         {
            RunningBoard =             {
                Backoff = 1;
                LaunchRequestEndpointIdentifiers =                 {
                    "com.apple.WebKit.WebContent" = 1;
2026-07-18 19:29:24.509 I  OMORI[10763:8ae0] [com.apple.runningboard:general] Sending launch request: <RBSLaunchRequest| xpcservice<com.apple.WebKit.WebContent([app<com.poring.omori.ru((null))>:10763])>{vt hash: 71395982}[uuid:3C0F91A5-D565-43F9-A5C5-827931E98CE4]; "Launching extension com.apple.WebKit.WebContent(8E577BF7-8961-403A-9921-83DFD7A22B47 for host 10763">
=== Messages dropped during live streaming (use `log show` to see what they were)
2026-07-18 19:29:24.906 Df OMORI[10763:8adc] [com.apple.UIKit:HardwareKeyboard] -[UIApplication GSKeyboardForHWLayout:senderID:forceRebuild:createIfNeeded:], New hardware layout is created with US layout and 0 standardType.
2026-07-18 19:29:24.912 Df OMORI[10763:8adc] [com.apple.BackBoard:Keyboard] currently observing: YES
2026-07-18 19:29:24.912 Df OMORI[10763:8adc] [com.apple.BackBoard:Keyboard] connected: (
    "<BKSHIDKeyboardDevice: 0x600000210800> {\134n    senderID: 0xACEFADE00000003;\134n    transport: <nil>;\134n    language: <nil>;\134n    layout: US;\134n    countryCode: 0;\134n    standardType: 4294967295;\134n    subinterfaceID: 0;\134n    capsLockKeyHasLanguageSwitchLabel: NO;\134n    globeKeyLabelHasGlobeSymbol: NO;\134n}"
)
2026-07-18 19:29:24.912 Df OMORI[10763:8adc] [com.apple.BackBoard:Keyboard] currently observing: NO
2026-07-18 19:29:24.913 Df OMORI[10763:8adc] [com.apple.BackBoard:Keyboard] disconnected: (
    "<BKSHIDKeyboardDevice: 0x600000210800> {\134n    senderID: 0xACEFADE00000003;\134n    transport: <nil>;\134n    language: <nil>;\134n    layout: US;\134n    countryCode: 0;\134n    standardType: 4294967295;\134n    subinterfaceID: 0;\134n    capsLockKeyHasLanguageSwitchLabel: NO;\134n    globeKeyLabelHasGlobeSymbol: NO;\134n}"
)
2026-07-18 19:29:24.913 Df OMORI[10763:8adc] [com.apple.WebKit:ViewState] 0x10381c818 - [pageProxyID=17, webPageID=18, PID=0] WebPageProxy::viewIsBecomingVisible:
2026-07-18 19:29:24.917 Df OMORI[10763:8adc] [com.apple.WebKit:ProcessSuspension] 0x10381c818 - [pageProxyID=17, webPageID=18, PID=0] WebPageProxy::updateThrottleState: UIProcess is taking a foreground assertion because the view is visible
2026-07-18 19:29:24.918 Df OMORI[10763:8adc] [com.apple.WebKit:ProcessSuspension] 0x11000c750 - [PID=0, throttler=0x110018748] ProcessThrottler::Activity::Activity: Starting foreground activity / 'View is visible'
2026-07-18 19:29:24.919 Df OMORI[10763:8adc] [com.apple.WebKit:ViewState] 0x104026400 (pageProxyID=17) -[WKWebView _endLiveResize]
2026-07-18 19:29:24.920 Db OMORI[10763:8adc] [com.apple.defaults:User Defaults] found no value for key UIViewControllerDetachedInheritsContentOverlayInsetsFromSuperview in CFPrefsSearchListSource<0x600002c07500> (Domain: com.poring.omori.ru, Container: (null))
2026-07-18 19:29:24.920 Db OMORI[10763:8adc] [com.apple.defaults:User Defaults] found no value for key ModernContentOverlayInsetsPropagation in CFPrefsSearchListSource<0x600002c07500> (Domain: com.poring.omori.ru, Container: (null))
2026-07-18 19:29:24.920 Db OMORI[10763:8adc] [com.apple.defaults:User Defaults] found no value for key LogOrientation in CFPrefsSearchListSource<0x600002c08400> (Domain: com.apple.UIKit, Container: (null))
2026-07-18 19:29:24.921 Df OMORI[10763:8adc] [com.apple.UIKit:Orientation] <UIWindowScene: 0x10330abc0> (DF100BAF-A1B4-4D96-A04E-EAE40C53C3A9) Scene updated orientation preferences: none -> ( Ll Lr )
2026-07-18 19:29:24.921 Df OMORI[10763:8adc] [com.apple.FrontBoard:SceneClient] [(FBSceneManager):sceneID:com.poring.omori.ru-default] Client settings update contains non-nil but zero-duration animation settings (rdar://125278944)
2026-07-18 19:29:24.921 Df OMORI[10763:8ae1] [com.apple.UIKit:BackgroundTask] Ending background task with UIBackgroundTaskIdentifier: 1
2026-07-18 19:29:24.921 Df OMORI[10763:8ae1] [com.apple.UIKit:BackgroundTask] Ending task with identifier 1 and description: <_UIBackgroundTaskInfo: 0x600001702880>: taskID = 1, taskName = Launch Background Task for Coalescing, creationTime = 648 (elapsed = 1), _expireHandler: (null)
2026-07-18 19:29:24.921 Df OMORI[10763:8adc] [com.apple.UIKit:KeyWindow] Key window API is scene-level: YES
2026-07-18 19:29:24.921 Df OMORI[10763:8ae1] [com.apple.UIKit:BackgroundTask] Decrementing reference count for assertion <BKSProcessAssertion: 0x600002104230> (used by background task with identifier 1: <_UIBackgroundTaskInfo: 0x600001702880>: taskID = 1, taskName = Launch Background Task for Coalescing, creationTime = 648 (elapsed = 1))
2026-07-18 19:29:24.921 Df OMORI[10763:8adc] [com.apple.UIKit:KeyWindow] UIWindowScene: 0x10330abc0: Window became key in scene: UIWindow: 0x103311130; contextId: 0x4BB63EB2: reason: UIWindowScene: 0x10330abc0: Window requested to become key in scene: 0x103311130
2026-07-18 19:29:24.921 Df OMORI[10763:8ae1] [com.apple.UIKit:BackgroundTask] Will invalidate assertion: <BKSProcessAssertion: 0x600002104230> for task identifier: 1
2026-07-18 19:29:24.921 Df OMORI[10763:8adc] [com.apple.UIKit:KeyWindow] Key window needs update: 1; currentKeyWindowScene: 0x0; evaluatedKeyWindowScene: 0x10330abc0; currentApplicationKeyWindow: 0x0; evaluatedApplicationKeyWindow: 0x103311130; reason: UIWindowScene: 0x10330abc0: Window requested to become key in scene: 0x103311130
2026-07-18 19:29:24.921 Df OMORI[10763:8adc] [com.apple.UIKit:KeyWindow] Window did become application key: UIWindow: 0x103311130; contextId: 0x4BB63EB2; scene identity: com.apple.frontboard.systemappservices/FBSceneManager:sceneID%3Acom.poring.omori.ru-default
2026-07-18 19:29:24.922 Df OMORI[10763:8adc] [com.apple.UIKit:EventDeferring] [0x600002908a80] Begin local event deferring requested for token: 0x6000026056e0; environments: 1; reason: UIWindowScene: 0x10330abc0: Begin event deferring in keyboardFocus for window: 0x103311130
=== Messages dropped during live streaming (use `log show` to see what they were)
2026-07-18 19:29:25.009 Df runningboardd[8133:67a7] [com.apple.runningboard:ttl] Invalidating assertion 8133-8130-670 (target:[app<com.poring.omori.ru((null))>:10763](UIScene:com.apple.frontboard.systemappservices/FBSceneManager:sceneID%3Acom.poring.omori.ru-default)) from originator [osservice<com.apple.SpringBoard>:8130]
2026-07-18 19:29:25.010 Df runningboardd[8133:67a7] [com.apple.runningboard:ttl] Acquiring assertion targeting [app<com.poring.omori.ru((null))>:10763](UIScene:com.apple.frontboard.systemappservices/FBSceneManager:sceneID%3Acom.poring.omori.ru-default) from originator [osservice<com.apple.SpringBoard>:8130] with description <RBSAssertionDescriptor| "injecting inherited from "UIScene:com.apple.frontboard.systemappservices/FBSceneManager:com.apple.springboard" to 10763<UIScene:com.apple.frontboard.systemappservices/FBSceneManager:sceneID%3Acom.poring.omori.ru-default>" ID:8133-8130-671 target:10763<UIScene:com.apple.frontboard.systemappservices/FBSceneManager:sceneID%3Acom.poring.omori.ru-default> attributes:[
	<RBSHereditaryGrant| endowmentNamespace:com.apple.boardservices.endpoint-injection UIScene:com.apple.frontboard.systemappservices/FBSceneManager:com.apple.springboard>,
	<RBSHereditaryGrant| endowmentNamespace:com.apple.frontboard.visibility UIScene:com.apple.frontboard.systemappservices/FBSceneManager:com.apple.springboard>
	]>
2026-07-18 19:29:25.009 Df SpringBoard[8130:6615] [com.apple.FrontBoard:Scene] [(FBSceneManager):sceneID:com.poring.omori.ru-default] Removing parent scene.
2026-07-18 19:29:25.010 Df runningboardd[8133:67a7] [com.apple.runningboard:ttl] Assertion 8133-8130-671 (target:[app<com.poring.omori.ru((null))>:10763](UIScene:com.apple.frontboard.systemappservices/FBSceneManager:sceneID%3Acom.poring.omori.ru-default)) will be created as active
2026-07-18 19:29:25.009 Df SpringBoard[8130:6615] [com.apple.UIKit:_UIChildRemoteContentRegistry] <_UIChildRemoteContentRegistry: 0x600000d45d40; parentScene: <FBSScene: 0x6000033054a0>; childScenes: 1; childViewServices: 0> Registry is no longer tracking child scene <FBScene: 0x600000342520>
2026-07-18 19:29:25.009 Df SpringBoard[8130:6615] [com.apple.UIKit:UISceneRelationshipManagement] <_UISceneRelationshipManagementHostComponent:0x6000018b10c0> Scene <FBScene: 0x600000342520> is hosted in (nil)
2026-07-18 19:29:25.010 Df SpringBoard[8130:6615] [com.apple.FrontBoard:Scene] [(FBSceneManager):sceneID:com.poring.omori.ru-default] Setting parent scene: (FBSceneManager):com.apple.springboard
2026-07-18 19:29:25.010 I  SpringBoard[8130:66d6] [com.apple.runningboard:assertion] Acquiring assertion: <RBSAssertionDescriptor| "injecting inherited from "UIScene:com.apple.frontboard.systemappservices/FBSceneManager:com.apple.springboard" to 10763<UIScene:com.apple.frontboard.systemappservices/FBSceneManager:sceneID%3Acom.poring.omori.ru-default>" ID:(null) target:10763<UIScene:com.apple.frontboard.systemappservices/FBSceneManager:sceneID%3Acom.poring.omori.ru-default>>
2026-07-18 19:29:25.010 Df SpringBoard[8130:6615] [com.apple.FrontBoard:Scene] [(FBSceneManager):sceneID:com.poring.omori.ru-default] propagating 4 settings from (FBSceneManager):com.apple.springboard
2026-07-18 19:29:25.010 Db SpringBoard[8130:6615] [com.apple.FrontBoard:Scene] [(FBSceneManager):sceneID:com.poring.omori.ru-default] Propagating hardwareKeyboardExclusivityIdentifier
2026-07-18 19:29:25.011 Db SpringBoard[8130:6615] [com.apple.FrontBoard:Scene] [(FBSceneManager):sceneID:com.poring.omori.ru-default] Propagating modern_isCapturingContentForAdditionalRenderingDestination
2026-07-18 19:29:25.012 Db SpringBoard[8130:6615] [com.apple.FrontBoard:Scene] [(FBSceneManager):sceneID:com.poring.omori.ru-default] Propagating systemShellHostingSpaceIdentifier
2026-07-18 19:29:25.012 Db SpringBoard[8130:6615] [com.apple.FrontBoard:Scene] [(FBSceneManager):sceneID:com.poring.omori.ru-default] Propagating systemDisplayIdentifier
2026-07-18 19:29:25.010 Db runningboardd[8133:67a7] [com.apple.runningboard:assertion] Adding assertion 8133-8130-671 (target:[app<com.poring.omori.ru((null))>:10763](UIScene:com.apple.frontboard.systemappservices/FBSceneManager:sceneID%3Acom.poring.omori.ru-default))
2026-07-18 19:29:25.014 Db runningboardd[8133:67a7] [com.apple.runningboard:assertion] Updating events for assertion: 8133-8130-671 (target:[app<com.poring.omori.ru((null))>:10763](UIScene:com.apple.frontboard.systemappservices/FBSceneManager:sceneID%3Acom.poring.omori.ru-default))
2026-07-18 19:29:25.014 Db runningboardd[8133:67a7] [com.apple.runningboard:assertion] Removing events for context: 8133-8130-671 (target:[app<com.poring.omori.ru((null))>:10763](UIScene:com.apple.frontboard.systemappservices/FBSceneManager:sceneID%3Acom.poring.omori.ru-default))
2026-07-18 19:29:25.014 Db runningboardd[8133:67a7] [com.apple.runningboard:assertion] Enqueueing events for assertion: 8133-8130-671 (target:[app<com.poring.omori.ru((null))>:10763](UIScene:com.apple.frontboard.systemappservices/FBSceneManager:sceneID%3Acom.poring.omori.ru-default))
2026-07-18 19:29:25.014 I  runningboardd[8133:67a7] [com.apple.runningboard:state] Process: [app<com.poring.omori.ru((null))>:10763] has changes in inheritances: {(
    <RBSInheritance| environment:(none) name:com.apple.frontboard.visibility origID:8133-8130-669 0>,
    <RBSInheritance| environment:UIScene:com.apple.frontboard.systemappservices/FBSceneManager:sceneID%3Acom.poring.omori.ru-default name:com.apple.frontboard.visibility origID:8133-8130-670 payload 9469504155267033108>,
    <RBSInheritance| environment:UIScene:com.apple.frontboard.systemappservices/FBSceneManager:sceneID%3Acom.poring.omori.ru-default name:com.apple.frontboard.visibility origID:8133-8130-671 payload 9469504155267033108>,
    <RBSInheritance| environment:(none) name:com.apple.frontboard.visibility origID:8133-8130-665 0>
)}
2026-07-18 19:29:25.011 Df OMORI[10763:8adc] [com.apple.BackBoard:EventDelivery] flushing changes: <contentsMask: 0x8; discreteDispatchingRules: <nil>; deferringRules: <nil>; keyCommandDispatchingRules: <nil>; keyCommandsRegistrations: [<BKSMutableHIDEventKeyCommandsRegistration: 0x60000023f3c0; environment: keyboardFocus; token: 4bb63eb2> keyCommands = {
    <BKSHIDEventKeyCommand: 0x600001722b00; cmd|ctrl-s>;
    <BKSHIDEventKeyCommand: 0x6000017232c0; cmd-b>;
    <BKSHIDEventKeyCommand: 0x600001722b80; glb-E>;
    <BKSHIDEventKeyCommand: 0x600001722500; cmd-c>;
    <BKSHIDEventKeyCommand: 0x600001722840; cmd-"+">;
    <BKSHIDEventKeyCommand: 0x600001722a40; cmd-"-">;
    <BKSHIDEventKeyCommand: 0x600001721980; glb|ctrl|opt|shft|capslock|numpad-" ">;
    <BKSHIDEventKeyCommand: 0x600001722580; cmd-(52:upArrow)>;
    <BKSHIDEventKeyCommand: 0x6000017223c0; cmd-(51:downArrow)>;
    <BKSHIDEventKeyCommand: 0x600001722c80; cmd-e>;
    <BKSHIDEventKeyCommand: 0x600001722e80; cmd|shft-g>;
    <BKSHIDEventKeyCommand: 0x600001721740; cmd-(50:leftArrow)>;
    <BKSHIDEventKeyCommand: 0x600001721440; cmd-f
2026-07-18 19:29:25.015 Db OMORI[10763:8afa] [com.apple.runningboard:message] PERF: [app<com.poring.omori.ru((null))>:10763] Received message from runningboardd: async_didChangeInheritances:completion:
2026-07-18 19:29:25.015 A  OMORI[10763:8afa] (RunningBoardServices) didChangeInheritances
2026-07-18 19:29:25.015 Db OMORI[10763:8afa] [com.apple.runningboard:connection] didChangeInheritances: <RBSInheritanceChangeSet| gained:{(
    <RBSInheritance| environment:UIScene:com.apple.frontboard.systemappservices/FBSceneManager:sceneID%3Acom.poring.omori.ru-default name:com.apple.frontboard.visibility origID:8133-8130-671 payload 9469504155267033108>
)} lost:(null)>
2026-07-18 19:29:25.014 Df runningboardd[8133:67a7] [com.apple.runningboard:connection] Inheritance changeset: <RBSInheritanceChangeSet| gained:{(
    <RBSInheritance| environment:UIScene:com.apple.frontboard.systemappservices/FBSceneManager:sceneID%3Acom.poring.omori.ru-default name:com.apple.frontboard.visibility origID:8133-8130-671 payload 9469504155267033108>
)} lost:{(
)}>
2026-07-18 19:29:25.014 I  runningboardd[8133:67a7] [com.apple.runningboard:assertion] Finished acquiring assertion 8133-8130-671 (target:[app<com.poring.omori.ru((null))>:10763](UIScene:com.apple.frontboard.systemappservices/FBSceneManager:sceneID%3Acom.poring.omori.ru-default))
2026-07-18 19:29:25.013 Df SpringBoard[8130:6615] [com.apple.UIKit:_UIChildRemoteContentRegistry] <_UIChildRemoteContentRegistry: 0x600000d45d40; parentScene: <FBSScene: 0x6000033054a0>; childScenes: 2; childViewServices: 0> Registry is now tracking child scene <FBScene: 0x600000342520>
2026-07-18 19:29:25.013 Df SpringBoard[8130:6615] [com.apple.UIKit:UISceneRelationshipManagement] <_UISceneRelationshipManagementHostComponent:0x6000018b10c0> Scene <FBScene: 0x600000342520> is hosted in <SBWindowScene: 0x1021256e0>
2026-07-18 19:29:25.017 Df OMORI[10763:8adc] [com.apple.network:activity] Create activity from XPC object <nw_activity 50:1 [A41DD7A4-B13E-4DAB-80CC-7574553B653B] (reporting strategy default)>
2026-07-18 19:29:25.017 Df OMORI[10763:8adc] [com.apple.network:activity] Create activity from XPC object <nw_activity 50:2 [01F26001-0BD9-4201-90BC-AC2F9F38C1CA] (reporting strategy default)>
2026-07-18 19:29:25.017 Df OMORI[10763:8adc] [com.apple.network:activity] Set activity <nw_activity 50:1 [A41DD7A4-B13E-4DAB-80CC-7574553B653B] (reporting strategy default)> as the global parent.
2026-07-18 19:29:25.018 Db OMORI[10763:8adc] [com.apple.defaults:User Defaults] found no value for key LogEventBus in CFPrefsSearchListSource<0x600002c08400> (Domain: com.apple.UIKit, Container: (null))
2026-07-18 19:29:25.018 Df OMORI[10763:8adc] [com.apple.UIKit:EventBus] Event Timing Profile for Touch: not found, path="/System/Library/EventTimingProfiles/Sim.Touch.plist"
2026-07-18 19:29:25.018 Df OMORI[10763:8adc] [com.apple.UIKit:EventBus] Event Timing Profile for Pencil: not found, path="/System/Library/EventTimingProfiles/Sim.Pencil.plist"
2026-07-18 19:29:25.021 I  SpringBoard[8130:6615] [com.apple.BaseBoard:Transaction] <FBUpdateSceneTransaction:0x600003b46ca0> Milestone satisfied: sceneUpdateDidCommit
2026-07-18 19:29:25.021 I  SpringBoard[8130:6615] [com.apple.BaseBoard:Transaction] <FBUpdateSceneTransaction:0x600003b46ca0> State changed from 'Working' to 'Done Working'
2026-07-18 19:29:25.021 Df OMORI[10763:8adc] [com.apple.UIKit:AppLifecycle] sceneOfRecord: sceneID: sceneID:com.poring.omori.ru-default  persistentID: DF100BAF-A1B4-4D96-A04E-EAE40C53C3A9
2026-07-18 19:29:25.022 I  SpringBoard[8130:6615] [com.apple.BaseBoard:Transaction] <SBApplicationSceneUpdateTransaction:0x11081ebb0> Child transaction finished work: <FBUpdateSceneTransaction: 0x600003b46ca0>
2026-07-18 19:29:25.022 Df OMORI[10763:8adc] [com.apple.UIKit:InterfaceStyle] Should not send trait collection or coordinate space update, interface style 1 -> 1, <UIWindowScene: 0x10330abc0> (DF100BAF-A1B4-4D96-A04E-EAE40C53C3A9)
2026-07-18 19:29:25.022 Db OMORI[10763:8adc] [com.apple.BacklightServices:scenes] 0x600000c01aa0 environment updated:sceneID:com.poring.omori.ru-default
  delta:{ visualState:0 date:0 active:0 blanked:0 seed:0 }
  diff:<FBSSceneSettingsDiff: 0x6000017018c0; UIApplicationSceneSettings> {
    subclassSettings = <BSSettingsDiff: 0x600000c028b0> {
        interfaceOrientationMapResolver = BSCanonicalOrientationMapResolver;
    };
}
  new:(null) (null)
  old:(null) (null)
  new:(null)
2026-07-18 19:29:25.023 Db OMORI[10763:8adc] [com.apple.BaseBoard:Common] [BSBlockSentinel:FBSScene] signaled! 1 of 2
2026-07-18 19:29:25.023 Df OMORI[10763:8adc] [com.apple.UIKit:UpdateScheduler] Target list changed: <CADisplay:LCD PurpleMain>
2026-07-18 19:29:25.023 Db OMORI[10763:8ae1] [com.apple.BaseBoard:Common] [BSBlockSentinel:FBSScene] signaled! 2 of 2
2026-07-18 19:29:25.022 I  SpringBoard[8130:6615] [com.apple.BaseBoard:Transaction] <SBApplicationSceneUpdateTransaction:0x11081ebb0> State changed from 'Working' to 'Done Working'
2026-07-18 19:29:25.023 Db OMORI[10763:8ae1] [com.apple.BaseBoard:Common] [BSBlockSentinel:FBSScene] dealloc
2026-07-18 19:29:25.022 I  SpringBoard[8130:6615] [com.apple.BaseBoard:Transaction] <FBSynchronizedTransactionGroup:0x600003796400> Child transaction finished work: <SBApplicationSceneUpdateTransaction: 0x11081ebb0>
2026-07-18 19:29:25.022 I  SpringBoard[8130:6615] [com.apple.BaseBoard:Transaction] <SBSceneLayoutWorkspaceTransaction:0x110811110> Child transaction finished work: <FBSynchronizedTransactionGroup: 0x600003796400>
2026-07-18 19:29:25.026 Df OMORI[10763:8adc] [com.apple.WebKit:Process] 0x1100180c0 - [PID=0] WebProcessProxy::canTerminateAuxiliaryProcess: returns true
2026-07-18 19:29:25.027 Df OMORI[10763:8adc] [com.apple.WebKit:Process] 0x1100180c0 - [PID=0] WebProcessProxy::canBeAddedToWebProcessCache: Not adding to process cache because the process is runnable
2026-07-18 19:29:25.022 I  SpringBoard[8130:6615] [com.apple.BaseBoard:Transaction] <FBUpdateSceneTransaction:0x600003b46ca0> State changed from 'Done Working' to 'Completed'
2026-07-18 19:29:25.023 I  SpringBoard[8130:6615] [com.apple.BaseBoard:Transaction] <FBUpdateSceneTransaction:0x600003b46ca0> Completed after 1.48s.
2026-07-18 19:29:25.027 Df OMORI[10763:8adc] [com.apple.WebKit:Process] 0x1100180c0 - [PID=0] WebProcessProxy::shutDown:
2026-07-18 19:29:25.023 I  SpringBoard[8130:7095] [com.apple.FrontBoard:ProcessScene] [0x600003793b40:(FBSceneManager):sceneID:com.poring.omori.ru-default] Scene action [Forward Event][0x3e80] completed with success: 1
2026-07-18 19:29:25.027 I  SpringBoard[8130:6615] [com.apple.BaseBoard:Transaction] <SBApplicationSceneUpdateTransaction:0x11081ebb0> Child transaction completed: <FBUpdateSceneTransaction: 0x600003b46ca0>
2026-07-18 19:29:25.028 I  SpringBoard[8130:6615] [com.apple.BaseBoard:Transaction] <SBApplicationSceneUpdateTransaction:0x11081ebb0> State changed from 'Done Working' to 'Completed'
2026-07-18 19:29:25.027 Df OMORI[10763:8adc] [com.apple.WebKit:ProcessSuspension] 0x110018188 - [PID=0] ProcessThrottler::didDisconnectFromProcess:
2026-07-18 19:29:25.028 I  SpringBoard[8130:6615] [com.apple.BaseBoard:Transaction] <SBApplicationSceneUpdateTransaction:0x11081ebb0> Completed after 1.62s.
2026-07-18 19:29:25.028 Df SpringBoard[8130:6615] [com.apple.SpringBoard:AppSwitcher] [Main (EmbeddedDisplay)] dispatch event:
<SBSceneReadySwitcherModifierEvent: 0x600000271600; type: SceneReady; appLayout: <SBAppLayout: 0x600002c65e00; primary: com.poring.omori.ru:default; environment: main> {
    configuration = full;
    itemsToLayoutAttributes = {
        sceneID:com.poring.omori.ru-default = <SBDisplayItemLayoutAttributes: 0x600003956cb0; contentOrientation: "landscapeRight (3)"; lastInteractionTime: 1; sizingPolicy: maximized; size: unspecified; center: unspecified; occlusionState: unknown; userConfiguredSizeBeforeOverlapping: unspecified; unoccludedPeekingCenter: unspecified>;
    }
    environment = main;
    centerConfiguration = undefined;
    preferredDisplayOrdinal = 0;
    continuousExposeIdentifier = com.poring.omori.ru;
    layoutItems = {
        primary = <SBDisplayItem: 0x600000cb2190; type: App; bundleIdentifier: com.poring.omori.ru; uniqueIdentifier: sceneID:com.poring.omori.ru-default>;
    }
}>
2026-07-18 19:29:25.028 Df OMORI[10763:8adc] [com.apple.WebKit:Process] 0x1100180c0 - [PID=0] WebProcessProxy::destructor:
2026-07-18 19:29:25.030 I  SpringBoard[8130:6615] [com.apple.BaseBoard:Transaction] <FBSynchronizedTransactionGroup:0x600003796400> Child transaction completed: <SBApplicationSceneUpdateTransaction: 0x11081ebb0>
2026-07-18 19:29:25.031 I  SpringBoard[8130:6615] [com.apple.BaseBoard:Transaction] <SBSceneLayoutWorkspaceTransaction:0x110811110> Child transaction completed: <FBSynchronizedTransactionGroup: 0x600003796400>
2026-07-18 19:29:25.033 I  SpringBoard[8130:6615] [com.apple.SpringBoard:MedusaKeyboard] -[SBMedusaHostedKeyboardWindowController (0x600000de0240) updateMedusaHostedKeyboardWindowForScene:isForeground:] HIDING the medusa keyboard window
2026-07-18 19:29:25.033 I  SpringBoard[8130:6615] [com.apple.SpringBoard:MedusaKeyboard] -[SBMedusaHostedKeyboardWindow (0x1021ca2f0) setHidden:] HIDING the keyboard and deactivating scene presenter <_UIScenePresenter: 0x600002126760; identifier: SBMedusaHostedKeyboardWindow-com.apple.springboard; sortContext: 1>
2026-07-18 19:29:25.028 Df OMORI[10763:8adc] [com.apple.WebKit:ProcessSuspension] 0x11000c2d0 - [PID=0, throttler=0x110018188] ProcessThrottler::Activity::invalidate: Ending background activity / 'WebProcess initialization'
2026-07-18 19:29:25.028 Df OMORI[10763:8adc] [com.apple.WebKit:BackForwardCache] WebBackForwardCache::clear
2026-07-18 19:29:25.028 Df OMORI[10763:8adc] [com.apple.WebKit:ProcessSuspension] 0x110018188 - [PID=0] ProcessThrottler::didDisconnectFromProcess:
2026-07-18 19:29:25.029 Df OMORI[10763:8adc] [com.apple.WebKit:ProcessSuspension] 0x110018188 - [PID=0] ProcessThrottler::invalidateAllActivities: BEGIN (foregroundActivityCount: 0, backgroundActivityCount: 0)
2026-07-18 19:29:25.029 Df OMORI[10763:8adc] [com.apple.WebKit:ProcessSuspension] 0x110018188 - [PID=0] ProcessThrottler::invalidateAllActivities: END
2026-07-18 19:29:25.031 A  OMORI[10763:8adc] (CoreFoundation) Updating Key-Value Observers Of Preferences
=== Messages dropped during live streaming (use `log show` to see what they were)
2026-07-18 19:29:25.207 Db runningboardd[8133:666e] [com.apple.runningboard:assertion] Removing assertion 8133-8130-670 on [app<com.poring.omori.ru((null))>:10763](UIScene:com.apple.frontboard.systemappservices/FBSceneManager:sceneID%3Acom.poring.omori.ru-default)
2026-07-18 19:29:25.207 Db runningboardd[8133:67a7] [com.apple.runningboard:assertion] Updating events for assertion: 8133-8130-670 (target:[app<com.poring.omori.ru((null))>:10763](UIScene:com.apple.frontboard.systemappservices/FBSceneManager:sceneID%3Acom.poring.omori.ru-default))
2026-07-18 19:29:25.207 Db runningboardd[8133:67a7] [com.apple.runningboard:assertion] Removing events for context: 8133-8130-670 (target:[app<com.poring.omori.ru((null))>:10763](UIScene:com.apple.frontboard.systemappservices/FBSceneManager:sceneID%3Acom.poring.omori.ru-default))
2026-07-18 19:29:25.207 Db runningboardd[8133:666e] [com.apple.runningboard:assertion] > app<com.poring.omori.ru((null))> ['injecting inherited from "UIScene:com.apple.frontboard.systemappservices/FBSceneManager:com.apple.springboard" to 10763<UIScene:com.apple.frontboard.systemappservices/FBSceneManager:sceneID%3Acom.poring.omori.ru-default>'] [8133-8130-671]
2026-07-18 19:29:25.208 Db runningboardd[8133:666e] [com.apple.runningboard:assertion] > xpcservice<com.apple.MercuryPoster([osservice<com.apple.SpringBoard>:8130])>{vt hash: 126936722}[uuid:00000000-0000-0000-0000-000000000001] ['injecting inherited from "UIScene:com.apple.frontboard.systemappservices/FBSceneManager:com.apple.springboard" to 8849<UIScene:com.apple.frontboard.systemappservices/PosterKit:2DF8A132-72F1-46FB-AF93-013A88661228>'] [8133-8130-168]
2026-07-18 19:29:25.208 Db runningboardd[8133:666e] [com.apple.runningboard:assertion] > osservice<com.apple.SpringBoard> ['injecting inherited from "UIRootWindow:0x102813000" to 8130<UIScene:com.apple.frontboard.systemappservices/FBSceneManager:com.apple.springboard>'] [8133-8130-18]
2026-07-18 19:29:25.208 Db runningboardd[8133:666e] [com.apple.runningboard:assertion] > xpcservice<com.apple.MercuryPoster([osservice<com.apple.SpringBoard>:8130])>{vt hash: 126936722}[uuid:00000000-0000-0000-0000-000000000001] ['injecting inherited from "UIScene:com.apple.frontboard.systemappservices/FBSceneManager:com.apple.springboard" to 8849<UIScene:com.apple.frontboard.systemappservices/PosterKit:2DF8A132-72F1-46FB-AF93-013A88661228>'] [8133-8130-191]
2026-07-18 19:29:25.208 Db runningboardd[8133:666e] [com.apple.runningboard:assertion] > 8130 ['injecting inherited from "UIScene:com.apple.frontboard.systemappservices/FBSceneManager:com.apple.springboard" to 10763<UIScene:com.apple.frontboard.systemappservices/FBSceneManager:sceneID%3Acom.poring.omori.ru-default>'] [8133-8130-671]
2026-07-18 19:29:25.209 Db runningboardd[8133:666e] [com.apple.runningboard:assertion] > app<com.poring.omori.ru((null))> ['injecting inherited from "UIScene:com.apple.frontboard.systemappservices/FBSceneManager:com.apple.springboard" to 10763<UIScene:com.apple.frontboard.systemappservices/FBSceneManager:sceneID%3Acom.poring.omori.ru-default>'] [8133-8130-671]
2026-07-18 19:29:25.209 Db runningboardd[8133:666e] [com.apple.runningboard:assertion] > xpcservice<com.apple.MercuryPoster([osservice<com.apple.SpringBoard>:8130])>{vt hash: 126936722}[uuid:00000000-0000-0000-0000-000000000001] ['injecting inherited from "UIScene:com.apple.frontboard.systemappservices/FBSceneManager:com.apple.springboard" to 8849<UIScene:com.apple.frontboard.systemappservices/PosterKit:2DF8A132-72F1-46FB-AF93-013A88661228>'] [8133-8130-168]
2026-07-18 19:29:25.209 Db runningboardd[8133:666e] [com.apple.runningboard:assertion] > osservice<com.apple.SpringBoard> ['injecting inherited from "UIRootWindow:0x102813000" to 8130<UIScene:com.apple.frontboard.systemappservices/FBSceneManager:com.apple.springboard>'] [8133-8130-18]
2026-07-18 19:29:25.209 Db runningboardd[8133:666e] [com.apple.runningboard:assertion] > xpcservice<com.apple.MercuryPoster([osservice<com.apple.SpringBoard>:8130])>{vt hash: 126936722}[uuid:00000000-0000-0000-0000-000000000001] ['injecting inherited from "UIScene:com.apple.frontboard.systemappservices/FBSceneManager:com.apple.springboard" to 8849<UIScene:com.apple.frontboard.systemappservices/PosterKit:2DF8A132-72F1-46FB-AF93-013A88661228>'] [8133-8130-191]
2026-07-18 19:29:25.209 Db runningboardd[8133:666e] [com.apple.runningboard:assertion] > 8130 ['injecting inherited from "UIScene:com.apple.frontboard.systemappservices/FBSceneManager:com.apple.springboard" to 10763<UIScene:com.apple.frontboard.systemappservices/FBSceneManager:sceneID%3Acom.poring.omori.ru-default>'] [8133-8130-671]
2026-07-18 19:29:25.210 Db runningboardd[8133:666e] [com.apple.runningboard:assertion] > 10763 ['injecting inherited from "UIScene:com.apple.frontboard.systemappservices/FBSceneManager:com.apple.springboard" to 10763<UIScene:com.apple.frontboard.systemappservices/FBSceneManager:sceneID%3Acom.poring.omori.ru-default>'] [8133-8130-671]
2026-07-18 19:29:25.210 I  runningboardd[8133:69a4] [com.apple.runningboard:state] Process: [app<com.poring.omori.ru((null))>:10763] has changes in inheritances: {(
    <RBSInheritance| environment:UIScene:com.apple.frontboard.systemappservices/FBSceneManager:sceneID%3Acom.poring.omori.ru-default name:com.apple.frontboard.visibility origID:8133-8130-671 payload 9469504155267033108>,
    <RBSInheritance| environment:(none) name:com.apple.frontboard.visibility origID:8133-8130-669 0>
)}
2026-07-18 19:29:25.210 Df runningboardd[8133:69a4] [com.apple.runningboard:connection] Inheritance changeset: <RBSInheritanceChangeSet| gained:{(
)} lost:{(
    <RBSInheritance| environment:UIScene:com.apple.frontboard.systemappservices/FBSceneManager:sceneID%3Acom.poring.omori.ru-default name:com.apple.frontboard.visibility origID:8133-8130-670 payload 9469504155267033108>,
    <RBSInheritance| environment:(none) name:com.apple.frontboard.visibility origID:8133-8130-665 0>
)}>
2026-07-18 19:29:25.210 Df runningboardd[8133:66c8] [com.apple.runningboard:monitor] Calculated state for app<com.poring.omori.ru((null))>: running-active (role: UserInteractiveFocal) (endowments: {(
    <RBSProcessEndowmentInfo| namespace:com.apple.frontboard.visibility env:(null)  0>,
    <RBSProcessEndowmentInfo| namespace:com.apple.frontboard.visibility env:UIScene:com.apple.frontboard.systemappservices/FBSceneManager:sceneID%3Acom.poring.omori.ru-default payload: 9469504155267033108>
)})
2026-07-18 19:29:25.211 Db OMORI[10763:8ae6] [com.apple.runningboard:message] PERF: [app<com.poring.omori.ru((null))>:10763] Received message from runningboardd: async_didChangeInheritances:completion:
2026-07-18 19:29:25.211 Db runningboardd[8133:66c8] [com.apple.runningboard:monitor] Sending state update for app<com.poring.omori.ru((null))>: <RBSProcessState| task:running-active debug:none terminationResistance:Interactive endowmentNamespace:[
	com.apple.frontboard.visibility
	] endowmentInfo:[
	<RBSProcessEndowmentInfo| namespace:com.apple.frontboard.visibility env:(null)  0>,
	<RBSProcessEndowmentInfo| namespace:com.apple.frontboard.visibility env:UIScene:com.apple.frontboard.systemappservices/FBSceneManager:sceneID%3Acom.poring.omori.ru-default payload: 9469504155267033108> tags:[
	SupportsBackgroundAudio
	] rbAssertions:[
	<RBSProcessAssertionInfo| type:2 reason:10000 name:"Domain" domain:"com.apple.frontboard:Workspace-ForegroundFocal,com.apple.frontboard:Visibility" expl:"FBWorkspace (ForegroundFocal)">,
	<RBSProcessAssertionInfo| type:1 reason:0 name:"Custom" domain:"(null)" expl:"injecting inherited from "UIScene:com.apple.frontboard.systemappservices/FBSceneManager:com.apple.springboard" to 10763<UIScene:com.apple.frontboard.systemappservices/FBSceneManager:sceneID%3Acom.poring.omori.ru-def
2026-07-18 19:29:25.211 A  OMORI[10763:8ae6] (RunningBoardServices) didChangeInheritances
2026-07-18 19:29:25.211 Db OMORI[10763:8ae6] [com.apple.runningboard:connection] didChangeInheritances: <RBSInheritanceChangeSet| gained:(null) lost:{(
    <RBSInheritance| environment:UIScene:com.apple.frontboard.systemappservices/FBSceneManager:sceneID%3Acom.poring.omori.ru-default name:com.apple.frontboard.visibility origID:8133-8130-670 payload 9469504155267033108>,
    <RBSInheritance| environment:(none) name:com.apple.frontboard.visibility origID:8133-8130-665 0>
)}>
2026-07-18 19:29:25.347 Df SpringBoard[8130:7095] [com.apple.siri:Client] -[SASMyriadController _updateRaiseToWakeTimeForTransition:] #myriad BTLE observerCalled transition=<FBSDisplayLayoutTransitionContext: 0x600000042f00; reasons: SBSceneLayoutWorkspaceTransaction:7F823AE6-F9F9-49F9-B1B0-46FAA330A082, com.apple.SpringBoard.transitionReason.externalrequest>
2026-07-18 19:29:25.376 Df SpringBoard[8130:7095] [com.apple.siri:Client] -[SASSystemState init]_block_invoke #modes DisplayTransition called transition=<FBSDisplayLayoutTransitionContext: 0x600000042f00; reasons: SBSceneLayoutWorkspaceTransaction:7F823AE6-F9F9-49F9-B1B0-46FAA330A082, com.apple.SpringBoard.transitionReason.externalrequest>
2026-07-18 19:29:25.376 Db SpringBoard[8130:6615] [com.apple.SpringBoard:IdleTimer] UPDATE BEHAVIOR: SBMainDisplaySceneManager reason:SBWorkspaceCoordinatorRequested <SBIdleTimerBehavior: 0x600000dd6d90; duration: Unlocked; mode: Auto; warnMode: Warn>
2026-07-18 19:29:25.377 Df SpringBoard[8130:7095] [com.apple.siri:Client] -[SASMyriadController _updateRaiseToWakeTimeForTransition:] #myriad BTLE observerCalled transition=<FBSDisplayLayoutTransitionContext: 0x600000035690; reasons: SBSceneLayoutWorkspaceTransaction:7F823AE6-F9F9-49F9-B1B0-46FAA330A082, com.apple.SpringBoard.transitionReason.externalrequest, SBFullScreenSwitcherSceneLiveContentOverlay>
2026-07-18 19:29:25.377 Df SpringBoard[8130:7095] [com.apple.siri:Client] -[SASSystemState init]_block_invoke #modes DisplayTransition called transition=<FBSDisplayLayoutTransitionContext: 0x600000035690; reasons: SBSceneLayoutWorkspaceTransaction:7F823AE6-F9F9-49F9-B1B0-46FAA330A082, com.apple.SpringBoard.transitionReason.externalrequest, SBFullScreenSwitcherSceneLiveContentOverlay>
2026-07-18 19:29:25.377 Db SpringBoard[8130:6615] [com.apple.SpringBoard:IdleTimer] UPDATE BEHAVIOR: SBMainDisplaySceneManager reason:SBWorkspaceCoordinatorRequested <SBIdleTimerBehavior: 0x600000dd4a20; duration: Unlocked; mode: Auto; warnMode: Warn>
2026-07-18 19:29:25.396 Db OMORI[10763:8adc] [com.apple.defaults:User Defaults] found no value for key SpeechSettingsDisabledByManagedConfiguration in CFPrefsSearchListSource<0x600002c0b180> (Domain: com.apple.Accessibility, Container: (null))
2026-07-18 19:29:25.396 Db OMORI[10763:8adc] [com.apple.Accessibility:AXSupportCommon] CF Read: domain = com.apple.Accessibility, preference = SpeechSettingsDisabledByManagedConfiguration, appID = (null) result = (null) (-1 - empty, 0 - false, 1 - true)
2026-07-18 19:29:25.397 Db OMORI[10763:8adc] [com.apple.defaults:User Defaults] found no value for key SpeechSettingsDisabledByManagedConfiguration in CFPrefsPlistSource<0x600002c0b500> (Domain: com.apple.Accessibility, User: kCFPreferencesCurrentUser, ByHost: No, Container: /Users/runner/Library/Developer/CoreSimulator/Devices/CE505324-B3F4-4B42-8BC5-419D92D4505A/data, Contents Need Refresh: No)
2026-07-18 19:29:25.397 Db OMORI[10763:8adc] [com.apple.defaults:User Defaults] found no value for key QuickSpeak in CFPrefsSearchListSource<0x600002c0b180> (Domain: com.apple.Accessibility, Container: (null))
2026-07-18 19:29:25.397 Db OMORI[10763:8adc] [com.apple.Accessibility:AXSupportCommon] CF Read: domain = com.apple.Accessibility, preference = QuickSpeak, appID = (null) result = (null) (-1 - empty, 0 - false, 1 - true)
2026-07-18 19:29:25.397 Db OMORI[10763:8adc] [com.apple.defaults:User Defaults] found no value for key QuickSpeak in CFPrefsPlistSource<0x600002c0b500> (Domain: com.apple.Accessibility, User: kCFPreferencesCurrentUser, ByHost: No, Container: /Users/runner/Library/Developer/CoreSimulator/Devices/CE505324-B3F4-4B42-8BC5-419D92D4505A/data, Contents Need Refresh: No)
2026-07-18 19:29:25.429 I  OMORI[10763:8ae0] [com.apple.runningboard:general] Received launch request response: <No Error>
2026-07-18 19:29:25.432 Df OMORI[10763:8ae0] [com.apple.runningboard:process] Starting death monitoring for handle [xpcservice<com.apple.WebKit.WebContent([app<com.poring.omori.ru((null))>:10763])>{vt hash: 71395982}[uuid:3C0F91A5-D565-43F9-A5C5-827931E98CE4]:10765]
2026-07-18 19:29:25.432 I  OMORI[10763:8ae0] [com.apple.runningboard:process] Subscribing to death of process 10765
2026-07-18 19:29:25.443 I  OMORI[10763:8ae0] [com.apple.runningboard:assertion] Acquiring assertion: <RBSAssertionDescriptor| "Taking assertion for pid 10765" ID:(null) target:10765>
2026-07-18 19:29:25.456 Db OMORI[10763:8ae0] [com.apple.runningboard:assertion] Adding assertion 8133-10763-672 to dictionary
2026-07-18 19:29:25.457 Df OMORI[10763:8ae0] [com.apple.extensionkit:launch] Created new process ExtensionProcess: bundleID: com.apple.WebKit.WebContent instance ID: Optional([_EXExtensionInstanceIdentifier: 3C0F91A5-D565-43F9-A5C5-827931E98CE4]) pid: 10765.
2026-07-18 19:29:25.458 Df OMORI[10763:8ae0] [com.apple.extensionkit:launch] Launching process with config: bundleID: com.apple.WebKit.GPU instance ID: Optional([_EXExtensionInstanceIdentifier: 733F7133-5DFA-4703-B8AA-D5CBBF86E905])
2026-07-18 19:29:25.458 Db OMORI[10763:8ae0] [com.apple.launchservices:record] Invoking selector SDKDictionaryWithContext:tableID:unitID:unitBytes: on <LSExtensionPointRecord 0x600000222c20> to get the value for property SDKDictionary
2026-07-18 19:29:25.458 Db OMORI[10763:8ae0] [com.apple.launchservices:default] Got plist data 0x103309e40 for unit b8c from database 0x10481f800
2026-07-18 19:29:25.458 Db OMORI[10763:8ae0] [com.apple.launchservices:default] Getting plist hint for data 0x103309e40
2026-07-18 19:29:25.459 Df OMORI[10763:8ae1] [com.apple.WebKit:Process] AssertionCapability::AssertionCapability: taking assertion Foreground
2026-07-18 19:29:25.459 I  OMORI[10763:8ae0] [com.apple.launchservices:datasep] application record search init. Node: <FSNode 0x6000002579e0> { isDir = y, path = '/Users/runner/Library/Developer/CoreSimulator/Devices/CE505324-B3F4-4B42-8BC5-419D92D4505A/data/Containers/Bundle/Application/775A121F-A6CB-4985-8F77-9CA11D3F73DB/OMORI.app' } bundleID: (null) itemID: 0
2026-07-18 19:29:25.459 Db OMORI[10763:8ae0] [com.apple.launchservices:binding] BindingEvaluator::CreateWithBundleInfo(ID=(null), name=OMORI.app, CC=????, vers=(null))
2026-07-18 19:29:25.459 Db OMORI[10763:8ae0] [com.apple.launchservices:binding] Running evaluator 0x16d9518e0
2026-07-18 19:29:25.459 Db OMORI[10763:8ae0] [com.apple.launchservices:binding] Adding user preferences
2026-07-18 19:29:25.459 Db OMORI[10763:8ae0] [com.apple.launchservices:binding] Skipping weak binding due to options
2026-07-18 19:29:25.459 Db OMORI[10763:8ae0] [com.apple.launchservices:binding] 0 bindings found
2026-07-18 19:29:25.459 Db OMORI[10763:8ae0] [com.apple.launchservices:binding] Truncating a list of bindings to max 1 known-good ones.
2026-07-18 19:29:25.459 Db OMORI[10763:8ae0] [com.apple.launchservices:binding] Adding and sorting bundles
2026-07-18 19:29:25.459 I  OMORI[10763:8ae1] [com.apple.runningboard:assertion] Acquiring assertion: <RBSAssertionDescriptor| "Browser Engine helper assertion targeting pid 10765" ID:(null) target:10765>
2026-07-18 19:29:25.459 Db OMORI[10763:8ae0] [com.apple.launchservices:binding] +++ OMORI (B:0x260, C:0x0) (null)
2026-07-18 19:29:25.460 Db OMORI[10763:8ae0] [com.apple.launchservices:binding] 1 bindings found
2026-07-18 19:29:25.460 Db OMORI[10763:8ae0] [com.apple.launchservices:binding] Truncating a list of bindings to max 1 known-good ones.
2026-07-18 19:29:25.460 Db OMORI[10763:8ae0] [com.apple.launchservices:binding] +++ OMORI (B:0x260, C:0x0) (null)
2026-07-18 19:29:25.460 Db OMORI[10763:8ae0] [com.apple.launchservices:binding] Best binding found for evaluator 0x16d951bf0: OMORI (B:0x260, C:0x0)
2026-07-18 19:29:25.460 Db OMORI[10763:8ae0] [com.apple.launchservices:binding] BindingEvaluator::~BindingEvaluator(0x16d9518e0)
2026-07-18 19:29:25.460 Db OMORI[10763:8ae0] [com.apple.launchservices:binding] BindingEvaluator::~BindingEvaluator(0x16d951bf0)
2026-07-18 19:29:25.461 Db OMORI[10763:8ae1] [com.apple.runningboard:assertion] Adding assertion 8133-10763-673 to dictionary
2026-07-18 19:29:25.463 Db OMORI[10763:8ae0] [com.apple.launchservices:record] Invoking selector uniqueIdentifierWithContext:tableID:unitID:unitBytes: on <LSApplicationExtensionRecord 0x60000260c540> to get the value for property uniqueIdentifier
2026-07-18 19:29:25.464 Df OMORI[10763:8adc] [com.apple.extensionkit:launch] Assertion for extension process 'ExtensionProcess: bundleID: com.apple.WebKit.WebContent instance ID: Optional([_EXExtensionInstanceIdentifier: 3C0F91A5-D565-43F9-A5C5-827931E98CE4]) pid: 10765' invalidated
2026-07-18 19:29:25.464 I  OMORI[10763:8adc] [com.apple.runningboard:general] Sending terminate request: <RBSTerminateRequest| predicate:<RBSProcessPredicate <RBSProcessIdentifierPredicate| 10765>> allow:(null) context:<RBSTerminateContext| explanation:Terminate process reportType:None maxTerminationResistance:None>>
2026-07-18 19:29:25.469 I  OMORI[10763:8adc] [com.apple.runningboard:general] Received terminate request response: <Success>
