2026-07-18 20:53:57.315 Db OMORI[12257:9078] [com.apple.FrontBoard:SceneExtension] registering method "setPreferredInterfaceOrientation:" from extension FBSSceneClientSettingsCore on class "FBSSceneClientSettings"
2026-07-18 20:53:57.316 Df OMORI[12257:9078] [com.apple.FrontBoard:SceneExtension] UIMutableApplicationSceneSettings setting counterpart class: UIApplicationSceneSettings
2026-07-18 20:53:57.315 I  SpringBoard[10148:74bf] [com.apple.BaseBoard:Transaction] <SBSceneLayoutWorkspaceTransaction:0x107a0bdb0> Child transaction completed: <SBSceneLayoutSynchronizeTransitionTransaction: 0x6000033121c0>
2026-07-18 20:53:57.316 Db OMORI[12257:906e] [com.apple.defaults:User Defaults] found no value for key LogGestureEnvironment in CFPrefsSearchListSource<0x600002c00600> (Domain: com.apple.UIKit, Container: (null))
2026-07-18 20:53:57.316 Df OMORI[12257:9078] [com.apple.FrontBoard:SceneExtension] UIMutableApplicationSceneClientSettings setting counterpart class: UIApplicationSceneClientSettings
2026-07-18 20:53:57.316 Df OMORI[12257:9078] [com.apple.FrontBoard:SceneExtension] Realizing settings extension FBSSceneTransitionContextCore on FBSSceneTransitionContext
2026-07-18 20:53:57.317 Db OMORI[12257:9078] [com.apple.BaseBoard:Common] [rdar://100354962] Fixing incorrect property returned by protocol_copyPropertyList2() for "parentUpdate": required --> optional
2026-07-18 20:53:57.317 Db OMORI[12257:9078] [com.apple.BaseBoard:Common] [rdar://100354962] Fixing incorrect property returned by protocol_copyPropertyList2() for "executionContext": required --> optional
2026-07-18 20:53:57.317 Db OMORI[12257:9078] [com.apple.BaseBoard:Common] [rdar://100354962] Fixing incorrect property returned by protocol_copyPropertyList2() for "clientProcessHandle": required --> optional
2026-07-18 20:53:57.317 Db OMORI[12257:9078] [com.apple.BaseBoard:Common] [rdar://100354962] Fixing incorrect property returned by protocol_copyPropertyList2() for "updateContext": required --> optional
2026-07-18 20:53:57.317 Db OMORI[12257:9078] [com.apple.BaseBoard:Common] [rdar://100354962] Fixing incorrect property returned by protocol_copyPropertyList2() for "watchdogTransitionContext": required --> optional
2026-07-18 20:53:57.317 Db OMORI[12257:9078] [com.apple.BaseBoard:Common] [rdar://100354962] Fixing incorrect property returned by protocol_copyPropertyList2() for "allowCPUThrottling": required --> optional
2026-07-18 20:53:57.317 Db OMORI[12257:9078] [com.apple.BaseBoard:Common] [rdar://100354962] Fixing incorrect property returned by protocol_copyPropertyList2() for "runningBoardAssertionDisabled": required --> optional
2026-07-18 20:53:57.317 Db OMORI[12257:9078] [com.apple.BaseBoard:Common] [rdar://100354962] Fixing incorrect property returned by protocol_copyPropertyList2() for "error": required --> optional
2026-07-18 20:53:57.317 Db OMORI[12257:9078] [com.apple.FrontBoard:SceneExtension] registering method "actions" from extension FBSSceneTransitionContextCore on class "FBSSceneTransitionContext"
2026-07-18 20:53:57.315 I  SpringBoard[10148:74bf] [com.apple.BaseBoard:Transaction] <SBSceneLayoutWorkspaceTransaction:0x107a0bdb0> Milestone satisfied: synchronizedCommit
2026-07-18 20:53:57.317 Db OMORI[12257:9078] [com.apple.FrontBoard:SceneExtension] registering method "setActions:" from extension FBSSceneTransitionContextCore on class "FBSSceneTransitionContext"
2026-07-18 20:53:57.317 Db OMORI[12257:9078] [com.apple.FrontBoard:SceneExtension] registering method "executionContext" from extension FBSSceneTransitionContextCore on class "FBSSceneTransitionContext"
2026-07-18 20:53:57.317 Db OMORI[12257:9078] [com.apple.FrontBoard:SceneExtension] registering method "setExecutionContext:" from extension FBSSceneTransitionContextCore on class "FBSSceneTransitionContext"
2026-07-18 20:53:57.317 Db OMORI[12257:9078] [com.apple.FrontBoard:SceneExtension] registering method "clientProcessHandle" from extension FBSSceneTransitionContextCore on class "FBSSceneTransitionContext"
2026-07-18 20:53:57.318 Db OMORI[12257:9078] [com.apple.FrontBoard:SceneExtension] registering method "setClientProcessHandle:" from extension FBSSceneTransitionContextCore on class "FBSSceneTransitionContext"
2026-07-18 20:53:57.318 Db OMORI[12257:9078] [com.apple.FrontBoard:SceneExtension] registering method "isRunningBoardAssertionDisabled" from extension FBSSceneTransitionContextCore on class "FBSSceneTransitionContext"
2026-07-18 20:53:57.318 Db OMORI[12257:9078] [com.apple.FrontBoard:SceneExtension] registering method "setRunningBoardAssertionDisabled:" from extension FBSSceneTransitionContextCore on class "FBSSceneTransitionContext"
2026-07-18 20:53:57.318 Db OMORI[12257:9078] [com.apple.FrontBoard:SceneExtension] registering method "animationSettings" from extension FBSSceneTransitionContextCore on class "FBSSceneTransitionContext"
2026-07-18 20:53:57.318 Db OMORI[12257:9078] [com.apple.FrontBoard:SceneExtension] registering method "setAnimationSettings:" from extension FBSSceneTransitionContextCore on class "FBSSceneTransitionContext"
2026-07-18 20:53:57.318 Db OMORI[12257:9078] [com.apple.FrontBoard:SceneExtension] registering method "parentUpdate" from extension FBSSceneTransitionContextCore on class "FBSSceneTransitionContext"
2026-07-18 20:53:57.318 Db OMORI[12257:9078] [com.apple.FrontBoard:SceneExtension] registering method "setParentUpdate:" from extension FBSSceneTransitionContextCore on class "FBSSceneTransitionContext"
2026-07-18 20:53:57.318 Db OMORI[12257:9078] [com.apple.FrontBoard:SceneExtension] registering method "watchdogTransitionContext" from extension FBSSceneTransitionContextCore on class "FBSSceneTransitionContext"
2026-07-18 20:53:57.318 Db OMORI[12257:9078] [com.apple.FrontBoard:SceneExtension] registering method "setWatchdogTransitionContext:" from extension FBSSceneTransitionContextCore on class "FBSSceneTransitionContext"
2026-07-18 20:53:57.318 Db OMORI[12257:9078] [com.apple.FrontBoard:SceneExtension] registering method "updateContext" from extension FBSSceneTransitionContextCore on class "FBSSceneTransitionContext"
2026-07-18 20:53:57.318 Db OMORI[12257:9078] [com.apple.FrontBoard:SceneExtension] registering method "setUpdateContext:" from extension FBSSceneTransitionContextCore on class "FBSSceneTransitionContext"
2026-07-18 20:53:57.318 Db OMORI[12257:9078] [com.apple.FrontBoard:SceneExtension] registering method "animationFence" from extension FBSSceneTransitionContextCore on class "FBSSceneTransitionContext"
2026-07-18 20:53:57.318 Db OMORI[12257:9078] [com.apple.FrontBoard:SceneExtension] registering method "setAnimationFence:" from extension FBSSceneTransitionContextCore on class "FBSSceneTransitionContext"
2026-07-18 20:53:57.318 Db OMORI[12257:9078] [com.apple.FrontBoard:SceneExtension] registering method "error" from extension FBSSceneTransitionContextCore on class "FBSSceneTransitionContext"
2026-07-18 20:53:57.316 I  SpringBoard[10148:74bf] [com.apple.BaseBoard:Transaction] <FBUpdateSceneTransaction:0x600003b450a0> Life assertion removed for reason: beginning
2026-07-18 20:53:57.318 Db OMORI[12257:9078] [com.apple.FrontBoard:SceneExtension] registering method "setError:" from extension FBSSceneTransitionContextCore on class "FBSSceneTransitionContext"
2026-07-18 20:53:57.318 Db OMORI[12257:9078] [com.apple.FrontBoard:SceneExtension] registering method "originatingProcess" from extension FBSSceneTransitionContextCore on class "FBSSceneTransitionContext"
2026-07-18 20:53:57.318 Db OMORI[12257:9078] [com.apple.FrontBoard:SceneExtension] registering method "setOriginatingProcess:" from extension FBSSceneTransitionContextCore on class "FBSSceneTransitionContext"
2026-07-18 20:53:57.318 Db OMORI[12257:9078] [com.apple.FrontBoard:SceneExtension] registering method "allowCPUThrottling" from extension FBSSceneTransitionContextCore on class "FBSSceneTransitionContext"
2026-07-18 20:53:57.318 Db OMORI[12257:9078] [com.apple.FrontBoard:SceneExtension] registering method "setAllowCPUThrottling:" from extension FBSSceneTransitionContextCore on class "FBSSceneTransitionContext"
2026-07-18 20:53:57.319 I  OMORI[12257:9078] [com.apple.FrontBoard:Common] [FBSScene] [(FBSceneManager):sceneID:com.poring.omori.ru-default] Created client agent: <UIApplicationSceneClientAgent: 0x6000000043d0>
2026-07-18 20:53:57.319 Db OMORI[12257:906e] [com.apple.FrontBoard:SceneClient] [(FBSceneManager):sceneID:com.poring.omori.ru-default] Adding extension: "_UISceneRelationshipManagementExtension"
2026-07-18 20:53:57.319 Db OMORI[12257:906e] [com.apple.FrontBoard:SceneClient] [(FBSceneManager):sceneID:com.poring.omori.ru-default] Adding extension: "_UIApplicationSceneKeyboardExtension"
2026-07-18 20:53:57.319 Db OMORI[12257:906e] [com.apple.FrontBoard:SceneClient] [(FBSceneManager):sceneID:com.poring.omori.ru-default] Instantiated component: "<_UIApplicationSceneKeyboardClientComponent: 0x600000215920>"
2026-07-18 20:53:57.319 Db OMORI[12257:906e] [com.apple.FrontBoard:SceneClient] [(FBSceneManager):sceneID:com.poring.omori.ru-default] Adding extension: "_UISceneOcclusionExtension"
2026-07-18 20:53:57.319 Db OMORI[12257:906e] [com.apple.FrontBoard:SceneClient] [(FBSceneManager):sceneID:com.poring.omori.ru-default] Adding extension: "_UIApplicationInterfaceProtectionSceneExtension"
2026-07-18 20:53:57.319 Db OMORI[12257:906e] [com.apple.FrontBoard:SceneClient] [(FBSceneManager):sceneID:com.poring.omori.ru-default] Adding extension: "_UISceneMaskingExtension"
2026-07-18 20:53:57.319 Db OMORI[12257:906e] [com.apple.FrontBoard:SceneClient] [(FBSceneManager):sceneID:com.poring.omori.ru-default] Instantiated component: "<_UISceneMaskingClientComponent: 0x600000206b40>"
2026-07-18 20:53:57.320 Db OMORI[12257:906e] [com.apple.FrontBoard:SceneClient] [(FBSceneManager):sceneID:com.poring.omori.ru-default] Adding extension: "_UISystemChromeSceneExtension"
2026-07-18 20:53:57.320 Db OMORI[12257:906e] [com.apple.FrontBoard:SceneClient] [(FBSceneManager):sceneID:com.poring.omori.ru-default] Instantiated component: "<_UIHomeAffordanceClientSceneComponent: 0x600000207a40>"
2026-07-18 20:53:57.320 Db OMORI[12257:906e] [com.apple.FrontBoard:SceneClient] [(FBSceneManager):sceneID:com.poring.omori.ru-default] Adding extension: "_UISystemShellSceneHostingEnvironmentExtension"
2026-07-18 20:53:57.320 Db OMORI[12257:906e] [com.apple.FrontBoard:SceneClient] [(FBSceneManager):sceneID:com.poring.omori.ru-default] Instantiated component: "<_UISystemShellSceneHostingEnvironmentClientComponent: 0x600000206ac0>"
2026-07-18 20:53:57.320 Db OMORI[12257:906e] [com.apple.FrontBoard:SceneClient] [(FBSceneManager):sceneID:com.poring.omori.ru-default] Adding extension: "_UISceneRenderingEnvironmentExtension"
2026-07-18 20:53:57.320 Db OMORI[12257:906e] [com.apple.FrontBoard:SceneClient] [(FBSceneManager):sceneID:com.poring.omori.ru-default] Instantiated component: "<_UISceneRenderingEnvironmentClientComponent: 0x600000207860>"
2026-07-18 20:53:57.320 Db OMORI[12257:906e] [com.apple.FrontBoard:SceneClient] [(FBSceneManager):sceneID:com.poring.omori.ru-default] Adding extension: "_UISceneTransitioningExtension"
2026-07-18 20:53:57.320 Db OMORI[12257:906e] [com.apple.FrontBoard:SceneClient] [(FBSceneManager):sceneID:com.poring.omori.ru-default] Instantiated component: "<_UISceneTransitioningClientComponent: 0x600000210f00>"
2026-07-18 20:53:57.322 Df OMORI[12257:906e] [com.apple.UIKit:BackgroundTask] Will add backgroundTask with taskName: Persistent SceneSession Map Update, expirationHandler: <__NSGlobalBlock__: 0x1e08e83c0>
2026-07-18 20:53:57.322 Df OMORI[12257:906e] [com.apple.UIKit:BackgroundTask] Reusing background assertion <BKSProcessAssertion: 0x6000021065d0>
2026-07-18 20:53:57.322 Df OMORI[12257:906e] [com.apple.UIKit:BackgroundTask] Incrementing reference count for background assertion <BKSProcessAssertion: 0x6000021065d0>
2026-07-18 20:53:57.322 Df OMORI[12257:906e] [com.apple.UIKit:BackgroundTask] Created background task <_UIBackgroundTaskInfo: 0x600001711780>: taskID = 2, taskName = Persistent SceneSession Map Update, creationTime = 698 (elapsed = 0).
2026-07-18 20:53:57.316 I  SpringBoard[10148:74bf] [com.apple.SpringBoard:StatusBarish] setAvoidanceFrame:NSRect: {{295.5, 0}, {76, 20}} reason: SBDeviceApplicationSceneViewController statusBar: 0x11331b3f0
2026-07-18 20:53:57.323 Df OMORI[12257:906e] [com.apple.UIKit:Application] Deactivation reason added: 5; deactivation reasons: 1024 -> 1056; animating application lifecycle event: 1
2026-07-18 20:53:57.317 I  SpringBoard[10148:74bf] [com.apple.SpringBoard:StatusBarish] setting avoidanceFrame NSRect: {{295.5, 0}, {76, 20}} on statusBar 0x11331b3f0 for reason: SBDeviceApplicationSceneViewController
2026-07-18 20:53:57.323 Db OMORI[12257:906e] [com.apple.defaults:User Defaults] found no value for key LogInterfaceStyle in CFPrefsSearchListSource<0x600002c00600> (Domain: com.apple.UIKit, Container: (null))
2026-07-18 20:53:57.323 Df OMORI[12257:906e] [com.apple.UIKit:InterfaceStyle] Not push traits update to screen for new style 1, <UIWindowScene: 0x101608770> (C829DBCA-6244-4F5F-A0EF-DCF18F49AF7B)
2026-07-18 20:53:57.323 Df OMORI[12257:906e] [com.apple.UIKit:InterfaceStyle] Should send trait collection or coordinate space update, interface style 1 -> 1, <UIWindowScene: 0x101608770> (C829DBCA-6244-4F5F-A0EF-DCF18F49AF7B)
2026-07-18 20:53:57.324 Db OMORI[12257:906e] [com.apple.defaults:User Defaults] found no value for key FullKeyboardAccessEnabled in CFPrefsSearchListSource<0x600002c0d800> (Domain: com.apple.Accessibility, Container: (null))
2026-07-18 20:53:57.324 Db OMORI[12257:906e] [com.apple.Accessibility:AXSupportCommon] CF Read: domain = com.apple.Accessibility, preference = FullKeyboardAccessEnabled, appID = (null) result = (null) (-1 - empty, 0 - false, 1 - true)
2026-07-18 20:53:57.324 Db OMORI[12257:906e] [com.apple.defaults:User Defaults] found no value for key FullKeyboardAccessEnabled in CFPrefsPlistSource<0x600002c0db00> (Domain: com.apple.Accessibility, User: kCFPreferencesCurrentUser, ByHost: No, Container: /Users/runner/Library/Developer/CoreSimulator/Devices/CE505324-B3F4-4B42-8BC5-419D92D4505A/data, Contents Need Refresh: No)
2026-07-18 20:53:57.325 Df OMORI[12257:906e] [com.apple.UIKit:InterfaceStyle] Not push traits update to screen for new style 1, <UIWindowScene: 0x101608770> (C829DBCA-6244-4F5F-A0EF-DCF18F49AF7B)
2026-07-18 20:53:57.326 Db OMORI[12257:906e] [com.apple.BacklightServices:scenes] create BLSBacklightFBSSceneEnvironment (BacklightUIServices) for scene:<UIWindowScene: 0x101608770; role: UIWindowSceneSessionRoleApplication; activationState: UISceneActivationStateUnattached> {
    session = <UISceneSession: 0x600001706940; persistentIdentifier: C829DBCA-6244-4F5F-A0EF-DCF18F49AF7B> {
        configuration = <UISceneConfiguration: 0x600001705c40; name: 0x0>;
    };
    delegate = (nil);
    screen = <UIScreen: 0x101506110; bounds: {{0, 0}, {667, 375}}; mode: <UIScreenMode: 0x600000215ec0; size = 750.000000 x 1334.000000>>;
}
2026-07-18 20:53:57.327 Db OMORI[12257:906e] [com.apple.BacklightServices:scenes] 0x600000c10c60 create environment:<BLSBacklightFBSSceneEnvironment: 0x600000c10c60; identifier: 0x0; active: NO; liveUpdating: NO; unrestrictedFramerate: NO; aoSupport: NO; visualState: 0x0; presentationDate: 0x0> for scene:<FBSScene: 0x6000033046e0; (FBSceneManager):sceneID:com.poring.omori.ru-default; valid: YES> {
    settings = <UIApplicationSceneSettings: 0x600002108460> {
        settings = <BSKeyedSettings: 0x600000c0aee0> {
            displayConfiguration = <FBSDisplayConfiguration: 0x600003d08000; Main; mode: "375x667@2x 60Hz p3 SDR">;
            foreground = Yes;
            frame = NSRect: {{0, 0}, {375, 667}};
            interfaceOrientation = landscapeRight (3);
            interruptionPolicy = reconnect (2);
            level = 1;
            <SBSUIHomeScreenIconStyleSceneSettings> = <BSKeyedSettings: 0x600000c0b090> {
                iconStyleConfiguration = <SBSHomeScreenIconStyleConfiguration: 0x600000205d20>;
            };
            <_UISceneTransitioningHostSettings> = <BSKeyedSettings: 0x600000c0b000> <…>
2026-07-18 20:53:57.328 Db OMORI[12257:906e] [com.apple.BacklightServices:scenes] BLSBacklightFBSSceneEnvironment (BacklightUIServices) _settingsDiffActionsForScene
2026-07-18 20:53:57.329 Db OMORI[12257:906e] [com.apple.BacklightServices:scenes] create BLSBacklightUISceneEnvironmentDiffAction:<_UIBacklightUISceneEnvironmentDiffAction: 0x600000008720>
2026-07-18 20:53:57.329 Db OMORI[12257:906e] [com.apple.BacklightServices:scenes] BLSBacklightFBSSceneEnvironment (BacklightUIServices) _actionRespondersForScene
2026-07-18 20:53:57.329 Db OMORI[12257:906e] [com.apple.BacklightServices:scenes] create BLSBacklightUISceneEnvironmentActionHandler:<_UIBacklightUISceneEnvironmentActionHandler: 0x600000008730>
2026-07-18 20:53:57.329 Db OMORI[12257:906e] [com.apple.defaults:User Defaults] found no value for key LogHomeAffordanceObservation in CFPrefsSearchListSource<0x600002c00600> (Domain: com.apple.UIKit, Container: (null))
2026-07-18 20:53:57.330 Df OMORI[12257:906e] [com.apple.UIKit:HomeAffordanceObservation] Initializing: <_UIHomeAffordanceSceneNotifier: 0x60000290b170>; with scene: <UIWindowScene: 0x101608770>
2026-07-18 20:53:57.330 Db OMORI[12257:906e] [com.apple.BacklightServices:scenes] BLSBacklightFBSSceneEnvironment (BacklightUIServices) _settingsDiffActionsForScene
2026-07-18 20:53:57.330 Db OMORI[12257:906e] [com.apple.BacklightServices:scenes] create BLSBacklightUISceneEnvironmentDiffAction:<_UIBacklightUISceneEnvironmentDiffAction: 0x6000000086e0>
2026-07-18 20:53:57.330 Db OMORI[12257:906e] [com.apple.BacklightServices:scenes] BLSBacklightFBSSceneEnvironment (BacklightUIServices) _actionRespondersForScene
2026-07-18 20:53:57.330 Db OMORI[12257:906e] [com.apple.BacklightServices:scenes] create BLSBacklightUISceneEnvironmentActionHandler:<_UIBacklightUISceneEnvironmentActionHandler: 0x6000000086c0>
2026-07-18 20:53:57.331 Df OMORI[12257:906e] [com.apple.BacklightServices:scenes] 0x600000c10c60 setDelegate:<0x600000c10e10 _UIBacklightEnvironment> hasDelegate:YES for environment:sceneID:com.poring.omori.ru-default
2026-07-18 20:53:57.331 Db OMORI[12257:906e] [com.apple.BacklightServices:scenes] 0x600000c10c60 setSupportsAlwaysOn:NO for environment:sceneID:com.poring.omori.ru-default
2026-07-18 20:53:57.331 Db OMORI[12257:906e] [com.apple.BacklightServices:scenes] BLSBacklightFBSSceneEnvironment (BacklightUIServices) _settingsDiffActionsForScene
2026-07-18 20:53:57.331 Db OMORI[12257:906e] [com.apple.BacklightServices:scenes] create BLSBacklightUISceneEnvironmentDiffAction:<_UIBacklightUISceneEnvironmentDiffAction: 0x600000008710>
2026-07-18 20:53:57.331 Db OMORI[12257:906e] [com.apple.BacklightServices:scenes] BLSBacklightFBSSceneEnvironment (BacklightUIServices) _actionRespondersForScene
2026-07-18 20:53:57.331 Db OMORI[12257:906e] [com.apple.BacklightServices:scenes] create BLSBacklightUISceneEnvironmentActionHandler:<_UIBacklightUISceneEnvironmentActionHandler: 0x600000008740>
2026-07-18 20:53:57.331 Df OMORI[12257:906e] [com.apple.UIKit:InterfaceStyle] Not push traits update to screen for new style 1, <UIWindowScene: 0x101608770> (C829DBCA-6244-4F5F-A0EF-DCF18F49AF7B)
2026-07-18 20:53:57.331 Db OMORI[12257:906e] [com.apple.defaults:User Defaults] found no value for key LogEventDeferring in CFPrefsSearchListSource<0x600002c00600> (Domain: com.apple.UIKit, Container: (null))
2026-07-18 20:53:57.331 Df OMORI[12257:906e] [com.apple.UIKit:EventDeferring] [0x60000290b1e0] Initialized with scene: <UIWindowScene: 0x101608770>; behavior: <_UIEventDeferringBehavior_iOS: 0x600000216580>; systemShellManagesKeyboardFocus: 1
2026-07-18 20:53:57.332 Db OMORI[12257:906e] [com.apple.BacklightServices:scenes] BLSBacklightFBSSceneEnvironment (BacklightUIServices) _settingsDiffActionsForScene
2026-07-18 20:53:57.332 Db OMORI[12257:906e] [com.apple.BacklightServices:scenes] create BLSBacklightUISceneEnvironmentDiffAction:<_UIBacklightUISceneEnvironmentDiffAction: 0x600000008770>
2026-07-18 20:53:57.332 Db OMORI[12257:906e] [com.apple.BacklightServices:scenes] BLSBacklightFBSSceneEnvironment (BacklightUIServices) _actionRespondersForScene
2026-07-18 20:53:57.332 Db OMORI[12257:906e] [com.apple.BacklightServices:scenes] create BLSBacklightUISceneEnvironmentActionHandler:<_UIBacklightUISceneEnvironmentActionHandler: 0x6000000086e0>
2026-07-18 20:53:57.332 Db OMORI[12257:906e] [com.apple.defaults:User Defaults] found no value for key LogKeyWindow in CFPrefsSearchListSource<0x600002c00600> (Domain: com.apple.UIKit, Container: (null))
2026-07-18 20:53:57.333 Df OMORI[12257:906e] [com.apple.xpc:connection] [0x1015073a0] activating connection: mach=false listener=false peer=false name=(anonymous)
2026-07-18 20:53:57.335 Df OMORI[12257:906e] [com.apple.BackBoard:EventDelivery] policyStatus:<BKSHIDEventDeliveryPolicyObserver: 0x600002102030; process scope; status: target> was:none
2026-07-18 20:53:57.336 Db OMORI[12257:9077] [com.apple.BaseBoard:MachPort]  *|machport|* <BSMachPortTaskNameRight: 0x600001702ac0; usable: YES; (12257:4d07:send task_name_for_pid:backboardd.10169)> -> (<NSThread: 0x600001709d80>{number = 4, name = (null)}) (
	0   BaseBoard                           0x0000000183b27b10 -[BSMachPortRight _initWithPort:type:owner:trace:] + 192
	1   BaseBoard                           0x0000000183b29adc -[BSMachPortTaskNameRight initWithPID:] + 260
	2   BaseBoard                           0x0000000183b2997c +[BSMachPortTaskNameRight taskNameForPID:] + 56
	3   BaseBoard                           0x0000000183b39380 +[BSProcessHandle processHandleForXPCConnection:] + 176
	4   BoardServices                       0x00000001874b8448 +[BSXPCServiceConnectionPeer peerOfConnection:] + 316
	5   BoardServices                       0x00000001874e1ea4 __55-[BSXPCServiceConnection _lock_activateNowOrWhenReady:]_block_invoke_3 + 132
	6   BoardServices                       0x00000001874da408 __55-[BSXPCServiceConnectionMessage _actuallySendWithMode:]_block_invoke + 1
2026-07-18 20:53:57.336 Df OMORI[12257:906e] [com.apple.UIKit:KeyWindow] Setting default evaluation strategy for UIUserInterfaceIdiomPhone to LastOneWins
2026-07-18 20:53:57.336 Df OMORI[12257:906e] [com.apple.UIKit:KeyWindow] Scene target of keyboard event deferring environment did change: 1; scene: UIWindowScene: 0x101608770; scene identity: com.apple.frontboard.systemappservices/FBSceneManager:sceneID%3Acom.poring.omori.ru-default
2026-07-18 20:53:57.336 Df OMORI[12257:906e] [com.apple.UIKit:EventDeferring] [0x60000290b1e0] Scene target of event deferring environments did update: scene: 0x101608770; current systemShellManagesKeyboardFocus: 1; systemShellManagesKeyboardFocusForScene: 1; eligibleForRecordRemoval: 1;
2026-07-18 20:53:57.336 Df OMORI[12257:906e] [com.apple.UIKit:KeyWindow] Scene became target of keyboard event deferring environment: UIWindowScene: 0x101608770; scene identity: com.apple.frontboard.systemappservices/FBSceneManager:sceneID%3Acom.poring.omori.ru-default
2026-07-18 20:53:57.337 Df OMORI[12257:906e] [com.apple.UIKit:KeyWindow] Setting default evaluation strategy for UIUserInterfaceIdiomPhone to SystemShellManaged
2026-07-18 20:53:57.337 Df OMORI[12257:906e] [com.apple.UIKit:KeyWindow] Key window needs update: 0; currentKeyWindowScene: 0x0; evaluatedKeyWindowScene: 0x101608770; currentApplicationKeyWindow: 0x0; evaluatedApplicationKeyWindow: 0x0; reason: UIWindowScene: 0x101608770: Window scene became target of keyboard environment
2026-07-18 20:53:57.337 Db OMORI[12257:906e] [com.apple.BacklightServices:scenes] BLSBacklightFBSSceneEnvironment (BacklightUIServices) _settingsDiffActionsForScene
2026-07-18 20:53:57.337 Db OMORI[12257:906e] [com.apple.BacklightServices:scenes] create BLSBacklightUISceneEnvironmentDiffAction:<_UIBacklightUISceneEnvironmentDiffAction: 0x600000008730>
2026-07-18 20:53:57.337 Db OMORI[12257:906e] [com.apple.BacklightServices:scenes] BLSBacklightFBSSceneEnvironment (BacklightUIServices) _actionRespondersForScene
2026-07-18 20:53:57.337 Db OMORI[12257:906e] [com.apple.BacklightServices:scenes] create BLSBacklightUISceneEnvironmentActionHandler:<_UIBacklightUISceneEnvironmentActionHandler: 0x600000008860>
2026-07-18 20:53:57.338 Db OMORI[12257:906e] [com.apple.BacklightServices:scenes] BLSBacklightFBSSceneEnvironment (BacklightUIServices) _settingsDiffActionsForScene
2026-07-18 20:53:57.338 Db OMORI[12257:906e] [com.apple.BacklightServices:scenes] create BLSBacklightUISceneEnvironmentDiffAction:<_UIBacklightUISceneEnvironmentDiffAction: 0x600000008750>
2026-07-18 20:53:57.339 Db OMORI[12257:906e] [com.apple.BacklightServices:scenes] BLSBacklightFBSSceneEnvironment (BacklightUIServices) _actionRespondersForScene
2026-07-18 20:53:57.339 Db OMORI[12257:906e] [com.apple.BacklightServices:scenes] create BLSBacklightUISceneEnvironmentActionHandler:<_UIBacklightUISceneEnvironmentActionHandler: 0x600000008770>
2026-07-18 20:53:57.339 Df OMORI[12257:906e] [com.apple.UIKit:InterfaceStyle] Not push traits update to screen for new style 1, <UIWindowScene: 0x101608770> (C829DBCA-6244-4F5F-A0EF-DCF18F49AF7B)
2026-07-18 20:53:57.339 Db OMORI[12257:906e] [com.apple.BacklightServices:scenes] BLSBacklightFBSSceneEnvironment (BacklightUIServices) _settingsDiffActionsForScene
2026-07-18 20:53:57.339 Db OMORI[12257:906e] [com.apple.BacklightServices:scenes] create BLSBacklightUISceneEnvironmentDiffAction:<_UIBacklightUISceneEnvironmentDiffAction: 0x6000000089b0>
2026-07-18 20:53:57.339 Db OMORI[12257:906e] [com.apple.BacklightServices:scenes] BLSBacklightFBSSceneEnvironment (BacklightUIServices) _actionRespondersForScene
2026-07-18 20:53:57.339 Db OMORI[12257:906e] [com.apple.BacklightServices:scenes] create BLSBacklightUISceneEnvironmentActionHandler:<_UIBacklightUISceneEnvironmentActionHandler: 0x600000008790>
2026-07-18 20:53:57.340 Db OMORI[12257:906e] [com.apple.BacklightServices:scenes] BLSBacklightFBSSceneEnvironment (BacklightUIServices) _settingsDiffActionsForScene
2026-07-18 20:53:57.340 Db OMORI[12257:906e] [com.apple.BacklightServices:scenes] create BLSBacklightUISceneEnvironmentDiffAction:<_UIBacklightUISceneEnvironmentDiffAction: 0x6000000087e0>
2026-07-18 20:53:57.340 Db OMORI[12257:906e] [com.apple.BacklightServices:scenes] BLSBacklightFBSSceneEnvironment (BacklightUIServices) _actionRespondersForScene
2026-07-18 20:53:57.340 Db OMORI[12257:906e] [com.apple.BacklightServices:scenes] create BLSBacklightUISceneEnvironmentActionHandler:<_UIBacklightUISceneEnvironmentActionHandler: 0x600000008970>
2026-07-18 20:53:57.340 Db OMORI[12257:906e] [com.apple.BacklightServices:scenes] BLSBacklightFBSSceneEnvironment (BacklightUIServices) _settingsDiffActionsForScene
2026-07-18 20:53:57.340 Db OMORI[12257:906e] [com.apple.BacklightServices:scenes] create BLSBacklightUISceneEnvironmentDiffAction:<_UIBacklightUISceneEnvironmentDiffAction: 0x6000000087c0>
2026-07-18 20:53:57.340 Db OMORI[12257:906e] [com.apple.BacklightServices:scenes] BLSBacklightFBSSceneEnvironment (BacklightUIServices) _actionRespondersForScene
2026-07-18 20:53:57.340 Db OMORI[12257:906e] [com.apple.BacklightServices:scenes] create BLSBacklightUISceneEnvironmentActionHandler:<_UIBacklightUISceneEnvironmentActionHandler: 0x600000008740>
2026-07-18 20:53:57.340 Df OMORI[12257:906e] [com.apple.UIKit:InterfaceStyle] Not push traits update to screen for new style 1, <UIWindowScene: 0x101608770> (C829DBCA-6244-4F5F-A0EF-DCF18F49AF7B)
2026-07-18 20:53:57.340 Db OMORI[12257:906e] [com.apple.BacklightServices:scenes] BLSBacklightFBSSceneEnvironment (BacklightUIServices) _settingsDiffActionsForScene
2026-07-18 20:53:57.340 Db OMORI[12257:906e] [com.apple.BacklightServices:scenes] create BLSBacklightUISceneEnvironmentDiffAction:<_UIBacklightUISceneEnvironmentDiffAction: 0x600000004630>
2026-07-18 20:53:57.340 Db OMORI[12257:906e] [com.apple.BacklightServices:scenes] BLSBacklightFBSSceneEnvironment (BacklightUIServices) _actionRespondersForScene
2026-07-18 20:53:57.340 Db OMORI[12257:906e] [com.apple.BacklightServices:scenes] create BLSBacklightUISceneEnvironmentActionHandler:<_UIBacklightUISceneEnvironmentActionHandler: 0x6000000045f0>
2026-07-18 20:53:57.340 Db OMORI[12257:906e] [com.apple.BacklightServices:scenes] BLSBacklightFBSSceneEnvironment (BacklightUIServices) _settingsDiffActionsForScene
2026-07-18 20:53:57.340 Db OMORI[12257:906e] [com.apple.BacklightServices:scenes] create BLSBacklightUISceneEnvironmentDiffAction:<_UIBacklightUISceneEnvironmentDiffAction: 0x600000004580>
2026-07-18 20:53:57.340 Db OMORI[12257:906e] [com.apple.BacklightServices:scenes] BLSBacklightFBSSceneEnvironment (BacklightUIServices) _actionRespondersForScene
2026-07-18 20:53:57.340 Db OMORI[12257:906e] [com.apple.BacklightServices:scenes] create BLSBacklightUISceneEnvironmentActionHandler:<_UIBacklightUISceneEnvironmentActionHandler: 0x600000004650>
2026-07-18 20:53:57.341 Db OMORI[12257:906e] [com.apple.BacklightServices:scenes] BLSBacklightFBSSceneEnvironment (BacklightUIServices) _settingsDiffActionsForScene
2026-07-18 20:53:57.341 Db OMORI[12257:906e] [com.apple.BacklightServices:scenes] create BLSBacklightUISceneEnvironmentDiffAction:<_UIBacklightUISceneEnvironmentDiffAction: 0x600000004590>
2026-07-18 20:53:57.341 Db OMORI[12257:906e] [com.apple.BacklightServices:scenes] BLSBacklightFBSSceneEnvironment (BacklightUIServices) _actionRespondersForScene
2026-07-18 20:53:57.341 Db OMORI[12257:906e] [com.apple.BacklightServices:scenes] create BLSBacklightUISceneEnvironmentActionHandler:<_UIBacklightUISceneEnvironmentActionHandler: 0x600000004600>
2026-07-18 20:53:57.341 Df OMORI[12257:906e] [com.apple.UIKit:InterfaceStyle] Not push traits update to screen for new style 1, <UIWindowScene: 0x101608770> (C829DBCA-6244-4F5F-A0EF-DCF18F49AF7B)
2026-07-18 20:53:57.341 Db OMORI[12257:906e] [com.apple.BacklightServices:scenes] BLSBacklightFBSSceneEnvironment (BacklightUIServices) _settingsDiffActionsForScene
2026-07-18 20:53:57.341 Db OMORI[12257:906e] [com.apple.BacklightServices:scenes] create BLSBacklightUISceneEnvironmentDiffAction:<_UIBacklightUISceneEnvironmentDiffAction: 0x6000000045d0>
2026-07-18 20:53:57.341 Db OMORI[12257:906e] [com.apple.BacklightServices:scenes] BLSBacklightFBSSceneEnvironment (BacklightUIServices) _actionRespondersForScene
2026-07-18 20:53:57.346 Db OMORI[12257:906e] [com.apple.BacklightServices:scenes] create BLSBacklightUISceneEnvironmentActionHandler:<_UIBacklightUISceneEnvironmentActionHandler: 0x6000000086d0>
2026-07-18 20:53:57.346 Db OMORI[12257:906e] [com.apple.BacklightServices:scenes] BLSBacklightFBSSceneEnvironment (BacklightUIServices) _settingsDiffActionsForScene
2026-07-18 20:53:57.346 Db OMORI[12257:906e] [com.apple.BacklightServices:scenes] create BLSBacklightUISceneEnvironmentDiffAction:<_UIBacklightUISceneEnvironmentDiffAction: 0x600000008790>
2026-07-18 20:53:57.346 Db OMORI[12257:906e] [com.apple.BacklightServices:scenes] BLSBacklightFBSSceneEnvironment (BacklightUIServices) _actionRespondersForScene
2026-07-18 20:53:57.347 Db OMORI[12257:906e] [com.apple.BacklightServices:scenes] create BLSBacklightUISceneEnvironmentActionHandler:<_UIBacklightUISceneEnvironmentActionHandler: 0x600000008850>
2026-07-18 20:53:57.347 Df OMORI[12257:906e] [com.apple.UIKit:InterfaceStyle] Not push traits update to screen for new style 1, <UIWindowScene: 0x101608770> (C829DBCA-6244-4F5F-A0EF-DCF18F49AF7B)
2026-07-18 20:53:57.349 Db OMORI[12257:906e] [com.apple.defaults:User Defaults] found no value for key LogAppLifecycle in CFPrefsSearchListSource<0x600002c00600> (Domain: com.apple.UIKit, Container: (null))
2026-07-18 20:53:57.349 Df OMORI[12257:906e] [com.apple.UIKit:AppLifecycle] sceneOfRecord: sceneID: sceneID:com.poring.omori.ru-default  persistentID: C829DBCA-6244-4F5F-A0EF-DCF18F49AF7B
2026-07-18 20:53:57.350 Df OMORI[12257:906e] [com.apple.UIKit:Application] Ignoring already applied deactivation reason: 5; deactivation reasons: 1056
2026-07-18 20:53:57.350 Df OMORI[12257:906e] [com.apple.UIKit:Application] Deactivation reason added: 11; deactivation reasons: 1056 -> 3104; animating application lifecycle event: 1
2026-07-18 20:53:57.354 Df OMORI[12257:906e] [com.apple.xpc:connection] [0x10160ac20] activating connection: mach=true listener=false peer=false name=com.apple.UIKit.KeyboardManagement.hosted
2026-07-18 20:53:57.356 Db OMORI[12257:906e] [com.apple.defaults:User Defaults] found no value for key LogViewServices in CFPrefsSearchListSource<0x600002c00600> (Domain: com.apple.UIKit, Container: (null))
2026-07-18 20:53:57.356 Df OMORI[12257:906e] [com.apple.UIKit:ViewServices] Launching as view service: NO
2026-07-18 20:53:57.358 Df OMORI[12257:906e] Apache Cordova iOS platform version 7.1.1 is starting.
2026-07-18 20:53:57.362 Db OMORI[12257:906e] [com.apple.defaults:User Defaults] found no value for key UIViewLayoutFeedbackLoopDebuggingThreshold in CFPrefsSearchListSource<0x600002c0c800> (Domain: com.poring.omori.ru, Container: (null))
2026-07-18 20:53:57.362 Db OMORI[12257:906e] [com.apple.defaults:User Defaults] found no value for key UIEngineHostingViewsShouldGuardWantsAutolayoutFlagPropagation in CFPrefsSearchListSource<0x600002c0c800> (Domain: com.poring.omori.ru, Container: (null))
2026-07-18 20:53:57.363 Db OMORI[12257:906e] [com.apple.defaults:User Defaults] found no value for key UIViewUseStaleDelegateContentInsets in CFPrefsSearchListSource<0x600002c0c800> (Domain: com.poring.omori.ru, Container: (null))
2026-07-18 20:53:57.363 Db OMORI[12257:906e] [com.apple.defaults:User Defaults] found no value for key _UIConstraintBasedLayoutEngageNonLazily in CFPrefsSearchListSource<0x600002c0c800> (Domain: com.poring.omori.ru, Container: (null))
2026-07-18 20:53:57.366 Db OMORI[12257:906e] [com.apple.defaults:User Defaults] found no value for key ReduceMotionEnabled in CFPrefsSearchListSource<0x600002c0d800> (Domain: com.apple.Accessibility, Container: (null))
2026-07-18 20:53:57.366 Db OMORI[12257:906e] [com.apple.Accessibility:AXSupportCommon] CF Read: domain = com.apple.Accessibility, preference = ReduceMotionEnabled, appID = (null) result = (null) (-1 - empty, 0 - false, 1 - true)
2026-07-18 20:53:57.367 Db OMORI[12257:906e] [com.apple.defaults:User Defaults] found no value for key ReduceMotionEnabled in CFPrefsPlistSource<0x600002c0db00> (Domain: com.apple.Accessibility, User: kCFPreferencesCurrentUser, ByHost: No, Container: /Users/runner/Library/Developer/CoreSimulator/Devices/CE505324-B3F4-4B42-8BC5-419D92D4505A/data, Contents Need Refresh: No)
2026-07-18 20:53:57.372 Db SpringBoard[10148:74bf] [com.apple.BacklightServices:scenes] 0x600000c3db60 environment updated:com.apple.springboard
  delta:{ visualState:0 date:0 active:0 blanked:0 seed:0 }
  diff:<FBSSceneSettingsDiff: 0x6000018dd0c0; UIApplicationSceneSettings> {
    subclassSettings = <BSSettingsDiff: 0x600000dff690> {
        targetOfEventDeferringEnvironments = (empty);
    };
}
  new:(null) (null)
  old:(null) (null)
  new:(null)
2026-07-18 20:53:57.373 Db SpringBoard[10148:74bf] [com.apple.BaseBoard:Common] [BSBlockSentinel:FBSScene] signaled! 1 of 2
2026-07-18 20:53:57.374 I  SpringBoard[10148:7565] [com.apple.FrontBoard:ProcessScene] [0x600003781f80:(FBSceneManager):sceneID:com.poring.omori.ru-default] Sending scene action [Forward Event][0x7268] to process 0x1133192c0 (watchdog: none)
2026-07-18 20:53:57.374 Db SpringBoard[10148:74bf] [com.apple.defaults:User Defaults] found no value for key LogFocusActiveSceneObserver in CFPrefsSearchListSource<0x600002c03680> (Domain: com.apple.UIKit, Container: (null))
2026-07-18 20:53:57.368 Db OMORI[12257:906e] [com.apple.defaults:User Defaults] found no value for key UITraitUsageTrackingLoggingEnabled in CFPrefsSearchListSource<0x600002c0c800> (Domain: com.poring.omori.ru, Container: (null))
2026-07-18 20:53:57.369 Db OMORI[12257:906e] [com.apple.defaults:User Defaults] found no value for key _UIConstraintBasedLayout in CFPrefsSearchListSource<0x600002c0c800> (Domain: com.poring.omori.ru, Container: (null))
2026-07-18 20:53:57.375 I  SpringBoard[10148:74bf] [com.apple.BaseBoard:Transaction] <SBApplicationSceneUpdateTransaction:0x1034d57e0> Child transaction finished work: <FBApplicationProcessLaunchTransaction: 0x6000039b9fb0>
2026-07-18 20:53:57.370 Db OMORI[12257:906e] [com.apple.CFBundle:resources] Resource lookup at CFBundle 0x600003b04000 </Users/runner/Library/Developer/CoreSimulator/Devices/CE505324-B3F4-4B42-8BC5-419D92D4505A/data/Containers/Bundle/Application/E3DAED26-1225-4A8F-B719-9687CB5F3E04/OMORI.app> (executable, loaded)
	Request       : MainViewController type: nib
	Result        : file:///Users/runner/Library/Developer/CoreSimulator/Devices/CE505324-B3F4-4B42-8BC5-419D92D4505A/data/Containers/Bundle/Application/E3DAED26-1225-4A8F-B719-9687CB5F3E04/OMORI.app/MainViewController.nib
2026-07-18 20:53:57.375 I  SpringBoard[10148:74bf] [com.apple.BaseBoard:Transaction] <SBApplicationSceneUpdateTransaction:0x1034d57e0> Child transaction completed: <FBApplicationProcessLaunchTransaction: 0x6000039b9fb0>
2026-07-18 20:53:57.371 Db OMORI[12257:906e] [com.apple.CFBundle:resources] Resource lookup at CFBundle 0x600003b04000 </Users/runner/Library/Developer/CoreSimulator/Devices/CE505324-B3F4-4B42-8BC5-419D92D4505A/data/Containers/Bundle/Application/E3DAED26-1225-4A8F-B719-9687CB5F3E04/OMORI.app> (executable, loaded)
	Request       : MainViewController type: nib
	Result        : file:///Users/runner/Library/Developer/CoreSimulator/Devices/CE505324-B3F4-4B42-8BC5-419D92D4505A/data/Containers/Bundle/Application/E3DAED26-1225-4A8F-B719-9687CB5F3E04/OMORI.app/MainViewController.nib
2026-07-18 20:53:57.371 Db OMORI[12257:906e] [com.apple.CFBundle:resources] Resource lookup at CFBundle 0x600003b04000 </Users/runner/Library/Developer/CoreSimulator/Devices/CE505324-B3F4-4B42-8BC5-419D92D4505A/data/Containers/Bundle/Application/E3DAED26-1225-4A8F-B719-9687CB5F3E04/OMORI.app> (executable, loaded)
	Request       : MainViewController type: nib
	Result        : file:///Users/runner/Library/Developer/CoreSimulator/Devices/CE505324-B3F4-4B42-8BC5-419D92D4505A/data/Containers/Bundle/Application/E3DAED26-1225-4A8F-B719-9687CB5F3E04/OMORI.app/MainViewController.nib
2026-07-18 20:53:57.375 Df SpringBoard[10148:74bf] [com.apple.SpringBoard:Common] SceneWorkspaceDelegate[0x60000024bb60-com.apple.SpringBoard.SceneWorkspace.DruidUI] client did connect with handshake: <FBSceneClientHandshake:0x60000033bc40; [app<com.poring.omori.ru((null))>:12257] remnants=0>
2026-07-18 20:53:57.373 Db OMORI[12257:906e] [com.apple.defaults:User Defaults] found no value for key UIBarsApplyChromelessEverywhere in CFPrefsSearchListSource<0x600002c0c800> (Domain: com.poring.omori.ru, Container: (null))
2026-07-18 20:53:57.376 Df SpringBoard[10148:74bf] [com.apple.SpringBoard:Common] SceneWorkspaceDelegate[0x60000024cc00-com.apple.SpringBoard.SceneWorkspace.FullKeyboardAccessUI] client did connect with handshake: <FBSceneClientHandshake:0x60000033bc40; [app<com.poring.omori.ru((null))>:12257] remnants=0>
2026-07-18 20:53:57.376 Df SpringBoard[10148:74bf] [com.apple.SpringBoard:Common] SceneWorkspaceDelegate[0x6000002525c0-com.apple.SpringBoard.SceneWorkspace.PerfPowerHUD] client did connect with handshake: <FBSceneClientHandshake:0x6000003625e0; [app<com.poring.omori.ru((null))>:12257] remnants=0>
2026-07-18 20:53:57.376 Df SpringBoard[10148:74bf] [com.apple.SpringBoard:Common] SceneWorkspaceDelegate[0x600000243900-com.apple.SpringBoard.SceneWorkspace.InputUI] client did connect with handshake: <FBSceneClientHandshake:0x6000003625e0; [app<com.poring.omori.ru((null))>:12257] remnants=0>
2026-07-18 20:53:57.376 Df SpringBoard[10148:74bf] [com.apple.SpringBoard:Common] SceneWorkspaceDelegate[0x6000002518e0-com.apple.SpringBoard.SceneWorkspace.AssistiveTouchUI] client did connect with handshake: <FBSceneClientHandshake:0x6000003625e0; [app<com.poring.omori.ru((null))>:12257] remnants=0>
2026-07-18 20:53:57.376 Df SpringBoard[10148:74bf] [com.apple.SpringBoard:Common] SceneWorkspaceDelegate[0x60000024be40-com.apple.SpringBoard.SceneWorkspace.OverlayUI] client did connect with handshake: <FBSceneClientHandshake:0x600000253880; [app<com.poring.omori.ru((null))>:12257] remnants=0>
2026-07-18 20:53:57.376 Df SpringBoard[10148:74bf] [com.apple.SpringBoard:Common] SceneWorkspaceDelegate[0x60000024d620-com.apple.SpringBoard.SceneWorkspace.VoiceControlUI] client did connect with handshake: <FBSceneClientHandshake:0x600000253880; [app<com.poring.omori.ru((null))>:12257] remnants=0>
2026-07-18 20:53:57.377 Df SpringBoard[10148:74bf] [com.apple.SpringBoard:Common] SceneWorkspaceDelegate[0x600000252380-com.apple.SpringBoard.SceneWorkspace.EyedropperUI] client did connect with handshake: <FBSceneClientHandshake:0x600000253880; [app<com.poring.omori.ru((null))>:12257] remnants=0>
2026-07-18 20:53:57.377 Df SpringBoard[10148:74bf] [com.apple.SpringBoard:Common] SceneWorkspaceDelegate[0x60000024d1e0-com.apple.SpringBoard.SceneWorkspace.InternalPerfPowerHUD] client did connect with handshake: <FBSceneClientHandshake:0x600000361b80; [app<com.poring.omori.ru((null))>:12257] remnants=0>
2026-07-18 20:53:57.377 Df SpringBoard[10148:74bf] [com.apple.SpringBoard:Common] SceneWorkspaceDelegate[0x60000024d440-com.apple.SpringBoard.SceneWorkspace.Moments] client did connect with handshake: <FBSceneClientHandshake:0x600000253ee0; [app<com.poring.omori.ru((null))>:12257] remnants=0>
2026-07-18 20:53:57.374 Db OMORI[12257:906e] [com.apple.CFBundle:resources] Resource lookup at CFBundle 0x600003b04000 </Users/runner/Library/Developer/CoreSimulator/Devices/CE505324-B3F4-4B42-8BC5-419D92D4505A/data/Containers/Bundle/Application/E3DAED26-1225-4A8F-B719-9687CB5F3E04/OMORI.app> (executable, loaded)
	Request       : config.xml
	Result        : file:///Users/runner/Library/Developer/CoreSimulator/Devices/CE505324-B3F4-4B42-8BC5-419D92D4505A/data/Containers/Bundle/Application/E3DAED26-1225-4A8F-B719-9687CB5F3E04/OMORI.app/config.xml
2026-07-18 20:53:57.375 Db OMORI[12257:906e] [com.apple.CFBundle:resources] Resource lookup at CFBundle 0x600003b04000 </Users/runner/Library/Developer/CoreSimulator/Devices/CE505324-B3F4-4B42-8BC5-419D92D4505A/data/Containers/Bundle/Application/E3DAED26-1225-4A8F-B719-9687CB5F3E04/OMORI.app> (executable, loaded)
	Request       : InfoPlist type: strings
	Result        : None
2026-07-18 20:53:57.375 Db OMORI[12257:906e] [com.apple.CFBundle:resources] Resource lookup at CFBundle 0x600003b04000 </Users/runner/Library/Developer/CoreSimulator/Devices/CE505324-B3F4-4B42-8BC5-419D92D4505A/data/Containers/Bundle/Application/E3DAED26-1225-4A8F-B719-9687CB5F3E04/OMORI.app> (executable, loaded)
	Request       : InfoPlist type: stringsdict
	Result        : None
2026-07-18 20:53:57.377 Df SpringBoard[10148:74bf] [com.apple.SpringBoard:Common] SceneWorkspaceDelegate[0x60000024d560-com.apple.SpringBoard.SceneWorkspace.AccessibilityUIServerUI] client did connect with handshake: <FBSceneClientHandshake:0x600000253ee0; [app<com.poring.omori.ru((null))>:12257] remnants=0>
2026-07-18 20:53:57.377 Df SpringBoard[10148:74bf] [com.apple.SpringBoard:Common] SceneWorkspaceDelegate[0x600000251c40-com.apple.SpringBoard.SceneWorkspace.LiveTranscriptionUI] client did connect with handshake: <FBSceneClientHandshake:0x600000253ee0; [app<com.poring.omori.ru((null))>:12257] remnants=0>
2026-07-18 20:53:57.378 Df SpringBoard[10148:74bf] [com.apple.SpringBoard:KeyboardFocus] [coordinator] using MRU target <com.apple.frontboard.systemappservices/FBSceneManager:sceneID%3Acom.poring.omori.ru-default pid:12257>
2026-07-18 20:53:57.378 Df SpringBoard[10148:74bf] [com.apple.SpringBoard:KeyboardFocus] [coordinator] informing scene controller 'com.apple.springboard' of focusTarget: <com.apple.frontboard.systemappservices/FBSceneManager:sceneID%3Acom.poring.omori.ru-default pid:12257>
2026-07-18 20:53:57.378 Db SpringBoard[10148:74bf] [com.apple.SpringBoard:KeyboardFocus] [com.apple.springboard] - generating new policy for reason: <keyboardArbiterSuggestion> - last non-SB keyboard arbiter suggestion: <com.apple.frontboard.systemappservices/FBSceneManager:sceneID%3Acom.poring.omori.ru-default pid:12257>]
2026-07-18 20:53:57.378 Db SpringBoard[10148:74bf] [com.apple.SpringBoard:KeyboardFocus] [com.apple.springboard] - generated policy for reason: <keyboardArbiterSuggestion> - {
    keyboardFocusTarget: <com.apple.frontboard.systemappservices/FBSceneManager:sceneID%3Acom.poring.omori.ru-default pid:12257>;
    selectionPolicy: KeyboardArbiter;
    shouldSuppressRemoteDeferring: 0;
} : <BSAuditHistory: 0x600000033ef0>]
2026-07-18 20:53:57.378 Df SpringBoard[10148:74bf] [com.apple.SpringBoard:KeyboardFocus] [coordinator] keyboard arbiter suggested <nothing> and we replied <com.apple.frontboard.systemappservices/FBSceneManager:sceneID%3Acom.poring.omori.ru-default pid:12257>
2026-07-18 20:53:57.376 Db OMORI[12257:906e] [com.apple.CFBundle:resources] Resource lookup at CFBundle 0x600003b04000 </Users/runner/Library/Developer/CoreSimulator/Devices/CE505324-B3F4-4B42-8BC5-419D92D4505A/data/Containers/Bundle/Application/E3DAED26-1225-4A8F-B719-9687CB5F3E04/OMORI.app> (executable, loaded)
	Request       : CDVLaunchScreen type: storyboardc
	Result        : file:///Users/runner/Library/Developer/CoreSimulator/Devices/CE505324-B3F4-4B42-8BC5-419D92D4505A/data/Containers/Bundle/Application/E3DAED26-1225-4A8F-B719-9687CB5F3E04/OMORI.app/CDVLaunchScreen.storyboardc/
2026-07-18 20:53:57.376 Db OMORI[12257:906e] [com.apple.CFBundle:resources] Resource lookup at CFBundle 0x600003b04000 </Users/runner/Library/Developer/CoreSimulator/Devices/CE505324-B3F4-4B42-8BC5-419D92D4505A/data/Containers/Bundle/Application/E3DAED26-1225-4A8F-B719-9687CB5F3E04/OMORI.app> (executable, loaded)
	Request       : CDVLaunchScreen type: storyboardc
	Result        : file:///Users/runner/Library/Developer/CoreSimulator/Devices/CE505324-B3F4-4B42-8BC5-419D92D4505A/data/Containers/Bundle/Application/E3DAED26-1225-4A8F-B719-9687CB5F3E04/OMORI.app/CDVLaunchScreen.storyboardc/
2026-07-18 20:53:57.377 Db OMORI[12257:906e] [com.apple.CFBundle:resources] Resource lookup at CFBundle 0x600003b04000 </Users/runner/Library/Developer/CoreSimulator/Devices/CE505324-B3F4-4B42-8BC5-419D92D4505A/data/Containers/Bundle/Application/E3DAED26-1225-4A8F-B719-9687CB5F3E04/OMORI.app> (executable, loaded)
	Request       : UIViewController-01J-lp-oVM type: nib path: CDVLaunchScreen.storyboardc
	Result        : file:///Users/runner/Library/Developer/CoreSimulator/Devices/CE505324-B3F4-4B42-8BC5-419D92D4505A/data/Containers/Bundle/Application/E3DAED26-1225-4A8F-B719-9687CB5F3E04/OMORI.app/CDVLaunchScreen.storyboardc/UIViewController-01J-lp-oVM.nib
2026-07-18 20:53:57.377 Db OMORI[12257:906e] [com.apple.CFBundle:resources] Resource lookup at CFBundle 0x600003b04000 </Users/runner/Library/Developer/CoreSimulator/Devices/CE505324-B3F4-4B42-8BC5-419D92D4505A/data/Containers/Bundle/Application/E3DAED26-1225-4A8F-B719-9687CB5F3E04/OMORI.app> (executable, loaded)
	Request       : 01J-lp-oVM-view-Ze5-6b-2t3 type: nib path: CDVLaunchScreen.storyboardc
	Result        : file:///Users/runner/Library/Developer/CoreSimulator/Devices/CE505324-B3F4-4B42-8BC5-419D92D4505A/data/Containers/Bundle/Application/E3DAED26-1225-4A8F-B719-9687CB5F3E04/OMORI.app/CDVLaunchScreen.storyboardc/01J-lp-oVM-view-Ze5-6b-2t3.nib
2026-07-18 20:53:57.377 Db OMORI[12257:906e] [com.apple.CFBundle:resources] Resource lookup at CFBundle 0x600003b04000 </Users/runner/Library/Developer/CoreSimulator/Devices/CE505324-B3F4-4B42-8BC5-419D92D4505A/data/Containers/Bundle/Application/E3DAED26-1225-4A8F-B719-9687CB5F3E04/OMORI.app> (executable, loaded)
	Request       : CDVLaunchScreen type: storyboardc
	Result        : file:///Users/runner/Library/Developer/CoreSimulator/Devices/CE505324-B3F4-4B42-8BC5-419D92D4505A/data/Containers/Bundle/Application/E3DAED26-1225-4A8F-B719-9687CB5F3E04/OMORI.app/CDVLaunchScreen.storyboardc/
2026-07-18 20:53:57.378 Db OMORI[12257:906e] [com.apple.CFBundle:resources] Resource lookup at CFBundle 0x600003b04000 </Users/runner/Library/Developer/CoreSimulator/Devices/CE505324-B3F4-4B42-8BC5-419D92D4505A/data/Containers/Bundle/Application/E3DAED26-1225-4A8F-B719-9687CB5F3E04/OMORI.app> (executable, loaded)
	Request       : 01J-lp-oVM-view-Ze5-6b-2t3 type: nib path: CDVLaunchScreen.storyboardc
	Result        : file:///Users/runner/Library/Developer/CoreSimulator/Devices/CE505324-B3F4-4B42-8BC5-419D92D4505A/data/Containers/Bundle/Application/E3DAED26-1225-4A8F-B719-9687CB5F3E04/OMORI.app/CDVLaunchScreen.storyboardc/01J-lp-oVM-view-Ze5-6b-2t3.nib
2026-07-18 20:53:57.379 Db OMORI[12257:906e] [com.apple.CFBundle:resources] Resource lookup at CFBundle 0x600003b04000 </Users/runner/Library/Developer/CoreSimulator/Devices/CE505324-B3F4-4B42-8BC5-419D92D4505A/data/Containers/Bundle/Application/E3DAED26-1225-4A8F-B719-9687CB5F3E04/OMORI.app> (executable, loaded)
	Request       : Assets type: car
	Result        : file:///Users/runner/Library/Developer/CoreSimulator/Devices/CE505324-B3F4-4B42-8BC5-419D92D4505A/data/Containers/Bundle/Application/E3DAED26-1225-4A8F-B719-9687CB5F3E04/OMORI.app/Assets.car
2026-07-18 20:53:57.380 Db OMORI[12257:906e] [com.apple.defaults:User Defaults] found no value for key CUIShowDebugLogs in CFPrefsSearchListSource<0x600002c0c800> (Domain: com.poring.omori.ru, Container: (null))
2026-07-18 20:53:57.381 Db OMORI[12257:906e] [com.apple.CFBundle:resources] Resource lookup at CFBundle 0x600003b04000 </Users/runner/Library/Developer/CoreSimulator/Devices/CE505324-B3F4-4B42-8BC5-419D92D4505A/data/Containers/Bundle/Application/E3DAED26-1225-4A8F-B719-9687CB5F3E04/OMORI.app> (executable, loaded)
	Request       : LaunchStoryboard@3x type: png
	Result        : None
