2026-07-18 20:24:16.011 Db OMORI[13772:9d09] [com.apple.defaults:User Defaults] found no value for key NSTextShowsControlCharacters in CFPrefsSearchListSource<0x600002c05d80> (Domain: com.poring.omori.ru, Container: (null))
2026-07-18 20:24:16.011 Db OMORI[13772:9d12] [com.apple.defaults:User Defaults] found no value for key MACaptionProfile-Default in CFPrefsSearchListSource<0x600002c10700> (Domain: com.apple.mediaaccessibility, Container: (null))
2026-07-18 20:24:16.012 Db OMORI[13772:9d09] [com.apple.defaults:User Defaults] found no value for key NSTextAllowsNonContiguousLayout in CFPrefsSearchListSource<0x600002c05d80> (Domain: com.poring.omori.ru, Container: (null))
2026-07-18 20:24:16.012 Db OMORI[13772:9d09] [com.apple.defaults:User Defaults] found no value for key NSTextBackgroundLayoutEnabled in CFPrefsSearchListSource<0x600002c05d80> (Domain: com.poring.omori.ru, Container: (null))
2026-07-18 20:24:16.012 Db OMORI[13772:9d09] [com.apple.defaults:User Defaults] found no value for key NSLayoutManagerForcesShowPackedGlyphs in CFPrefsSearchListSource<0x600002c05d80> (Domain: com.poring.omori.ru, Container: (null))
2026-07-18 20:24:16.012 Db OMORI[13772:9d09] [com.apple.defaults:User Defaults] found no value for key _NSCoreTypesetterForcesNonSimpleLayout in CFPrefsSearchListSource<0x600002c05d80> (Domain: com.poring.omori.ru, Container: (null))
2026-07-18 20:24:16.012 Db OMORI[13772:9d12] [com.apple.defaults:User Defaults] found no value for key MACaptionActiveProfile in CFPrefsSearchListSource<0x600002c10700> (Domain: com.apple.mediaaccessibility, Container: (null))
2026-07-18 20:24:16.012 Db OMORI[13772:9d12] [com.apple.defaults:User Defaults] found no value for key MACaptionDefaultActiveProfile in CFPrefsSearchListSource<0x600002c10700> (Domain: com.apple.mediaaccessibility, Container: (null))
2026-07-18 20:24:16.012 Db OMORI[13772:9d12] [com.apple.defaults:User Defaults] found no value for key MACaptionProfile-Default in CFPrefsSearchListSource<0x600002c10700> (Domain: com.apple.mediaaccessibility, Container: (null))
2026-07-18 20:24:16.012 Db OMORI[13772:9d12] [com.apple.defaults:User Defaults] found no value for key MACaptionActiveProfile in CFPrefsSearchListSource<0x600002c10700> (Domain: com.apple.mediaaccessibility, Container: (null))
2026-07-18 20:24:16.012 Db OMORI[13772:9d12] [com.apple.defaults:User Defaults] found no value for key MACaptionDefaultActiveProfile in CFPrefsSearchListSource<0x600002c10700> (Domain: com.apple.mediaaccessibility, Container: (null))
2026-07-18 20:24:16.012 Db OMORI[13772:9d12] [com.apple.defaults:User Defaults] found no value for key MACaptionProfile-Default in CFPrefsSearchListSource<0x600002c10700> (Domain: com.apple.mediaaccessibility, Container: (null))
2026-07-18 20:24:16.012 Db OMORI[13772:9d12] [com.apple.defaults:User Defaults] found no value for key MACaptionProfile-Default in CFPrefsSearchListSource<0x600002c10700> (Domain: com.apple.mediaaccessibility, Container: (null))
2026-07-18 20:24:16.012 Db OMORI[13772:9d12] [com.apple.defaults:User Defaults] found no value for key MACaptionActiveProfile in CFPrefsSearchListSource<0x600002c10700> (Domain: com.apple.mediaaccessibility, Container: (null))
2026-07-18 20:24:16.012 Db OMORI[13772:9d09] [com.apple.defaults:User Defaults] found no value for key AppleSystemUIFontDefaultTrack in CFPrefsPlistSource<0x600002c08700> (Domain: kCFPreferencesAnyApplication, User: kCFPreferencesCurrentUser, ByHost: No, Container: (null), Contents Need Refresh: No)
2026-07-18 20:24:16.012 Db OMORI[13772:9d12] [com.apple.defaults:User Defaults] found no value for key MACaptionDefaultActiveProfile in CFPrefsSearchListSource<0x600002c10700> (Domain: com.apple.mediaaccessibility, Container: (null))
2026-07-18 20:24:16.012 Db OMORI[13772:9d12] [com.apple.defaults:User Defaults] found no value for key MACaptionProfile-Default in CFPrefsSearchListSource<0x600002c10700> (Domain: com.apple.mediaaccessibility, Container: (null))
2026-07-18 20:24:16.012 Db OMORI[13772:9d12] [com.apple.defaults:User Defaults] found no value for key MACaptionActiveProfile in CFPrefsSearchListSource<0x600002c10700> (Domain: com.apple.mediaaccessibility, Container: (null))
2026-07-18 20:24:16.012 Db OMORI[13772:9d12] [com.apple.defaults:User Defaults] found no value for key MACaptionDefaultActiveProfile in CFPrefsSearchListSource<0x600002c10700> (Domain: com.apple.mediaaccessibility, Container: (null))
2026-07-18 20:24:16.012 Db OMORI[13772:9d12] [com.apple.defaults:User Defaults] found no value for key MACaptionProfile-Default in CFPrefsSearchListSource<0x600002c10700> (Domain: com.apple.mediaaccessibility, Container: (null))
2026-07-18 20:24:16.012 Db OMORI[13772:9d12] [com.apple.defaults:User Defaults] found no value for key MACaptionProfile-Default in CFPrefsSearchListSource<0x600002c10700> (Domain: com.apple.mediaaccessibility, Container: (null))
2026-07-18 20:24:16.012 Db OMORI[13772:9d12] [com.apple.defaults:User Defaults] found no value for key MACaptionActiveProfile in CFPrefsSearchListSource<0x600002c10700> (Domain: com.apple.mediaaccessibility, Container: (null))
2026-07-18 20:24:16.013 Db OMORI[13772:9d12] [com.apple.defaults:User Defaults] found no value for key MACaptionDefaultActiveProfile in CFPrefsSearchListSource<0x600002c10700> (Domain: com.apple.mediaaccessibility, Container: (null))
2026-07-18 20:24:16.013 Db OMORI[13772:9d12] [com.apple.defaults:User Defaults] found no value for key MACaptionProfile-Default in CFPrefsSearchListSource<0x600002c10700> (Domain: com.apple.mediaaccessibility, Container: (null))
2026-07-18 20:24:16.013 Db OMORI[13772:9d12] [com.apple.defaults:User Defaults] found no value for key MACaptionActiveProfile in CFPrefsSearchListSource<0x600002c10700> (Domain: com.apple.mediaaccessibility, Container: (null))
2026-07-18 20:24:16.013 Db OMORI[13772:9d12] [com.apple.defaults:User Defaults] found no value for key MACaptionDefaultActiveProfile in CFPrefsSearchListSource<0x600002c10700> (Domain: com.apple.mediaaccessibility, Container: (null))
2026-07-18 20:24:16.013 Db OMORI[13772:9d12] [com.apple.defaults:User Defaults] found no value for key MACaptionProfile-Default in CFPrefsSearchListSource<0x600002c10700> (Domain: com.apple.mediaaccessibility, Container: (null))
2026-07-18 20:24:16.013 Db OMORI[13772:9d12] [com.apple.defaults:User Defaults] found no value for key MACaptionProfile-Default in CFPrefsSearchListSource<0x600002c10700> (Domain: com.apple.mediaaccessibility, Container: (null))
2026-07-18 20:24:16.013 Db OMORI[13772:9d12] [com.apple.defaults:User Defaults] found no value for key MACaptionActiveProfile in CFPrefsSearchListSource<0x600002c10700> (Domain: com.apple.mediaaccessibility, Container: (null))
2026-07-18 20:24:16.014 Db OMORI[13772:9de7] [com.apple.CFBundle:loading] dlfcn check load bundle CFBundle 0x600003b01ea0 </Library/Developer/CoreSimulator/Volumes/iOS_22B81/Library/Developer/CoreSimulator/Profiles/Runtimes/iOS 18.1.simruntime/Contents/Resources/RuntimeRoot/System/Library/Frameworks/CoreMedia.framework> (not loaded), dlopen of /Library/Developer/CoreSimulator/Volumes/iOS_22B81/Library/Developer/CoreSimulator/Profiles/Runtimes/iOS 18.1.simruntime/Contents/Resources/RuntimeRoot/System/Library/Frameworks/CoreMedia.framework/CoreMedia mode 0x115 getting handle 0x386451
2026-07-18 20:24:16.014 Db OMORI[13772:9d12] [com.apple.defaults:User Defaults] found no value for key MACaptionDefaultActiveProfile in CFPrefsSearchListSource<0x600002c10700> (Domain: com.apple.mediaaccessibility, Container: (null))
2026-07-18 20:24:16.014 Db OMORI[13772:9d12] [com.apple.defaults:User Defaults] found no value for key MACaptionProfile-Default in CFPrefsSearchListSource<0x600002c10700> (Domain: com.apple.mediaaccessibility, Container: (null))
2026-07-18 20:24:16.015 Db OMORI[13772:9d12] [com.apple.defaults:User Defaults] found no value for key MACaptionActiveProfile in CFPrefsSearchListSource<0x600002c10700> (Domain: com.apple.mediaaccessibility, Container: (null))
2026-07-18 20:24:16.015 Db OMORI[13772:9d12] [com.apple.defaults:User Defaults] found no value for key MACaptionDefaultActiveProfile in CFPrefsSearchListSource<0x600002c10700> (Domain: com.apple.mediaaccessibility, Container: (null))
2026-07-18 20:24:16.015 Db OMORI[13772:9d12] [com.apple.defaults:User Defaults] found no value for key MACaptionProfile-Default in CFPrefsSearchListSource<0x600002c10700> (Domain: com.apple.mediaaccessibility, Container: (null))
2026-07-18 20:24:16.015 Db OMORI[13772:9d12] [com.apple.defaults:User Defaults] found no value for key MACaptionProfile-Default in CFPrefsSearchListSource<0x600002c10700> (Domain: com.apple.mediaaccessibility, Container: (null))
2026-07-18 20:24:16.015 Db OMORI[13772:9d12] [com.apple.defaults:User Defaults] found no value for key MACaptionActiveProfile in CFPrefsSearchListSource<0x600002c10700> (Domain: com.apple.mediaaccessibility, Container: (null))
2026-07-18 20:24:16.016 Db OMORI[13772:9d09] [com.apple.CFBundle:strings] Bundle: CFBundle 0x600003b080e0 </Library/Developer/CoreSimulator/Volumes/iOS_22B81/Library/Developer/CoreSimulator/Profiles/Runtimes/iOS 18.1.simruntime/Contents/Resources/RuntimeRoot/System/Library/PrivateFrameworks/UIKitCore.framework> (not loaded), key: Continue, value: Continue, table: Localizable, localizationNames: (null), result: Continue
2026-07-18 20:24:16.015 Db OMORI[13772:9d12] [com.apple.defaults:User Defaults] found no value for key MACaptionDefaultActiveProfile in CFPrefsSearchListSource<0x600002c10700> (Domain: com.apple.mediaaccessibility, Container: (null))
2026-07-18 20:24:16.016 Db OMORI[13772:9d09] [com.apple.UIKit:KeyboardVisualMode] useVisualModeWindowed: 0 (windowingModeEnabled: 0)
2026-07-18 20:24:16.016 Db OMORI[13772:9d09] [com.apple.defaults:User Defaults] found no value for key WebKitDebugDragLiftDelay in CFPrefsSearchListSource<0x600002c05d80> (Domain: com.poring.omori.ru, Container: (null))
2026-07-18 20:24:16.016 Db OMORI[13772:9d09] [com.apple.defaults:User Defaults] found no value for key HWKeyboardAutocorrection in CFPrefsSearchListSource<0x600002c18700> (Domain: com.apple.keyboard.preferences, Container: (null))
2026-07-18 20:24:16.016 Db OMORI[13772:9d09] [com.apple.UIKit:KeyboardVisualMode] useVisualModeWindowed: 0 (windowingModeEnabled: 0)
2026-07-18 20:24:16.017 Db OMORI[13772:9d09] [com.apple.UIKit:KeyboardVisualMode] useVisualModeWindowed: 0 (windowingModeEnabled: 0)
2026-07-18 20:24:16.017 Db OMORI[13772:9d09] [com.apple.defaults:User Defaults] found no value for key HWKeyboardAutocorrection in CFPrefsSearchListSource<0x600002c18700> (Domain: com.apple.keyboard.preferences, Container: (null))
2026-07-18 20:24:16.016 Db OMORI[13772:9d12] [com.apple.defaults:User Defaults] found no value for key MACaptionProfile-Default in CFPrefsSearchListSource<0x600002c10700> (Domain: com.apple.mediaaccessibility, Container: (null))
2026-07-18 20:24:16.017 Db OMORI[13772:9d09] [com.apple.UIKit:KeyboardVisualMode] useVisualModeWindowed: 0 (windowingModeEnabled: 0)
2026-07-18 20:24:16.017 Db OMORI[13772:9d09] [com.apple.defaults:User Defaults] found no value for key WebKitDebugDragLiftDelay in CFPrefsSearchListSource<0x600002c05d80> (Domain: com.poring.omori.ru, Container: (null))
2026-07-18 20:24:16.017 Db OMORI[13772:9d09] [com.apple.defaults:User Defaults] found no value for key HWKeyboardAutocorrection in CFPrefsSearchListSource<0x600002c18700> (Domain: com.apple.keyboard.preferences, Container: (null))
2026-07-18 20:24:16.017 Db OMORI[13772:9d09] [com.apple.UIKit:KeyboardVisualMode] useVisualModeWindowed: 0 (windowingModeEnabled: 0)
2026-07-18 20:24:16.017 Db OMORI[13772:9d12] [com.apple.defaults:User Defaults] found no value for key MACaptionActiveProfile in CFPrefsSearchListSource<0x600002c10700> (Domain: com.apple.mediaaccessibility, Container: (null))
2026-07-18 20:24:16.017 Db OMORI[13772:9d09] [com.apple.UIKit:KeyboardVisualMode] useVisualModeWindowed: 0 (windowingModeEnabled: 0)
2026-07-18 20:24:16.017 Db OMORI[13772:9d12] [com.apple.defaults:User Defaults] found no value for key MACaptionDefaultActiveProfile in CFPrefsSearchListSource<0x600002c10700> (Domain: com.apple.mediaaccessibility, Container: (null))
2026-07-18 20:24:16.017 Db OMORI[13772:9d12] [com.apple.defaults:User Defaults] found no value for key MACaptionProfile-Default in CFPrefsSearchListSource<0x600002c10700> (Domain: com.apple.mediaaccessibility, Container: (null))
2026-07-18 20:24:16.017 Db OMORI[13772:9d12] [com.apple.defaults:User Defaults] found no value for key MACaptionProfile-Default in CFPrefsSearchListSource<0x600002c10700> (Domain: com.apple.mediaaccessibility, Container: (null))
2026-07-18 20:24:16.017 Db OMORI[13772:9d09] [com.apple.defaults:User Defaults] found no value for key WebKitDebugDragLiftDelay in CFPrefsSearchListSource<0x600002c05d80> (Domain: com.poring.omori.ru, Container: (null))
2026-07-18 20:24:16.017 Db OMORI[13772:9d09] [com.apple.defaults:User Defaults] found no value for key HWKeyboardAutocorrection in CFPrefsSearchListSource<0x600002c18700> (Domain: com.apple.keyboard.preferences, Container: (null))
2026-07-18 20:24:16.017 Db OMORI[13772:9d09] [com.apple.UIKit:KeyboardVisualMode] useVisualModeWindowed: 0 (windowingModeEnabled: 0)
2026-07-18 20:24:16.017 Db OMORI[13772:9d12] [com.apple.defaults:User Defaults] found no value for key MACaptionActiveProfile in CFPrefsSearchListSource<0x600002c10700> (Domain: com.apple.mediaaccessibility, Container: (null))
2026-07-18 20:24:16.017 Db OMORI[13772:9d09] [com.apple.UIKit:KeyboardVisualMode] useVisualModeWindowed: 0 (windowingModeEnabled: 0)
2026-07-18 20:24:16.017 Db OMORI[13772:9d09] [com.apple.defaults:User Defaults] found no value for key WebKitDebugDragLiftDelay in CFPrefsSearchListSource<0x600002c05d80> (Domain: com.poring.omori.ru, Container: (null))
2026-07-18 20:24:16.017 Db OMORI[13772:9d09] [com.apple.defaults:User Defaults] found no value for key HWKeyboardAutocorrection in CFPrefsSearchListSource<0x600002c18700> (Domain: com.apple.keyboard.preferences, Container: (null))
2026-07-18 20:24:16.017 Db OMORI[13772:9d09] [com.apple.UIKit:KeyboardVisualMode] useVisualModeWindowed: 0 (windowingModeEnabled: 0)
2026-07-18 20:24:16.017 Db OMORI[13772:9d09] [com.apple.UIKit:KeyboardVisualMode] useVisualModeWindowed: 0 (windowingModeEnabled: 0)
2026-07-18 20:24:16.017 Db OMORI[13772:9d12] [com.apple.defaults:User Defaults] found no value for key MACaptionDefaultActiveProfile in CFPrefsSearchListSource<0x600002c10700> (Domain: com.apple.mediaaccessibility, Container: (null))
2026-07-18 20:24:16.017 Db OMORI[13772:9d09] [com.apple.defaults:User Defaults] found no value for key WebKitDebugDragLiftDelay in CFPrefsSearchListSource<0x600002c05d80> (Domain: com.poring.omori.ru, Container: (null))
2026-07-18 20:24:16.017 Db OMORI[13772:9d12] [com.apple.defaults:User Defaults] found no value for key MACaptionProfile-Default in CFPrefsSearchListSource<0x600002c10700> (Domain: com.apple.mediaaccessibility, Container: (null))
2026-07-18 20:24:16.017 Db OMORI[13772:9d09] [com.apple.defaults:User Defaults] found no value for key HWKeyboardAutocorrection in CFPrefsSearchListSource<0x600002c18700> (Domain: com.apple.keyboard.preferences, Container: (null))
2026-07-18 20:24:16.017 Db OMORI[13772:9d12] [com.apple.defaults:User Defaults] found no value for key MACaptionActiveProfile in CFPrefsSearchListSource<0x600002c10700> (Domain: com.apple.mediaaccessibility, Container: (null))
2026-07-18 20:24:16.018 Db OMORI[13772:9d09] [com.apple.UIKit:KeyboardVisualMode] useVisualModeWindowed: 0 (windowingModeEnabled: 0)
2026-07-18 20:24:16.018 Db OMORI[13772:9d12] [com.apple.defaults:User Defaults] found no value for key MACaptionDefaultActiveProfile in CFPrefsSearchListSource<0x600002c10700> (Domain: com.apple.mediaaccessibility, Container: (null))
2026-07-18 20:24:16.018 Db OMORI[13772:9d12] [com.apple.defaults:User Defaults] found no value for key MACaptionProfile-Default in CFPrefsSearchListSource<0x600002c10700> (Domain: com.apple.mediaaccessibility, Container: (null))
2026-07-18 20:24:16.018 Db OMORI[13772:9d12] [com.apple.defaults:User Defaults] found no value for key MACaptionProfile-Default in CFPrefsSearchListSource<0x600002c10700> (Domain: com.apple.mediaaccessibility, Container: (null))
2026-07-18 20:24:16.018 Db OMORI[13772:9d12] [com.apple.defaults:User Defaults] found no value for key MACaptionActiveProfile in CFPrefsSearchListSource<0x600002c10700> (Domain: com.apple.mediaaccessibility, Container: (null))
2026-07-18 20:24:16.018 Db OMORI[13772:9d12] [com.apple.defaults:User Defaults] found no value for key MACaptionDefaultActiveProfile in CFPrefsSearchListSource<0x600002c10700> (Domain: com.apple.mediaaccessibility, Container: (null))
2026-07-18 20:24:16.018 Db OMORI[13772:9d12] [com.apple.defaults:User Defaults] found no value for key MACaptionProfile-Default in CFPrefsSearchListSource<0x600002c10700> (Domain: com.apple.mediaaccessibility, Container: (null))
2026-07-18 20:24:16.018 Db OMORI[13772:9d12] [com.apple.defaults:User Defaults] found no value for key MACaptionProfile-Default in CFPrefsSearchListSource<0x600002c10700> (Domain: com.apple.mediaaccessibility, Container: (null))
2026-07-18 20:24:16.018 Db OMORI[13772:9d12] [com.apple.CFBundle:resources] Resource lookup at CFBundle 0x600003b156c0 </Library/Developer/CoreSimulator/Volumes/iOS_22B81/Library/Developer/CoreSimulator/Profiles/Runtimes/iOS 18.1.simruntime/Contents/Resources/RuntimeRoot/System/Library/Frameworks/MediaAccessibility.framework> (framework, loaded)
	Request       : ProfileNames type: loctable
	Result        : None
2026-07-18 20:24:16.018 Db OMORI[13772:9d12] [com.apple.CFBundle:resources] Resource lookup at CFBundle 0x600003b156c0 </Library/Developer/CoreSimulator/Volumes/iOS_22B81/Library/Developer/CoreSimulator/Profiles/Runtimes/iOS 18.1.simruntime/Contents/Resources/RuntimeRoot/System/Library/Frameworks/MediaAccessibility.framework> (framework, loaded)
	Request       : ProfileNames type: strings
	Result        : file:///Library/Developer/CoreSimulator/Volumes/iOS_22B81/Library/Developer/CoreSimulator/Profiles/Runtimes/iOS%2018.1.simruntime/Contents/Resources/RuntimeRoot/System/Library/Frameworks/MediaAccessibility.framework/en.lproj/ProfileNames.strings
2026-07-18 20:24:16.018 Db OMORI[13772:9d12] [com.apple.CFBundle:resources] Resource lookup at CFBundle 0x600003b156c0 </Library/Developer/CoreSimulator/Volumes/iOS_22B81/Library/Developer/CoreSimulator/Profiles/Runtimes/iOS 18.1.simruntime/Contents/Resources/RuntimeRoot/System/Library/Frameworks/MediaAccessibility.framework> (framework, loaded)
	Request       : ProfileNames type: stringsdict
	Result        : None
2026-07-18 20:24:16.018 Db OMORI[13772:9d09] [com.apple.UIKit:InlineTextCompletion] Selection changed
2026-07-18 20:24:16.018 Df OMORI[13772:9d09] [com.apple.WebKit:ProcessSuspension] 0x11000d860 - [PID=13778, throttler=0x110018188] ProcessThrottler::Activity::Activity: Starting foreground activity / 'WebPageProxy::runJavaScriptInFrameInScriptWorld'
2026-07-18 20:24:16.018 Db OMORI[13772:9d09] [com.apple.launchservices:record] Invoking selector _delegatePathWithContext:tableID:unitID:unitBytes: on <_UTDeclaredTypeRecord 0x600000c527c0> to get the value for property _delegatePath
2026-07-18 20:24:16.018 Db OMORI[13772:9d09] [com.apple.launchservices:record] Invoking selector _declaringBundleBookmarkWithContext:tableID:unitID:unitBytes: on <_UTDeclaredTypeRecord 0x600000c527c0> to get the value for property _declaringBundleBookmark
2026-07-18 20:24:16.019 Db OMORI[13772:9d09] [com.apple.launchservices:record] Invoking selector _declaringBundleRecordWithContext:tableID:unitID:unitBytes: on <_UTDeclaredTypeRecord 0x600000c527c0> to get the value for property _declaringBundleRecord
2026-07-18 20:24:16.019 Db OMORI[13772:9d09] [com.apple.launchservices:record] Invoking selector _localizedDescriptionWithContext:tableID:unitID:unitBytes: on <_UTDeclaredTypeRecord 0x600000c527c0> to get the value for property _localizedDescription
2026-07-18 20:24:16.019 Db OMORI[13772:9d09] [com.apple.launchservices:record] Invoking selector _rawFlagsWithContext:tableID:unitID:unitBytes: on <_UTDeclaredTypeRecord 0x600000c527c0> to get the value for property _rawFlags
2026-07-18 20:24:16.019 Db OMORI[13772:9d09] [com.apple.launchservices:record] Invoking selector childTypeIdentifiersWithContext:tableID:unitID:unitBytes: on <_UTDeclaredTypeRecord 0x600000c527c0> to get the value for property childTypeIdentifiers
2026-07-18 20:24:16.019 Db OMORI[13772:9d09] [com.apple.launchservices:record] Invoking selector declarationWithContext:tableID:unitID:unitBytes: on <_UTDeclaredTypeRecord 0x600000c527c0> to get the value for property declaration
2026-07-18 20:24:16.019 Db OMORI[13772:9d09] [com.apple.launchservices:record] Invoking selector identifierWithContext:tableID:unitID:unitBytes: on <_UTDeclaredTypeRecord 0x600000c527c0> to get the value for property identifier
2026-07-18 20:24:16.019 Db OMORI[13772:9d09] [com.apple.launchservices:record] Invoking selector versionWithContext:tableID:unitID:unitBytes: on <_UTDeclaredTypeRecord 0x600000c527c0> to get the value for property version
2026-07-18 20:24:16.019 Db OMORI[13772:9d09] [com.apple.launchservices:record] Invoking selector tagSpecificationWithContext:tableID:unitID:unitBytes: on <_UTDeclaredTypeRecord 0x600000c527c0> to get the value for property tagSpecification
2026-07-18 20:24:16.019 Db OMORI[13772:9d09] [com.apple.launchservices:record] Invoking selector referenceURLWithContext:tableID:unitID:unitBytes: on <_UTDeclaredTypeRecord 0x600000c527c0> to get the value for property referenceURL
2026-07-18 20:24:16.019 Db OMORI[13772:9d09] [com.apple.launchservices:record] Invoking selector parentTypeIdentifiersWithContext:tableID:unitID:unitBytes: on <_UTDeclaredTypeRecord 0x600000c527c0> to get the value for property parentTypeIdentifiers
2026-07-18 20:24:16.019 Db OMORI[13772:9d09] [com.apple.launchservices:record] Invoking selector pedigreeWithContext:tableID:unitID:unitBytes: on <_UTDeclaredTypeRecord 0x600000c527c0> to get the value for property pedigree
2026-07-18 20:24:16.019 Db OMORI[13772:9d09] [com.apple.launchservices:record] Invoking selector iconDictionaryWithContext:tableID:unitID:unitBytes: on <_UTDeclaredTypeRecord 0x600000c527c0> to get the value for property iconDictionary
2026-07-18 20:24:16.019 Db OMORI[13772:9d09] [com.apple.launchservices:record] Invoking selector iconResourceBundleURLWithContext:tableID:unitID:unitBytes: on <_UTDeclaredTypeRecord 0x600000c527c0> to get the value for property iconResourceBundleURL
2026-07-18 20:24:16.019 Db OMORI[13772:9d09] [com.apple.launchservices:record] Invoking selector _persistentIdentifierWithContext:tableID:unitID:unitBytes: on <_UTDeclaredTypeRecord 0x600000c527c0> to get the value for property persistentIdentifier
2026-07-18 20:24:16.019 Db OMORI[13772:9d09] [com.apple.launchservices:record] Invoking selector _delegatePathWithContext:tableID:unitID:unitBytes: on <_UTDeclaredTypeRecord 0x600000c5cc60> to get the value for property _delegatePath
2026-07-18 20:24:16.020 Db OMORI[13772:9d09] [com.apple.launchservices:record] Invoking selector _declaringBundleBookmarkWithContext:tableID:unitID:unitBytes: on <_UTDeclaredTypeRecord 0x600000c5cc60> to get the value for property _declaringBundleBookmark
2026-07-18 20:24:16.020 Db OMORI[13772:9d09] [com.apple.launchservices:record] Invoking selector _declaringBundleRecordWithContext:tableID:unitID:unitBytes: on <_UTDeclaredTypeRecord 0x600000c5cc60> to get the value for property _declaringBundleRecord
2026-07-18 20:24:16.020 Db OMORI[13772:9d09] [com.apple.launchservices:record] Invoking selector _localizedDescriptionWithContext:tableID:unitID:unitBytes: on <_UTDeclaredTypeRecord 0x600000c5cc60> to get the value for property _localizedDescription
2026-07-18 20:24:16.020 Db OMORI[13772:9d09] [com.apple.launchservices:record] Invoking selector _rawFlagsWithContext:tableID:unitID:unitBytes: on <_UTDeclaredTypeRecord 0x600000c5cc60> to get the value for property _rawFlags
2026-07-18 20:24:16.020 Db OMORI[13772:9d09] [com.apple.launchservices:record] Invoking selector childTypeIdentifiersWithContext:tableID:unitID:unitBytes: on <_UTDeclaredTypeRecord 0x600000c5cc60> to get the value for property childTypeIdentifiers
2026-07-18 20:24:16.020 Db OMORI[13772:9d09] [com.apple.launchservices:record] Invoking selector declarationWithContext:tableID:unitID:unitBytes: on <_UTDeclaredTypeRecord 0x600000c5cc60> to get the value for property declaration
2026-07-18 20:24:16.020 Db OMORI[13772:9d09] [com.apple.launchservices:record] Invoking selector identifierWithContext:tableID:unitID:unitBytes: on <_UTDeclaredTypeRecord 0x600000c5cc60> to get the value for property identifier
2026-07-18 20:24:16.020 Db OMORI[13772:9d09] [com.apple.launchservices:record] Invoking selector versionWithContext:tableID:unitID:unitBytes: on <_UTDeclaredTypeRecord 0x600000c5cc60> to get the value for property version
2026-07-18 20:24:16.020 Db OMORI[13772:9d09] [com.apple.launchservices:record] Invoking selector tagSpecificationWithContext:tableID:unitID:unitBytes: on <_UTDeclaredTypeRecord 0x600000c5cc60> to get the value for property tagSpecification
2026-07-18 20:24:16.020 Db OMORI[13772:9d09] [com.apple.launchservices:record] Invoking selector referenceURLWithContext:tableID:unitID:unitBytes: on <_UTDeclaredTypeRecord 0x600000c5cc60> to get the value for property referenceURL
2026-07-18 20:24:16.020 Db OMORI[13772:9d09] [com.apple.launchservices:record] Invoking selector parentTypeIdentifiersWithContext:tableID:unitID:unitBytes: on <_UTDeclaredTypeRecord 0x600000c5cc60> to get the value for property parentTypeIdentifiers
2026-07-18 20:24:16.020 Db OMORI[13772:9d09] [com.apple.launchservices:record] Invoking selector pedigreeWithContext:tableID:unitID:unitBytes: on <_UTDeclaredTypeRecord 0x600000c5cc60> to get the value for property pedigree
2026-07-18 20:24:16.020 Db OMORI[13772:9d09] [com.apple.launchservices:record] Invoking selector iconDictionaryWithContext:tableID:unitID:unitBytes: on <_UTDeclaredTypeRecord 0x600000c5cc60> to get the value for property iconDictionary
2026-07-18 20:24:16.021 Db OMORI[13772:9d09] [com.apple.launchservices:record] Invoking selector iconResourceBundleURLWithContext:tableID:unitID:unitBytes: on <_UTDeclaredTypeRecord 0x600000c5cc60> to get the value for property iconResourceBundleURL
2026-07-18 20:24:16.021 Db OMORI[13772:9d09] [com.apple.launchservices:record] Invoking selector _persistentIdentifierWithContext:tableID:unitID:unitBytes: on <_UTDeclaredTypeRecord 0x600000c5cc60> to get the value for property persistentIdentifier
2026-07-18 20:24:16.021 Db OMORI[13772:9d09] [com.apple.launchservices:record] Invoking selector _delegatePathWithContext:tableID:unitID:unitBytes: on <_UTDeclaredTypeRecord 0x600000c5d410> to get the value for property _delegatePath
2026-07-18 20:24:16.021 Db OMORI[13772:9d09] [com.apple.launchservices:record] Invoking selector _declaringBundleBookmarkWithContext:tableID:unitID:unitBytes: on <_UTDeclaredTypeRecord 0x600000c5d410> to get the value for property _declaringBundleBookmark
2026-07-18 20:24:16.021 Db OMORI[13772:9d09] [com.apple.launchservices:record] Invoking selector _declaringBundleRecordWithContext:tableID:unitID:unitBytes: on <_UTDeclaredTypeRecord 0x600000c5d410> to get the value for property _declaringBundleRecord
2026-07-18 20:24:16.021 Db OMORI[13772:9d09] [com.apple.launchservices:record] Invoking selector _localizedDescriptionWithContext:tableID:unitID:unitBytes: on <_UTDeclaredTypeRecord 0x600000c5d410> to get the value for property _localizedDescription
2026-07-18 20:24:16.021 Db OMORI[13772:9d09] [com.apple.launchservices:record] Invoking selector _rawFlagsWithContext:tableID:unitID:unitBytes: on <_UTDeclaredTypeRecord 0x600000c5d410> to get the value for property _rawFlags
2026-07-18 20:24:16.021 Db OMORI[13772:9d09] [com.apple.launchservices:record] Invoking selector childTypeIdentifiersWithContext:tableID:unitID:unitBytes: on <_UTDeclaredTypeRecord 0x600000c5d410> to get the value for property childTypeIdentifiers
2026-07-18 20:24:16.021 Db OMORI[13772:9d09] [com.apple.launchservices:record] Invoking selector declarationWithContext:tableID:unitID:unitBytes: on <_UTDeclaredTypeRecord 0x600000c5d410> to get the value for property declaration
2026-07-18 20:24:16.021 Db OMORI[13772:9d09] [com.apple.launchservices:record] Invoking selector identifierWithContext:tableID:unitID:unitBytes: on <_UTDeclaredTypeRecord 0x600000c5d410> to get the value for property identifier
2026-07-18 20:24:16.021 Db OMORI[13772:9d09] [com.apple.launchservices:record] Invoking selector versionWithContext:tableID:unitID:unitBytes: on <_UTDeclaredTypeRecord 0x600000c5d410> to get the value for property version
2026-07-18 20:24:16.022 Db OMORI[13772:9d09] [com.apple.launchservices:record] Invoking selector tagSpecificationWithContext:tableID:unitID:unitBytes: on <_UTDeclaredTypeRecord 0x600000c5d410> to get the value for property tagSpecification
2026-07-18 20:24:16.022 Db OMORI[13772:9d09] [com.apple.launchservices:record] Invoking selector referenceURLWithContext:tableID:unitID:unitBytes: on <_UTDeclaredTypeRecord 0x600000c5d410> to get the value for property referenceURL
2026-07-18 20:24:16.022 Db OMORI[13772:9d09] [com.apple.launchservices:record] Invoking selector parentTypeIdentifiersWithContext:tableID:unitID:unitBytes: on <_UTDeclaredTypeRecord 0x600000c5d410> to get the value for property parentTypeIdentifiers
2026-07-18 20:24:16.022 Db OMORI[13772:9d09] [com.apple.launchservices:record] Invoking selector pedigreeWithContext:tableID:unitID:unitBytes: on <_UTDeclaredTypeRecord 0x600000c5d410> to get the value for property pedigree
2026-07-18 20:24:16.022 Db OMORI[13772:9d09] [com.apple.launchservices:record] Invoking selector iconDictionaryWithContext:tableID:unitID:unitBytes: on <_UTDeclaredTypeRecord 0x600000c5d410> to get the value for property iconDictionary
2026-07-18 20:24:16.022 Db OMORI[13772:9d09] [com.apple.launchservices:record] Invoking selector iconResourceBundleURLWithContext:tableID:unitID:unitBytes: on <_UTDeclaredTypeRecord 0x600000c5d410> to get the value for property iconResourceBundleURL
2026-07-18 20:24:16.022 Db OMORI[13772:9d09] [com.apple.launchservices:record] Invoking selector _persistentIdentifierWithContext:tableID:unitID:unitBytes: on <_UTDeclaredTypeRecord 0x600000c5d410> to get the value for property persistentIdentifier
2026-07-18 20:24:16.023 Db OMORI[13772:9d09] [com.apple.launchservices:record] Invoking selector _delegatePathWithContext:tableID:unitID:unitBytes: on <_UTDeclaredTypeRecord 0x600000c5ca20> to get the value for property _delegatePath
2026-07-18 20:24:16.023 Db OMORI[13772:9d09] [com.apple.launchservices:record] Invoking selector _declaringBundleBookmarkWithContext:tableID:unitID:unitBytes: on <_UTDeclaredTypeRecord 0x600000c5ca20> to get the value for property _declaringBundleBookmark
2026-07-18 20:24:16.023 Db OMORI[13772:9d09] [com.apple.launchservices:record] Invoking selector _declaringBundleRecordWithContext:tableID:unitID:unitBytes: on <_UTDeclaredTypeRecord 0x600000c5ca20> to get the value for property _declaringBundleRecord
2026-07-18 20:24:16.023 Db OMORI[13772:9d09] [com.apple.launchservices:record] Invoking selector _localizedDescriptionWithContext:tableID:unitID:unitBytes: on <_UTDeclaredTypeRecord 0x600000c5ca20> to get the value for property _localizedDescription
2026-07-18 20:24:16.023 Db OMORI[13772:9d09] [com.apple.launchservices:record] Invoking selector _rawFlagsWithContext:tableID:unitID:unitBytes: on <_UTDeclaredTypeRecord 0x600000c5ca20> to get the value for property _rawFlags
2026-07-18 20:24:16.021 Db OMORI[13772:9d12] [com.apple.CFBundle:strings] Bundle: CFBundle 0x600003b156c0 </Library/Developer/CoreSimulator/Volumes/iOS_22B81/Library/Developer/CoreSimulator/Profiles/Runtimes/iOS 18.1.simruntime/Contents/Resources/RuntimeRoot/System/Library/Frameworks/MediaAccessibility.framework> (framework, loaded), key: MALocalize-MADefault, value: (null), table: ProfileNames, localizationNames: (null), result: Transparent Background
2026-07-18 20:24:16.023 Db OMORI[13772:9d09] [com.apple.launchservices:record] Invoking selector childTypeIdentifiersWithContext:tableID:unitID:unitBytes: on <_UTDeclaredTypeRecord 0x600000c5ca20> to get the value for property childTypeIdentifiers
2026-07-18 20:24:16.024 Db OMORI[13772:9d09] [com.apple.launchservices:record] Invoking selector declarationWithContext:tableID:unitID:unitBytes: on <_UTDeclaredTypeRecord 0x600000c5ca20> to get the value for property declaration
2026-07-18 20:24:16.024 Db OMORI[13772:9d09] [com.apple.launchservices:record] Invoking selector identifierWithContext:tableID:unitID:unitBytes: on <_UTDeclaredTypeRecord 0x600000c5ca20> to get the value for property identifier
2026-07-18 20:24:16.024 Db OMORI[13772:9d09] [com.apple.launchservices:record] Invoking selector versionWithContext:tableID:unitID:unitBytes: on <_UTDeclaredTypeRecord 0x600000c5ca20> to get the value for property version
2026-07-18 20:24:16.024 Db OMORI[13772:9d09] [com.apple.launchservices:record] Invoking selector tagSpecificationWithContext:tableID:unitID:unitBytes: on <_UTDeclaredTypeRecord 0x600000c5ca20> to get the value for property tagSpecification
2026-07-18 20:24:16.024 Db OMORI[13772:9d09] [com.apple.launchservices:record] Invoking selector referenceURLWithContext:tableID:unitID:unitBytes: on <_UTDeclaredTypeRecord 0x600000c5ca20> to get the value for property referenceURL
2026-07-18 20:24:16.024 Db OMORI[13772:9d09] [com.apple.launchservices:record] Invoking selector parentTypeIdentifiersWithContext:tableID:unitID:unitBytes: on <_UTDeclaredTypeRecord 0x600000c5ca20> to get the value for property parentTypeIdentifiers
2026-07-18 20:24:16.024 Db OMORI[13772:9d09] [com.apple.launchservices:record] Invoking selector pedigreeWithContext:tableID:unitID:unitBytes: on <_UTDeclaredTypeRecord 0x600000c5ca20> to get the value for property pedigree
2026-07-18 20:24:16.025 Db OMORI[13772:9d09] [com.apple.launchservices:record] Invoking selector iconDictionaryWithContext:tableID:unitID:unitBytes: on <_UTDeclaredTypeRecord 0x600000c5ca20> to get the value for property iconDictionary
2026-07-18 20:24:16.025 Db OMORI[13772:9d09] [com.apple.launchservices:default] Got plist data 0x6000029315e0 for unit 78 from database 0x103855a00
2026-07-18 20:24:16.025 Db OMORI[13772:9d09] [com.apple.launchservices:default] Getting plist hint for data 0x6000029315e0
2026-07-18 20:24:16.025 Db OMORI[13772:9d09] [com.apple.launchservices:record] Invoking selector iconResourceBundleURLWithContext:tableID:unitID:unitBytes: on <_UTDeclaredTypeRecord 0x600000c5ca20> to get the value for property iconResourceBundleURL
2026-07-18 20:24:16.025 Db OMORI[13772:9d09] [com.apple.launchservices:record] Invoking selector _persistentIdentifierWithContext:tableID:unitID:unitBytes: on <_UTDeclaredTypeRecord 0x600000c5ca20> to get the value for property persistentIdentifier
2026-07-18 20:24:16.025 Db OMORI[13772:9d09] [com.apple.launchservices:record] Invoking selector _delegatePathWithContext:tableID:unitID:unitBytes: on <_UTDeclaredTypeRecord 0x600000c53540> to get the value for property _delegatePath
2026-07-18 20:24:16.025 Db OMORI[13772:9d09] [com.apple.launchservices:record] Invoking selector _declaringBundleBookmarkWithContext:tableID:unitID:unitBytes: on <_UTDeclaredTypeRecord 0x600000c53540> to get the value for property _declaringBundleBookmark
2026-07-18 20:24:16.026 Db OMORI[13772:9d09] [com.apple.launchservices:record] Invoking selector _declaringBundleRecordWithContext:tableID:unitID:unitBytes: on <_UTDeclaredTypeRecord 0x600000c53540> to get the value for property _declaringBundleRecord
2026-07-18 20:24:16.026 Db OMORI[13772:9d09] [com.apple.launchservices:record] Invoking selector _localizedDescriptionWithContext:tableID:unitID:unitBytes: on <_UTDeclaredTypeRecord 0x600000c53540> to get the value for property _localizedDescription
2026-07-18 20:24:16.026 Db OMORI[13772:9d09] [com.apple.launchservices:record] Invoking selector _rawFlagsWithContext:tableID:unitID:unitBytes: on <_UTDeclaredTypeRecord 0x600000c53540> to get the value for property _rawFlags
2026-07-18 20:24:16.026 Db OMORI[13772:9d09] [com.apple.launchservices:record] Invoking selector childTypeIdentifiersWithContext:tableID:unitID:unitBytes: on <_UTDeclaredTypeRecord 0x600000c53540> to get the value for property childTypeIdentifiers
2026-07-18 20:24:16.026 Db OMORI[13772:9d09] [com.apple.launchservices:record] Invoking selector declarationWithContext:tableID:unitID:unitBytes: on <_UTDeclaredTypeRecord 0x600000c53540> to get the value for property declaration
2026-07-18 20:24:16.026 Db OMORI[13772:9d09] [com.apple.launchservices:record] Invoking selector identifierWithContext:tableID:unitID:unitBytes: on <_UTDeclaredTypeRecord 0x600000c53540> to get the value for property identifier
2026-07-18 20:24:16.026 Db OMORI[13772:9d09] [com.apple.launchservices:record] Invoking selector versionWithContext:tableID:unitID:unitBytes: on <_UTDeclaredTypeRecord 0x600000c53540> to get the value for property version
2026-07-18 20:24:16.026 Db OMORI[13772:9d09] [com.apple.launchservices:record] Invoking selector tagSpecificationWithContext:tableID:unitID:unitBytes: on <_UTDeclaredTypeRecord 0x600000c53540> to get the value for property tagSpecification
2026-07-18 20:24:16.026 Db OMORI[13772:9d09] [com.apple.launchservices:record] Invoking selector referenceURLWithContext:tableID:unitID:unitBytes: on <_UTDeclaredTypeRecord 0x600000c53540> to get the value for property referenceURL
2026-07-18 20:24:16.027 Db OMORI[13772:9d09] [com.apple.launchservices:record] Invoking selector parentTypeIdentifiersWithContext:tableID:unitID:unitBytes: on <_UTDeclaredTypeRecord 0x600000c53540> to get the value for property parentTypeIdentifiers
2026-07-18 20:24:16.027 Db OMORI[13772:9d09] [com.apple.launchservices:record] Invoking selector pedigreeWithContext:tableID:unitID:unitBytes: on <_UTDeclaredTypeRecord 0x600000c53540> to get the value for property pedigree
2026-07-18 20:24:16.027 Db OMORI[13772:9d09] [com.apple.launchservices:record] Invoking selector iconDictionaryWithContext:tableID:unitID:unitBytes: on <_UTDeclaredTypeRecord 0x600000c53540> to get the value for property iconDictionary
2026-07-18 20:24:16.027 Db OMORI[13772:9d09] [com.apple.launchservices:record] Invoking selector iconResourceBundleURLWithContext:tableID:unitID:unitBytes: on <_UTDeclaredTypeRecord 0x600000c53540> to get the value for property iconResourceBundleURL
2026-07-18 20:24:16.027 Db OMORI[13772:9d09] [com.apple.launchservices:record] Invoking selector _persistentIdentifierWithContext:tableID:unitID:unitBytes: on <_UTDeclaredTypeRecord 0x600000c53540> to get the value for property persistentIdentifier
2026-07-18 20:24:16.027 Db OMORI[13772:9d09] [com.apple.launchservices:record] Invoking selector _delegatePathWithContext:tableID:unitID:unitBytes: on <_UTDeclaredTypeRecord 0x600000c5c870> to get the value for property _delegatePath
2026-07-18 20:24:16.027 Db OMORI[13772:9d09] [com.apple.launchservices:record] Invoking selector _declaringBundleBookmarkWithContext:tableID:unitID:unitBytes: on <_UTDeclaredTypeRecord 0x600000c5c870> to get the value for property _declaringBundleBookmark
2026-07-18 20:24:16.027 Db OMORI[13772:9d09] [com.apple.launchservices:record] Invoking selector _declaringBundleRecordWithContext:tableID:unitID:unitBytes: on <_UTDeclaredTypeRecord 0x600000c5c870> to get the value for property _declaringBundleRecord
2026-07-18 20:24:16.027 Db OMORI[13772:9d09] [com.apple.launchservices:record] Invoking selector _localizedDescriptionWithContext:tableID:unitID:unitBytes: on <_UTDeclaredTypeRecord 0x600000c5c870> to get the value for property _localizedDescription
2026-07-18 20:24:16.028 Db OMORI[13772:9de7] [com.apple.CFBundle:loading] dlfcn check load bundle CFBundle 0x600003b01f80 </Library/Developer/CoreSimulator/Volumes/iOS_22B81/Library/Developer/CoreSimulator/Profiles/Runtimes/iOS 18.1.simruntime/Contents/Resources/RuntimeRoot/System/Library/Frameworks/AudioToolbox.framework> (not loaded), dlopen of /Library/Developer/CoreSimulator/Volumes/iOS_22B81/Library/Developer/CoreSimulator/Profiles/Runtimes/iOS 18.1.simruntime/Contents/Resources/RuntimeRoot/System/Library/Frameworks/AudioToolbox.framework/AudioToolbox mode 0x115 getting handle 0x383211
2026-07-18 20:24:16.027 Db OMORI[13772:9d09] [com.apple.launchservices:record] Invoking selector _rawFlagsWithContext:tableID:unitID:unitBytes: on <_UTDeclaredTypeRecord 0x600000c5c870> to get the value for property _rawFlags
2026-07-18 20:24:16.028 Db OMORI[13772:9de7] [com.apple.CFBundle:plugin] PlugIn CFBundle 0x600003b01f80 </Library/Developer/CoreSimulator/Volumes/iOS_22B81/Library/Developer/CoreSimulator/Profiles/Runtimes/iOS 18.1.simruntime/Contents/Resources/RuntimeRoot/System/Library/Frameworks/AudioToolbox.framework> (framework, loaded) is now unscheduled for unloading
2026-07-18 20:24:16.028 Db OMORI[13772:9de7] [com.apple.CFBundle:loading] bundle CFBundle 0x600003b01f80 </Library/Developer/CoreSimulator/Volumes/iOS_22B81/Library/Developer/CoreSimulator/Profiles/Runtimes/iOS 18.1.simruntime/Contents/Resources/RuntimeRoot/System/Library/Frameworks/AudioToolbox.framework> (framework, loaded) handle 0x383211 dlsym returns symbol 0x19433b944 for AudioConverterGetProperty
2026-07-18 20:24:16.028 Db OMORI[13772:9de7] [com.apple.CFBundle:plugin] PlugIn CFBundle 0x600003b01f80 </Library/Developer/CoreSimulator/Volumes/iOS_22B81/Library/Developer/CoreSimulator/Profiles/Runtimes/iOS 18.1.simruntime/Contents/Resources/RuntimeRoot/System/Library/Frameworks/AudioToolbox.framework> (framework, loaded) is now unscheduled for unloading
2026-07-18 20:24:16.028 Db OMORI[13772:9de7] [com.apple.CFBundle:loading] bundle CFBundle 0x600003b01f80 </Library/Developer/CoreSimulator/Volumes/iOS_22B81/Library/Developer/CoreSimulator/Profiles/Runtimes/iOS 18.1.simruntime/Contents/Resources/RuntimeRoot/System/Library/Frameworks/AudioToolbox.framework> (framework, loaded) handle 0x383211 dlsym returns symbol 0x19433b9e0 for AudioConverterSetProperty
2026-07-18 20:24:16.028 Db OMORI[13772:9d09] [com.apple.launchservices:record] Invoking selector childTypeIdentifiersWithContext:tableID:unitID:unitBytes: on <_UTDeclaredTypeRecord 0x600000c5c870> to get the value for property childTypeIdentifiers
2026-07-18 20:24:16.028 Db OMORI[13772:9de7] [com.apple.CFBundle:plugin] PlugIn CFBundle 0x600003b01f80 </Library/Developer/CoreSimulator/Volumes/iOS_22B81/Library/Developer/CoreSimulator/Profiles/Runtimes/iOS 18.1.simruntime/Contents/Resources/RuntimeRoot/System/Library/Frameworks/AudioToolbox.framework> (framework, loaded) is now unscheduled for unloading
2026-07-18 20:24:16.028 Db OMORI[13772:9de7] [com.apple.CFBundle:loading] bundle CFBundle 0x600003b01f80 </Library/Developer/CoreSimulator/Volumes/iOS_22B81/Library/Developer/CoreSimulator/Profiles/Runtimes/iOS 18.1.simruntime/Contents/Resources/RuntimeRoot/System/Library/Frameworks/AudioToolbox.framework> (framework, loaded) handle 0x383211 dlsym returns symbol 0x194217880 for AudioFormatGetProperty
2026-07-18 20:24:16.028 Db OMORI[13772:9de7] [com.apple.CFBundle:plugin] PlugIn CFBundle 0x600003b01f80 </Library/Developer/CoreSimulator/Volumes/iOS_22B81/Library/Developer/CoreSimulator/Profiles/Runtimes/iOS 18.1.simruntime/Contents/Resources/RuntimeRoot/System/Library/Frameworks/AudioToolbox.framework> (framework, loaded) is now unscheduled for unloading
2026-07-18 20:24:16.028 Db OMORI[13772:9de7] [com.apple.CFBundle:loading] bundle CFBundle 0x600003b01f80 </Library/Developer/CoreSimulator/Volumes/iOS_22B81/Library/Developer/CoreSimulator/Profiles/Runtimes/iOS 18.1.simruntime/Contents/Resources/RuntimeRoot/System/Library/Frameworks/AudioToolbox.framework> (framework, loaded) handle 0x383211 dlsym returns symbol 0x194215b70 for AudioFormatGetPropertyInfo
2026-07-18 20:24:16.028 Db OMORI[13772:9d09] [com.apple.launchservices:record] Invoking selector declarationWithContext:tableID:unitID:unitBytes: on <_UTDeclaredTypeRecord 0x600000c5c870> to get the value for property declaration
2026-07-18 20:24:16.028 Db OMORI[13772:9de7] [com.apple.CFBundle:plugin] PlugIn CFBundle 0x600003b01f80 </Library/Developer/CoreSimulator/Volumes/iOS_22B81/Library/Developer/CoreSimulator/Profiles/Runtimes/iOS 18.1.simruntime/Contents/Resources/RuntimeRoot/System/Library/Frameworks/AudioToolbox.framework> (framework, loaded) is now unscheduled for unloading
2026-07-18 20:24:16.028 Db OMORI[13772:9d09] [com.apple.launchservices:record] Invoking selector identifierWithContext:tableID:unitID:unitBytes: on <_UTDeclaredTypeRecord 0x600000c5c870> to get the value for property identifier
2026-07-18 20:24:16.028 Db OMORI[13772:9de7] [com.apple.CFBundle:loading] bundle CFBundle 0x600003b01f80 </Library/Developer/CoreSimulator/Volumes/iOS_22B81/Library/Developer/CoreSimulator/Profiles/Runtimes/iOS 18.1.simruntime/Contents/Resources/RuntimeRoot/System/Library/Frameworks/AudioToolbox.framework> (framework, loaded) handle 0x383211 dlsym returns symbol 0x19433b3fc for AudioConverterDispose
2026-07-18 20:24:16.028 Db OMORI[13772:9de7] [com.apple.CFBundle:plugin] PlugIn CFBundle 0x600003b01f80 </Library/Developer/CoreSimulator/Volumes/iOS_22B81/Library/Developer/CoreSimulator/Profiles/Runtimes/iOS 18.1.simruntime/Contents/Resources/RuntimeRoot/System/Library/Frameworks/AudioToolbox.framework> (framework, loaded) is now unscheduled for unloading
2026-07-18 20:24:16.028 Db OMORI[13772:9de7] [com.apple.CFBundle:loading] bundle CFBundle 0x600003b01f80 </Library/Developer/CoreSimulator/Volumes/iOS_22B81/Library/Developer/CoreSimulator/Profiles/Runtimes/iOS 18.1.simruntime/Contents/Resources/RuntimeRoot/System/Library/Frameworks/AudioToolbox.framework> (framework, loaded) handle 0x383211 dlsym returns symbol 0x19433ae0c for AudioConverterNew
2026-07-18 20:24:16.028 Db OMORI[13772:9d09] [com.apple.launchservices:record] Invoking selector versionWithContext:tableID:unitID:unitBytes: on <_UTDeclaredTypeRecord 0x600000c5c870> to get the value for property version
2026-07-18 20:24:16.029 Db OMORI[13772:9d09] [com.apple.launchservices:record] Invoking selector tagSpecificationWithContext:tableID:unitID:unitBytes: on <_UTDeclaredTypeRecord 0x600000c5c870> to get the value for property tagSpecification
2026-07-18 20:24:16.029 Db OMORI[13772:9de7] [com.apple.CFBundle:plugin] PlugIn CFBundle 0x600003b01f80 </Library/Developer/CoreSimulator/Volumes/iOS_22B81/Library/Developer/CoreSimulator/Profiles/Runtimes/iOS 18.1.simruntime/Contents/Resources/RuntimeRoot/System/Library/Frameworks/AudioToolbox.framework> (framework, loaded) is now unscheduled for unloading
2026-07-18 20:24:16.029 Db OMORI[13772:9d09] [com.apple.launchservices:record] Invoking selector referenceURLWithContext:tableID:unitID:unitBytes: on <_UTDeclaredTypeRecord 0x600000c5c870> to get the value for property referenceURL
2026-07-18 20:24:16.029 Db OMORI[13772:9de7] [com.apple.CFBundle:loading] bundle CFBundle 0x600003b01f80 </Library/Developer/CoreSimulator/Volumes/iOS_22B81/Library/Developer/CoreSimulator/Profiles/Runtimes/iOS 18.1.simruntime/Contents/Resources/RuntimeRoot/System/Library/Frameworks/AudioToolbox.framework> (framework, loaded) handle 0x383211 dlsym returns symbol 0x1918aa838 for AudioGetSimulatorDeviceUID
2026-07-18 20:24:16.029 Db OMORI[13772:9d09] [com.apple.launchservices:record] Invoking selector parentTypeIdentifiersWithContext:tableID:unitID:unitBytes: on <_UTDeclaredTypeRecord 0x600000c5c870> to get the value for property parentTypeIdentifiers
2026-07-18 20:24:16.029 Db OMORI[13772:9d09] [com.apple.launchservices:record] Invoking selector pedigreeWithContext:tableID:unitID:unitBytes: on <_UTDeclaredTypeRecord 0x600000c5c870> to get the value for property pedigree
2026-07-18 20:24:16.029 Db OMORI[13772:9d09] [com.apple.launchservices:record] Invoking selector iconDictionaryWithContext:tableID:unitID:unitBytes: on <_UTDeclaredTypeRecord 0x600000c5c870> to get the value for property iconDictionary
2026-07-18 20:24:16.029 Db OMORI[13772:9d09] [com.apple.launchservices:default] Got plist data 0x6000029355e0 for unit 38 from database 0x103855a00
2026-07-18 20:24:16.029 Db OMORI[13772:9d09] [com.apple.launchservices:default] Getting plist hint for data 0x6000029355e0
2026-07-18 20:24:16.029 Db OMORI[13772:9d09] [com.apple.launchservices:record] Invoking selector iconResourceBundleURLWithContext:tableID:unitID:unitBytes: on <_UTDeclaredTypeRecord 0x600000c5c870> to get the value for property iconResourceBundleURL
2026-07-18 20:24:16.029 Db OMORI[13772:9d09] [com.apple.launchservices:record] Invoking selector _persistentIdentifierWithContext:tableID:unitID:unitBytes: on <_UTDeclaredTypeRecord 0x600000c5c870> to get the value for property persistentIdentifier
2026-07-18 20:24:16.029 Db OMORI[13772:9d09] [com.apple.launchservices:record] Invoking selector _persistentIdentifierWithContext:tableID:unitID:unitBytes: on <_LSLocalizedStringRecord 0x6000002801a0> to get the value for property persistentIdentifier
2026-07-18 20:24:16.029 Db OMORI[13772:9d09] [com.apple.launchservices:record] Invoking selector _allUnsanitizedStringValuesWithContext:tableID:unitID:unitBytes: on <_LSLocalizedStringRecord 0x6000002801a0> to get the value for property _allUnsanitizedStringValues
2026-07-18 20:24:16.029 Db OMORI[13772:9d09] [com.apple.launchservices:record] Invoking selector _missingBundleLocsWithContext:tableID:unitID:unitBytes: on <_LSLocalizedStringRecord 0x6000002801a0> to get the value for property _missingBundleLocs
2026-07-18 20:24:16.029 Db OMORI[13772:9d09] [com.apple.launchservices:record] Invoking selector _persistentIdentifierWithContext:tableID:unitID:unitBytes: on <_LSLocalizedStringRecord 0x6000002866a0> to get the value for property persistentIdentifier
