2026-07-18 20:24:15.889 Db OMORI[13772:9d09] [com.apple.UIKit:KeyboardVisualMode] useVisualModeWindowed: 0 (windowingModeEnabled: 0)
2026-07-18 20:24:15.890 E  OMORI[13772:9d09] [com.apple.WebKit:ResourceLoadStatistics] Failed to request restricted opener domains from WebPrivacy
2026-07-18 20:24:15.892 Db OMORI[13772:9d09] [com.apple.BackBoard:EventDelivery] no-op flush
2026-07-18 20:24:15.894 I  SpringBoard[11181:8484] [com.apple.FrontBoard:ProcessScene] [(FBSceneManager):sceneID:com.poring.omori.ru-default] Client settings updated with diff: <FBSSceneClientSettingsDiff: 0x6000018a98c0; UIApplicationSceneClientSettings> {
    subclassSettings = <BSSettingsDiff: 0x600000c4aee0> {
        controlCenterAmbiguousActivationMargin = 0;
    };
}
2026-07-18 20:24:15.894 Df OMORI[13772:9d09] [com.apple.WebKit:ProcessSuspension] 0x11000c990 - [PID=13778, throttler=0x110018188] ProcessThrottler::Activity::invalidate: Ending foreground activity / 'WebPageProxy::runJavaScriptInFrameInScriptWorld'
2026-07-18 20:24:15.896 Df OMORI[13772:9d09] Setting document root: /Users/runner/Library/Developer/CoreSimulator/Devices/CE505324-B3F4-4B42-8BC5-419D92D4505A/data/Containers/Bundle/Application/658B5E8B-9C1C-4254-A7F7-1CA6DE7F166E/OMORI.app/www/
2026-07-18 20:24:15.897 Df OMORI[13772:9d09] Started httpd on port 8081
2026-07-18 20:24:15.898 Df OMORI[13772:9d09] [com.apple.WebKit:ViewState] 0x104812200 (pageProxyID=17) -[WKWebView _didCommitLayerTree:] - received a commit (2) while deferring visible content rect updates (dynamicViewportUpdateMode 0, needsResetViewStateAfterCommitLoadForMainFrame 1 (wants commit 2), sizeChangedSinceLastVisibleContentRectUpdate 0, [_scrollView isZoomBouncing] 0, currentlyAdjustingScrollViewInsetsForKeyboard 0)
2026-07-18 20:24:15.912 Df OMORI[13772:9d09] [com.apple.RemoteTextInput:InputSessionChange] -[RTIInputSystemClient _beginSessionWithID:forServices:force:]  Begin text input session. sessionID = 78DB69AE-CBDB-4902-BD24-F3FBF2D5E47C, options = <RTISessionOptions: 0x6000002690c0; shouldResign = NO; animated = YES; offscreenDirection = 0; enhancedWindowingModeEnabled = NO
2026-07-18 20:24:15.913 I  OMORI[13772:9d09] [com.apple.runningboard:assertion] Acquiring assertion: <RBSAssertionDescriptor| "BSNSXPCTransport[C:3-1]" ID:(null) target:<<OS_xpc_endpoint: <endpoint>>>>
2026-07-18 20:24:15.918 Db OMORI[13772:9d09] [com.apple.runningboard:assertion] Adding assertion 11184-13772-638 to dictionary
2026-07-18 20:24:15.919 Df OMORI[13772:9d09] [com.apple.WebKit:TextInput] Stopped deferring input view updates (01)
2026-07-18 20:24:15.919 Db OMORI[13772:9d09] [com.apple.UIKit:InputSessionChange] Stopped pinning input views on behalf of responder: 0x103825600
2026-07-18 20:24:15.919 Df OMORI[13772:9d09] [com.apple.WebKit:ProcessSuspension] 0x11000d7a0 - [PID=13778, throttler=0x110018188] ProcessThrottler::Activity::Activity: Starting foreground activity / 'WebPageProxy::runJavaScriptInFrameInScriptWorld'
2026-07-18 20:24:15.919 Df OMORI[13772:9d09] [com.apple.WebKit:ViewState] 0x104812200 (pageProxyID=17) -[WKWebView _updateVisibleContentRects:] - performing first visible content rect update after deferring updates
2026-07-18 20:24:15.935 Db OMORI[13772:9d09] [com.apple.defaults:User Defaults] looked up value (
    "en-US"
) for key AppleLanguages in CFPrefsPlistSource<0x600002c08880> (Domain: kCFPreferencesAnyApplication, User: kCFPreferencesCurrentUser, ByHost: No, Container: /Users/runner/Library/Developer/CoreSimulator/Devices/CE505324-B3F4-4B42-8BC5-419D92D4505A/data, Contents Need Refresh: No) via CFPrefsSearchListSource<0x600002c05d80> (Domain: com.poring.omori.ru, Container: (null))
2026-07-18 20:24:15.941 Db OMORI[13772:9d09] [com.apple.defaults:User Defaults] CFPrefsManagedSource<0x600002c1dd80> (Domain: com.apple.EmojiPreferences, User: kCFPreferencesCurrentUser, ByHost: Yes, Container: (null), Contents Need Refresh: No) loaded: an empty base plist and no additional changes from the base plist
2026-07-18 20:24:15.941 Db OMORI[13772:9d09] [com.apple.defaults:User Defaults] CFPrefsManagedSource<0x600002c1da80> (Domain: com.apple.EmojiPreferences, User: kCFPreferencesAnyUser, ByHost: Yes, Container: (null), Contents Need Refresh: No) loaded: an empty base plist and no additional changes from the base plist
2026-07-18 20:24:15.941 Db OMORI[13772:9d09] [com.apple.defaults:User Defaults] CFPrefsPlistSource<0x600002c1c480> (Domain: com.apple.EmojiPreferences, User: kCFPreferencesCurrentUser, ByHost: No, Container: (null), Contents Need Refresh: No) loaded: a new base plist and no additional changes from the base plist
2026-07-18 20:24:15.941 Db OMORI[13772:9d09] [com.apple.defaults:User Defaults] CFPrefsPlistSource<0x600002c1df00> (Domain: com.apple.EmojiPreferences, User: kCFPreferencesCurrentUser, ByHost: No, Container: /Users/runner/Library/Developer/CoreSimulator/Devices/CE505324-B3F4-4B42-8BC5-419D92D4505A/data, Contents Need Refresh: No) loaded: a new base plist and no additional changes from the base plist
2026-07-18 20:24:15.941 Db OMORI[13772:9d09] [com.apple.defaults:User Defaults] CFPrefsPlistSource<0x600002c1aa80> (Domain: com.apple.EmojiPreferences, User: kCFPreferencesCurrentUser, ByHost: Yes, Container: (null), Contents Need Refresh: No) loaded: an empty base plist and no additional changes from the base plist
2026-07-18 20:24:15.941 Db OMORI[13772:9d09] [com.apple.defaults:User Defaults] looked up value {
} for key EMFDefaultsKey in CFPrefsPlistSource<0x600002c1c480> (Domain: com.apple.EmojiPreferences, User: kCFPreferencesCurrentUser, ByHost: No, Container: (null), Contents Need Refresh: No) via CFPrefsSearchListSource<0x600002c1c300> (Domain: com.apple.EmojiPreferences, Container: (null))
2026-07-18 20:24:15.950 Db OMORI[13772:9d09] [com.apple.CFBundle:resources] Language lookup at CFBundle 0x600003b18b60 </Library/Developer/CoreSimulator/Volumes/iOS_22B81/Library/Developer/CoreSimulator/Profiles/Runtimes/iOS 18.1.simruntime/Contents/Resources/RuntimeRoot/System/Library/PrivateFrameworks/CoreEmoji.framework> (not loaded)
	Localizations : [de, ur, he, en_AU, ar, el, ja, mr, sq, en, uk, es_419, zh_CN, pa, es, is, sl, pt_BR, da, et, it, bg, sk, kk, pt_PT, ms, ta, sv, cs, km, en_IN, ko, yue_CN, fil, hy, mn, my, no, hu, zh_HK, ka, tr, pl, zh_TW, es_US, en_GB, vi, lv, lo, lt, ru, fr_CA, uz, fr, fi, id, nl, th, az, bn, ro, hr, hi, ca, hi_Latn]
	Dev language  : en
	User prefs    : [en-US]
	Main bundle   : [en_US]
	Allow mixed   : 0 
	Result        : [en]
2026-07-18 20:24:15.950 Db OMORI[13772:9d09] [com.apple.CFBundle:resources] Resource lookup at CFBundle 0x600003b18b60 </Library/Developer/CoreSimulator/Volumes/iOS_22B81/Library/Developer/CoreSimulator/Profiles/Runtimes/iOS 18.1.simruntime/Contents/Resources/RuntimeRoot/System/Library/PrivateFrameworks/CoreEmoji.framework> (not loaded)
	Request       : emoji type: bitmap
	Result        : file:///Library/Developer/CoreSimulator/Volumes/iOS_22B81/Library/Developer/CoreSimulator/Profiles/Runtimes/iOS%2018.1.simruntime/Contents/Resources/RuntimeRoot/System/Library/PrivateFrameworks/CoreEmoji.framework/emoji.bitmap
2026-07-18 20:24:15.953 Db OMORI[13772:9d09] [com.apple.defaults:User Defaults] looked up value {
} for key EMFDefaultsKey in CFPrefsPlistSource<0x600002c1c480> (Domain: com.apple.EmojiPreferences, User: kCFPreferencesCurrentUser, ByHost: No, Container: (null), Contents Need Refresh: No) via CFPrefsSearchListSource<0x600002c1c300> (Domain: com.apple.EmojiPreferences, Container: (null))
2026-07-18 20:24:15.954 Db OMORI[13772:9d09] [com.apple.defaults:User Defaults] looked up value (
    "en-US"
) for key AppleLanguages in CFPrefsPlistSource<0x600002c08880> (Domain: kCFPreferencesAnyApplication, User: kCFPreferencesCurrentUser, ByHost: No, Container: /Users/runner/Library/Developer/CoreSimulator/Devices/CE505324-B3F4-4B42-8BC5-419D92D4505A/data, Contents Need Refresh: No) via CFPrefsSearchListSource<0x600002c05d80> (Domain: com.poring.omori.ru, Container: (null))
2026-07-18 20:24:15.954 I  OMORI[13772:9d09] [com.apple.UIKit:Assertions] Started tracking new assertion of type: 2
2026-07-18 20:24:15.954 Df OMORI[13772:9d09] [ios_compat] server up -> http://127.0.0.1:8081 ; redirecting
2026-07-18 20:24:15.954 Df OMORI[13772:9d09] [com.apple.WebKit:Loading] 0x10481f618 - [pageProxyID=17, webPageID=18, PID=13778] WebPageProxy::willPerformClientRedirectForFrame: frameID=1, isMainFrame=1
2026-07-18 20:24:15.954 Df OMORI[13772:9d09] [com.apple.WebKit:ProcessSuspension] 0x11000d7a0 - [PID=13778, throttler=0x110018188] ProcessThrottler::Activity::invalidate: Ending foreground activity / 'WebPageProxy::runJavaScriptInFrameInScriptWorld'
2026-07-18 20:24:15.955 Db OMORI[13772:9d09] [com.apple.defaults:User Defaults] found no value for key DidShowContinuousPathIntroduction in CFPrefsSearchListSource<0x600002c18700> (Domain: com.apple.keyboard.preferences, Container: (null))
2026-07-18 20:24:15.956 Db OMORI[13772:9d09] [com.apple.CFBundle:loading] dyld image path for pointer 0x199aaa2d8 is /Library/Developer/CoreSimulator/Volumes/iOS_22B81/Library/Developer/CoreSimulator/Profiles/Runtimes/iOS 18.1.simruntime/Contents/Resources/RuntimeRoot/System/Library/PrivateFrameworks/CoreMaterial.framework/CoreMaterial
2026-07-18 20:24:15.961 Db OMORI[13772:9d09] [com.apple.CFBundle:loading] dlfcn check load bundle CFBundle 0x600003b09dc0 </Library/Developer/CoreSimulator/Volumes/iOS_22B81/Library/Developer/CoreSimulator/Profiles/Runtimes/iOS 18.1.simruntime/Contents/Resources/RuntimeRoot/System/Library/PrivateFrameworks/CoreMaterial.framework> (not loaded), dlopen of /Library/Developer/CoreSimulator/Volumes/iOS_22B81/Library/Developer/CoreSimulator/Profiles/Runtimes/iOS 18.1.simruntime/Contents/Resources/RuntimeRoot/System/Library/PrivateFrameworks/CoreMaterial.framework/CoreMaterial mode 0x115 getting handle 0x12da21
2026-07-18 20:24:15.961 Db OMORI[13772:9d09] [com.apple.CFBundle:resources] Language lookup at CFBundle 0x600003b09dc0 </Library/Developer/CoreSimulator/Volumes/iOS_22B81/Library/Developer/CoreSimulator/Profiles/Runtimes/iOS 18.1.simruntime/Contents/Resources/RuntimeRoot/System/Library/PrivateFrameworks/CoreMaterial.framework> (framework, loaded)
	Localizations : [English]
	Dev language  : English
	User prefs    : [en-US]
	Main bundle   : [en_US]
	Allow mixed   : 0 
	Result        : [English]
2026-07-18 20:24:15.962 Db OMORI[13772:9d09] [com.apple.CFBundle:resources] Resource lookup at CFBundle 0x600003b09dc0 </Library/Developer/CoreSimulator/Volumes/iOS_22B81/Library/Developer/CoreSimulator/Profiles/Runtimes/iOS 18.1.simruntime/Contents/Resources/RuntimeRoot/System/Library/PrivateFrameworks/CoreMaterial.framework> (framework, loaded)
	Request       :  type: materialrecipe
	Result        : knowledgePlattersSheerDark.materialrecipe -- file:///Library/Developer/CoreSimulator/Volumes/iOS_22B81/Library/Developer/CoreSimulator/Profiles/Runtimes/iOS%2018.1.simruntime/Contents/Resources/RuntimeRoot/System/Library/PrivateFrameworks/CoreMaterial.framework/, platformContentUltraThinLight.materialrecipe -- file:///Library/Developer/CoreSimulator/Volumes/iOS_22B81/Library/Developer/CoreSimulator/Profiles/Runtimes/iOS%2018.1.simruntime/Contents/Resources/RuntimeRoot/System/Library/PrivateFrameworks/CoreMaterial.framework/, ambientCompact.materialrecipe -- file:///Library/Developer/CoreSimulator/Volumes/iOS_22B81/Library/Developer/CoreSimulator/Profiles/Runtimes/iOS%2018.1.simruntime/Contents/Resources/RuntimeRoot/Sy<…>
2026-07-18 20:24:15.962 Db OMORI[13772:9d09] [com.apple.CFBundle:resources] Resource lookup at CFBundle 0x600003b09dc0 </Library/Developer/CoreSimulator/Volumes/iOS_22B81/Library/Developer/CoreSimulator/Profiles/Runtimes/iOS 18.1.simruntime/Contents/Resources/RuntimeRoot/System/Library/PrivateFrameworks/CoreMaterial.framework> (framework, loaded)
	Request       :  type: descendantrecipe
	Result        : platformContentThickLightShadowed.descendantrecipe -- file:///Library/Developer/CoreSimulator/Volumes/iOS_22B81/Library/Developer/CoreSimulator/Profiles/Runtimes/iOS%2018.1.simruntime/Contents/Resources/RuntimeRoot/System/Library/PrivateFrameworks/CoreMaterial.framework/, modulesSheer.descendantrecipe -- file:///Library/Developer/CoreSimulator/Volumes/iOS_22B81/Library/Developer/CoreSimulator/Profiles/Runtimes/iOS%2018.1.simruntime/Contents/Resources/RuntimeRoot/System/Library/PrivateFrameworks/CoreMaterial.framework/, modulesBackgroundSheer.descendantrecipe -- file:///Library/Developer/CoreSimulator/Volumes/iOS_22B81/Library/Developer/CoreSimulator/Profiles/Runtimes/iOS%2018.1.simruntime/Contents/Resources/RuntimeR<…>
2026-07-18 20:24:15.962 Db OMORI[13772:9d09] [com.apple.CFBundle:resources] Resource lookup at CFBundle 0x600003b09dc0 </Library/Developer/CoreSimulator/Volumes/iOS_22B81/Library/Developer/CoreSimulator/Profiles/Runtimes/iOS 18.1.simruntime/Contents/Resources/RuntimeRoot/System/Library/PrivateFrameworks/CoreMaterial.framework> (framework, loaded)
	Request       : platformContentLight type: descendantrecipe
	Result        : None
2026-07-18 20:24:15.962 Db OMORI[13772:9d09] [com.apple.CFBundle:resources] Resource lookup at CFBundle 0x600003b09dc0 </Library/Developer/CoreSimulator/Volumes/iOS_22B81/Library/Developer/CoreSimulator/Profiles/Runtimes/iOS 18.1.simruntime/Contents/Resources/RuntimeRoot/System/Library/PrivateFrameworks/CoreMaterial.framework> (framework, loaded)
	Request       : platformContentLight type: materialrecipe
	Result        : file:///Library/Developer/CoreSimulator/Volumes/iOS_22B81/Library/Developer/CoreSimulator/Profiles/Runtimes/iOS%2018.1.simruntime/Contents/Resources/RuntimeRoot/System/Library/PrivateFrameworks/CoreMaterial.framework/platformContentLight.materialrecipe
2026-07-18 20:24:15.965 Db OMORI[13772:9d09] [com.apple.CFBundle:resources] Resource lookup at CFBundle 0x600003b09960 </Library/Developer/CoreSimulator/Volumes/iOS_22B81/Library/Developer/CoreSimulator/Profiles/Runtimes/iOS 18.1.simruntime/Contents/Resources/RuntimeRoot/System/Library/PrivateFrameworks/UIKitCore.framework/Artwork.bundle> (not loaded)
	Request       : UIKeyboardContinuousPathIntroductionLight type: mov
	Result        : file:///Library/Developer/CoreSimulator/Volumes/iOS_22B81/Library/Developer/CoreSimulator/Profiles/Runtimes/iOS%2018.1.simruntime/Contents/Resources/RuntimeRoot/System/Library/PrivateFrameworks/UIKitCore.framework/Artwork.bundle/UIKeyboardContinuousPathIntroductionLight.mov
2026-07-18 20:24:15.970 Db OMORI[13772:9d09] [com.apple.defaults:User Defaults] CFPrefsManagedSource<0x600002c22d80> (Domain: com.apple.coremedia, User: kCFPreferencesCurrentUser, ByHost: Yes, Container: (null), Contents Need Refresh: No) loaded: an empty base plist and no additional changes from the base plist
2026-07-18 20:24:15.970 Db OMORI[13772:9d09] [com.apple.defaults:User Defaults] CFPrefsManagedSource<0x600002c22e00> (Domain: com.apple.coremedia, User: kCFPreferencesAnyUser, ByHost: Yes, Container: (null), Contents Need Refresh: No) loaded: an empty base plist and no additional changes from the base plist
2026-07-18 20:24:15.970 Db OMORI[13772:9d09] [com.apple.defaults:User Defaults] CFPrefsPlistSource<0x600002c22d00> (Domain: com.apple.coremedia, User: kCFPreferencesCurrentUser, ByHost: No, Container: (null), Contents Need Refresh: No) loaded: an empty base plist and no additional changes from the base plist
2026-07-18 20:24:15.970 Db OMORI[13772:9d09] [com.apple.defaults:User Defaults] CFPrefsPlistSource<0x600002c22f80> (Domain: com.apple.coremedia, User: kCFPreferencesCurrentUser, ByHost: No, Container: /Users/runner/Library/Developer/CoreSimulator/Devices/CE505324-B3F4-4B42-8BC5-419D92D4505A/data, Contents Need Refresh: No) loaded: an empty base plist and no additional changes from the base plist
2026-07-18 20:24:15.970 Db OMORI[13772:9d09] [com.apple.defaults:User Defaults] CFPrefsPlistSource<0x600002c23080> (Domain: com.apple.coremedia, User: kCFPreferencesCurrentUser, ByHost: Yes, Container: (null), Contents Need Refresh: No) loaded: an empty base plist and no additional changes from the base plist
2026-07-18 20:24:15.970 Db OMORI[13772:9d09] [com.apple.defaults:User Defaults] found no value for key fig_notes in CFPrefsSearchListSource<0x600002c22c80> (Domain: com.apple.coremedia, Container: (null))
2026-07-18 20:24:15.970 Db OMORI[13772:9d09] [com.apple.defaults:User Defaults] found no value for key automatic_fig_notes in CFPrefsSearchListSource<0x600002c22c80> (Domain: com.apple.coremedia, Container: (null))
2026-07-18 20:24:15.971 Db OMORI[13772:9d09] [com.apple.defaults:User Defaults] CFPrefsManagedSource<0x600002c29c80> (Domain: com.apple.avfoundation, User: kCFPreferencesCurrentUser, ByHost: Yes, Container: (null), Contents Need Refresh: No) loaded: an empty base plist and no additional changes from the base plist
2026-07-18 20:24:15.971 Db OMORI[13772:9d09] [com.apple.defaults:User Defaults] CFPrefsManagedSource<0x600002c29d00> (Domain: com.apple.avfoundation, User: kCFPreferencesAnyUser, ByHost: Yes, Container: (null), Contents Need Refresh: No) loaded: an empty base plist and no additional changes from the base plist
2026-07-18 20:24:15.971 Db OMORI[13772:9d09] [com.apple.defaults:User Defaults] CFPrefsPlistSource<0x600002c29c00> (Domain: com.apple.avfoundation, User: kCFPreferencesCurrentUser, ByHost: No, Container: (null), Contents Need Refresh: No) loaded: an empty base plist and no additional changes from the base plist
2026-07-18 20:24:15.971 Db OMORI[13772:9d09] [com.apple.defaults:User Defaults] CFPrefsPlistSource<0x600002c29e80> (Domain: com.apple.avfoundation, User: kCFPreferencesCurrentUser, ByHost: No, Container: /Users/runner/Library/Developer/CoreSimulator/Devices/CE505324-B3F4-4B42-8BC5-419D92D4505A/data, Contents Need Refresh: No) loaded: an empty base plist and no additional changes from the base plist
2026-07-18 20:24:15.971 Db OMORI[13772:9d09] [com.apple.defaults:User Defaults] CFPrefsPlistSource<0x600002c29f80> (Domain: com.apple.avfoundation, User: kCFPreferencesCurrentUser, ByHost: Yes, Container: (null), Contents Need Refresh: No) loaded: an empty base plist and no additional changes from the base plist
2026-07-18 20:24:15.971 Db OMORI[13772:9d09] [com.apple.defaults:User Defaults] found no value for key assetinspectorloader_trace in CFPrefsSearchListSource<0x600002c29b80> (Domain: com.apple.avfoundation, Container: (null))
2026-07-18 20:24:15.971 Db OMORI[13772:9d09] [com.apple.defaults:User Defaults] found no value for key assetinspectorloader_trace in CFPrefsSearchListSource<0x600002c29b80> (Domain: com.apple.avfoundation, Container: (null))
2026-07-18 20:24:15.971 Db OMORI[13772:9d09] [com.apple.defaults:User Defaults] found no value for key logurls in CFPrefsSearchListSource<0x600002c22c80> (Domain: com.apple.coremedia, Container: (null))
2026-07-18 20:24:15.972 Df OMORI[13772:9d09] [com.apple.coremedia:] <<< URLAsset >>> FigAssetCreateWithURL: Called for asset 0x6000017484c0 by client [], url [0x60000260a7c0] <redacted> createFlags 0x8 optionsDict (null)
2026-07-18 20:24:15.972 Db OMORI[13772:9d09] [com.apple.defaults:User Defaults] found no value for key figdispatchutilities_trace in CFPrefsSearchListSource<0x600002c22c80> (Domain: com.apple.coremedia, Container: (null))
2026-07-18 20:24:15.972 Db OMORI[13772:9d09] [com.apple.defaults:User Defaults] found no value for key figdispatchutilities_trace in CFPrefsSearchListSource<0x600002c22c80> (Domain: com.apple.coremedia, Container: (null))
2026-07-18 20:24:15.972 Df OMORI[13772:9d09] [com.apple.coremedia:playback-memory] <<< FigDispatchUtilities >>> FigOSTransactionCreateWithProcessName: [Fig Transaction] Added transaction weak reference holder <0x6000002544a0>: 1784406255 URLAsset withURL 13772:OMORI file://<redacted>
2026-07-18 20:24:15.976 Db OMORI[13772:9d09] [com.apple.defaults:User Defaults] found no value for key curl_handling_trace in CFPrefsSearchListSource<0x600002c22c80> (Domain: com.apple.coremedia, Container: (null))
2026-07-18 20:24:15.976 Db OMORI[13772:9d09] [com.apple.defaults:User Defaults] found no value for key curl_handling_trace in CFPrefsSearchListSource<0x600002c22c80> (Domain: com.apple.coremedia, Container: (null))
2026-07-18 20:24:15.976 Df OMORI[13772:9d09] [com.apple.coremedia:] <<<< FigCustomURLHandling >>>> FigCustomURLLoaderCreate: newLoader: 0x60000260e520
2026-07-18 20:24:15.976 Df OMORI[13772:9d09] [com.apple.coremedia:] <<<< FigCustomURLHandling >>>> FigCustomURLHandlerCreate: newHandler: com.apple.avfoundation.customurl.cfurlconnection.0x600002c02e00 options: (null)
2026-07-18 20:24:15.976 Df OMORI[13772:9d09] [com.apple.coremedia:] <<<< FigCustomURLHandling >>>> curll_installHandler: 0x60000260e540: handler: 0x600002c02e00 priority: 100
2026-07-18 20:24:15.976 Df OMORI[13772:9d09] [com.apple.coremedia:] <<<< FigCustomURLHandling >>>> FigCustomURLHandlerCreate: newHandler: com.apple.avfoundation.authkeychain.0x600002c03580 options: (null)
2026-07-18 20:24:15.976 Df OMORI[13772:9d09] [com.apple.coremedia:] <<<< FigCustomURLHandling >>>> curll_installHandler: 0x60000260e540: handler: 0x600002c03580 priority: 800
2026-07-18 20:24:15.978 Db OMORI[13772:9d09] [com.apple.defaults:User Defaults] found no value for key avplayeritem_trace in CFPrefsSearchListSource<0x600002c29b80> (Domain: com.apple.avfoundation, Container: (null))
2026-07-18 20:24:15.978 Db OMORI[13772:9d09] [com.apple.defaults:User Defaults] found no value for key avplayeritem_trace in CFPrefsSearchListSource<0x600002c29b80> (Domain: com.apple.avfoundation, Container: (null))
2026-07-18 20:24:15.980 Db OMORI[13772:9d09] [com.apple.defaults:User Defaults] found no value for key timebase_trace in CFPrefsSearchListSource<0x600002c22c80> (Domain: com.apple.coremedia, Container: (null))
2026-07-18 20:24:15.981 Db OMORI[13772:9d09] [com.apple.defaults:User Defaults] found no value for key timebase_trace in CFPrefsSearchListSource<0x600002c22c80> (Domain: com.apple.coremedia, Container: (null))
2026-07-18 20:24:15.983 Db OMORI[13772:9d09] [com.apple.defaults:User Defaults] found no value for key avplayer_trace in CFPrefsSearchListSource<0x600002c29b80> (Domain: com.apple.avfoundation, Container: (null))
2026-07-18 20:24:15.983 Db OMORI[13772:9d09] [com.apple.defaults:User Defaults] found no value for key avplayer_trace in CFPrefsSearchListSource<0x600002c29b80> (Domain: com.apple.avfoundation, Container: (null))
2026-07-18 20:24:15.984 Db OMORI[13772:9d09] [com.apple.defaults:User Defaults] found no value for key AvoidConcurrentKVOForAVPlayerCurrentItem in CFPrefsSearchListSource<0x600002c29b80> (Domain: com.apple.avfoundation, Container: (null))
2026-07-18 20:24:15.984 Db OMORI[13772:9d09] [com.apple.defaults:User Defaults] found no value for key avblockserializer_trace in CFPrefsSearchListSource<0x600002c29b80> (Domain: com.apple.avfoundation, Container: (null))
2026-07-18 20:24:15.984 Db OMORI[13772:9d09] [com.apple.defaults:User Defaults] found no value for key avblockserializer_trace in CFPrefsSearchListSource<0x600002c29b80> (Domain: com.apple.avfoundation, Container: (null))
2026-07-18 20:24:15.987 Db OMORI[13772:9d09] [com.apple.defaults:User Defaults] found no value for key avplaybackcoordinator_trace in CFPrefsSearchListSource<0x600002c29b80> (Domain: com.apple.avfoundation, Container: (null))
2026-07-18 20:24:15.987 Db OMORI[13772:9d09] [com.apple.defaults:User Defaults] found no value for key avplaybackcoordinator_trace in CFPrefsSearchListSource<0x600002c29b80> (Domain: com.apple.avfoundation, Container: (null))
2026-07-18 20:24:15.987 Db OMORI[13772:9d09] [com.apple.defaults:User Defaults] found no value for key avapplicationstatemonitor_trace in CFPrefsSearchListSource<0x600002c29b80> (Domain: com.apple.avfoundation, Container: (null))
2026-07-18 20:24:15.987 Db OMORI[13772:9d09] [com.apple.defaults:User Defaults] found no value for key avapplicationstatemonitor_trace in CFPrefsSearchListSource<0x600002c29b80> (Domain: com.apple.avfoundation, Container: (null))
2026-07-18 20:24:15.988 Db OMORI[13772:9d09] [com.apple.runningboard:process] Decoded RBSProcessHandle with IPC ID 126419b1000035cc
2026-07-18 20:24:15.989 Df OMORI[13772:9d09] [com.apple.runningboard:process] Hit the server for a process handle 126419b1000035cc that resolved to: [app<com.poring.omori.ru((null))>:13772]
2026-07-18 20:24:15.990 Db OMORI[13772:9d09] [com.apple.defaults:User Defaults] found no value for key avplayer_logperformance in CFPrefsSearchListSource<0x600002c29b80> (Domain: com.apple.avfoundation, Container: (null))
2026-07-18 20:24:15.990 Df OMORI[13772:9d09] [com.apple.coremedia:] <<<< AVPlayer >>>> -[AVPlayer _insertItem:afterItem:]: currentItem KVO: P/CE called with I/NOU.01 (afterItem = (null))
2026-07-18 20:24:15.990 Df OMORI[13772:9d09] [com.apple.coremedia:] <<<< AVPlayer >>>> -[AVPlayer _runOnIvarAccessQueueOperationThatMayChangeCurrentItemWithPreflightBlock:modificationBlock:error:]_block_invoke_2: currentItem KVO: P/CE will willChange AVPlayer.currentItem
2026-07-18 20:24:15.990 Df OMORI[13772:9d09] [com.apple.coremedia:] <<<< AVPlayer >>>> -[AVPlayer _runOnIvarAccessQueueOperationThatMayChangeCurrentItemWithPreflightBlock:modificationBlock:error:]_block_invoke: currentItem KVO: P/CE did willChange AVPlayer.currentItem
2026-07-18 20:24:15.990 Df OMORI[13772:9d09] [com.apple.coremedia:] <<<< AVPlayer >>>> -[AVPlayer _setCurrentItem:]: currentItem KVO: P/CE updating current item from (null) to I/NOU.01
2026-07-18 20:24:15.991 Df OMORI[13772:9d09] [com.apple.coremedia:] <<<< AVPlayer >>>> -[AVPlayer _runOnIvarAccessQueueOperationThatMayChangeCurrentItemWithPreflightBlock:modificationBlock:error:]_block_invoke: P/CE setting timeControlStatus=0, reasonForWaitingToPlay=(null)
2026-07-18 20:24:15.992 Df OMORI[13772:9d09] [com.apple.coremedia:] <<<< AVPlayer >>>> -[AVPlayer _runOnIvarAccessQueueOperationThatMayChangeCurrentItemWithPreflightBlock:modificationBlock:error:]_block_invoke: currentItem KVO: P/CE will didChange AVPlayer.currentItem
2026-07-18 20:24:15.992 Df OMORI[13772:9d09] [com.apple.coremedia:] <<<< AVPlayer >>>> -[AVPlayer _runOnIvarAccessQueueOperationThatMayChangeCurrentItemWithPreflightBlock:modificationBlock:error:]_block_invoke: currentItem KVO: P/CE did didChange AVPlayer.currentItem
2026-07-18 20:24:15.992 Df OMORI[13772:9d09] [com.apple.coremedia:] <<<< AVAssetInspectorLoader >>>> -[AVFigAssetInspectorLoader loadValuesAsynchronouslyForKeys:keysForCollectionKeys:completionHandler:]: called (self: 0x600002934540, keys: (
    streaming
), keysForCollectionKeys: (null), handler: non-nil)
2026-07-18 20:24:15.992 Df OMORI[13772:9d09] [com.apple.coremedia:] <<<< AVAssetInspectorLoader >>>> -[AVFigAssetInspectorLoader loadValuesAsynchronouslyForKeys:keysForCollectionKeys:completionHandler:]: Calling FigAssetLoadValuesAsyncForProperties for properties (
    "assetProperty_AssetType"
)
2026-07-18 20:24:15.992 Df OMORI[13772:9d09] [com.apple.coremedia:] <<<< AVAssetInspectorLoader >>>> -[AVFigAssetInspectorLoader loadValuesAsynchronouslyForKeys:keysForCollectionKeys:completionHandler:]: Batch 0x60000027c580: asset batch ID = 1 (err=0, alreadyLoaded=0)
2026-07-18 20:24:15.992 Df OMORI[13772:9d09] [com.apple.coremedia:] <<<< AVAssetInspectorLoader >>>> -[AVFigAssetInspectorLoader loadValuesAsynchronouslyForKeys:keysForCollectionKeys:completionHandler:]: called (self: 0x600002934540, keys: (
    duration
), keysForCollectionKeys: (null), handler: non-nil)
2026-07-18 20:24:15.992 Db OMORI[13772:9de7] [com.apple.defaults:User Defaults] found no value for key figfile_trace in CFPrefsSearchListSource<0x600002c22c80> (Domain: com.apple.coremedia, Container: (null))
2026-07-18 20:24:15.992 Df OMORI[13772:9d09] [com.apple.coremedia:] <<<< AVAssetInspectorLoader >>>> -[AVFigAssetInspectorLoader loadValuesAsynchronouslyForKeys:keysForCollectionKeys:completionHandler:]: Calling FigAssetLoadValuesAsyncForProperties for properties (
    Duration
)
2026-07-18 20:24:15.992 Db OMORI[13772:9de7] [com.apple.defaults:User Defaults] found no value for key figfile_trace in CFPrefsSearchListSource<0x600002c22c80> (Domain: com.apple.coremedia, Container: (null))
2026-07-18 20:24:15.992 Df OMORI[13772:9d09] [com.apple.coremedia:] <<<< AVAssetInspectorLoader >>>> -[AVFigAssetInspectorLoader loadValuesAsynchronouslyForKeys:keysForCollectionKeys:completionHandler:]: Batch 0x60000027c820: asset batch ID = 2 (err=0, alreadyLoaded=0)
2026-07-18 20:24:15.998 Df OMORI[13772:9de9] [com.apple.coremedia:] <<<< AVAssetInspectorLoader >>>> handleFigAssetLoadingNotification: Received kFigAssetNotification_BatchPropertyLoadComplete (payload: {
    "assetPayload_BatchID" = 1;
})
2026-07-18 20:24:15.999 Df OMORI[13772:9de9] [com.apple.coremedia:] <<<< AVAssetInspectorLoader >>>> handleFigAssetLoadingNotification_block_invoke: Batch 0x60000027c580: Marking asset batch ID 1 as complete
2026-07-18 20:24:15.999 Df OMORI[13772:9de9] [com.apple.coremedia:] <<<< AVAssetInspectorLoader >>>> -[AVFigAssetInspectorLoader _invokeCompletionHandlerForLoadingBatches:]: Batch 0x60000027c580: dispatching completion handler
2026-07-18 20:24:15.999 Db OMORI[13772:9de7] [com.apple.defaults:User Defaults] found no value for key CombinedAudioFormatReader in CFPrefsPlistSource<0x600002c22d00> (Domain: com.apple.coremedia, User: kCFPreferencesCurrentUser, ByHost: No, Container: (null), Contents Need Refresh: No)
2026-07-18 20:24:16.004 Db OMORI[13772:9d12] [com.apple.defaults:User Defaults] found no value for key MACaptionActiveProfile in CFPrefsSearchListSource<0x600002c10700> (Domain: com.apple.mediaaccessibility, Container: (null))
2026-07-18 20:24:16.004 Db OMORI[13772:9d12] [com.apple.defaults:User Defaults] found no value for key MACaptionDefaultActiveProfile in CFPrefsSearchListSource<0x600002c10700> (Domain: com.apple.mediaaccessibility, Container: (null))
2026-07-18 20:24:16.004 Db OMORI[13772:9d12] [com.apple.defaults:User Defaults] found no value for key MACaptionProfile-Default in CFPrefsSearchListSource<0x600002c10700> (Domain: com.apple.mediaaccessibility, Container: (null))
2026-07-18 20:24:16.004 Db OMORI[13772:9d12] [com.apple.defaults:User Defaults] found no value for key MACaptionProfile-Default in CFPrefsSearchListSource<0x600002c10700> (Domain: com.apple.mediaaccessibility, Container: (null))
2026-07-18 20:24:16.004 Db OMORI[13772:9d12] [com.apple.defaults:User Defaults] found no value for key MACaptionActiveProfile in CFPrefsSearchListSource<0x600002c10700> (Domain: com.apple.mediaaccessibility, Container: (null))
2026-07-18 20:24:16.004 Db OMORI[13772:9d12] [com.apple.defaults:User Defaults] found no value for key MACaptionDefaultActiveProfile in CFPrefsSearchListSource<0x600002c10700> (Domain: com.apple.mediaaccessibility, Container: (null))
2026-07-18 20:24:16.005 Db OMORI[13772:9de7] [com.apple.defaults:User Defaults] found no value for key zero_size_terminator_atom in CFPrefsSearchListSource<0x600002c22c80> (Domain: com.apple.coremedia, Container: (null))
2026-07-18 20:24:16.005 Db OMORI[13772:9de7] [com.apple.CFBundle:loading] dyld image path for pointer 0x18adcf5a8 is /Library/Developer/CoreSimulator/Volumes/iOS_22B81/Library/Developer/CoreSimulator/Profiles/Runtimes/iOS 18.1.simruntime/Contents/Resources/RuntimeRoot/System/Library/Frameworks/CoreMedia.framework/CoreMedia
2026-07-18 20:24:16.004 Db OMORI[13772:9d12] [com.apple.defaults:User Defaults] found no value for key MACaptionProfile-Default in CFPrefsSearchListSource<0x600002c10700> (Domain: com.apple.mediaaccessibility, Container: (null))
2026-07-18 20:24:16.006 Db OMORI[13772:9d12] [com.apple.defaults:User Defaults] found no value for key MACaptionProfile-Default in CFPrefsSearchListSource<0x600002c10700> (Domain: com.apple.mediaaccessibility, Container: (null))
2026-07-18 20:24:16.006 Db OMORI[13772:9d12] [com.apple.defaults:User Defaults] found no value for key MACaptionActiveProfile in CFPrefsSearchListSource<0x600002c10700> (Domain: com.apple.mediaaccessibility, Container: (null))
2026-07-18 20:24:16.006 Db OMORI[13772:9d12] [com.apple.defaults:User Defaults] found no value for key MACaptionDefaultActiveProfile in CFPrefsSearchListSource<0x600002c10700> (Domain: com.apple.mediaaccessibility, Container: (null))
2026-07-18 20:24:16.006 Db OMORI[13772:9d12] [com.apple.defaults:User Defaults] found no value for key MACaptionProfile-Default in CFPrefsSearchListSource<0x600002c10700> (Domain: com.apple.mediaaccessibility, Container: (null))
2026-07-18 20:24:16.006 Db OMORI[13772:9d12] [com.apple.defaults:User Defaults] found no value for key MACaptionProfile-Default in CFPrefsSearchListSource<0x600002c10700> (Domain: com.apple.mediaaccessibility, Container: (null))
2026-07-18 20:24:16.006 Db OMORI[13772:9d12] [com.apple.defaults:User Defaults] found no value for key MACaptionActiveProfile in CFPrefsSearchListSource<0x600002c10700> (Domain: com.apple.mediaaccessibility, Container: (null))
2026-07-18 20:24:16.007 Db OMORI[13772:9d12] [com.apple.defaults:User Defaults] found no value for key MACaptionDefaultActiveProfile in CFPrefsSearchListSource<0x600002c10700> (Domain: com.apple.mediaaccessibility, Container: (null))
2026-07-18 20:24:16.007 Db OMORI[13772:9d12] [com.apple.defaults:User Defaults] found no value for key MACaptionProfile-Default in CFPrefsSearchListSource<0x600002c10700> (Domain: com.apple.mediaaccessibility, Container: (null))
2026-07-18 20:24:16.007 Db OMORI[13772:9d12] [com.apple.defaults:User Defaults] found no value for key MACaptionProfile-Default in CFPrefsSearchListSource<0x600002c10700> (Domain: com.apple.mediaaccessibility, Container: (null))
2026-07-18 20:24:16.008 Db OMORI[13772:9d12] [com.apple.defaults:User Defaults] found no value for key MACaptionActiveProfile in CFPrefsSearchListSource<0x600002c10700> (Domain: com.apple.mediaaccessibility, Container: (null))
2026-07-18 20:24:16.008 Db OMORI[13772:9d12] [com.apple.defaults:User Defaults] found no value for key MACaptionDefaultActiveProfile in CFPrefsSearchListSource<0x600002c10700> (Domain: com.apple.mediaaccessibility, Container: (null))
2026-07-18 20:24:16.008 Df OMORI[13772:9d09] [com.apple.coremedia:] <<<< AVPlayer >>>> -[AVPlayer _advanceToNextItem]: currentItem KVO: P/CE called
2026-07-18 20:24:16.008 Df OMORI[13772:9d09] [com.apple.coremedia:] <<<< AVPlayer >>>> -[AVPlayer _runOnIvarAccessQueueOperationThatMayChangeCurrentItemWithPreflightBlock:modificationBlock:error:]_block_invoke_2: currentItem KVO: P/CE will willChange AVPlayer.currentItem
2026-07-18 20:24:16.008 Db OMORI[13772:9d12] [com.apple.defaults:User Defaults] found no value for key MACaptionProfile-Default in CFPrefsSearchListSource<0x600002c10700> (Domain: com.apple.mediaaccessibility, Container: (null))
2026-07-18 20:24:16.009 Df OMORI[13772:9d09] [com.apple.coremedia:] <<<< AVPlayer >>>> -[AVPlayer _runOnIvarAccessQueueOperationThatMayChangeCurrentItemWithPreflightBlock:modificationBlock:error:]_block_invoke: currentItem KVO: P/CE did willChange AVPlayer.currentItem
2026-07-18 20:24:16.009 Db OMORI[13772:9d12] [com.apple.defaults:User Defaults] found no value for key MACaptionProfile-Default in CFPrefsSearchListSource<0x600002c10700> (Domain: com.apple.mediaaccessibility, Container: (null))
2026-07-18 20:24:16.009 Df OMORI[13772:9d09] [com.apple.coremedia:] <<<< AVPlayer >>>> -[AVPlayer _setCurrentItem:]: currentItem KVO: P/CE updating current item from I/NOU.01 to (null)
2026-07-18 20:24:16.009 Df OMORI[13772:9d09] [com.apple.coremedia:] <<<< AVPlayer >>>> -[AVPlayer _runOnIvarAccessQueueOperationThatMayChangeCurrentItemWithPreflightBlock:modificationBlock:error:]_block_invoke: P/CE setting timeControlStatus=0, reasonForWaitingToPlay=(null)
2026-07-18 20:24:16.009 Df OMORI[13772:9d09] [com.apple.coremedia:] <<<< AVPlayer >>>> -[AVPlayer _runOnIvarAccessQueueOperationThatMayChangeCurrentItemWithPreflightBlock:modificationBlock:error:]_block_invoke: currentItem KVO: P/CE will didChange AVPlayer.currentItem
2026-07-18 20:24:16.009 Db OMORI[13772:9d13] [com.apple.defaults:User Defaults] found no value for key avpubsub_trace in CFPrefsSearchListSource<0x600002c29b80> (Domain: com.apple.avfoundation, Container: (null))
2026-07-18 20:24:16.009 Df OMORI[13772:9d09] [com.apple.coremedia:] <<<< AVPlayer >>>> -[AVPlayer _runOnIvarAccessQueueOperationThatMayChangeCurrentItemWithPreflightBlock:modificationBlock:error:]_block_invoke: currentItem KVO: P/CE did didChange AVPlayer.currentItem
2026-07-18 20:24:16.009 Df OMORI[13772:9d09] [com.apple.coremedia:] <<<< AVPlayer >>>> -[AVPlayer _setRate:rateChangeReason:figPlayerSetRateHandler:]_block_invoke: P/CE setting timeControlStatus=1, reasonForWaitingToPlay=AVPlayerWaitingWithNoItemToPlayReason
2026-07-18 20:24:16.009 Db OMORI[13772:9d13] [com.apple.defaults:User Defaults] found no value for key avpubsub_trace in CFPrefsSearchListSource<0x600002c29b80> (Domain: com.apple.avfoundation, Container: (null))
2026-07-18 20:24:16.009 Db OMORI[13772:9d12] [com.apple.defaults:User Defaults] found no value for key MACaptionActiveProfile in CFPrefsSearchListSource<0x600002c10700> (Domain: com.apple.mediaaccessibility, Container: (null))
2026-07-18 20:24:16.009 Db OMORI[13772:9d12] [com.apple.defaults:User Defaults] found no value for key MACaptionDefaultActiveProfile in CFPrefsSearchListSource<0x600002c10700> (Domain: com.apple.mediaaccessibility, Container: (null))
2026-07-18 20:24:16.009 Db OMORI[13772:9d12] [com.apple.defaults:User Defaults] found no value for key MACaptionProfile-Default in CFPrefsSearchListSource<0x600002c10700> (Domain: com.apple.mediaaccessibility, Container: (null))
2026-07-18 20:24:16.009 Db OMORI[13772:9d12] [com.apple.defaults:User Defaults] found no value for key MACaptionProfile-Default in CFPrefsSearchListSource<0x600002c10700> (Domain: com.apple.mediaaccessibility, Container: (null))
2026-07-18 20:24:16.009 Db OMORI[13772:9d12] [com.apple.defaults:User Defaults] found no value for key MACaptionActiveProfile in CFPrefsSearchListSource<0x600002c10700> (Domain: com.apple.mediaaccessibility, Container: (null))
2026-07-18 20:24:16.009 Db OMORI[13772:9d12] [com.apple.defaults:User Defaults] found no value for key MACaptionDefaultActiveProfile in CFPrefsSearchListSource<0x600002c10700> (Domain: com.apple.mediaaccessibility, Container: (null))
2026-07-18 20:24:16.009 Db OMORI[13772:9d12] [com.apple.defaults:User Defaults] found no value for key MACaptionProfile-Default in CFPrefsSearchListSource<0x600002c10700> (Domain: com.apple.mediaaccessibility, Container: (null))
2026-07-18 20:24:16.009 Db OMORI[13772:9d12] [com.apple.defaults:User Defaults] found no value for key MACaptionActiveProfile in CFPrefsSearchListSource<0x600002c10700> (Domain: com.apple.mediaaccessibility, Container: (null))
2026-07-18 20:24:16.010 Db OMORI[13772:9d12] [com.apple.defaults:User Defaults] found no value for key MACaptionDefaultActiveProfile in CFPrefsSearchListSource<0x600002c10700> (Domain: com.apple.mediaaccessibility, Container: (null))
2026-07-18 20:24:16.010 Db OMORI[13772:9d12] [com.apple.defaults:User Defaults] found no value for key MACaptionProfile-Default in CFPrefsSearchListSource<0x600002c10700> (Domain: com.apple.mediaaccessibility, Container: (null))
2026-07-18 20:24:16.010 Db OMORI[13772:9d12] [com.apple.defaults:User Defaults] found no value for key MACaptionProfile-Default in CFPrefsSearchListSource<0x600002c10700> (Domain: com.apple.mediaaccessibility, Container: (null))
2026-07-18 20:24:16.010 Db OMORI[13772:9d12] [com.apple.defaults:User Defaults] found no value for key MACaptionActiveProfile in CFPrefsSearchListSource<0x600002c10700> (Domain: com.apple.mediaaccessibility, Container: (null))
2026-07-18 20:24:16.010 Db OMORI[13772:9d09] [com.apple.defaults:User Defaults] found no value for key BarUseDynamicType in CFPrefsSearchListSource<0x600002c08300> (Domain: com.apple.UIKit, Container: (null))
2026-07-18 20:24:16.010 Db OMORI[13772:9d12] [com.apple.defaults:User Defaults] found no value for key MACaptionDefaultActiveProfile in CFPrefsSearchListSource<0x600002c10700> (Domain: com.apple.mediaaccessibility, Container: (null))
2026-07-18 20:24:16.010 Db OMORI[13772:9d12] [com.apple.defaults:User Defaults] found no value for key MACaptionProfile-Default in CFPrefsSearchListSource<0x600002c10700> (Domain: com.apple.mediaaccessibility, Container: (null))
2026-07-18 20:24:16.010 Db OMORI[13772:9d12] [com.apple.defaults:User Defaults] found no value for key MACaptionActiveProfile in CFPrefsSearchListSource<0x600002c10700> (Domain: com.apple.mediaaccessibility, Container: (null))
2026-07-18 20:24:16.010 Db OMORI[13772:9d12] [com.apple.defaults:User Defaults] found no value for key MACaptionDefaultActiveProfile in CFPrefsSearchListSource<0x600002c10700> (Domain: com.apple.mediaaccessibility, Container: (null))
2026-07-18 20:24:16.010 Db OMORI[13772:9d12] [com.apple.defaults:User Defaults] found no value for key MACaptionProfile-Default in CFPrefsSearchListSource<0x600002c10700> (Domain: com.apple.mediaaccessibility, Container: (null))
2026-07-18 20:24:16.010 Db OMORI[13772:9d12] [com.apple.defaults:User Defaults] found no value for key MACaptionProfile-Default in CFPrefsSearchListSource<0x600002c10700> (Domain: com.apple.mediaaccessibility, Container: (null))
2026-07-18 20:24:16.010 Db OMORI[13772:9d09] [com.apple.defaults:User Defaults] found no value for key DetectTextLayoutIssues in CFPrefsSearchListSource<0x600002c08300> (Domain: com.apple.UIKit, Container: (null))
2026-07-18 20:24:16.010 Db OMORI[13772:9d12] [com.apple.defaults:User Defaults] found no value for key MACaptionProfile-Default in CFPrefsSearchListSource<0x600002c10700> (Domain: com.apple.mediaaccessibility, Container: (null))
2026-07-18 20:24:16.010 Db OMORI[13772:9d12] [com.apple.defaults:User Defaults] found no value for key MACaptionActiveProfile in CFPrefsSearchListSource<0x600002c10700> (Domain: com.apple.mediaaccessibility, Container: (null))
2026-07-18 20:24:16.010 Db OMORI[13772:9d12] [com.apple.defaults:User Defaults] found no value for key MACaptionDefaultActiveProfile in CFPrefsSearchListSource<0x600002c10700> (Domain: com.apple.mediaaccessibility, Container: (null))
2026-07-18 20:24:16.010 Db OMORI[13772:9d12] [com.apple.defaults:User Defaults] found no value for key MACaptionProfile-Default in CFPrefsSearchListSource<0x600002c10700> (Domain: com.apple.mediaaccessibility, Container: (null))
2026-07-18 20:24:16.010 Db OMORI[13772:9d12] [com.apple.defaults:User Defaults] found no value for key MACaptionActiveProfile in CFPrefsSearchListSource<0x600002c10700> (Domain: com.apple.mediaaccessibility, Container: (null))
2026-07-18 20:24:16.010 Db OMORI[13772:9d12] [com.apple.defaults:User Defaults] found no value for key MACaptionDefaultActiveProfile in CFPrefsSearchListSource<0x600002c10700> (Domain: com.apple.mediaaccessibility, Container: (null))
2026-07-18 20:24:16.010 Db OMORI[13772:9d12] [com.apple.defaults:User Defaults] found no value for key MACaptionProfile-Default in CFPrefsSearchListSource<0x600002c10700> (Domain: com.apple.mediaaccessibility, Container: (null))
2026-07-18 20:24:16.010 Db OMORI[13772:9d09] [com.apple.defaults:User Defaults] found no value for key AppleLanguages in CFPrefsManagedSource<0x600002c05e80> (Domain: com.poring.omori.ru, User: kCFPreferencesCurrentUser, ByHost: Yes, Container: (null), Contents Need Refresh: No)
2026-07-18 20:24:16.010 Db OMORI[13772:9d12] [com.apple.defaults:User Defaults] found no value for key MACaptionProfile-Default in CFPrefsSearchListSource<0x600002c10700> (Domain: com.apple.mediaaccessibility, Container: (null))
2026-07-18 20:24:16.010 Db OMORI[13772:9d09] [com.apple.defaults:User Defaults] found no value for key AppleLanguages in CFPrefsManagedSource<0x600002c05f00> (Domain: com.poring.omori.ru, User: kCFPreferencesAnyUser, ByHost: Yes, Container: (null), Contents Need Refresh: No)
2026-07-18 20:24:16.010 Db OMORI[13772:9d09] [com.apple.defaults:User Defaults] found no value for key AppleLanguages in CFPrefsPlistSource<0x600002c08700> (Domain: kCFPreferencesAnyApplication, User: kCFPreferencesCurrentUser, ByHost: No, Container: (null), Contents Need Refresh: No)
2026-07-18 20:24:16.010 Db OMORI[13772:9d09] [com.apple.CFBundle:strings] Bundle: CFBundle 0x600003b080e0 </Library/Developer/CoreSimulator/Volumes/iOS_22B81/Library/Developer/CoreSimulator/Profiles/Runtimes/iOS 18.1.simruntime/Contents/Resources/RuntimeRoot/System/Library/PrivateFrameworks/UIKitCore.framework> (not loaded), key: Slide your finger across the letters to compose a word, value: Speed up your typing by sliding your finger across the letters to compose a word., table: Localizable, localizationNames: (null), result: Speed up your typing by sliding your finger across the letters to compose a word.
2026-07-18 20:24:16.010 Db OMORI[13772:9d12] [com.apple.defaults:User Defaults] found no value for key MACaptionActiveProfile in CFPrefsSearchListSource<0x600002c10700> (Domain: com.apple.mediaaccessibility, Container: (null))
2026-07-18 20:24:16.010 Db OMORI[13772:9d12] [com.apple.defaults:User Defaults] found no value for key MACaptionDefaultActiveProfile in CFPrefsSearchListSource<0x600002c10700> (Domain: com.apple.mediaaccessibility, Container: (null))
2026-07-18 20:24:16.010 Db OMORI[13772:9d12] [com.apple.defaults:User Defaults] found no value for key MACaptionProfile-Default in CFPrefsSearchListSource<0x600002c10700> (Domain: com.apple.mediaaccessibility, Container: (null))
2026-07-18 20:24:16.010 Db OMORI[13772:9d12] [com.apple.defaults:User Defaults] found no value for key MACaptionActiveProfile in CFPrefsSearchListSource<0x600002c10700> (Domain: com.apple.mediaaccessibility, Container: (null))
2026-07-18 20:24:16.010 Db OMORI[13772:9d12] [com.apple.defaults:User Defaults] found no value for key MACaptionDefaultActiveProfile in CFPrefsSearchListSource<0x600002c10700> (Domain: com.apple.mediaaccessibility, Container: (null))
2026-07-18 20:24:16.010 Db OMORI[13772:9d12] [com.apple.defaults:User Defaults] found no value for key MACaptionProfile-Default in CFPrefsSearchListSource<0x600002c10700> (Domain: com.apple.mediaaccessibility, Container: (null))
2026-07-18 20:24:16.010 Db OMORI[13772:9d09] [com.apple.CFBundle:strings] Bundle: CFBundle 0x600003b080e0 </Library/Developer/CoreSimulator/Volumes/iOS_22B81/Library/Developer/CoreSimulator/Profiles/Runtimes/iOS 18.1.simruntime/Contents/Resources/RuntimeRoot/System/Library/PrivateFrameworks/UIKitCore.framework> (not loaded), key: Continue, value: Continue, table: Localizable, localizationNames: (null), result: Continue
2026-07-18 20:24:16.010 Db OMORI[13772:9d12] [com.apple.defaults:User Defaults] found no value for key MACaptionProfile-Default in CFPrefsSearchListSource<0x600002c10700> (Domain: com.apple.mediaaccessibility, Container: (null))
2026-07-18 20:24:16.011 Db OMORI[13772:9d12] [com.apple.defaults:User Defaults] found no value for key MACaptionActiveProfile in CFPrefsSearchListSource<0x600002c10700> (Domain: com.apple.mediaaccessibility, Container: (null))
2026-07-18 20:24:16.011 Db OMORI[13772:9d12] [com.apple.defaults:User Defaults] found no value for key MACaptionDefaultActiveProfile in CFPrefsSearchListSource<0x600002c10700> (Domain: com.apple.mediaaccessibility, Container: (null))
2026-07-18 20:24:16.011 Db OMORI[13772:9d12] [com.apple.defaults:User Defaults] found no value for key MACaptionProfile-Default in CFPrefsSearchListSource<0x600002c10700> (Domain: com.apple.mediaaccessibility, Container: (null))
2026-07-18 20:24:16.011 Db OMORI[13772:9d12] [com.apple.defaults:User Defaults] found no value for key MACaptionActiveProfile in CFPrefsSearchListSource<0x600002c10700> (Domain: com.apple.mediaaccessibility, Container: (null))
2026-07-18 20:24:16.011 Db OMORI[13772:9d09] [com.apple.defaults:User Defaults] found no value for key NSPreTigerAttributedStringHash in CFPrefsSearchListSource<0x600002c05d80> (Domain: com.poring.omori.ru, Container: (null))
2026-07-18 20:24:16.011 Db OMORI[13772:9d09] [com.apple.defaults:User Defaults] found no value for key NSStringDrawingDefaultRenderers in CFPrefsSearchListSource<0x600002c05d80> (Domain: com.poring.omori.ru, Container: (null))
2026-07-18 20:24:16.011 Db OMORI[13772:9d09] [com.apple.defaults:User Defaults] found no value for key NSTypesetterBehavior in CFPrefsSearchListSource<0x600002c05d80> (Domain: com.poring.omori.ru, Container: (null))
2026-07-18 20:24:16.011 Db OMORI[13772:9d09] [com.apple.defaults:User Defaults] found no value for key NSTypesetterCompatibilityLevel in CFPrefsSearchListSource<0x600002c05d80> (Domain: com.poring.omori.ru, Container: (null))
2026-07-18 20:24:16.011 Db OMORI[13772:9d12] [com.apple.defaults:User Defaults] found no value for key MACaptionDefaultActiveProfile in CFPrefsSearchListSource<0x600002c10700> (Domain: com.apple.mediaaccessibility, Container: (null))
2026-07-18 20:24:16.011 Db OMORI[13772:9d09] [com.apple.defaults:User Defaults] found no value for key NSStringDrawingTypesetterBehavior in CFPrefsSearchListSource<0x600002c05d80> (Domain: com.poring.omori.ru, Container: (null))
2026-07-18 20:24:16.011 Db OMORI[13772:9d12] [com.apple.defaults:User Defaults] found no value for key MACaptionProfile-Default in CFPrefsSearchListSource<0x600002c10700> (Domain: com.apple.mediaaccessibility, Container: (null))
2026-07-18 20:24:16.011 Db OMORI[13772:9d09] [com.apple.defaults:User Defaults] found no value for key NSUsesScreenFonts in CFPrefsSearchListSource<0x600002c05d80> (Domain: com.poring.omori.ru, Container: (null))
2026-07-18 20:24:16.011 Db OMORI[13772:9d09] [com.apple.defaults:User Defaults] found no value for key NSIgnoresViewTransformations in CFPrefsSearchListSource<0x600002c05d80> (Domain: com.poring.omori.ru, Container: (null))
2026-07-18 20:24:16.011 Db OMORI[13772:9d09] [com.apple.defaults:User Defaults] found no value for key NSTextShowsInvisibleCharacters in CFPrefsSearchListSource<0x600002c05d80> (Domain: com.poring.omori.ru, Container: (null))
