2026-07-19 08:11:16.414 Db OMORI[11558:8ac3] [com.apple.launchservices:default] No extension point parent specified, returning first extension point found id: 184
2026-07-19 08:11:16.415 Db OMORI[11558:8aae] [com.apple.defaults:User Defaults] looked up value 1 for key WebKitJSCJITEnabledDefaultsKey in CFPrefsSource<0x600001708440> (Domain: Volatile, User: , ByHost: No, Container: , Contents Need Refresh: No) via CFPrefsSearchListSource<0x600002c07280> (Domain: com.poring.omori.ru, Container: (null))
2026-07-19 08:11:16.415 Db OMORI[11558:8aae] [com.apple.defaults:User Defaults] looked up value 1 for key WebKitJSCFTLJITEnabledDefaultsKey in CFPrefsSource<0x600001708440> (Domain: Volatile, User: , ByHost: No, Container: , Contents Need Refresh: No) via CFPrefsSearchListSource<0x600002c07280> (Domain: com.poring.omori.ru, Container: (null))
2026-07-19 08:11:16.415 Db OMORI[11558:8aae] [com.apple.defaults:User Defaults] found no value for key LogMemoryJetsamDetails in CFPrefsSearchListSource<0x600002c07280> (Domain: com.poring.omori.ru, Container: (null))
2026-07-19 08:11:16.415 Db OMORI[11558:8aae] [com.apple.defaults:User Defaults] found no value for key WebKitSuppressMemoryPressureHandler in CFPrefsSearchListSource<0x600002c07280> (Domain: com.poring.omori.ru, Container: (null))
2026-07-19 08:11:16.415 Db OMORI[11558:8ac3] [com.apple.launchservices:record] Invoking selector extensionPointRecordWithContext:tableID:unitID:unitBytes: on <LSApplicationExtensionRecord 0x600002621c20> to get the value for property extensionPointRecord
2026-07-19 08:11:16.415 Db OMORI[11558:8ac3] [com.apple.launchservices:default] No extension point parent specified, returning first extension point found id: 184
2026-07-19 08:11:16.415 Db OMORI[11558:8ac3] [com.apple.launchservices:record] Invoking selector identifierWithContext:tableID:unitID:unitBytes: on <LSExtensionPointRecord 0x600000292460> to get the value for property identifier
2026-07-19 08:11:16.415 Db OMORI[11558:8aae] [com.apple.defaults:User Defaults] found no value for key RemoteInspectorEnabled in CFPrefsSearchListSource<0x600002c0f400> (Domain: com.apple.webinspectord, Container: (null))
2026-07-19 08:11:16.415 Db OMORI[11558:8aae] [com.apple.defaults:User Defaults] found no value for key WebKitLogCookieInformation in CFPrefsSearchListSource<0x600002c07280> (Domain: com.poring.omori.ru, Container: (null))
2026-07-19 08:11:16.415 Df OMORI[11558:8aae] (libMobileGestalt.dylib) No persisted cache on this platform.
2026-07-19 08:11:16.415 Db OMORI[11558:8aae] [com.apple.defaults:User Defaults] found no value for key ReduceMotionEnabled in CFPrefsSearchListSource<0x600002c07280> (Domain: com.poring.omori.ru, Container: (null))
2026-07-19 08:11:16.415 Db OMORI[11558:8aae] [com.apple.Accessibility:AXSupportCommon] CF Read: domain = com.poring.omori.ru, preference = ReduceMotionEnabled, appID = com.poring.omori.ru result = (null) (-1 - empty, 0 - false, 1 - true)
2026-07-19 08:11:16.415 Db OMORI[11558:8aae] [com.apple.defaults:User Defaults] found no value for key IncreaseButtonLegibilityEnabled in CFPrefsSearchListSource<0x600002c07280> (Domain: com.poring.omori.ru, Container: (null))
2026-07-19 08:11:16.415 Db OMORI[11558:8aae] [com.apple.Accessibility:AXSupportCommon] CF Read: domain = com.poring.omori.ru, preference = IncreaseButtonLegibilityEnabled, appID = com.poring.omori.ru result = (null) (-1 - empty, 0 - false, 1 - true)
2026-07-19 08:11:16.415 Db OMORI[11558:8aae] [com.apple.defaults:User Defaults] found no value for key EnhancedTextLegibilityEnabled in CFPrefsSearchListSource<0x600002c07280> (Domain: com.poring.omori.ru, Container: (null))
2026-07-19 08:11:16.415 Db OMORI[11558:8aae] [com.apple.Accessibility:AXSupportCommon] CF Read: domain = com.poring.omori.ru, preference = EnhancedTextLegibilityEnabled, appID = com.poring.omori.ru result = (null) (-1 - empty, 0 - false, 1 - true)
2026-07-19 08:11:16.415 Db OMORI[11558:8aae] [com.apple.defaults:User Defaults] found no value for key DarkenSystemColors in CFPrefsSearchListSource<0x600002c07280> (Domain: com.poring.omori.ru, Container: (null))
2026-07-19 08:11:16.415 Db OMORI[11558:8aae] [com.apple.Accessibility:AXSupportCommon] CF Read: domain = com.poring.omori.ru, preference = DarkenSystemColors, appID = com.poring.omori.ru result = (null) (-1 - empty, 0 - false, 1 - true)
2026-07-19 08:11:16.415 Db OMORI[11558:8aae] [com.apple.defaults:User Defaults] found no value for key InvertColorsEnabled in CFPrefsSearchListSource<0x600002c07280> (Domain: com.poring.omori.ru, Container: (null))
2026-07-19 08:11:16.415 Db OMORI[11558:8aae] [com.apple.Accessibility:AXSupportCommon] CF Read: domain = com.poring.omori.ru, preference = InvertColorsEnabled, appID = com.poring.omori.ru result = (null) (-1 - empty, 0 - false, 1 - true)
2026-07-19 08:11:16.416 Df OMORI[11558:8aae] [com.apple.WebKit:PerformanceLogging] 0x102842208 - WebProcessPool::processForNavigation: Automatically turning on process prewarming because the client would benefit from it
2026-07-19 08:11:16.416 Db OMORI[11558:8b40] [com.apple.defaults:User Defaults] found no value for key MACaptionPreferAccessibleCaptions in CFPrefsSearchListSource<0x600002c06600> (Domain: com.apple.mediaaccessibility, Container: (null))
2026-07-19 08:11:16.417 Df OMORI[11558:8aae] [com.apple.WebKit:ProcessSwapping] 0x101823a18 - [pageProxyID=17, webPageID=18, PID=11564] WebPageProxy::decidePolicyForNavigationAction, swapping process 11564 with process 0 for navigation, reason=Navigation is cross-site
2026-07-19 08:11:16.417 Df OMORI[11558:8aae] [com.apple.WebKit:Loading] 0x101823a18 - [pageProxyID=17, webPageID=18, PID=11564] WebPageProxy::continueNavigationInNewProcess: newProcessPID=0, hasSuspendedPage=0
2026-07-19 08:11:16.417 Df OMORI[11558:8aae] [com.apple.WebKit:ProcessSuspension] 0x10e00cc30 - [PID=0, throttler=0x10e0192c8] ProcessThrottler::Activity::Activity: Starting foreground activity / 'Provisional Load'
2026-07-19 08:11:16.417 Df OMORI[11558:8aae] [com.apple.WebKit:ProcessSwapping] 0x10e014340 - [pageProxyID=17, webPageID=25, PID=0, navigationID=23] ProvisionalPageProxy::ProvisionalPageProxy: suspendedPage=0x0
2026-07-19 08:11:16.417 Df OMORI[11558:8aae] [com.apple.WebKit:Loading] 0x10e019200 - [PID=0] WebProcessProxy::addProvisionalPageProxy: provisionalPage=0x10e014340, pageProxyID=17, webPageID=25
2026-07-19 08:11:16.417 Db OMORI[11558:8aae] [com.apple.defaults:User Defaults] found no value for key WebKitDebugDragLiftDelay in CFPrefsSearchListSource<0x600002c07280> (Domain: com.poring.omori.ru, Container: (null))
2026-07-19 08:11:16.417 Db OMORI[11558:8aae] [com.apple.defaults:User Defaults] found no value for key WebKitDebugDragLiftDelay in CFPrefsSearchListSource<0x600002c07280> (Domain: com.poring.omori.ru, Container: (null))
2026-07-19 08:11:16.417 Db OMORI[11558:8aae] [com.apple.defaults:User Defaults] found no value for key WebKit2GPUProcessForDOMRendering in CFPrefsSearchListSource<0x600002c07280> (Domain: com.poring.omori.ru, Container: (null))
2026-07-19 08:11:16.417 Df OMORI[11558:8aae] [com.apple.WebKit:ProcessSwapping] 0x10e014340 - [pageProxyID=17, webPageID=25, PID=0, navigationID=23] ProvisionalPageProxy::loadRequest: existingNetworkResourceLoadIdentifierToResume=0
2026-07-19 08:11:16.417 Df OMORI[11558:8aae] [com.apple.WebKit:Loading] 0x101823a18 - [pageProxyID=17, webPageID=18, PID=11564] WebPageProxy::loadRequestWithNavigationShared:
2026-07-19 08:11:16.418 Db OMORI[11558:8aae] [com.apple.defaults:User Defaults] found no value for key __NSTextAttachmentAlwaysUsesAttachmentView in CFPrefsSearchListSource<0x600002c07280> (Domain: com.poring.omori.ru, Container: (null))
2026-07-19 08:11:16.418 Df OMORI[11558:8ac3] [com.apple.extensionkit:launch] Launching process with config: bundleID: com.apple.WebKit.WebContent instance ID: Optional([_EXExtensionInstanceIdentifier: EAE8C1D6-410D-4105-B5DD-D9C380BE0048])
2026-07-19 08:11:16.418 Db OMORI[11558:8ac3] [com.apple.launchservices:record] Invoking selector SDKDictionaryWithContext:tableID:unitID:unitBytes: on <LSExtensionPointRecord 0x600000292460> to get the value for property SDKDictionary
2026-07-19 08:11:16.418 Db OMORI[11558:8ac3] [com.apple.launchservices:default] Got plist data 0x101449590 for unit 990 from database 0x10281f200
2026-07-19 08:11:16.418 Db OMORI[11558:8ac3] [com.apple.launchservices:default] Getting plist hint for data 0x101449590
2026-07-19 08:11:16.418 I  OMORI[11558:8ac3] [com.apple.launchservices:datasep] application record search init. Node: <FSNode 0x600000294c20> { isDir = y, path = '/Users/runner/Library/Developer/CoreSimulator/Devices/CE505324-B3F4-4B42-8BC5-419D92D4505A/data/Containers/Bundle/Application/5C75E5F4-AA12-434E-9FCF-A662F27C28D5/OMORI.app' } bundleID: (null) itemID: 0
2026-07-19 08:11:16.418 Db OMORI[11558:8ac3] [com.apple.launchservices:binding] BindingEvaluator::CreateWithBundleInfo(ID=(null), name=OMORI.app, CC=????, vers=(null))
2026-07-19 08:11:16.418 Db OMORI[11558:8ac3] [com.apple.launchservices:binding] Running evaluator 0x16fd2d8e0
2026-07-19 08:11:16.418 Db OMORI[11558:8ac3] [com.apple.launchservices:binding] Adding user preferences
2026-07-19 08:11:16.418 Db OMORI[11558:8ac3] [com.apple.launchservices:binding] Skipping weak binding due to options
2026-07-19 08:11:16.418 Db OMORI[11558:8ac3] [com.apple.launchservices:binding] 0 bindings found
2026-07-19 08:11:16.418 Db OMORI[11558:8ac3] [com.apple.launchservices:binding] Truncating a list of bindings to max 1 known-good ones.
2026-07-19 08:11:16.418 Df OMORI[11558:8aae] [com.apple.WebKit:Process] 0x10e019200 - [PID=0] WebProcessProxy::canTerminateAuxiliaryProcess: returns false (pageCount=0, provisionalPageCount=1, suspendedPageCount=0, m_isInProcessCache=0, m_shutdownPreventingScopeCounter=1)
2026-07-19 08:11:16.418 Db OMORI[11558:8ac3] [com.apple.launchservices:binding] Adding and sorting bundles
2026-07-19 08:11:16.418 Df OMORI[11558:8aae] [com.apple.WebKit:Process] 0x10e019200 - [PID=0] WebProcessProxy::canTerminateAuxiliaryProcess: returns false (pageCount=0, provisionalPageCount=1, suspendedPageCount=0, m_isInProcessCache=0, m_shutdownPreventingScopeCounter=0)
2026-07-19 08:11:16.418 Db OMORI[11558:8ac3] [com.apple.launchservices:binding] +++ OMORI (B:0x260, C:0x0) (null)
2026-07-19 08:11:16.418 Db OMORI[11558:8ac3] [com.apple.launchservices:binding] 1 bindings found
2026-07-19 08:11:16.418 Db OMORI[11558:8ac3] [com.apple.launchservices:binding] Truncating a list of bindings to max 1 known-good ones.
2026-07-19 08:11:16.418 Db OMORI[11558:8ac3] [com.apple.launchservices:binding] +++ OMORI (B:0x260, C:0x0) (null)
2026-07-19 08:11:16.418 Db OMORI[11558:8ac3] [com.apple.launchservices:binding] Best binding found for evaluator 0x16fd2dbf0: OMORI (B:0x260, C:0x0)
2026-07-19 08:11:16.418 Db OMORI[11558:8ac3] [com.apple.launchservices:binding] BindingEvaluator::~BindingEvaluator(0x16fd2d8e0)
2026-07-19 08:11:16.418 Db OMORI[11558:8ac3] [com.apple.launchservices:binding] BindingEvaluator::~BindingEvaluator(0x16fd2dbf0)
2026-07-19 08:11:16.419 Df OMORI[11558:8aae] [com.apple.WebKit:Loading] 0x101823a18 - [pageProxyID=17, webPageID=18, PID=11564] WebPageProxy::didCancelClientRedirectForFrame: frameID=1, isMainFrame=1
2026-07-19 08:11:16.419 Db OMORI[11558:8ac3] [com.apple.launchservices:record] Invoking selector uniqueIdentifierWithContext:tableID:unitID:unitBytes: on <LSApplicationExtensionRecord 0x600002621c20> to get the value for property uniqueIdentifier
2026-07-19 08:11:16.421 Db OMORI[11558:8ac3] [com.apple.launchservices:record] Invoking selector entitlementsWithContext:tableID:unitID:unitBytes: on <LSApplicationExtensionRecord 0x600002621c20> to get the value for property entitlements
2026-07-19 08:11:16.421 Db OMORI[11558:8ac3] [com.apple.launchservices:default] Got plist data 0x10124fa80 for unit 30b0 from database 0x10281f200
2026-07-19 08:11:16.421 Db OMORI[11558:8ac3] [com.apple.launchservices:default] Getting plist hint for data 0x10124fa80
2026-07-19 08:11:16.421 Db OMORI[11558:8ac3] [com.apple.launchservices:record] Invoking selector platformWithContext:tableID:unitID:unitBytes: on <LSApplicationExtensionRecord 0x600002621c20> to get the value for property platform
2026-07-19 08:11:16.421 Db OMORI[11558:8ac3] [com.apple.extensionkit:default] Extension identity [076E6758-D42C-4B25-8908-1958ED54B00B]: com.apple.WebKit.WebContent extension point: com.apple.web-browser-engine.webcontent platform: 7 Requesting sandbox profile name: `com.apple.WebKit.WebContent`
2026-07-19 08:11:16.421 Db OMORI[11558:8ac3] [com.apple.extensionkit:default] Extension identity [076E6758-D42C-4B25-8908-1958ED54B00B]: com.apple.WebKit.WebContent extension point: com.apple.web-browser-engine.webcontent platform: 7 XPC overlay: {
    CFBundlePackageType = "XPC!";
    XPCService =     {
        EnvironmentVariables =         {
            BSServiceDomains = "{}";
            "EXTENSION_KIT_EXTENSION_TYPE" = 8;
        };
        ProgramArguments =         (
            "/Library/Developer/CoreSimulator/Volumes/iOS_22B81/Library/Developer/CoreSimulator/Profiles/Runtimes/iOS 18.1.simruntime/Contents/Resources/RuntimeRoot/System/Library/ExtensionKit/Extensions/WebContentExtension.appex/com.apple.WebKit.WebContent"
        );
        RunLoopType = NSRunLoop;
        ServiceType = Application;
        "_AbandonCoalition" = 0;
        "_AdditionalProperties" =         {
            RunningBoard =             {
                Backoff = 1;
                LaunchRequestEndpointIdentifiers =                 {
                    "com.apple.WebKit.WebContent" = 1;
2026-07-19 08:11:16.421 I  OMORI[11558:8ac3] [com.apple.runningboard:general] Sending launch request: <RBSLaunchRequest| xpcservice<com.apple.WebKit.WebContent([app<com.poring.omori.ru((null))>:11558])>{vt hash: 71395982}[uuid:EAE8C1D6-410D-4105-B5DD-D9C380BE0048]; "Launching extension com.apple.WebKit.WebContent(076E6758-D42C-4B25-8908-1958ED54B00B for host 11558">
2026-07-19 08:11:16.660 Db SpringBoard[9662:70b1] [com.apple.SpringBoard:IdleTimer] UPDATE BEHAVIOR: SBMainDisplaySceneManager reason:SBWorkspaceCoordinatorRequested <SBIdleTimerBehavior: 0x600000e028b0; duration: Unlocked; mode: Auto; warnMode: Warn>
2026-07-19 08:11:16.825 I  OMORI[11558:8ac3] [com.apple.runningboard:general] Received launch request response: <No Error>
2026-07-19 08:11:16.825 Df OMORI[11558:8ac3] [com.apple.runningboard:process] Starting death monitoring for handle [xpcservice<com.apple.WebKit.WebContent([app<com.poring.omori.ru((null))>:11558])>{vt hash: 71395982}[uuid:EAE8C1D6-410D-4105-B5DD-D9C380BE0048]:11596]
2026-07-19 08:11:16.825 I  OMORI[11558:8ac3] [com.apple.runningboard:process] Subscribing to death of process 11596
2026-07-19 08:11:16.826 I  OMORI[11558:8ac3] [com.apple.runningboard:assertion] Acquiring assertion: <RBSAssertionDescriptor| "Taking assertion for pid 11596" ID:(null) target:11596>
2026-07-19 08:11:16.830 Db OMORI[11558:8ac3] [com.apple.runningboard:assertion] Adding assertion 9665-11558-638 to dictionary
2026-07-19 08:11:16.830 Df OMORI[11558:8ac3] [com.apple.extensionkit:launch] Created new process ExtensionProcess: bundleID: com.apple.WebKit.WebContent instance ID: Optional([_EXExtensionInstanceIdentifier: EAE8C1D6-410D-4105-B5DD-D9C380BE0048]) pid: 11596.
2026-07-19 08:11:16.830 Df OMORI[11558:8b3b] [com.apple.WebKit:Process] AssertionCapability::AssertionCapability: taking assertion Foreground
2026-07-19 08:11:16.830 I  OMORI[11558:8b3b] [com.apple.runningboard:assertion] Acquiring assertion: <RBSAssertionDescriptor| "Browser Engine helper assertion targeting pid 11596" ID:(null) target:11596>
2026-07-19 08:11:16.831 Db OMORI[11558:8b3b] [com.apple.runningboard:assertion] Adding assertion 9665-11558-639 to dictionary
2026-07-19 08:11:16.831 Df OMORI[11558:8aae] [com.apple.xpc:connection] [0x10125de60] activating connection: mach=false listener=false peer=false name=(anonymous)
2026-07-19 08:11:16.932 Df OMORI[11558:8aae] [com.apple.WebKit:Process] 0x10e019200 - [PID=11596] WebProcessProxy::didFinishLaunching:
2026-07-19 08:11:16.932 Df OMORI[11558:8aae] [com.apple.WebKit:ProcessSuspension] 0x10e0192c8 - [PID=11596] ProcessThrottler::didConnectToProcess
2026-07-19 08:11:16.932 Df OMORI[11558:8aae] [com.apple.WebKit:ProcessSuspension] 0x10e0192c8 - [PID=11596] ProcessThrottler::setThrottleState: Updating process assertion type to 3 (foregroundActivities=1, backgroundActivities=3)
2026-07-19 08:11:16.932 Df OMORI[11558:8aae] [com.apple.WebKit:Process] AssertionCapability::AssertionCapability: taking assertion Foreground
2026-07-19 08:11:16.932 Df OMORI[11558:8aae] [com.apple.WebKit:ProcessSuspension] 0x10e019200 - [PID=11596] WebProcessProxy::didChangeThrottleState: type=2
2026-07-19 08:11:16.932 Df OMORI[11558:8aae] [com.apple.WebKit:ProcessSuspension] 0x10e019200 - [PID=11596] WebProcessProxy::didChangeThrottleState(Foreground) Taking foreground assertion for network process
2026-07-19 08:11:16.932 Df OMORI[11558:8b3b] [com.apple.WebKit:ProcessSuspension] 0x10e02c3c0 - ProcessAssertion::acquireSync Trying to take RBS assertion 'WebProcess Foreground Assertion' for process with PID=11596
2026-07-19 08:11:16.933 Df OMORI[11558:8aae] [com.apple.WebKit:Process] 0x10e0d08e0 - NetworkProcessProxy::sendXPCEndpointToProcess(0x10e019200) state = 1 has connection = 1 XPC endpoint message = 0x600003d08690
2026-07-19 08:11:16.933 Db OMORI[11558:8aae] [com.apple.defaults:User Defaults] found no value for key RemoteInspectorEnabled in CFPrefsSearchListSource<0x600002c0f400> (Domain: com.apple.webinspectord, Container: (null))
2026-07-19 08:11:16.933 I  OMORI[11558:8b3b] [com.apple.runningboard:assertion] Acquiring assertion: <RBSAssertionDescriptor| "Browser Engine helper assertion targeting pid 11596" ID:(null) target:11596>
2026-07-19 08:11:16.934 Db OMORI[11558:8b3b] [com.apple.runningboard:assertion] Adding assertion 9665-11558-640 to dictionary
2026-07-19 08:11:16.934 Df OMORI[11558:8b3b] [com.apple.WebKit:ProcessSuspension] 0x10e02c3c0 - ProcessAssertion() Successfully granted capability
2026-07-19 08:11:16.937 Df OMORI[11558:8aae] [com.apple.WebKit:ProcessSuspension] 0x10e0d08e0 - NetworkProcessProxy is taking a background assertion because a web process is requesting a connection
2026-07-19 08:11:16.950 Df OMORI[11558:8aae] [com.apple.WebKit:ProcessSuspension] 0x10e00c420 - [PID=11596, throttler=0x10e0192c8] ProcessThrottler::Activity::invalidate: Ending background activity / 'WebProcess initialization'
2026-07-19 08:11:16.964 Df OMORI[11558:8aae] [com.apple.WebKit:ProcessSwapping] 0x10e014340 - [pageProxyID=17, webPageID=25, PID=11596, navigationID=23] ProvisionalPageProxy::didCreateMainFrame: frameID=1
2026-07-19 08:11:16.987 Df OMORI[11558:8aae] [com.apple.WebKit:ProcessSwapping] 0x10e014340 - [pageProxyID=17, webPageID=25, PID=11596, navigationID=23] ProvisionalPageProxy::didStartProvisionalLoadForFrame: frameID=1
2026-07-19 08:11:16.987 Df OMORI[11558:8aae] [com.apple.WebKit:Loading] 0x101823a18 - [pageProxyID=17, webPageID=18, PID=11564] WebPageProxy::didStartProvisionalLoadForFrame: frameID=1, isMainFrame=1
2026-07-19 08:11:16.987 Df OMORI[11558:8aae] [com.apple.WebKit:Loading] 0x10e019200 - [PID=11596] WebProcessProxy::didStartProvisionalLoadForMainFrame:
2026-07-19 08:11:16.987 Df OMORI[11558:8aae] [com.apple.WebKit:ProcessSuspension] 0x10e023060 - NavigationState is taking a process network assertion because a page load started
2026-07-19 08:11:16.987 Df OMORI[11558:8aae] [com.apple.WebKit:ProcessSuspension] 0x10e00cc60 - [PID=11564, throttler=0x10e018188] ProcessThrottler::Activity::Activity: Starting background activity / 'Page Load'
2026-07-19 08:11:17.009 Df OMORI[11558:8aae] [com.apple.coremedia:] <<<< LayerSync >>>> figlayersync_getLayerDisplayLatency: layer 0x600000c70fc0, context 0x0, displayID 0: latency 0.000
2026-07-19 08:11:17.010 Df OMORI[11558:8aae] [com.apple.coremedia:] <<<< LayerSync >>>> figlayersync_setLayerTiming: (layer 0x600000c70fc0) only set layer timeOffset: 0.000000 at hostTime 775.418904
2026-07-19 08:11:17.039 Df OMORI[11558:8ac1] [com.apple.FrontBoard:Common] Creating service facility connection with <BSServiceConnectionEndpoint: 0x600001776240; target: com.apple.frontboard.systemappservices; service: com.apple.frontboard.system-service>
2026-07-19 08:11:17.066 Df OMORI[11558:8b42] [com.apple.coremedia:player] <<<< FigFilePlayer >>>> itemfig_advanceToNextItem: [0x10132d780|P/KG] <0x101848a00|I/QOI.03> advancing (because ActionAtEnd == Advance)
2026-07-19 08:11:17.066 Df OMORI[11558:8b42] [com.apple.coremedia:player] <<<< FigFilePlayer >>>> playerfig_doingGapless: P/KG YES
2026-07-19 08:11:17.066 Df OMORI[11558:8b42] [com.apple.coremedia:player] <<<< FigFilePlayer >>>> itemfig_advanceToNextItem: [0x10132d780|P/KG] <0x101848a00|I/QOI.03> not switching video to new item. NewItem(YES) IsNotWorkingItem(NO) VideoOutput(YES) FirstFrameEnqueued(NO)
2026-07-19 08:11:17.066 Df OMORI[11558:8b42] [com.apple.coremedia:player] <<<< FigFilePlayer >>>> playerfig_gracefullyRemoveItemFromPlayQueue: [0x10132d780|P/KG] <0x101848a00|I/QOI.03> posting ItemStoppedBeingCurrent
2026-07-19 08:11:17.066 Df OMORI[11558:8b42] [com.apple.coremedia:player] <<<< FigFilePlayer >>>> playerfig_gracefullyRemoveItemFromPlayQueue: [0x10132d780|P/KG] <0x10187f000|I/QOI.04> posting ItemBecameCurrent
2026-07-19 08:11:17.067 Df OMORI[11558:8b42] [com.apple.coremedia:] <<<< LayerSync >>>> FigLayerSynchronizerSetLayerArrayWithDeferredTransaction: (0x600002618cc0) called. layersNotSubjectToImageQueueMediaTiming ((null))
2026-07-19 08:11:17.067 Df OMORI[11558:8b42] [com.apple.coremedia:] <<<< Boss >>>> FigPlaybackBossSetRateAndAnchorTime: <0x1012569f0|I/QOI.03> called, newRate = 0.000, itemTime = nan, hostClockTime = nan = now (775.476) + nan
2026-07-19 08:11:17.067 Df OMORI[11558:8b42] [com.apple.coremedia:] <<<< Boss >>>> bossScheduleReachedEndCallbackForTime: <0x1012569f0|I/QOI.03> called, endTime = nan
2026-07-19 08:11:17.067 Df OMORI[11558:8b42] [com.apple.coremedia:] <<<< Boss >>>> bossScheduleAdvanceForOverlappedPlaybackCallbackForTime: <0x1012569f0|I/QOI.03> called, advanceTime = nan
2026-07-19 08:11:17.067 Df OMORI[11558:8b42] [com.apple.coremedia:] <<<< FAQRP >>>> figAudioQueueRenderPipelineSetRateAndAnchorTime: (0x101244b90) timebase 0x1012469b0, set to timebaseRate 0.00, pipelineRate 1.00, itemTime nan, hostClockTime nan (nownan)
2026-07-19 08:11:17.067 Df OMORI[11558:8b73] [com.apple.coremedia:] <<<< FAQRP >>>> faqrp_stopTimebaseAndAudioQueueDispatch: (0x101244b90) stopping timebase 0x1012469b0 (no stop time but clamp above anchor time)
2026-07-19 08:11:17.067 Df OMORI[11558:8b73] [com.apple.coremedia:] <<<< FAQRP >>>> faqrp_timebaseRateChangedCallback: (0x101244b90) timebase 0x1012469b0 effective rate changed, new rate 0.000
2026-07-19 08:11:17.067 Db OMORI[11558:8b42] [com.apple.coreaudio:AQClient]         AQ_API_V2Impl.cpp:793   AudioQueueGetCurrentTime: ->0x2d2600b
2026-07-19 08:11:17.067 Df OMORI[11558:8b75] [com.apple.coremedia:] <<<< IQ-CA >>>> piqca_gmstats_dump: FIQCA(0x1018af600) client pid 11558 (OMORI), timebase rate: 0.00, layer time: 2.029 s, host: 775.476 s, diff: 773.447 s; iq unconsumed: 3, min: 1.983, max: 2.017; preventsDisplaySleep: NO
2026-07-19 08:11:17.067 Db OMORI[11558:8b42] [com.apple.coreaudio:aqiotime]      AudioQueueObject.cpp:8358  ->AudioQueueObject::GetCurrentQueueTime 0x1028d6200
2026-07-19 08:11:17.067 Df OMORI[11558:8b75] [com.apple.coremedia:] <<<< IQ-CA >>>> piqca_gmstats_dump: FIQCA(0x1018af600) recent frames: enqueued: 110, displayed: 0, dropped: 17, flushed: 0, evicted: 119, >16ms late: 0
2026-07-19 08:11:17.067 Db OMORI[11558:8b42] [com.apple.coreaudio:aqiotime]              AQIONode.cpp:122     ionode anchor 775.505648, 195392 st, 1.000000 rs
2026-07-19 08:11:17.067 Df OMORI[11558:8b75] [com.apple.coremedia:] <<<< IQ-CA >>>> piqca_gmstats_dump: FIQCA(0x1018af600) most recently enqueued:
Enqueued Pixel Buffer:420v, 350 x 206 [
{PTS: 1.967 s, enqueued at: host 775.272 s (media 1.825 s)},
{PTS: 1.983 s, enqueued at: host 775.382 s (media 1.935 s)},
{PTS: 2.000 s, enqueued at: host 775.384 s (media 1.937 s)},
{PTS: 2.017 s, enqueued at: host 775.384 s (media 1.937 s)},
]
2026-07-19 08:11:17.067 Db OMORI[11558:8b42] [com.apple.coreaudio:aqiotime]      AudioQueueObject.cpp:8400    ionode now    775.476689, 194115 st, 1.000000 rs (4.402); qrate = 1.000
2026-07-19 08:11:17.067 Df OMORI[11558:8b75] [com.apple.coremedia:] <<<< IQ-CA >>>> piqca_gmstats_dump: FIQCA(0x1018af600) most recently displayed:
DisplaySize: 0.000000 x 0.000000 [
]
2026-07-19 08:11:17.067 Db OMORI[11558:8b42] [com.apple.coreaudio:aqiotime]      AudioQueueObject.cpp:8401    queue anchor  104256 fr
2026-07-19 08:11:17.067 Df OMORI[11558:8b75] [com.apple.coremedia:] <<<< IQ-CA >>>> piqca_setImageQueueTiming: (0x1018af600) Paused; Set IQTimingOffset: 2.029 at host time 775.476
2026-07-19 08:11:17.067 Db OMORI[11558:8b42] [com.apple.coreaudio:aqiotime]      AudioQueueObject.cpp:8403    queue now     775.476689, 89859 st, 1.000000 rs (2.038)
2026-07-19 08:11:17.068 Db OMORI[11558:8b42] [com.apple.coreaudio:aqiotime]      AudioQueueObject.cpp:8405  <-AudioQueueObject::GetCurrentQueueTime success
2026-07-19 08:11:17.068 Db OMORI[11558:8b42] [com.apple.coreaudio:AQClient]         AQ_API_V2Impl.cpp:817   AudioQueueGetCurrentTime: <-775.476689, 89859 st; err=0
2026-07-19 08:11:17.068 Df OMORI[11558:8b42] [com.apple.coremedia:] <<<< FAQ >>>> FigAudioQueuePause: [0x101257610:0x101258c70] RP/KG.03 calling FigAudioQueueTimingShimPause() at AQ time: 2.038
2026-07-19 08:11:17.068 Df OMORI[11558:8b42] [com.apple.coremedia:] <<<< FAQ TIMING SHIM >>>> FigAudioQueueTimingShimPause: [0x600003010510] Calling AudioQueuePause(0x2d2600a)
2026-07-19 08:11:17.068 Db OMORI[11558:8b42] [com.apple.coreaudio:AQClient]         AQ_API_V2Impl.cpp:482   AudioQueuePause: ->0x2d2600b
2026-07-19 08:11:17.068 Db OMORI[11558:8b42] [com.apple.coreaudio:AQ]      AudioQueueObject.cpp:8456  BeginPause: aq@0x1028d6200: beingInterrupted 0
2026-07-19 08:11:17.095 Df OMORI[11558:8b42] [com.apple.coreaudio:aqme]            AQMEIO_HAL.cpp:2657  FetchAndLogFrameSize GetCurrentIOBufferFrameSize deviceID=110, frame size is 512
2026-07-19 08:11:17.102 Db OMORI[11558:8b42] [com.apple.coreaudio:AQ]      AudioQueueObject.cpp:8480  BeginPause: mNextIOSampleTime 197440, mAnchorIOSampleTime 104256, mPauseSampleTime 93184
2026-07-19 08:11:17.102 Db OMORI[11558:8b42] [com.apple.coreaudio:AQClient]         AQ_API_V2Impl.cpp:494   AudioQueuePause: <- pauseSampleTime 93184
2026-07-19 08:11:17.102 Db OMORI[11558:8b42] [com.apple.coreaudio:AQClient]         AQ_API_V2Impl.cpp:793   AudioQueueGetCurrentTime: ->0x2d2600b
2026-07-19 08:11:17.102 Db OMORI[11558:8b42] [com.apple.coreaudio:aqiotime]      AudioQueueObject.cpp:8358  ->AudioQueueObject::GetCurrentQueueTime 0x1028d6200
2026-07-19 08:11:17.102 Db OMORI[11558:8b42] [com.apple.coreaudio:aqiotime]      AudioQueueObject.cpp:8391  <-AudioQueueObject::GetCurrentQueueTime - paused; result is mPauseSampleTime(93184)
2026-07-19 08:11:17.102 Db OMORI[11558:8b42] [com.apple.coreaudio:AQClient]         AQ_API_V2Impl.cpp:817   AudioQueueGetCurrentTime: <-invalid ht, 93184 st; err=0
2026-07-19 08:11:17.102 Db OMORI[11558:8b42] [com.apple.coreaudio:aqme]        MEMixerChannel.cpp:3850  set 21; err 0
2026-07-19 08:11:17.102 Df OMORI[11558:8b42] [com.apple.coremedia:] <<<< Boss >>>> figPlaybackBossPrerollCompleted: <0x1012569f0|I/QOI.03> cleaning up for invalidation
2026-07-19 08:11:17.103 Db OMORI[11558:8b42] [com.apple.coreaudio:audiocomp] AudioComponentPluginMgr.mm:1213  findNext adec/aac /appl -> 0x600003309680 adec/aac /appl
2026-07-19 08:11:17.103 Db OMORI[11558:8b42] [com.apple.coreaudio:audiocomp] AudioComponentPluginMgr.mm:1213  findNext adec/aac /appl -> 0x600003309680 adec/aac /appl
2026-07-19 08:11:17.103 Db OMORI[11558:8b42] [com.apple.coreaudio:AQClient]         AQ_API_V2Impl.cpp:574   AudioQueueSetParameter: ->0x2d2600b 7(EQPreset):0.000
2026-07-19 08:11:17.103 Db OMORI[11558:8b42] [com.apple.coreaudio:aqme]        MEMixerChannel.cpp:4027  Set EQ preset 0
2026-07-19 08:11:17.103 Db OMORI[11558:8b42] [com.apple.coreaudio:AQClient]         AQ_API_V2Impl.cpp:583   AudioQueueSetParameter: <-(0)
2026-07-19 08:11:17.103 Df OMORI[11558:8b42] [com.apple.coremedia:player] <<<< FigFilePlayer >>>> playerfig_gracefullyRemoveItemFromPlayQueue: [0x10132d780] P/KG play queue now: [item 0x10187f000 I/QOI.04 (boss 0x0)]
2026-07-19 08:11:17.103 Df OMORI[11558:8b42] [com.apple.coremedia:] << FigPlayMonitor >> FigPlayabilityMonitorCreate: [0x10209fa30] Movie duration = 2.0267 s
2026-07-19 08:11:17.103 Df OMORI[11558:8b42] [com.apple.coremedia:] << FigPlayMonitor >> FigPlayabilityMonitorCreate: [0x10209fa30] new monitor (stream 0x600002121d10)
2026-07-19 08:11:17.103 Df OMORI[11558:8b42] [com.apple.coremedia:player] <<<< FigFilePlayer >>>> itemfig_monitorPlayability: <0x10187f000|I/QOI.04> Created playability monitor 0x10209fa30 (err=0)
2026-07-19 08:11:17.103 Df OMORI[11558:8b3d] [com.apple.coremedia:] << FigPlayMonitor >> fpm_likelyToKeepUpUsingDynamicAlgorithm: [0x10209fa30] sending kfpmStreamLikelyToKeepUp; smoothedBandwidth=0.00 kbps dur=2.03
2026-07-19 08:11:17.103 Df OMORI[11558:8b3d] [com.apple.coremedia:] << FigPlayMonitor >> fpm_likelyToKeepUpUsingDynamicAlgorithm: [0x10209fa30] bandwidth: 0 kbps; smoothedBandwidth: 0 kbps; bwInflationFactor: 1.00; (movieDuration - durToPlayThrough): 0.00; durationAhead: 2.03; timeToLikelyToKeepUp: 0.00
2026-07-19 08:11:17.103 Df OMORI[11558:8b42] [com.apple.coremedia:player] <<<< FigFilePlayer >>>> itemfig_registerPlayabilityMonitorNotification: <0x10187f000|I/QOI.04> playback is already LikelyToKeepUp - notifying
2026-07-19 08:11:17.103 Df OMORI[11558:8b42] [com.apple.coremedia:] <<<< FAQ TIMING SHIM >>>> FigAudioQueueTimingShimStop: [0x600003010510] Calling AudioQueueStop(0x2d2600a, immediate:1)
2026-07-19 08:11:17.103 Db OMORI[11558:8b42] [com.apple.coreaudio:AQClient]         AQ_API_V2Impl.cpp:455   AudioQueueStop: ->0x2d2600b immediate (now: 0x455613282)
2026-07-19 08:11:17.103 Db OMORI[11558:8b42] [com.apple.coreaudio:AQ]      AudioQueueObject.cpp:3392  Stop: aq@0x1028d6200: Stopping (wasStarted=1)
2026-07-19 08:11:17.104 Db OMORI[11558:8b42] [com.apple.coreaudio:AQ]      AudioQueueObject.cpp:3461  Reset: aq@0x1028d6200
2026-07-19 08:11:17.104 Db OMORI[11558:8b42] [com.apple.coreaudio:AQ]      AudioQueueObject.cpp:3558  PerformFlush: aq@0x1028d6200
2026-07-19 08:11:17.104 Db OMORI[11558:8b42] [com.apple.coreaudio:AQ]      AudioQueueObject.cpp:5184  PropertyChanged: aq@0x1028d6200: 1718383464 (mDisposalPending=0)
2026-07-19 08:11:17.104 Db OMORI[11558:8b42] [com.apple.coreaudio:aqme]        MEMixerChannel.cpp:4670  ionc@0x1028d6200: Resetting processors (disconnecting)
2026-07-19 08:11:17.104 Df OMORI[11558:8b42] [com.apple.coreaudio:aqme]        MEMixerChannel.cpp:2871  2-channel audiovisual content is NOT eligible for spatialization
2026-07-19 08:11:17.104 Df OMORI[11558:8b42] [com.apple.coreaudio:aqme]        MEMixerChannel.cpp:2871  2-channel audiovisual content is NOT eligible for spatialization
2026-07-19 08:11:17.104 Db OMORI[11558:8b42] [com.apple.defaults:User Defaults] found no value for key converterkTracesPermitted in CFPrefsSearchListSource<0x600002c28380> (Domain: com.apple.coreaudio, Container: (null))
2026-07-19 08:11:17.104 Db OMORI[11558:8b42] [com.apple.defaults:User Defaults] found no value for key converterkTracesPermitted in CFPrefsSearchListSource<0x600002c28380> (Domain: com.apple.coreaudio, Container: (null))
2026-07-19 08:11:17.104 Db OMORI[11558:8b42] [com.apple.defaults:User Defaults] found no value for key converterkTracesPermitted in CFPrefsSearchListSource<0x600002c28380> (Domain: com.apple.coreaudio, Container: (null))
2026-07-19 08:11:17.104 Df OMORI[11558:8b42] [com.apple.coreaudio:AudioConverter]        AudioConverter.cpp:1011  Created a new in process converter -> 0x600000c761c0, from  2 ch,  44100 Hz, Float32, deinterleaved to  2 ch,  44100 Hz, Float32, deinterleaved
2026-07-19 08:11:17.104 Db OMORI[11558:8b42] [com.apple.coreaudio:aqme]         MESubmixGraph.cpp:1510  client <AudioQueueObject@0x1028d6200; Unknown FigPlayer; [11558]; play> has a valid layout; setting: tag=0x650002
2026-07-19 08:11:17.104 Db OMORI[11558:8b42] [com.apple.coreaudio:aqme]        MEMixerChannel.cpp:4027  Set EQ preset 0
2026-07-19 08:11:17.104 Df OMORI[11558:8b42] [com.apple.coreaudio:AQ]      AudioQueueObject.cpp:5383  ApplyParameters: aq@0x1028d6200 volume 1.000 1.000 1.000 1.000 1.000 1.000, 1.000
2026-07-19 08:11:17.104 Db OMORI[11558:8b42] [com.apple.coreaudio:aqme]        MEMixerChannel.cpp:4678  ionc@0x1028d6200: Finished resetting processors
2026-07-19 08:11:17.104 Db OMORI[11558:8b42] [com.apple.coreaudio:aqme]        MEMixerChannel.cpp:4681  ionc@0x1028d6200: startingTimeline 1
2026-07-19 08:11:17.104 Db OMORI[11558:8b42] [com.apple.coreaudio:AQ]        AudioQueueObject.h:2651  StopRunning: aq@0x1028d6200: ionode 0x1012501e0
2026-07-19 08:11:17.104 Db OMORI[11558:8b42] [com.apple.coreaudio:aqme]  MEDeviceStreamClient.cpp:447   -> 0x101250238 <AudioQueueObject@0x1028d6200; Unknown FigPlayer; [11558]; play>
2026-07-19 08:11:17.105 Df OMORI[11558:8b42] [com.apple.coreaudio:aqme]            AQMEIO_HAL.cpp:2657  FetchAndLogFrameSize GetCurrentIOBufferFrameSize deviceID=110, frame size is 512
2026-07-19 08:11:17.113 Df OMORI[11558:8b42] [com.apple.coreaudio:aqme]        MEMixerChannel.cpp:2871  2-channel audiovisual content is NOT eligible for spatialization
2026-07-19 08:11:17.113 Df OMORI[11558:8b42] [com.apple.coreaudio:aqme]  MEDeviceStreamClient.cpp:479   AQME Default-InputOutput: client stopping: <AudioQueueObject@0x1028d6200; Unknown FigPlayer; [11558]; play>; running count now 1
2026-07-19 08:11:17.113 Db OMORI[11558:8b42] [com.apple.coreaudio:AQ]        AudioQueueObject.h:2569  ReleasePlayResources: aq@0x1028d6200
2026-07-19 08:11:17.113 Db OMORI[11558:8b42] [com.apple.coreaudio:AQ]      AudioQueueObject.cpp:5184  PropertyChanged: aq@0x1028d6200: 1634824814 (mDisposalPending=0)
2026-07-19 08:11:17.113 Db OMORI[11558:8bc2] [com.apple.coreaudio:AQ]      AudioQueueObject.cpp:9443  Run: exiting
2026-07-19 08:11:17.113 Db OMORI[11558:8b42] [com.apple.coreaudio:AQClient]           ClientQueue.cpp:587   AwaitAllPendingCallbacks: 0x2d2600b: waiting for callbacks, buffers only = 0, buffer count = 0, fetch/deliver count = 1
2026-07-19 08:11:17.113 Df OMORI[11558:8b3b] [com.apple.coremedia:] <<<< FAQ >>>> subaq_startStopListener: [0x101257610:0x101258c70] RP/KG.03 AudioQueue has stopped
2026-07-19 08:11:17.113 Db OMORI[11558:8b42] [com.apple.coreaudio:AQClient]           ClientQueue.cpp:612   AwaitAllPendingCallbacks: 0x101445c98: done
2026-07-19 08:11:17.113 Db OMORI[11558:8b42] [com.apple.coreaudio:AQClient]         AQ_API_V2Impl.cpp:470   AudioQueueStop: <-(0.009993 s)
2026-07-19 08:11:17.113 Df OMORI[11558:8b42] [com.apple.coremedia:] <<<< FAQ TIMING SHIM >>>> FigAudioQueueTimingShimStop: [0x600003010510] Calling AudioQueueStop(0x2d2600a, immediate:1)
2026-07-19 08:11:17.113 Db OMORI[11558:8b42] [com.apple.coreaudio:AQClient]         AQ_API_V2Impl.cpp:455   AudioQueueStop: ->0x2d2600b immediate (now: 0x45564eaee)
2026-07-19 08:11:17.113 Db OMORI[11558:8b42] [com.apple.coreaudio:AQ]      AudioQueueObject.cpp:3392  Stop: aq@0x1028d6200: Stopping (wasStarted=0)
2026-07-19 08:11:17.114 Db OMORI[11558:8b42] [com.apple.coreaudio:AQ]      AudioQueueObject.cpp:3461  Reset: aq@0x1028d6200
2026-07-19 08:11:17.114 Db OMORI[11558:8b42] [com.apple.coreaudio:AQ]      AudioQueueObject.cpp:3558  PerformFlush: aq@0x1028d6200
2026-07-19 08:11:17.114 Db OMORI[11558:8b42] [com.apple.coreaudio:AQ]      AudioQueueObject.cpp:5184  PropertyChanged: aq@0x1028d6200: 1718383464 (mDisposalPending=0)
2026-07-19 08:11:17.114 Db OMORI[11558:8b42] [com.apple.coreaudio:aqme]        MEMixerChannel.cpp:4670  ionc@0x1028d6200: Resetting processors (not disconnecting)
2026-07-19 08:11:17.114 Db OMORI[11558:8b42] [com.apple.coreaudio:aqme]        MEMixerChannel.cpp:4678  ionc@0x1028d6200: Finished resetting processors
2026-07-19 08:11:17.114 Db OMORI[11558:8b42] [com.apple.coreaudio:aqme]        MEMixerChannel.cpp:4681  ionc@0x1028d6200: startingTimeline 1
2026-07-19 08:11:17.114 Db OMORI[11558:8b42] [com.apple.coreaudio:AQ]        AudioQueueObject.h:2651  StopRunning: aq@0x1028d6200: ionode 0x1012501e0
2026-07-19 08:11:17.114 Db OMORI[11558:8b42] [com.apple.coreaudio:AQ]        AudioQueueObject.h:2569  ReleasePlayResources: aq@0x1028d6200
2026-07-19 08:11:17.114 Db OMORI[11558:8b42] [com.apple.coreaudio:AQClient]           ClientQueue.cpp:587   AwaitAllPendingCallbacks: 0x2d2600b: waiting for callbacks, buffers only = 0, buffer count = 0, fetch/deliver count = 1
2026-07-19 08:11:17.114 Db OMORI[11558:8b42] [com.apple.coreaudio:AQClient]           ClientQueue.cpp:612   AwaitAllPendingCallbacks: 0x101445c98: done
2026-07-19 08:11:17.114 Db OMORI[11558:8b42] [com.apple.coreaudio:AQClient]         AQ_API_V2Impl.cpp:470   AudioQueueStop: <-(0.000816 s)
2026-07-19 08:11:17.114 Df OMORI[11558:8b42] [com.apple.coremedia:] <<<< FAQ >>>> subaq_disposeCAAudioQueue: [0x101257610:0x101258c70] RP/KG.03 FigAudioQueueTimingShimDispose 0x600003010510
2026-07-19 08:11:17.114 Df OMORI[11558:8b42] [com.apple.coremedia:] <<<< FAQ TIMING SHIM >>>> FigAudioQueueTimingShimDispose: [0x600003010510] Calling AudioQueueDispose(0x2d2600a, immediate:1)
2026-07-19 08:11:17.114 Db OMORI[11558:8b42] [com.apple.coreaudio:AQClient]         AQ_API_V2Impl.cpp:165   AudioQueueDispose: ->immediate serverQueue=0x2d2600b, clientQueue=0x101445c98
2026-07-19 08:11:17.114 Db OMORI[11558:8b42] [com.apple.coreaudio:AQClient]         AQ_API_V2Impl.cpp:455   AudioQueueStop: ->0x2d2600b immediate (now: 0x455654240)
2026-07-19 08:11:17.114 Db OMORI[11558:8b42] [com.apple.coreaudio:AQ]      AudioQueueObject.cpp:3392  Stop: aq@0x1028d6200: Stopping (wasStarted=0)
2026-07-19 08:11:17.115 Db OMORI[11558:8b42] [com.apple.coreaudio:AQ]      AudioQueueObject.cpp:3461  Reset: aq@0x1028d6200
2026-07-19 08:11:17.115 Db OMORI[11558:8b42] [com.apple.coreaudio:AQ]      AudioQueueObject.cpp:3558  PerformFlush: aq@0x1028d6200
2026-07-19 08:11:17.115 Db OMORI[11558:8b42] [com.apple.coreaudio:AQ]      AudioQueueObject.cpp:5184  PropertyChanged: aq@0x1028d6200: 1718383464 (mDisposalPending=0)
2026-07-19 08:11:17.115 Db OMORI[11558:8b42] [com.apple.coreaudio:aqme]        MEMixerChannel.cpp:4670  ionc@0x1028d6200: Resetting processors (not disconnecting)
2026-07-19 08:11:17.115 Db OMORI[11558:8b42] [com.apple.coreaudio:aqme]        MEMixerChannel.cpp:4678  ionc@0x1028d6200: Finished resetting processors
2026-07-19 08:11:17.115 Db OMORI[11558:8b42] [com.apple.coreaudio:aqme]        MEMixerChannel.cpp:4681  ionc@0x1028d6200: startingTimeline 1
2026-07-19 08:11:17.115 Db OMORI[11558:8b42] [com.apple.coreaudio:AQ]        AudioQueueObject.h:2651  StopRunning: aq@0x1028d6200: ionode 0x1012501e0
2026-07-19 08:11:17.115 Db OMORI[11558:8b42] [com.apple.coreaudio:AQ]        AudioQueueObject.h:2569  ReleasePlayResources: aq@0x1028d6200
2026-07-19 08:11:17.115 Db OMORI[11558:8b42] [com.apple.coreaudio:AQClient]           ClientQueue.cpp:587   AwaitAllPendingCallbacks: 0x2d2600b: waiting for callbacks, buffers only = 0, buffer count = 0, fetch/deliver count = 1
2026-07-19 08:11:17.115 Db OMORI[11558:8b42] [com.apple.coreaudio:AQClient]           ClientQueue.cpp:612   AwaitAllPendingCallbacks: 0x101445c98: done
2026-07-19 08:11:17.115 Db OMORI[11558:8b42] [com.apple.coreaudio:AQClient]         AQ_API_V2Impl.cpp:470   AudioQueueStop: <-(0.000548 s)
2026-07-19 08:11:17.115 Db OMORI[11558:8b42] [com.apple.coreaudio:AQ]      AudioQueueObject.cpp:3392  Stop: aq@0x1028d6200: Stopping (wasStarted=0)
2026-07-19 08:11:17.115 Db OMORI[11558:8b42] [com.apple.coreaudio:AQ]      AudioQueueObject.cpp:3461  Reset: aq@0x1028d6200
2026-07-19 08:11:17.115 Db OMORI[11558:8b42] [com.apple.coreaudio:AQ]      AudioQueueObject.cpp:3558  PerformFlush: aq@0x1028d6200
2026-07-19 08:11:17.115 Db OMORI[11558:8b42] [com.apple.coreaudio:AQ]      AudioQueueObject.cpp:5184  PropertyChanged: aq@0x1028d6200: 1718383464 (mDisposalPending=1)
2026-07-19 08:11:17.115 Db OMORI[11558:8b42] [com.apple.coreaudio:aqme]        MEMixerChannel.cpp:4670  ionc@0x1028d6200: Resetting processors (not disconnecting)
2026-07-19 08:11:17.115 Db OMORI[11558:8b42] [com.apple.coreaudio:aqme]        MEMixerChannel.cpp:4678  ionc@0x1028d6200: Finished resetting processors
2026-07-19 08:11:17.115 Db OMORI[11558:8b42] [com.apple.coreaudio:aqme]        MEMixerChannel.cpp:4681  ionc@0x1028d6200: startingTimeline 1
2026-07-19 08:11:17.115 Db OMORI[11558:8b42] [com.apple.coreaudio:AQ]        AudioQueueObject.h:2651  StopRunning: aq@0x1028d6200: ionode 0x1012501e0
2026-07-19 08:11:17.115 Db OMORI[11558:8b42] [com.apple.coreaudio:AQ]        AudioQueueObject.h:2569  ReleasePlayResources: aq@0x1028d6200
2026-07-19 08:11:17.115 Db OMORI[11558:8b42] [com.apple.coreaudio:AQ]      AudioQueueObject.cpp:2373  DoIONodeConnect: aq@0x1028d6200: <empty>
2026-07-19 08:11:17.115 Db OMORI[11558:8b42] [com.apple.coreaudio:aqme]           AQMixEngine.cpp:961   ->AQMEDevice(0x101250238)::RemoveIOClient <AudioQueueObject@0x1028d6200; Unknown FigPlayer; [11558]; play>
2026-07-19 08:11:17.115 Df OMORI[11558:8b42] [com.apple.coreaudio:AQ]      AudioQueueObject.cpp:557   ~AudioQueueObject: aq@0x1028d6200: Deleting
2026-07-19 08:11:17.115 Db OMORI[11558:8b42] [com.apple.coreaudio:aqsrv]      AQ_Server_V2Impl.cpp:72    AQServer::QueueDisposed client=0x1ec5b3a98 queueOwner=0x600002c44480
2026-07-19 08:11:17.115 Db OMORI[11558:8b42] [com.apple.coreaudio:AQClient]         AQ_API_V2Impl.cpp:208   AudioQueueDispose: <-
2026-07-19 08:11:17.115 Db OMORI[11558:8b42] [com.apple.coreaudio:AQClient]           ClientQueue.cpp:111   ~Queue: ClientAudioQueue 0x101445c98 0x2d2600b: destructing
2026-07-19 08:11:17.116 Df OMORI[11558:8b42] [com.apple.coremedia:player] <<<< FigFilePlayer >>>> itemfig_isAtmosSupported: [0x10132d780] P/KG item [0x10187f000] I/QOI.04 NO
2026-07-19 08:11:17.116 Df OMORI[11558:8b42] [com.apple.coremedia:] <<<< FAQ >>>> subaq_buildCAAudioQueue: [0x10132db50:0x10132de60] RP/KG.05 Creating AudioQueue with format:'aac ', framesPerPacket:1024, sampleRate:44100
2026-07-19 08:11:17.116 Db OMORI[11558:8b42] [com.apple.coreaudio:AQClient]         AQ_API_V2Impl.cpp:132   AudioQueueNew: ->AudioQueueNewOutput  2 ch,  44100 Hz, aac  (0x00000000) 0 bits/channel, 0 bytes/packet, 1024 frames/packet, 0 bytes/frame 0x4
2026-07-19 08:11:17.116 Db OMORI[11558:8b42] [com.apple.coreaudio:AQ]        AudioQueueObject.h:2481  SetDecodeBufferSizeFrames: aq@0x1020a1c00: 66150 fr
2026-07-19 08:11:17.116 Db OMORI[11558:8b42] [com.apple.coreaudio:AQ]        AudioQueueObject.h:2496  SetDecodeSizesToDefault: aq@0x1020a1c00: conn 0x0 RunsOnAP -1
2026-07-19 08:11:17.116 Db OMORI[11558:8b42] [com.apple.coreaudio:AQ]        AudioQueueObject.h:2514  SetDecodeSizesToDefault: aq@0x1020a1c00: decode buffer sizes: 66150 frames, low-water 22050, max-decode 22050
2026-07-19 08:11:17.116 Db OMORI[11558:8b42] [com.apple.defaults:User Defaults] found no value for key converterkTracesPermitted in CFPrefsSearchListSource<0x600002c28380> (Domain: com.apple.coreaudio, Container: (null))
2026-07-19 08:11:17.116 Db OMORI[11558:8b42] [com.apple.defaults:User Defaults] found no value for key converterkTracesPermitted in CFPrefsSearchListSource<0x600002c28380> (Domain: com.apple.coreaudio, Container: (null))
2026-07-19 08:11:17.116 I  OMORI[11558:8b42] [com.apple.coreaudio:ac]   ACMP4AACBaseDecoder.cpp:308   (0x1020ae040) subType = 'aac ', inputFormat = 0x170a4cd20, outputFormat = 0x1020ac628, inMagicCookie = 0x0, inMagicCookieByteSize = 0
2026-07-19 08:11:17.116 Df OMORI[11558:8b42] [com.apple.coreaudio:ac]   ACMP4AACBaseDecoder.cpp:310   (0x1020ae040) Input format:  2 ch,  44100 Hz, aac  (0x00000000) 0 bits/channel, 0 bytes/packet, 1024 frames/packet, 0 bytes/frame
2026-07-19 08:11:17.116 Df OMORI[11558:8b42] [com.apple.coreaudio:ac]   ACMP4AACBaseDecoder.cpp:313   (0x1020ae040) Output format:  2 ch,  44100 Hz, Float32, deinterleaved
2026-07-19 08:11:17.117 Db OMORI[11558:8b42] [com.apple.defaults:User Defaults] found no value for key converterkTracesPermitted in CFPrefsSearchListSource<0x600002c28380> (Domain: com.apple.coreaudio, Container: (null))
2026-07-19 08:11:17.117 Df OMORI[11558:8b42] [com.apple.coreaudio:AudioConverter]        AudioConverter.cpp:1011  Created a new in process converter -> 0x600000c6b720, from  2 ch,  44100 Hz, aac  (0x00000000) 0 bits/channel, 0 bytes/packet, 1024 frames/packet, 0 bytes/frame to  2 ch,  44100 Hz, Float32, deinterleaved
2026-07-19 08:11:17.117 Df OMORI[11558:8b42] [com.apple.coreaudio:AQ]      AudioQueueObject.cpp:440   AudioQueueObject: aq@0x1020a1c00: New output; format  2 ch,  44100 Hz, aac  (0x00000000) 0 bits/channel, 0 bytes/packet, 1024 frames/packet, 0 bytes/frame
2026-07-19 08:11:17.117 Db OMORI[11558:8b42] [com.apple.coreaudio:AQClient]         AQ_API_V2Impl.cpp:151   AudioQueueNew: <-AudioQueueNewOutput serverQueue=0x2d26011, clientQueue=0x10131d078
2026-07-19 08:11:17.117 Db OMORI[11558:8b42] [com.apple.coreaudio:AQ]      AudioQueueObject.cpp:3392  Stop: aq@0x1020a1c00: Stopping (wasStarted=0)
2026-07-19 08:11:17.117 Db OMORI[11558:8b42] [com.apple.coreaudio:AQ]      AudioQueueObject.cpp:3461  Reset: aq@0x1020a1c00
2026-07-19 08:11:17.117 Db OMORI[11558:8b42] [com.apple.coreaudio:AQ]      AudioQueueObject.cpp:3558  PerformFlush: aq@0x1020a1c00
2026-07-19 08:11:17.117 Db OMORI[11558:8b42] [com.apple.coreaudio:AQ]      AudioQueueObject.cpp:5184  PropertyChanged: aq@0x1020a1c00: 1718383464 (mDisposalPending=0)
2026-07-19 08:11:17.117 Db OMORI[11558:8b42] [com.apple.coreaudio:AQ]        AudioQueueObject.h:2651  StopRunning: aq@0x1020a1c00: ionode 0x0
2026-07-19 08:11:17.117 Db OMORI[11558:8b42] [com.apple.coreaudio:AQ]        AudioQueueObject.h:2569  ReleasePlayResources: aq@0x1020a1c00
2026-07-19 08:11:17.117 Db OMORI[11558:8b42] [com.apple.coreaudio:audiocomp] AudioComponentPluginMgr.mm:1213  findNext adec/aac /appl -> 0x600003309680 adec/aac /appl
2026-07-19 08:11:17.117 I  OMORI[11558:8b42] [com.apple.coreaudio:ac]   ACMP4AACBaseDecoder.cpp:308   (0x1018ef840) subType = 'aac ', inputFormat = 0x0, outputFormat = 0x0, inMagicCookie = 0x0, inMagicCookieByteSize = 0
2026-07-19 08:11:17.117 Db OMORI[11558:8b42] [com.apple.coreaudio:audiocomp] AudioComponentPluginMgr.mm:1213  findNext adec/aac /appl -> 0x600003309680 adec/aac /appl
2026-07-19 08:11:17.117 I  OMORI[11558:8b42] [com.apple.coreaudio:ac]   ACMP4AACBaseDecoder.cpp:308   (0x1018ef840) subType = 'aac ', inputFormat = 0x0, outputFormat = 0x0, inMagicCookie = 0x0, inMagicCookieByteSize = 0
2026-07-19 08:11:17.118 Db OMORI[11558:8b42] [com.apple.coreaudio:AQ]      AudioQueueObject.cpp:2373  DoIONodeConnect: aq@0x1020a1c00: <empty>
2026-07-19 08:11:17.118 Db OMORI[11558:8b42] [com.apple.coreaudio:audiocomp] AudioComponentPluginMgr.mm:1213  findNext adec/aac /appl -> 0x600003309680 adec/aac /appl
2026-07-19 08:11:17.118 I  OMORI[11558:8b42] [com.apple.coreaudio:ac]   ACMP4AACBaseDecoder.cpp:308   (0x1018ef840) subType = 'aac ', inputFormat = 0x0, outputFormat = 0x0, inMagicCookie = 0x6000029389d0, inMagicCookieByteSize = 39
2026-07-19 08:11:17.118 I  OMORI[11558:8b42] [com.apple.coreaudio:ac]   ACMP4AACBaseDecoder.cpp:1647  (0x1018ef840) [39 bytes]: '03 80 80 80 22 00 00 00 04 80 80 80 14 40 14 00 18 00 00 01 F4 00 00 01 F4 00 05 80 80 80 02 12 10 06 80 80 80 01 02'
2026-07-19 08:11:17.118 Db OMORI[11558:8b42] [com.apple.coreaudio:audiocomp] AudioComponentPluginMgr.mm:1213  findNext adec/aac /appl -> 0x600003309680 adec/aac /appl
2026-07-19 08:11:17.118 I  OMORI[11558:8b42] [com.apple.coreaudio:ac]   ACMP4AACBaseDecoder.cpp:308   (0x1018ef840) subType = 'aac ', inputFormat = 0x0, outputFormat = 0x0, inMagicCookie = 0x6000029389d0, inMagicCookieByteSize = 39
2026-07-19 08:11:17.118 I  OMORI[11558:8b42] [com.apple.coreaudio:ac]   ACMP4AACBaseDecoder.cpp:1647  (0x1018ef840) [39 bytes]: '03 80 80 80 22 00 00 00 04 80 80 80 14 40 14 00 18 00 00 01 F4 00 00 01 F4 00 05 80 80 80 02 12 10 06 80 80 80 01 02'
2026-07-19 08:11:17.118 Db OMORI[11558:8b42] [com.apple.coreaudio:AQ]      AudioQueueObject.cpp:2373  DoIONodeConnect: aq@0x1020a1c00: Default-InputOutput
2026-07-19 08:11:17.118 Db OMORI[11558:8b42] [com.apple.coreaudio:AQ]      AudioQueueObject.cpp:1353  ChooseCodec: aq@0x1020a1c00: 1633969507 1633772320, preferred manuf 0; found hw=0, sw=1634758764; policy 0, chose 1634758764
2026-07-19 08:11:17.118 Db OMORI[11558:8b42] [com.apple.coreaudio:AQ]      AudioQueueObject.cpp:1396  GetCodecOutputFormats: Querying output formats for  2 ch,  44100 Hz, aac  (0x00000000) 0 bits/channel, 0 bytes/packet, 1024 frames/packet, 0 bytes/frame, using codec adec/aac /appl
2026-07-19 08:11:17.119 Db OMORI[11558:8b42] [com.apple.coreaudio:audiocomp] AudioComponentPluginMgr.mm:1213  findNext adec/aac /appl -> 0x600003309680 adec/aac /appl
2026-07-19 08:11:17.119 Db OMORI[11558:8b42] [com.apple.coreaudio:audiocomp] AudioComponentPluginMgr.mm:1213  findNext adec/aac /appl -> 0x600003309680 adec/aac /appl
2026-07-19 08:11:17.119 Db OMORI[11558:8b42] [com.apple.coreaudio:AQ]      AudioQueueObject.cpp:1416  GetCodecOutputFormats:   [0]  2 ch,  44100 Hz, Float32, interleaved
2026-07-19 08:11:17.119 Db OMORI[11558:8b42] [com.apple.coreaudio:AQ]      AudioQueueObject.cpp:1416  GetCodecOutputFormats:   [1]  2 ch,  44100 Hz, Float32, deinterleaved
2026-07-19 08:11:17.119 Db OMORI[11558:8b42] [com.apple.coreaudio:AQ]      AudioQueueObject.cpp:1416  GetCodecOutputFormats:   [2]  2 ch,  44100 Hz, Int16, interleaved
2026-07-19 08:11:17.119 Db OMORI[11558:8b42] [com.apple.coreaudio:AQ]      AudioQueueObject.cpp:1416  GetCodecOutputFormats:   [3]  2 ch,  44100 Hz, Int16, deinterleaved
