2026-07-19 08:11:12.733 Db OMORI[11558:8b3d] [com.apple.defaults:User Defaults] CFPrefsManagedSource<0x600002c3c780> (Domain: com.apple.metal, User: kCFPreferencesCurrentUser, ByHost: Yes, Container: (null), Contents Need Refresh: No) loaded: an empty base plist and no additional changes from the base plist
2026-07-19 08:11:12.733 Db OMORI[11558:8b3d] [com.apple.defaults:User Defaults] CFPrefsManagedSource<0x600002c3c800> (Domain: com.apple.metal, User: kCFPreferencesAnyUser, ByHost: Yes, Container: (null), Contents Need Refresh: No) loaded: an empty base plist and no additional changes from the base plist
2026-07-19 08:11:12.733 Db OMORI[11558:8b3d] [com.apple.defaults:User Defaults] CFPrefsPlistSource<0x600002c3c580> (Domain: com.apple.metal, User: kCFPreferencesCurrentUser, ByHost: No, Container: (null), Contents Need Refresh: No) loaded: an empty base plist and no additional changes from the base plist
2026-07-19 08:11:12.733 Db OMORI[11558:8b3d] [com.apple.defaults:User Defaults] CFPrefsPlistSource<0x600002c3c980> (Domain: com.apple.metal, User: kCFPreferencesCurrentUser, ByHost: No, Container: /Users/runner/Library/Developer/CoreSimulator/Devices/CE505324-B3F4-4B42-8BC5-419D92D4505A/data, Contents Need Refresh: No) loaded: an empty base plist and no additional changes from the base plist
2026-07-19 08:11:12.733 Db OMORI[11558:8b3d] [com.apple.defaults:User Defaults] CFPrefsPlistSource<0x600002c3ca80> (Domain: com.apple.metal, User: kCFPreferencesCurrentUser, ByHost: Yes, Container: (null), Contents Need Refresh: No) loaded: an empty base plist and no additional changes from the base plist
2026-07-19 08:11:12.733 Db OMORI[11558:8b3d] [com.apple.defaults:User Defaults] found no value for key MetalSimulatorEnabled in CFPrefsSearchListSource<0x600002c3c700> (Domain: com.apple.metal, Container: (null))
2026-07-19 08:11:12.735 Df OMORI[11558:8b3d] [com.apple.xpc:connection] [0x10120dd70] activating connection: mach=true listener=false peer=false name=com.apple.metal.simulator
2026-07-19 08:11:12.736 Df OMORI[11558:8b3d] [com.apple.xpc:connection] [0x101410500] activating connection: mach=true listener=false peer=false name=com.apple.metal.simulator
2026-07-19 08:11:12.736 Df OMORI[11558:8b3d] [com.apple.xpc:connection] [0x101222d00] activating connection: mach=true listener=false peer=false name=com.apple.metal.simulator
2026-07-19 08:11:12.737 Db OMORI[11558:8b3d] [com.apple.defaults:User Defaults] CFPrefsManagedSource<0x600002c40100> (Domain: com.apple.Metal, User: kCFPreferencesCurrentUser, ByHost: Yes, Container: (null), Contents Need Refresh: No) loaded: an empty base plist and no additional changes from the base plist
2026-07-19 08:11:12.738 Db OMORI[11558:8b3d] [com.apple.defaults:User Defaults] CFPrefsManagedSource<0x600002c40180> (Domain: com.apple.Metal, User: kCFPreferencesAnyUser, ByHost: Yes, Container: (null), Contents Need Refresh: No) loaded: an empty base plist and no additional changes from the base plist
2026-07-19 08:11:12.738 Db OMORI[11558:8b3d] [com.apple.defaults:User Defaults] CFPrefsPlistSource<0x600002c40080> (Domain: com.apple.Metal, User: kCFPreferencesCurrentUser, ByHost: No, Container: (null), Contents Need Refresh: No) loaded: an empty base plist and no additional changes from the base plist
2026-07-19 08:11:12.738 Db OMORI[11558:8b3d] [com.apple.defaults:User Defaults] CFPrefsPlistSource<0x600002c40300> (Domain: com.apple.Metal, User: kCFPreferencesCurrentUser, ByHost: No, Container: /Users/runner/Library/Developer/CoreSimulator/Devices/CE505324-B3F4-4B42-8BC5-419D92D4505A/data, Contents Need Refresh: No) loaded: an empty base plist and no additional changes from the base plist
2026-07-19 08:11:12.738 Db OMORI[11558:8b3d] [com.apple.defaults:User Defaults] CFPrefsPlistSource<0x600002c40400> (Domain: com.apple.Metal, User: kCFPreferencesCurrentUser, ByHost: Yes, Container: (null), Contents Need Refresh: No) loaded: an empty base plist and no additional changes from the base plist
2026-07-19 08:11:12.738 Db OMORI[11558:8b3d] [com.apple.defaults:User Defaults] found no value for key forceDeviceName in CFPrefsSearchListSource<0x600002c40000> (Domain: com.apple.Metal, Container: (null))
2026-07-19 08:11:12.738 Db OMORI[11558:8b3d] [com.apple.defaults:User Defaults] found no value for key vmc_stats_trace in CFPrefsSearchListSource<0x600002c27a00> (Domain: com.apple.coremedia, Container: (null))
2026-07-19 08:11:12.738 Db OMORI[11558:8b3d] [com.apple.defaults:User Defaults] found no value for key MetalSimulatorEnabled in CFPrefsSearchListSource<0x600002c3c700> (Domain: com.apple.metal, Container: (null))
2026-07-19 08:11:12.738 Db OMORI[11558:8b3d] [com.apple.defaults:User Defaults] found no value for key forceDeviceName in CFPrefsSearchListSource<0x600002c40000> (Domain: com.apple.Metal, Container: (null))
2026-07-19 08:11:12.739 Db OMORI[11558:8b3d] [com.apple.defaults:User Defaults] found no value for key hdr10plusenabled in CFPrefsSearchListSource<0x600002c27a00> (Domain: com.apple.coremedia, Container: (null))
2026-07-19 08:11:12.739 Db OMORI[11558:8b3d] [com.apple.defaults:User Defaults] found no value for key dolby8p1enabled in CFPrefsSearchListSource<0x600002c27a00> (Domain: com.apple.coremedia, Container: (null))
2026-07-19 08:11:12.740 Df OMORI[11558:8b3d] [com.apple.coremedia:playback-memory] <<< FigDispatchUtilities >>> FigOSTransactionCreateWithProcessName: [Fig Transaction] Added transaction weak reference holder <0x600000287000>: 1784448672 VTDecompressionSession NULL 0:(null) n/a
2026-07-19 08:11:12.740 Db OMORI[11558:8b3d] [com.apple.defaults:User Defaults] found no value for key ForceSyncH264SWDecoder in CFPrefsSearchListSource<0x600002c27a00> (Domain: com.apple.coremedia, Container: (null))
2026-07-19 08:11:12.740 Db OMORI[11558:8b3d] [com.apple.defaults:User Defaults] found no value for key MetalSimulatorEnabled in CFPrefsSearchListSource<0x600002c3c700> (Domain: com.apple.metal, Container: (null))
2026-07-19 08:11:12.740 Db OMORI[11558:8b3d] [com.apple.defaults:User Defaults] found no value for key forceDeviceName in CFPrefsSearchListSource<0x600002c40000> (Domain: com.apple.Metal, Container: (null))
2026-07-19 08:11:12.741 Df OMORI[11558:8b3d] [com.apple.coremedia:] <<<< VMC >>>> VMC2CreateWithCallbacks: Created VMC 0x10289a600 on behalf of client pid 11558
2026-07-19 08:11:12.741 Df OMORI[11558:8b3d] [com.apple.coremedia:] <<<< IQ-CA >>>> piqca_setImageQueueTiming: (0x1018ae400) Paused; Set IQTimingOffset: 0.000 at host time 0.000
2026-07-19 08:11:12.741 Df OMORI[11558:8b42] [com.apple.coremedia:] <<<< IQ-CA >>>> piqca_setImageQueueTiming: (0x1018ae400) Paused; Set IQTimingOffset: 0.000 at host time 771.150
2026-07-19 08:11:12.742 Db OMORI[11558:8b3d] [com.apple.defaults:User Defaults] found no value for key boss_trace in CFPrefsSearchListSource<0x600002c27a00> (Domain: com.apple.coremedia, Container: (null))
2026-07-19 08:11:12.742 Db OMORI[11558:8b3d] [com.apple.defaults:User Defaults] found no value for key boss_trace in CFPrefsSearchListSource<0x600002c27a00> (Domain: com.apple.coremedia, Container: (null))
2026-07-19 08:11:12.743 Db OMORI[11558:8b3d] [com.apple.defaults:User Defaults] found no value for key vdmst_trace in CFPrefsSearchListSource<0x600002c27a00> (Domain: com.apple.coremedia, Container: (null))
2026-07-19 08:11:12.743 Db OMORI[11558:8b3d] [com.apple.defaults:User Defaults] found no value for key vdmst_trace in CFPrefsSearchListSource<0x600002c27a00> (Domain: com.apple.coremedia, Container: (null))
2026-07-19 08:11:12.743 Db OMORI[11558:8b3d] [com.apple.CFBundle:resources] Resource lookup at CFBundle 0x600003b18620 </Library/Developer/CoreSimulator/Volumes/iOS_22B81/Library/Developer/CoreSimulator/Profiles/Runtimes/iOS 18.1.simruntime/Contents/Resources/RuntimeRoot/System/Library/Frameworks/MediaToolbox.framework> (framework, loaded)
	Request       : MediaValidator.plist path: D49
	Result        : file:///Library/Developer/CoreSimulator/Volumes/iOS_22B81/Library/Developer/CoreSimulator/Profiles/Runtimes/iOS%2018.1.simruntime/Contents/Resources/RuntimeRoot/System/Library/Frameworks/MediaToolbox.framework/D49/MediaValidator.plist
2026-07-19 08:11:12.744 Df OMORI[11558:8b3d] [com.apple.coremedia:] <<<< VDMST >>>> FigGetEstimatedMaxFullFramePlaybackSpeedForFormatDescriptionAndNominalFrameRate:  decoderMaxPixelsPerSec( 530841600.000000 ) / ( nominalFrameRate( 60.197369 ) * encodedDimensions.width ( 350 ) * encodedDimensions.height( 206 ) ) = rate 122.31
2026-07-19 08:11:12.744 Df OMORI[11558:8b3d] [com.apple.coremedia:] <<<< Boss >>>> FigPlaybackBossCreate: <0x101442b30|I/QOI.02> calculate IFrameOnlySpeedThreshold (122.31)
2026-07-19 08:11:12.744 Df OMORI[11558:8b3d] [com.apple.coremedia:] <<<< FAQRP >>>> faqrp_setTimebase: (0x101244b90) setTimebase to 0x101420590 at time 0.000
2026-07-19 08:11:12.744 Db OMORI[11558:8b3d] [com.apple.defaults:User Defaults] found no value for key AudioEarlyDumpBefore in CFPrefsPlistSource<0x600002c27a80> (Domain: com.apple.coremedia, User: kCFPreferencesCurrentUser, ByHost: No, Container: (null), Contents Need Refresh: No)
2026-07-19 08:11:12.745 Db OMORI[11558:8b3d] [com.apple.defaults:User Defaults] found no value for key audiomentor_trace in CFPrefsSearchListSource<0x600002c27a00> (Domain: com.apple.coremedia, Container: (null))
2026-07-19 08:11:12.745 Db OMORI[11558:8b3d] [com.apple.defaults:User Defaults] found no value for key audiomentor_trace in CFPrefsSearchListSource<0x600002c27a00> (Domain: com.apple.coremedia, Container: (null))
2026-07-19 08:11:12.746 Df OMORI[11558:8b3d] [com.apple.coremedia:] <<<< Boss >>>> bossBuildMentorForTrack: <0x101442b30|I/QOI.02> track 2 (soun) enableForStepping mentor 0x101333d70 (snippetMentor 0x101333d70 -> loopingMentor 0x0 -> superEditMentor 0x0 -> editMentor 0x101333ac0 -> gaplessMentor 0x0 -> audioMentor 0x101257c20
2026-07-19 08:11:12.746 Db OMORI[11558:8b3d] [com.apple.defaults:User Defaults] found no value for key VideoEarlyDumpBefore in CFPrefsPlistSource<0x600002c27a80> (Domain: com.apple.coremedia, User: kCFPreferencesCurrentUser, ByHost: No, Container: (null), Contents Need Refresh: No)
2026-07-19 08:11:12.746 Db OMORI[11558:8b3d] [com.apple.defaults:User Defaults] found no value for key videomentor_trace in CFPrefsSearchListSource<0x600002c27a00> (Domain: com.apple.coremedia, Container: (null))
2026-07-19 08:11:12.746 Db OMORI[11558:8b3d] [com.apple.defaults:User Defaults] found no value for key videomentor_trace in CFPrefsSearchListSource<0x600002c27a00> (Domain: com.apple.coremedia, Container: (null))
2026-07-19 08:11:12.746 Df OMORI[11558:8b3d] [com.apple.coremedia:] <<<< Boss >>>> bossBuildMentorForTrack: <0x101442b30|I/QOI.02> track 1 (vide) enableForStepping mentor 0x101258170 (snippetMentor 0x0 -> loopingMentor 0x0 -> superEditMentor 0x0 -> editMentor 0x101258170 -> gaplessMentor 0x0 -> videoMentor 0x101220d30
2026-07-19 08:11:12.746 Db OMORI[11558:8b3d] [com.apple.coreaudio:aqme]        MEMixerChannel.cpp:3850  set 21; err 0
2026-07-19 08:11:12.746 Df OMORI[11558:8b3d] [com.apple.coremedia:] <<<< Boss >>>> FigPlaybackBossCreate: returning boss = 0x101442b30
2026-07-19 08:11:12.747 Df OMORI[11558:8b3d] [com.apple.coremedia:] <<<< Boss >>>> FigPlaybackBossSetTimeWithRange: <0x101442b30|I/QOI.02> newTime: 0.000000, scruboption = 0, range = [0.000, 0.000] seekID 0
2026-07-19 08:11:12.747 Df OMORI[11558:8b3d] [com.apple.coremedia:] <<<< Boss >>>> bossSetMentorModesToScrub: <0x101442b30|I/QOI.02> called, tracks 0...1, time 0.000
2026-07-19 08:11:12.747 Df OMORI[11558:8b3d] [com.apple.coremedia:] <<<< Boss >>>> FigPlaybackBossSetTimeWithRange: <0x101442b30|I/QOI.02> playState set to Paused
2026-07-19 08:11:12.747 Df OMORI[11558:8b3d] [com.apple.coremedia:] <<<< Boss >>>> FigPlaybackBossSetEndTime: <0x101442b30|I/QOI.02> endTime nan
2026-07-19 08:11:12.747 Df OMORI[11558:8b3d] [com.apple.coremedia:] <<<< Boss >>>> FigPlaybackBossSetReverseEndTime: <0x101442b30|I/QOI.02> reverseEndTime nan
2026-07-19 08:11:12.747 Df OMORI[11558:8b3d] [com.apple.coremedia:] <<<< Boss >>>> FigPlaybackBossSetStopAtEnd: <0x101442b30|I/QOI.02> FALSE
2026-07-19 08:11:12.747 Df OMORI[11558:8b3d] [com.apple.coremedia:] <<<< Boss >>>> FigPlaybackBossSetAdvanceTimeForOverlappedPlayback: <0x101442b30|I/QOI.02> advanceTimeForOverlappedPlayback nan
2026-07-19 08:11:12.747 Df OMORI[11558:8b3d] [com.apple.coremedia:] <<<< Boss >>>> FigPlaybackBossSetAudibleRateRange: <0x101442b30|I/QOI.02> (no minAudibleRate) 0.000 (no maxAudibleRate) 0.000
2026-07-19 08:11:12.747 Df OMORI[11558:8b3d] [com.apple.coremedia:] <<<< Boss >>>> FigPlaybackBossSetRateSnapping: <0x101442b30|I/QOI.02> snapToSimpleRates = false, minRateToStretchAudio = 0.031, maxRateToStretchAudio = 32.000
2026-07-19 08:11:12.747 Df OMORI[11558:8b3d] [com.apple.coremedia:] <<<< Boss >>>> FigPlaybackBossSetContinuePlayingDuringPrerollForSeek: <0x101442b30|I/QOI.02> true
2026-07-19 08:11:12.748 Df OMORI[11558:8b3d] [com.apple.coremedia:] <<<< Boss >>>> FigPlaybackBossSetContinuePlayingDuringPrerollForRateChange: <0x101442b30|I/QOI.02> true
2026-07-19 08:11:12.748 Df OMORI[11558:8b3d] [com.apple.coremedia:] <<<< Boss >>>> FigPlaybackBossSetUseIFrameOnlyPlaybackForHighRateScaledEdits: <0x101442b30|I/QOI.02> false
2026-07-19 08:11:12.748 Df OMORI[11558:8b3d] [com.apple.coremedia:] <<<< Boss >>>> FigPlaybackBossSetMinimumIntervalForIFrameOnlyPlayback: <0x101442b30|I/QOI.02> 0.100
2026-07-19 08:11:12.748 Df OMORI[11558:8b3d] [com.apple.coremedia:] <<<< Boss >>>> FigPlaybackBossSetThoroughlyRefreshClosedCaptionsWhenSeeking: <0x101442b30|I/QOI.02> false
2026-07-19 08:11:12.748 Df OMORI[11558:8b3d] [com.apple.coremedia:] <<<< Boss >>>> FigPlaybackBossSetMuted: <0x101442b30|I/QOI.02> Muted: No
2026-07-19 08:11:12.748 Df OMORI[11558:8b3d] [com.apple.coremedia:player] <<<< FigFilePlayer >>>> playerfig_prepareWorkingItem2: [0x10132d780] P/KG posting PlayQueueBecameHungry
2026-07-19 08:11:12.748 Df OMORI[11558:8b3d] [com.apple.coremedia:player] <<<< FigFilePlayer >>>> playerfig_prepareWorkingItem2: [0x10132d780|P/KG] <0x102865000|I/QOI.02> posting ReadyForPlayback
2026-07-19 08:11:12.748 Df OMORI[11558:8b3d] [com.apple.coremedia:player] <<<< FigFilePlayer >>>> playerfig_getNextPlaybackState: [0x10132d780] P/KG new playback state: Paused (Player) (playerRate: 0.000), WILL NOT update boss rate (nan), previous state: Paused, change reason: CurrentItemDetailsLoaded, playthrough prediction: likely, options: None
2026-07-19 08:11:12.748 Df OMORI[11558:8b43] [com.apple.coremedia:player] <<<< FigFilePlayer >>>> playerfig_getNextPlaybackState: [0x10132d780] P/KG new playback state: Paused (Player) (playerRate: 0.000), WILL NOT update boss rate (nan), previous state: Paused, change reason: PlaythroughPredictionChanged, playthrough prediction: likely, options: None
2026-07-19 08:11:12.748 Df OMORI[11558:8b43] [com.apple.coremedia:player] <<<< FigFilePlayer >>>> playerfig_getNextPlaybackState: [0x10132d780] P/KG new playback state: Paused (Player) (playerRate: 0.000), WILL NOT update boss rate (nan), previous state: Paused, change reason: PlaythroughPredictionChanged, playthrough prediction: likely, options: None
2026-07-19 08:11:12.749 Df OMORI[11558:8b34] [com.apple.coremedia:player] <<<< FigFilePlayer >>>> itemfig_setCurrentTimeWithRangeAndIDGuts: <0x102877800|I/QOI.05> to 0.000 - setting remembered time
2026-07-19 08:11:12.749 Df OMORI[11558:8b39] [com.apple.coremedia:player] <<<< FigPlayerSurrogate >>>> surrogatePlayer_initiateLoadingOfItemAssetTypeInternal: [0x600003500e70] P/KG preparing item 0x600003905fb0(0x101848a00) I/QOI.03 for enqueueing
2026-07-19 08:11:12.749 Df OMORI[11558:8b39] [com.apple.coremedia:player] <<<< FigPlayerSurrogate >>>> surrogatePlayer_initiateLoadingOfItemAssetTypeInternal: [0x600003500e70] P/KG load ok 0x600003905fb0(0x101848a00) I/QOI.03 already loaded
2026-07-19 08:11:12.749 Df OMORI[11558:8b39] [com.apple.coremedia:player] <<<< FigPlayerSurrogate >>>> surrogatePlayer_respondToLoadingOfItemAssetTypeInternal: [0x600003500e70] P/KG called, enqueuing item 0x600003905fb0 I/QOI.03 if appropriate
2026-07-19 08:11:12.749 Df OMORI[11558:8b39] [com.apple.coremedia:player] <<<< FigPlayerSurrogate >>>> surrogatePlayer_respondToLoadingOfItemAssetTypeInternal: [0x600003500e70] P/KG called for item 0x600003905fb0 I/QOI.03. item index is 1 in surrogate playQueue. realPlayer 0x10132d780, realItem 0x101848a00.
2026-07-19 08:11:12.749 Df OMORI[11558:8b39] [com.apple.coremedia:player] <<<< FigPlayerSurrogate >>>> surrogatePlayer_respondToLoadingOfItemAssetTypeInternal: [0x600003500e70] P/KG called for item 0x600003905fb0 I/QOI.03. Real player matches previous item [0x600003909ad0] I/QOI.02 which is enqueued => enqueuing this item now
2026-07-19 08:11:12.749 Df OMORI[11558:8b39] [com.apple.coremedia:player] <<<< FigPlayerSurrogate >>>> surrogatePlayer_respondToLoadingOfItemAssetTypeInternal: [0x600003500e70] P/KG adding item 0x600003905fb0(0x101848a00) I/QOI.03 to real player play queue
2026-07-19 08:11:12.749 Df OMORI[11558:8b39] [com.apple.coremedia:player] <<<< FigFilePlayer >>>> playerfig_AddToPlayQueue: [0x10132d780] P/KG item 0x101848a00 I/QOI.03 after 0x0
2026-07-19 08:11:12.749 Df OMORI[11558:8b39] [com.apple.coremedia:player] <<<< FigFilePlayer >>>> itemfig_establishStereoAudioSpatializationPreferenceForAsset: <0x101848a00|I/QOI.03>: Stereo Spatialization allowed by default due to asset containing video.
2026-07-19 08:11:12.749 Df OMORI[11558:8b39] [com.apple.coremedia:player] <<<< FigFilePlayer >>>> itemfig_postReadyForInspectionPayloadBecauseAssetPropertyLoadedAndBasicsReady: [0x101848a00] Track ID 1 vide (0x6000029221b0) nominal framerate: 60.197 frames per second
2026-07-19 08:11:12.750 Df OMORI[11558:8b39] [com.apple.coremedia:player] <<<< FigFilePlayer >>>> itemfig_postReadyForInspectionPayloadBecauseAssetPropertyLoadedAndBasicsReady: [0x101848a00] Track ID 2 soun (0x600002922370) nominal framerate: 43.066 samples per second
2026-07-19 08:11:12.750 Df OMORI[11558:8b39] [com.apple.coremedia:player] <<<< FigFilePlayer >>>> playerfig_AddToPlayQueue: [0x10132d780] P/KG play queue is no longer hungry
2026-07-19 08:11:12.750 Df OMORI[11558:8b39] [com.apple.coremedia:player] <<<< FigFilePlayer >>>> playerfig_AddToPlayQueue: [0x10132d780] P/KG play queue now: [item 0x102865000 I/QOI.02 (boss 0x101442b30) item 0x101848a00 I/QOI.03 (boss 0x0)]
2026-07-19 08:11:12.749 Df OMORI[11558:8b34] [com.apple.coremedia:player] <<<< FigFilePlayer >>>> itemfig_setCurrentTimeWithRangeAndIDGuts: <0x102877800|I/QOI.05> no boss, posting SeekDidComplete immediately (seekID 100000001)
2026-07-19 08:11:12.750 Df OMORI[11558:8b34] [com.apple.coremedia:player] <<<< FigFilePlayer >>>> itemfig_applyLoudnessInfo: [0x10132d780] P/KG item [0x102877800] I/QOI.05 is not the working item so no need to pass down loudnessinfo yet for track 0
2026-07-19 08:11:12.750 Df OMORI[11558:8b34] [com.apple.coremedia:player] <<<< FigFilePlayer >>>> itemfig_applyLoudnessInfo: [0x10132d780] P/KG item [0x102877800] I/QOI.05 is not the working item so no need to pass down loudnessinfo yet for track 0
2026-07-19 08:11:12.750 Df OMORI[11558:8b2e] [com.apple.coremedia:player] <<<< FigPlayerSurrogate >>>> surrogatePlayer_AddToPlayQueue: [0x600003500e70] P/KG add 0x600003905d40 I/QOI.05 after 0x600003908410 I/QOI.04
2026-07-19 08:11:12.750 Df OMORI[11558:8b2e] [com.apple.coremedia:player] <<<< FigPlayerSurrogate >>>> surrogatePlaybackItem_addToPlayQueueInternal: [0x600003500e70] P/KG adding item 0x600003905d40(0x102877800) I/QOI.05 to play queue after item 0x600003908410(0x10187f000) I/QOI.04
2026-07-19 08:11:12.750 Df OMORI[11558:8b33] [com.apple.coremedia:] <<<< AVError >>>> AVLocalizedErrorWithUnderlyingOSStatus: Returning error (AVFoundationErrorDomain / -11800) status (-12784)
2026-07-19 08:11:12.750 Df OMORI[11558:8b2e] [com.apple.coremedia:player] <<<< FigPlayerSurrogate >>>> surrogatePlayer_CreatePlaybackItemFromAsset: [0x600003500e70] P/KG Created new item 0x600003991790 I/QOI.06
2026-07-19 08:11:12.751 Df OMORI[11558:8b2e] [com.apple.coremedia:player] <<<< FigPlayerSurrogate >>>> surrogatePlayer_AddToPlayQueue: [0x600003500e70] P/KG add 0x600003991790 I/QOI.06 after 0x600003905d40 I/QOI.05
2026-07-19 08:11:12.751 Db OMORI[11558:8b33] [com.apple.CFBundle:strings] Bundle: CFBundle 0x600003b1c0e0 </Library/Developer/CoreSimulator/Volumes/iOS_22B81/Library/Developer/CoreSimulator/Profiles/Runtimes/iOS 18.1.simruntime/Contents/Resources/RuntimeRoot/System/Library/PrivateFrameworks/AVFCore.framework> (framework, loaded), key: AVFoundationErrorDomain_AVErrorUnknown_Description, value: xxxxDefaultValuexxxx, table: AVError, localizationNames: (null), result: The operation could not be completed
2026-07-19 08:11:12.751 Df OMORI[11558:8b2e] [com.apple.coremedia:player] <<<< FigPlayerSurrogate >>>> surrogatePlaybackItem_addToPlayQueueInternal: [0x600003500e70] P/KG adding item 0x600003991790(0x0) I/QOI.06 to play queue after item 0x600003905d40(0x102877800) I/QOI.05
2026-07-19 08:11:12.751 Db OMORI[11558:8b33] [com.apple.CFBundle:strings] Bundle: CFBundle 0x600003b1c0e0 </Library/Developer/CoreSimulator/Volumes/iOS_22B81/Library/Developer/CoreSimulator/Profiles/Runtimes/iOS 18.1.simruntime/Contents/Resources/RuntimeRoot/System/Library/PrivateFrameworks/AVFCore.framework> (framework, loaded), key: AVFoundationErrorDomain_AVErrorUnknown_FailureReason, value: xxxxDefaultValuexxxx, table: AVError, localizationNames: (null), result: An unknown error occurred (%d)
2026-07-19 08:11:12.751 Df OMORI[11558:8b37] [com.apple.coremedia:player] <<<< FigFilePlayer >>>> fp_CreatePlaybackItem: [0x10132d780] P/KG <redacted> asset 0x600001745ac0 -> new item 0x102872600 I/QOI.06
2026-07-19 08:11:12.751 Df OMORI[11558:8b37] [com.apple.coremedia:player] <<<< FigPlayerSurrogate >>>> surrogatePlaybackItem_createRealItemInternal: created real item 0x102872600 for surrogate item 0x600003991790 I/QOI.06
2026-07-19 08:11:12.751 Df OMORI[11558:8b37] [com.apple.coremedia:player] <<<< FigFilePlayer >>>> itemfig_setCurrentTimeWithRangeAndIDGuts: <0x102872600|I/QOI.06> called, time = 0.000, flags = 0x5, range = [0.000, 0.000], seekID = 100000001
2026-07-19 08:11:12.751 Df OMORI[11558:8b37] [com.apple.coremedia:player] <<<< FigFilePlayer >>>> itemfig_setCurrentTimeWithRangeAndIDGuts: <0x102872600|I/QOI.06> to 0.000 - setting remembered time
2026-07-19 08:11:12.751 Db OMORI[11558:8b33] [com.apple.CFBundle:strings] Bundle: CFBundle 0x600003b1c0e0 </Library/Developer/CoreSimulator/Volumes/iOS_22B81/Library/Developer/CoreSimulator/Profiles/Runtimes/iOS 18.1.simruntime/Contents/Resources/RuntimeRoot/System/Library/PrivateFrameworks/AVFCore.framework> (framework, loaded), key: AVFoundationErrorDomain_AVErrorUnknown_RecoverySuggestion, value: xxxxDefaultValuexxxx, table: AVError, localizationNames: (null), result: xxxxDefaultValuexxxx
2026-07-19 08:11:12.751 Df OMORI[11558:8b37] [com.apple.coremedia:player] <<<< FigFilePlayer >>>> itemfig_setCurrentTimeWithRangeAndIDGuts: <0x102872600|I/QOI.06> no boss, posting SeekDidComplete immediately (seekID 100000001)
2026-07-19 08:11:12.751 Df OMORI[11558:8b37] [com.apple.coremedia:player] <<<< FigFilePlayer >>>> itemfig_applyLoudnessInfo: [0x10132d780] P/KG item [0x102872600] I/QOI.06 is not the working item so no need to pass down loudnessinfo yet for track 0
2026-07-19 08:11:12.751 Df OMORI[11558:8b37] [com.apple.coremedia:player] <<<< FigFilePlayer >>>> itemfig_applyLoudnessInfo: [0x10132d780] P/KG item [0x102872600] I/QOI.06 is not the working item so no need to pass down loudnessinfo yet for track 0
2026-07-19 08:11:12.751 Db OMORI[11558:8b35] [com.apple.defaults:User Defaults] found no value for key MACaptionActiveProfile in CFPrefsSearchListSource<0x600002c06600> (Domain: com.apple.mediaaccessibility, Container: (null))
2026-07-19 08:11:12.751 Df OMORI[11558:8b36] [com.apple.coremedia:] <<<< AVError >>>> AVLocalizedErrorWithUnderlyingOSStatus: Returning error (AVFoundationErrorDomain / -11800) status (-12784)
2026-07-19 08:11:12.751 Df OMORI[11558:8b2e] [com.apple.coremedia:player] <<<< FigFilePlayer >>>> playerfig_getNextPlaybackState: [0x10132d780] P/KG new playback state: Playing (Player) (playerRate: 1.000), NEED TO update boss rate (1.000), previous state: Paused, change reason: ClientInitiated, playthrough prediction: likely, options: None
2026-07-19 08:11:12.752 Db OMORI[11558:8b36] [com.apple.CFBundle:strings] Bundle: CFBundle 0x600003b1c0e0 </Library/Developer/CoreSimulator/Volumes/iOS_22B81/Library/Developer/CoreSimulator/Profiles/Runtimes/iOS 18.1.simruntime/Contents/Resources/RuntimeRoot/System/Library/PrivateFrameworks/AVFCore.framework> (framework, loaded), key: AVFoundationErrorDomain_AVErrorUnknown_Description, value: xxxxDefaultValuexxxx, table: AVError, localizationNames: (null), result: The operation could not be completed
2026-07-19 08:11:12.752 Df OMORI[11558:8b2e] [com.apple.coremedia:player] <<<< FigFilePlayer >>>> playerfig_setBossRateWithFade: [0x10132d780] P/KG called, new rate = 1.000, previous rate = 0.000, fadeDuration = nan, itemTime nan, hostClockTime nan (now 771.161 + nan)
2026-07-19 08:11:12.752 Db OMORI[11558:8b36] [com.apple.CFBundle:strings] Bundle: CFBundle 0x600003b1c0e0 </Library/Developer/CoreSimulator/Volumes/iOS_22B81/Library/Developer/CoreSimulator/Profiles/Runtimes/iOS 18.1.simruntime/Contents/Resources/RuntimeRoot/System/Library/PrivateFrameworks/AVFCore.framework> (framework, loaded), key: AVFoundationErrorDomain_AVErrorUnknown_FailureReason, value: xxxxDefaultValuexxxx, table: AVError, localizationNames: (null), result: An unknown error occurred (%d)
2026-07-19 08:11:12.752 Db OMORI[11558:8b36] [com.apple.CFBundle:strings] Bundle: CFBundle 0x600003b1c0e0 </Library/Developer/CoreSimulator/Volumes/iOS_22B81/Library/Developer/CoreSimulator/Profiles/Runtimes/iOS 18.1.simruntime/Contents/Resources/RuntimeRoot/System/Library/PrivateFrameworks/AVFCore.framework> (framework, loaded), key: AVFoundationErrorDomain_AVErrorUnknown_RecoverySuggestion, value: xxxxDefaultValuexxxx, table: AVError, localizationNames: (null), result: xxxxDefaultValuexxxx
2026-07-19 08:11:12.752 Df OMORI[11558:8b2e] [com.apple.coremedia:player] <<<< FigFilePlayer >>>> playerfig_applySoftwareVolume: [0x10132d780] P/KG rp: [FigRenderPipeline 0x101244b90], propertyName = SoftwareVolume1, targetVolume = 0.00, rampDuration = 0.00, synchronous = YES
2026-07-19 08:11:12.752 Db OMORI[11558:8b2e] [com.apple.coreaudio:AQClient]         AQ_API_V2Impl.cpp:574   AudioQueueSetParameter: ->0x2d26001 4(VolumeRampTime):0.000
2026-07-19 08:11:12.752 Db OMORI[11558:8b2e] [com.apple.coreaudio:AQClient]         AQ_API_V2Impl.cpp:583   AudioQueueSetParameter: <-(0)
2026-07-19 08:11:12.751 Db OMORI[11558:8b33] [com.apple.defaults:User Defaults] found no value for key MACaptionActiveProfile in CFPrefsSearchListSource<0x600002c06600> (Domain: com.apple.mediaaccessibility, Container: (null))
2026-07-19 08:11:12.752 Db OMORI[11558:8b2e] [com.apple.coreaudio:AQClient]         AQ_API_V2Impl.cpp:574   AudioQueueSetParameter: ->0x2d26001 1(Volume):0.000
2026-07-19 08:11:12.752 Db OMORI[11558:8b35] [com.apple.defaults:User Defaults] found no value for key MACaptionDefaultActiveProfile in CFPrefsSearchListSource<0x600002c06600> (Domain: com.apple.mediaaccessibility, Container: (null))
2026-07-19 08:11:12.752 Db OMORI[11558:8b2e] [com.apple.coreaudio:AQClient]         AQ_API_V2Impl.cpp:583   AudioQueueSetParameter: <-(0)
2026-07-19 08:11:12.752 Df OMORI[11558:8b2e] [com.apple.coremedia:player] <<<< FigFilePlayer >>>> playerfig_applySoftwareVolume: [0x10132d780] P/KG rp: [FigRenderPipeline 0x101244b90], propertyName = SoftwareVolume5, targetVolume = 1.00, rampDuration = 0.00, synchronous = YES
=== Messages dropped during live streaming (use `log show` to see what they were)
=== Messages dropped during live streaming (use `log show` to see what they were)
2026-07-19 08:11:12.971 I  OMORI[11558:8aae] [com.apple.WebPrivacy:API] Dispatching list data changed notification for (STORAGE_ACCESS_PROMPT_QUIRKS)
2026-07-19 08:11:12.972 Df OMORI[11558:8aae] [com.apple.WebKit:ResourceLoadStatistics] StorageAccessPromptQuirkController::setCachedQuirks: Loaded 1 storage access prompt(s) quirks from WebPrivacy.
2026-07-19 08:11:12.974 Db OMORI[11558:8b72] [com.apple.coreaudio:AQ]      AudioQueueObject.cpp:6691  ConvertOutput: aq@0x10187f800: scheduling rationale -1: invalid ht, invalid st
2026-07-19 08:11:12.974 Db OMORI[11558:8b72] [com.apple.coreaudio:AQ]      AudioQueueObject.cpp:6734  ConvertOutput: aq@0x10187f800 / bcmd@0x600002923488: Decoded 8192 of 8192 frames (status=did work) to offset 0x0 (0x131b60000), 32768 bytes, t=0x88888888 (0x0 + 0x11dc2)
2026-07-19 08:11:12.987 Db OMORI[11558:8abe] [com.apple.BaseBoard:MachPort]  *|machport|* <BSMachPortTaskNameRight: 0x60000176e940; usable: YES; (11558:9307:send task_name_for_pid:InputUI.11577)> -> (<NSThread: 0x600001704540>{number = 5, name = (null)}) (
	0   BaseBoard                           0x0000000183b27b10 -[BSMachPortRight _initWithPort:type:owner:trace:] + 192
	1   BaseBoard                           0x0000000183b29adc -[BSMachPortTaskNameRight initWithPID:] + 260
	2   BaseBoard                           0x0000000183b2997c +[BSMachPortTaskNameRight taskNameForPID:] + 56
	3   BaseBoard                           0x0000000183b39380 +[BSProcessHandle processHandleForXPCConnection:] + 176
	4   BoardServices                       0x00000001874b8448 +[BSXPCServiceConnectionPeer peerOfConnection:] + 316
	5   BoardServices                       0x00000001874e1ea4 __55-[BSXPCServiceConnection _lock_activateNowOrWhenReady:]_block_invoke_3 + 132
	6   BoardServices                       0x00000001874da408 __55-[BSXPCServiceConnectionMessage _actuallySendWithMode:]_block_invoke + 144
=== Messages dropped during live streaming (use `log show` to see what they were)
=== Messages dropped during live streaming (use `log show` to see what they were)
=== Messages dropped during live streaming (use `log show` to see what they were)
2026-07-19 08:11:13.305 Df OMORI[11558:8b3d] [com.apple.coremedia:] << FigPlayMonitor >> fpm_likelyToKeepUpUsingDynamicAlgorithm: [0x10287e030] bandwidth: 0 kbps; smoothedBandwidth: 0 kbps; bwInflationFactor: 1.00; (movieDuration - durToPlayThrough): 0.45; durationAhead: 1.57; timeToLikelyToKeepUp: 0.00
=== Messages dropped during live streaming (use `log show` to see what they were)
=== Messages dropped during live streaming (use `log show` to see what they were)
=== Messages dropped during live streaming (use `log show` to see what they were)
2026-07-19 08:11:13.737 Df OMORI[11558:8b3d] [com.apple.coremedia:] <<<< Boss >>>> figPlaybackBoss_MentorStopping: <0x101442b30|I/QOI.02> all mentors are now idle
2026-07-19 08:11:13.737 Df OMORI[11558:8b3d] [com.apple.coremedia:player] <<<< FigFilePlayer >>>> playerfig_prepareNextItemForTransition: [0x10132d780|P/KG] <0x102865000|I/QOI.02> called
2026-07-19 08:11:13.737 Df OMORI[11558:8b3d] [com.apple.coremedia:player] <<<< FigFilePlayer >>>> playerfig_doingGapless: P/KG YES
2026-07-19 08:11:13.737 Df OMORI[11558:8b3d] [com.apple.coremedia:player] <<<< FigFilePlayer >>>> playerfig_shouldBeginGaplessTransition: NO, because audio track is short
2026-07-19 08:11:13.825 Df OMORI[11558:8aae] [com.apple.coremedia:] <<<< LayerSync >>>> figlayersync_getLayerDisplayLatency: layer 0x600000c70fc0, context 0x0, displayID 0: latency 0.000
2026-07-19 08:11:13.825 Df OMORI[11558:8aae] [com.apple.coremedia:] <<<< LayerSync >>>> figlayersync_setLayerTiming: (layer 0x600000c70fc0) only set layer timeOffset: 0.000000 at hostTime 772.233954
=== Messages dropped during live streaming (use `log show` to see what they were)
=== Messages dropped during live streaming (use `log show` to see what they were)
=== Messages dropped during live streaming (use `log show` to see what they were)
=== Messages dropped during live streaming (use `log show` to see what they were)
2026-07-19 08:11:14.278 E  SpringBoard[9662:718d] [com.apple.UIKit:KeyboardArbiter] [<_UIKeyboardArbiterClientHandle: 0x6000039aef20; [app<com.poring.omori.ru((null))>:11558] <<UIKBArbiterClientFocusContext: 0x6000004017c0; contextID = f33d22f0; sceneIdentity = com.apple.frontboard.systemappservices/FBSceneManager:sceneID%3Acom.poring.omori.ru-default >>; hosting PIDs {(
)}; level 0.000000; active NO [wants NO]; suppression 0; iav 0.000000; on screen NO; isAcquiringFocus: YES>] Acquiring focus timer elapsed, clearing acquiring focus state
2026-07-19 08:11:14.278 Db SpringBoard[9662:718d] [com.apple.UIKit:KeyboardArbiter] [<_UIKeyboardArbiterClientHandle: 0x6000039aef20; [app<com.poring.omori.ru((null))>:11558] <<UIKBArbiterClientFocusContext: 0x6000004017c0; contextID = f33d22f0; sceneIdentity = com.apple.frontboard.systemappservices/FBSceneManager:sceneID%3Acom.poring.omori.ru-default >>; hosting PIDs {(
)}; level 0.000000; active NO [wants NO]; suppression 0; iav 0.000000; on screen NO; isAcquiringFocus: YES>] clearAcquiringFocus sceneIdentity: com.apple.frontboard.systemappservices/FBSceneManager:sceneID%3Acom.poring.omori.ru-default
2026-07-19 08:11:14.550 Db com.apple.MapKit.SnapshotService[11582:8bb2] [com.apple.defaults:User Defaults] found no value for key VKARDebugScenePoiType in CFPrefsSearchListSource<0x600002c01280> (Domain: com.apple.MapKit.SnapshotService, Container: (null))
2026-07-19 08:11:14.550 Db com.apple.MapKit.SnapshotService[11582:8bb2] [com.apple.defaults:User Defaults] found no value for key VKARDebugSceneFeatureHeading in CFPrefsSearchListSource<0x600002c01280> (Domain: com.apple.MapKit.SnapshotService, Container: (null))
2026-07-19 08:11:14.550 Db com.apple.MapKit.SnapshotService[11582:8bb2] [com.apple.defaults:User Defaults] found no value for key VKARDebugSceneFeatureDistance in CFPrefsSearchListSource<0x600002c01280> (Domain: com.apple.MapKit.SnapshotService, Container: (null))
2026-07-19 08:11:14.550 Db com.apple.MapKit.SnapshotService[11582:8bb2] [com.apple.defaults:User Defaults] found no value for key VKARDebugSceneFeatureText in CFPrefsSearchListSource<0x600002c01280> (Domain: com.apple.MapKit.SnapshotService, Container: (null))
2026-07-19 08:11:14.550 Db com.apple.MapKit.SnapshotService[11582:8bb2] [com.apple.defaults:User Defaults] found no value for key VKARDebugSceneFeatureType in CFPrefsSearchListSource<0x600002c01280> (Domain: com.apple.MapKit.SnapshotService, Container: (null))
2026-07-19 08:11:14.665 Df OMORI[11558:8aae] [com.apple.WebKit:ProcessSuspension] 0x10e023060 NavigationState is releasing background process assertion because a page load completed
2026-07-19 08:11:14.665 Df OMORI[11558:8aae] [com.apple.WebKit:ProcessSuspension] 0x10e00c6f0 - [PID=11564, throttler=0x10e018188] ProcessThrottler::Activity::invalidate: Ending background activity / 'Page Load'
=== Messages dropped during live streaming (use `log show` to see what they were)
2026-07-19 08:11:14.881 Df OMORI[11558:8b3d] [com.apple.coremedia:player] <<<< FigFilePlayer >>>> itemfig_advanceToNextItem: [0x10132d780|P/KG] <0x102865000|I/QOI.02> advancing (because ActionAtEnd == Advance)
2026-07-19 08:11:14.881 Df OMORI[11558:8b3d] [com.apple.coremedia:player] <<<< FigFilePlayer >>>> playerfig_doingGapless: P/KG YES
2026-07-19 08:11:14.881 Df OMORI[11558:8b3d] [com.apple.coremedia:player] <<<< FigFilePlayer >>>> itemfig_advanceToNextItem: [0x10132d780|P/KG] <0x102865000|I/QOI.02> not switching video to new item. NewItem(YES) IsNotWorkingItem(NO) VideoOutput(YES) FirstFrameEnqueued(NO)
2026-07-19 08:11:14.881 Df OMORI[11558:8b3d] [com.apple.coremedia:player] <<<< FigFilePlayer >>>> playerfig_gracefullyRemoveItemFromPlayQueue: [0x10132d780|P/KG] <0x102865000|I/QOI.02> posting ItemStoppedBeingCurrent
2026-07-19 08:11:14.881 Df OMORI[11558:8b3d] [com.apple.coremedia:player] <<<< FigFilePlayer >>>> playerfig_gracefullyRemoveItemFromPlayQueue: [0x10132d780|P/KG] <0x101848a00|I/QOI.03> posting ItemBecameCurrent
2026-07-19 08:11:14.882 Df OMORI[11558:8b3d] [com.apple.coremedia:] <<<< LayerSync >>>> FigLayerSynchronizerSetLayerArrayWithDeferredTransaction: (0x600002621560) called. layersNotSubjectToImageQueueMediaTiming ((null))
2026-07-19 08:11:14.883 Df OMORI[11558:8b3d] [com.apple.coremedia:] <<<< Boss >>>> FigPlaybackBossSetRateAndAnchorTime: <0x101442b30|I/QOI.02> called, newRate = 0.000, itemTime = nan, hostClockTime = nan = now (773.292) + nan
2026-07-19 08:11:14.883 Df OMORI[11558:8b3d] [com.apple.coremedia:] <<<< Boss >>>> bossScheduleReachedEndCallbackForTime: <0x101442b30|I/QOI.02> called, endTime = nan
2026-07-19 08:11:14.883 Df OMORI[11558:8b3d] [com.apple.coremedia:] <<<< Boss >>>> bossScheduleAdvanceForOverlappedPlaybackCallbackForTime: <0x101442b30|I/QOI.02> called, advanceTime = nan
2026-07-19 08:11:14.883 Df OMORI[11558:8b3d] [com.apple.coremedia:] <<<< FAQRP >>>> figAudioQueueRenderPipelineSetRateAndAnchorTime: (0x101244b90) timebase 0x101420590, set to timebaseRate 0.00, pipelineRate 1.00, itemTime nan, hostClockTime nan (nownan)
2026-07-19 08:11:14.884 Df OMORI[11558:8b73] [com.apple.coremedia:] <<<< FAQRP >>>> faqrp_stopTimebaseAndAudioQueueDispatch: (0x101244b90) stopping timebase 0x101420590 (no stop time but clamp above anchor time)
2026-07-19 08:11:14.884 Df OMORI[11558:8b73] [com.apple.coremedia:] <<<< FAQRP >>>> faqrp_timebaseRateChangedCallback: (0x101244b90) timebase 0x101420590 effective rate changed, new rate 0.000
2026-07-19 08:11:14.884 Db OMORI[11558:8b3d] [com.apple.coreaudio:AQClient]         AQ_API_V2Impl.cpp:793   AudioQueueGetCurrentTime: ->0x2d26001
2026-07-19 08:11:14.884 Df OMORI[11558:8b42] [com.apple.coremedia:] <<<< IQ-CA >>>> piqca_gmstats_dump: FIQCA(0x1018ae400) client pid 11558 (OMORI), timebase rate: 0.00, layer time: 2.033 s, host: 773.293 s, diff: 771.260 s; iq unconsumed: 3, min: 1.983, max: 2.017; preventsDisplaySleep: NO
2026-07-19 08:11:14.884 Db OMORI[11558:8b3d] [com.apple.coreaudio:aqiotime]      AudioQueueObject.cpp:8358  ->AudioQueueObject::GetCurrentQueueTime 0x10187f800
2026-07-19 08:11:14.884 Df OMORI[11558:8b42] [com.apple.coremedia:] <<<< IQ-CA >>>> piqca_gmstats_dump: FIQCA(0x1018ae400) recent frames: enqueued: 110, displayed: 0, dropped: 18, flushed: 0, evicted: 119, >16ms late: 0
2026-07-19 08:11:14.884 Db OMORI[11558:8b3d] [com.apple.coreaudio:aqiotime]              AQIONode.cpp:122     ionode anchor 773.329648, 99472 st, 1.000000 rs
2026-07-19 08:11:14.884 Df OMORI[11558:8b42] [com.apple.coremedia:] <<<< IQ-CA >>>> piqca_gmstats_dump: FIQCA(0x1018ae400) most recently enqueued:
Enqueued Pixel Buffer:420v, 350 x 206 [
{PTS: 1.967 s, enqueued at: host 773.087 s (media 1.826 s)},
{PTS: 1.983 s, enqueued at: host 773.197 s (media 1.936 s)},
{PTS: 2.000 s, enqueued at: host 773.198 s (media 1.938 s)},
{PTS: 2.017 s, enqueued at: host 773.198 s (media 1.938 s)},
]
2026-07-19 08:11:14.884 Db OMORI[11558:8b3d] [com.apple.coreaudio:aqiotime]      AudioQueueObject.cpp:8400    ionode now    773.293391, 97873 st, 1.000000 rs (2.219); qrate = 1.000
2026-07-19 08:11:14.884 Df OMORI[11558:8b42] [com.apple.coremedia:] <<<< IQ-CA >>>> piqca_gmstats_dump: FIQCA(0x1018ae400) most recently displayed:
DisplaySize: 0.000000 x 0.000000 [
]
2026-07-19 08:11:14.884 Db OMORI[11558:8b3d] [com.apple.coreaudio:aqiotime]      AudioQueueObject.cpp:8401    queue anchor  7824 fr
2026-07-19 08:11:14.884 Df OMORI[11558:8b42] [com.apple.coremedia:] <<<< IQ-CA >>>> piqca_setImageQueueTiming: (0x1018ae400) Paused; Set IQTimingOffset: 2.033 at host time 773.293
2026-07-19 08:11:14.884 Db OMORI[11558:8b3d] [com.apple.coreaudio:aqiotime]      AudioQueueObject.cpp:8403    queue now     773.293391, 90049 st, 1.000000 rs (2.042)
2026-07-19 08:11:14.884 Db OMORI[11558:8b3d] [com.apple.coreaudio:aqiotime]      AudioQueueObject.cpp:8405  <-AudioQueueObject::GetCurrentQueueTime success
2026-07-19 08:11:14.884 Db OMORI[11558:8b3d] [com.apple.coreaudio:AQClient]         AQ_API_V2Impl.cpp:817   AudioQueueGetCurrentTime: <-773.293391, 90049 st; err=0
2026-07-19 08:11:14.885 Df OMORI[11558:8b3d] [com.apple.coremedia:] <<<< FAQ >>>> FigAudioQueuePause: [0x10132db50:0x10132de60] RP/KG.01 calling FigAudioQueueTimingShimPause() at AQ time: 2.042
2026-07-19 08:11:14.885 Df OMORI[11558:8b3d] [com.apple.coremedia:] <<<< FAQ TIMING SHIM >>>> FigAudioQueueTimingShimPause: [0x600003006eb0] Calling AudioQueuePause(0x2d26000)
2026-07-19 08:11:14.885 Db OMORI[11558:8b3d] [com.apple.coreaudio:AQClient]         AQ_API_V2Impl.cpp:482   AudioQueuePause: ->0x2d26001
2026-07-19 08:11:14.885 Db OMORI[11558:8b3d] [com.apple.coreaudio:AQ]      AudioQueueObject.cpp:8456  BeginPause: aq@0x10187f800: beingInterrupted 0
=== Messages dropped during live streaming (use `log show` to see what they were)
=== Messages dropped during live streaming (use `log show` to see what they were)
2026-07-19 08:11:15.073 Db com.apple.MapKit.SnapshotService[11582:8bb7] [com.apple.VectorKit:StyleLogic] SceneClientStateDidChange:

1=0 (LineType=Unknown)
21=0 (RampType=NonRamp)
65536=0 (MapMode=Regular)
65537=0 (TimePeriod=Day)
65538=0 (SelectionState=Unselected)
65540=0 (IconTappable=True)
65542=65535 (LanguageLocale=Unknown)
65549=0 (OverlayType=None)
65550=0 (ApplicationState=Browse)
65552=4 (TransportType=Unknown)
65557=0 (TransitLineMergeType=None)
65560=0 (ViewportMinSize=Nano)
65561=0 (VehicleIsParked=False)
65565=0 (NavigationState=NotNavigating)
65566=0 (DistanceToCurrentManeuver=Unknown)
65574=0 (CurrentManeuverType=Continue)
65575=0 (NextStepLength=Unknown)
65576=0 (CurrentIncidentType=NoIncident)
65577=0 (CurrentManeuverComplexity=Simple)
65578=0 (CurrentGroupedManeuverCount=None)
65585=0 (SearchAlongTheRoute=False)
65586=0 (VehicleSpeed=Unknown)
65587=0 (SearchResultsType=None)
65588=0 (CameraMode=Default)
65593=0 (RoadSpeed=Zero)
65595=0 (NextManeuverRampType=NonRamp)
65596=1 (MapHasLabels=True)
65597=0 (ApplicationUILayout=TopAndBottom)
65598=0 (CurrentStepLength=Unknown)
65600=0 (NavigationDestination=Unknown)
<…>
=== Messages dropped during live streaming (use `log show` to see what they were)
=== Messages dropped during live streaming (use `log show` to see what they were)
=== Messages dropped during live streaming (use `log show` to see what they were)
=== Messages dropped during live streaming (use `log show` to see what they were)
=== Messages dropped during live streaming (use `log show` to see what they were)
=== Messages dropped during live streaming (use `log show` to see what they were)
=== Messages dropped during live streaming (use `log show` to see what they were)
2026-07-19 08:11:15.342 Db OMORI[11558:8bc2] [com.apple.coreaudio:AQ]      AudioQueueObject.cpp:6691  ConvertOutput: aq@0x1028d6200: scheduling rationale -1: invalid ht, invalid st
2026-07-19 08:11:15.342 Db OMORI[11558:8bc2] [com.apple.coreaudio:AQ]      AudioQueueObject.cpp:6734  ConvertOutput: aq@0x1028d6200 / bcmd@0x6000029399d8: Decoded 8192 of 8192 frames (status=did work) to offset 0x2000 (0x131b68000), 32768 bytes, t=0x88888888 (0x0 + 0x13dc2)
=== Messages dropped during live streaming (use `log show` to see what they were)
2026-07-19 08:11:15.501 Df OMORI[11558:8b42] [com.apple.coremedia:] << FigPlayMonitor >> fpm_likelyToKeepUpUsingDynamicAlgorithm: [0x10289ca30] bandwidth: 0 kbps; smoothedBandwidth: 0 kbps; bwInflationFactor: 1.00; (movieDuration - durToPlayThrough): 0.46; durationAhead: 1.56; timeToLikelyToKeepUp: 0.00
=== Messages dropped during live streaming (use `log show` to see what they were)
=== Messages dropped during live streaming (use `log show` to see what they were)
2026-07-19 08:11:15.715 Db OMORI[11558:8bc2] [com.apple.coreaudio:AQ]      AudioQueueObject.cpp:7167  DecoderInputProc:   aq@0x1028d6200: done with buffer cmd 0x600002939968
2026-07-19 08:11:15.715 Db OMORI[11558:8bc2] [com.apple.coreaudio:AQ]      AudioQueueObject.cpp:6763  ConvertOutput: aq@0x1028d6200 / bcmd@0x600002939968: Decoded 0 of 8501 frames (status=not enough input) to offset 0x5ecb (0x131b77b2c), 1640 bytes, t=0x88888888 (0x88888888 + 0x531) [zero frames]
2026-07-19 08:11:15.715 Db OMORI[11558:8bc2] [com.apple.coreaudio:AQ]      AudioQueueObject.cpp:7155  DecoderInputProc:   aq@0x1028d6200: FlushPending, end of stream
2026-07-19 08:11:15.715 Db OMORI[11558:8bc2] [com.apple.coreaudio:AQ]      AudioQueueObject.cpp:6763  ConvertOutput: aq@0x1028d6200 / bcmd@0x6000029399d8: Decoded 0 of 8501 frames (status=no work done) to offset 0x5ecb (0x131b77b2c), 0 bytes, t=0x88888888 (0x88888888 + 0x0) [zero frames]
2026-07-19 08:11:15.715 Db OMORI[11558:8bc2] [com.apple.coreaudio:AQ]      AudioQueueObject.cpp:6019  CheckAsyncCommand: aq@0x1028d6200: About to perform async command: flush
2026-07-19 08:11:15.715 Db OMORI[11558:8b40] [com.apple.coreaudio:AQBufAlloc] dealloc #1005 0x13c3d4030 16
2026-07-19 08:11:15.715 Db OMORI[11558:8bc2] [com.apple.coreaudio:AQ]      AudioQueueObject.cpp:3558  PerformFlush: aq@0x1028d6200
2026-07-19 08:11:15.715 Db OMORI[11558:8b40] [com.apple.coreaudio:AQBufAlloc] slab map: tearing down
2026-07-19 08:11:15.716 Db OMORI[11558:8bc2] [com.apple.coreaudio:AQ]      AudioQueueObject.cpp:5184  PropertyChanged: aq@0x1028d6200: 1718383464 (mDisposalPending=0)
2026-07-19 08:11:15.716 Db OMORI[11558:8b40] [com.apple.coreaudio:AQBufAlloc]   0x13c3d4000 : id 4  size 10485760
2026-07-19 08:11:15.716 Db OMORI[11558:8b40] [com.apple.coreaudio:AQBufAlloc] slab map: makeXPCBoxForSlabs
2026-07-19 08:11:15.716 Db OMORI[11558:8b40] [com.apple.coreaudio:AQBufAlloc] unmapping slabID 4
2026-07-19 08:11:15.716 Db OMORI[11558:8b40] [com.apple.coreaudio:AQBufAlloc] Server slab map for client 11558:
=== Messages dropped during live streaming (use `log show` to see what they were)
2026-07-19 08:11:15.829 I  com.apple.MapKit.SnapshotService[11582:8bb5] [com.apple.VectorKit:VKDefault] Current active logic execution order:md::StyleLogic, md::LayerDataLogic, md::SettingsLogic, md::ElevationLogic (md::SettingsContext, md::StyleLogicContext), (md::LayerDataLogicContext), md::CameraLogic (md::ElevationContext), md::TileSelectionLogic (md::CameraContext, md::ElevationContext, md::StyleLogicContext), md::GridLogic (md::StyleLogicContext), (md::TileSelectionContext), md::RouteOverlayLogic, md::NavigationLogic (md::CameraContext, md::ElevationContext, md::StyleLogicContext), (md::RouteOverlayContext), md::TileDependencyLogicImpl<md::TileDependencies<>, md::TileDependencies<md::TileDependency<md::MapDataType::Flyover, md::FlyoverTileDataResolverContext>, md::TileDependency<md::MapDataType::FlyoverMetadata, md::FlyoverTileDataResolverContext>, md::TileDependency<md::MapDataType::FlyoverDsm, md::FlyoverTileDataResolverContext>>> (md::TileSelectionContext), (md::FlyoverTileDataResolverContext), md::PendingSceneLogic (md::CameraContext, md::TileSelectionContext, md::LayerDataLogicContext, md::ResolvedTileSelectionContext, md::Sett<…>
2026-07-19 08:11:15.953 Df OMORI[11558:8b42] [com.apple.coremedia:] <<<< Boss >>>> figPlaybackBoss_MentorStopping: <0x1012569f0|I/QOI.03> all mentors are now idle
2026-07-19 08:11:15.954 Df OMORI[11558:8b42] [com.apple.coremedia:player] <<<< FigFilePlayer >>>> playerfig_prepareNextItemForTransition: [0x10132d780|P/KG] <0x101848a00|I/QOI.03> called
2026-07-19 08:11:15.954 Df OMORI[11558:8b42] [com.apple.coremedia:player] <<<< FigFilePlayer >>>> playerfig_doingGapless: P/KG YES
2026-07-19 08:11:15.954 Df OMORI[11558:8b42] [com.apple.coremedia:player] <<<< FigFilePlayer >>>> playerfig_shouldBeginGaplessTransition: NO, because audio track is short
2026-07-19 08:11:16.009 Df OMORI[11558:8aae] [com.apple.coremedia:] <<<< LayerSync >>>> figlayersync_getLayerDisplayLatency: layer 0x600000c70fc0, context 0x0, displayID 0: latency 0.000
2026-07-19 08:11:16.010 Df OMORI[11558:8aae] [com.apple.coremedia:] <<<< LayerSync >>>> figlayersync_setLayerTiming: (layer 0x600000c70fc0) only set layer timeOffset: 0.000000 at hostTime 774.418888
2026-07-19 08:11:16.413 I  OMORI[11558:8ac3] [com.apple.Safari.SafeBrowsing:Database] Receive GetDatabases response from safe browsing service with protection type: 1
2026-07-19 08:11:16.413 I  OMORI[11558:8ac3] [com.apple.Safari.SafeBrowsing:Database] Receive GetDatabases response from safe browsing service
2026-07-19 08:11:16.413 I  OMORI[11558:8ac3] [com.apple.Safari.SafeBrowsing:Database] Perform url lookup in the database
2026-07-19 08:11:16.413 Db OMORI[11558:8ac3] [com.apple.Safari.SafeBrowsing:Database] Perform url lookup in the database: http://127.0.0.1:8081/index.html
2026-07-19 08:11:16.414 I  OMORI[11558:8ac3] [com.apple.Safari.SafeBrowsing:Database] There are no matches in databases with given url
2026-07-19 08:11:16.414 Db OMORI[11558:8ac3] [com.apple.Safari.SafeBrowsing:Database] There are no matches in databases with given url: http://127.0.0.1:8081/index.html
2026-07-19 08:11:16.414 Df OMORI[11558:8aae] [com.apple.WebKit:Loading] 0x101823a18 - [pageProxyID=17, webPageID=18, PID=11564] WebPageProxy::decidePolicyForNavigationAction: listener called: frameID=1, isMainFrame=1, navigationID=23, policyAction=0, safeBrowsingWarning=0, isAppBoundDomain=0, wasNavigationIntercepted=0
2026-07-19 08:11:16.414 Df OMORI[11558:8aae] [com.apple.WebKit:Loading] 0x101823a18 - [pageProxyID=17, webPageID=18, PID=11564] WebPageProxy::receivedNavigationActionPolicyDecision: frameID=1, isMainFrame=1, navigationID=23, policyAction=0
2026-07-19 08:11:16.414 Df OMORI[11558:8aae] [com.apple.WebKit:Process] 0x10e019200 - [PID=0] WebProcessProxy::constructor:
2026-07-19 08:11:16.414 Df OMORI[11558:8aae] [com.apple.WebKit:ProcessSuspension] 0x10e00c420 - [PID=0, throttler=0x10e0192c8] ProcessThrottler::Activity::Activity: Starting background activity / 'WebProcess initialization'
2026-07-19 08:11:16.414 Db OMORI[11558:8aae] [com.apple.defaults:User Defaults] found no value for key WebKitJavaScriptCoreUseConfigFile in CFPrefsSearchListSource<0x600002c07280> (Domain: com.poring.omori.ru, Container: (null))
