2026-07-19 08:11:08.772 Db OMORI[11558:8aae] [com.apple.BacklightServices:scenes] create BLSBacklightUISceneEnvironmentDiffAction:<_UIBacklightUISceneEnvironmentDiffAction: 0x60000000c6c0>
2026-07-19 08:11:08.772 Db OMORI[11558:8aae] [com.apple.BacklightServices:scenes] BLSBacklightFBSSceneEnvironment (BacklightUIServices) _actionRespondersForScene
2026-07-19 08:11:08.772 Db OMORI[11558:8aae] [com.apple.BacklightServices:scenes] create BLSBacklightUISceneEnvironmentActionHandler:<_UIBacklightUISceneEnvironmentActionHandler: 0x600000004510>
2026-07-19 08:11:08.772 Db OMORI[11558:8aae] [com.apple.BacklightServices:scenes] BLSBacklightFBSSceneEnvironment (BacklightUIServices) _settingsDiffActionsForScene
2026-07-19 08:11:08.772 Db OMORI[11558:8aae] [com.apple.BacklightServices:scenes] create BLSBacklightUISceneEnvironmentDiffAction:<_UIBacklightUISceneEnvironmentDiffAction: 0x600000004400>
2026-07-19 08:11:08.772 Db OMORI[11558:8aae] [com.apple.BacklightServices:scenes] BLSBacklightFBSSceneEnvironment (BacklightUIServices) _actionRespondersForScene
2026-07-19 08:11:08.772 Db OMORI[11558:8aae] [com.apple.BacklightServices:scenes] create BLSBacklightUISceneEnvironmentActionHandler:<_UIBacklightUISceneEnvironmentActionHandler: 0x600000004a30>
2026-07-19 08:11:08.772 Db OMORI[11558:8aae] [com.apple.BacklightServices:scenes] BLSBacklightFBSSceneEnvironment (BacklightUIServices) _settingsDiffActionsForScene
2026-07-19 08:11:08.772 Db OMORI[11558:8aae] [com.apple.BacklightServices:scenes] create BLSBacklightUISceneEnvironmentDiffAction:<_UIBacklightUISceneEnvironmentDiffAction: 0x600000004530>
2026-07-19 08:11:08.772 Db OMORI[11558:8aae] [com.apple.BacklightServices:scenes] BLSBacklightFBSSceneEnvironment (BacklightUIServices) _actionRespondersForScene
2026-07-19 08:11:08.772 Db OMORI[11558:8aae] [com.apple.BacklightServices:scenes] create BLSBacklightUISceneEnvironmentActionHandler:<_UIBacklightUISceneEnvironmentActionHandler: 0x600000004350>
2026-07-19 08:11:08.772 Df OMORI[11558:8aae] [com.apple.UIKit:InterfaceStyle] Not push traits update to screen for new style 1, <UIWindowScene: 0x10120a4f0> (96171D75-B7E7-4374-82E7-1CC11DFC99D5)
2026-07-19 08:11:08.772 Db OMORI[11558:8aae] [com.apple.BacklightServices:scenes] BLSBacklightFBSSceneEnvironment (BacklightUIServices) _settingsDiffActionsForScene
2026-07-19 08:11:08.772 Db OMORI[11558:8aae] [com.apple.BacklightServices:scenes] create BLSBacklightUISceneEnvironmentDiffAction:<_UIBacklightUISceneEnvironmentDiffAction: 0x6000000086d0>
2026-07-19 08:11:08.772 Db OMORI[11558:8aae] [com.apple.BacklightServices:scenes] BLSBacklightFBSSceneEnvironment (BacklightUIServices) _actionRespondersForScene
2026-07-19 08:11:08.772 Db OMORI[11558:8aae] [com.apple.BacklightServices:scenes] create BLSBacklightUISceneEnvironmentActionHandler:<_UIBacklightUISceneEnvironmentActionHandler: 0x6000000084e0>
2026-07-19 08:11:08.772 Db OMORI[11558:8aae] [com.apple.BacklightServices:scenes] BLSBacklightFBSSceneEnvironment (BacklightUIServices) _settingsDiffActionsForScene
2026-07-19 08:11:08.772 Db OMORI[11558:8aae] [com.apple.BacklightServices:scenes] create BLSBacklightUISceneEnvironmentDiffAction:<_UIBacklightUISceneEnvironmentDiffAction: 0x600000008620>
2026-07-19 08:11:08.772 Db OMORI[11558:8aae] [com.apple.BacklightServices:scenes] BLSBacklightFBSSceneEnvironment (BacklightUIServices) _actionRespondersForScene
2026-07-19 08:11:08.772 Db OMORI[11558:8aae] [com.apple.BacklightServices:scenes] create BLSBacklightUISceneEnvironmentActionHandler:<_UIBacklightUISceneEnvironmentActionHandler: 0x600000008180>
2026-07-19 08:11:08.773 Db OMORI[11558:8aae] [com.apple.BacklightServices:scenes] BLSBacklightFBSSceneEnvironment (BacklightUIServices) _settingsDiffActionsForScene
2026-07-19 08:11:08.773 Db OMORI[11558:8aae] [com.apple.BacklightServices:scenes] create BLSBacklightUISceneEnvironmentDiffAction:<_UIBacklightUISceneEnvironmentDiffAction: 0x600000008690>
2026-07-19 08:11:08.773 Db OMORI[11558:8aae] [com.apple.BacklightServices:scenes] BLSBacklightFBSSceneEnvironment (BacklightUIServices) _actionRespondersForScene
2026-07-19 08:11:08.773 Db OMORI[11558:8aae] [com.apple.BacklightServices:scenes] create BLSBacklightUISceneEnvironmentActionHandler:<_UIBacklightUISceneEnvironmentActionHandler: 0x600000008540>
2026-07-19 08:11:08.773 Df OMORI[11558:8aae] [com.apple.UIKit:InterfaceStyle] Not push traits update to screen for new style 1, <UIWindowScene: 0x10120a4f0> (96171D75-B7E7-4374-82E7-1CC11DFC99D5)
2026-07-19 08:11:08.773 Db OMORI[11558:8aae] [com.apple.BacklightServices:scenes] BLSBacklightFBSSceneEnvironment (BacklightUIServices) _settingsDiffActionsForScene
2026-07-19 08:11:08.773 Db OMORI[11558:8aae] [com.apple.BacklightServices:scenes] create BLSBacklightUISceneEnvironmentDiffAction:<_UIBacklightUISceneEnvironmentDiffAction: 0x6000000085b0>
2026-07-19 08:11:08.773 Db OMORI[11558:8aae] [com.apple.BacklightServices:scenes] BLSBacklightFBSSceneEnvironment (BacklightUIServices) _actionRespondersForScene
2026-07-19 08:11:08.773 Db OMORI[11558:8aae] [com.apple.BacklightServices:scenes] create BLSBacklightUISceneEnvironmentActionHandler:<_UIBacklightUISceneEnvironmentActionHandler: 0x600000008690>
2026-07-19 08:11:08.776 Db OMORI[11558:8aae] [com.apple.BacklightServices:scenes] BLSBacklightFBSSceneEnvironment (BacklightUIServices) _settingsDiffActionsForScene
2026-07-19 08:11:08.777 Db OMORI[11558:8aae] [com.apple.BacklightServices:scenes] create BLSBacklightUISceneEnvironmentDiffAction:<_UIBacklightUISceneEnvironmentDiffAction: 0x6000000084d0>
2026-07-19 08:11:08.777 Db OMORI[11558:8aae] [com.apple.BacklightServices:scenes] BLSBacklightFBSSceneEnvironment (BacklightUIServices) _actionRespondersForScene
2026-07-19 08:11:08.777 Db OMORI[11558:8aae] [com.apple.BacklightServices:scenes] create BLSBacklightUISceneEnvironmentActionHandler:<_UIBacklightUISceneEnvironmentActionHandler: 0x600000008650>
2026-07-19 08:11:08.782 Df OMORI[11558:8aae] [com.apple.UIKit:InterfaceStyle] Not push traits update to screen for new style 1, <UIWindowScene: 0x10120a4f0> (96171D75-B7E7-4374-82E7-1CC11DFC99D5)
2026-07-19 08:11:08.784 Db OMORI[11558:8aae] [com.apple.defaults:User Defaults] found no value for key LogAppLifecycle in CFPrefsSearchListSource<0x600002c08400> (Domain: com.apple.UIKit, Container: (null))
2026-07-19 08:11:08.784 Df OMORI[11558:8aae] [com.apple.UIKit:AppLifecycle] sceneOfRecord: sceneID: sceneID:com.poring.omori.ru-default  persistentID: 96171D75-B7E7-4374-82E7-1CC11DFC99D5
2026-07-19 08:11:08.784 Df OMORI[11558:8aae] [com.apple.UIKit:Application] Ignoring already applied deactivation reason: 5; deactivation reasons: 1056
2026-07-19 08:11:08.784 Df OMORI[11558:8aae] [com.apple.UIKit:Application] Deactivation reason added: 11; deactivation reasons: 1056 -> 3104; animating application lifecycle event: 1
2026-07-19 08:11:08.798 Df SpringBoard[9662:70b1] [com.apple.SpringBoard:KeyboardFocus] [coordinator] using MRU target <com.apple.frontboard.systemappservices/FBSceneManager:sceneID%3Acom.poring.omori.ru-default pid:11558>
2026-07-19 08:11:08.798 Df SpringBoard[9662:70b1] [com.apple.SpringBoard:KeyboardFocus] [coordinator] informing scene controller 'com.apple.springboard' of focusTarget: <com.apple.frontboard.systemappservices/FBSceneManager:sceneID%3Acom.poring.omori.ru-default pid:11558>
2026-07-19 08:11:08.798 Db SpringBoard[9662:70b1] [com.apple.SpringBoard:KeyboardFocus] [com.apple.springboard] - generating new policy for reason: <keyboardArbiterSuggestion> - last non-SB keyboard arbiter suggestion: <com.apple.frontboard.systemappservices/FBSceneManager:sceneID%3Acom.poring.omori.ru-default pid:11558>]
2026-07-19 08:11:08.799 Db SpringBoard[9662:70b1] [com.apple.SpringBoard:KeyboardFocus] [com.apple.springboard] - generated policy for reason: <keyboardArbiterSuggestion> - {
    keyboardFocusTarget: <com.apple.frontboard.systemappservices/FBSceneManager:sceneID%3Acom.poring.omori.ru-default pid:11558>;
    selectionPolicy: KeyboardArbiter;
    shouldSuppressRemoteDeferring: 0;
} : <BSAuditHistory: 0x60000000a6f0>]
2026-07-19 08:11:08.799 Df SpringBoard[9662:70b1] [com.apple.SpringBoard:KeyboardFocus] [coordinator] keyboard arbiter suggested <nothing> and we replied <com.apple.frontboard.systemappservices/FBSceneManager:sceneID%3Acom.poring.omori.ru-default pid:11558>
=== Messages dropped during live streaming (use `log show` to see what they were)
2026-07-19 08:11:08.814 Db OMORI[11558:8aae] [com.apple.CFBundle:resources] Resource lookup at CFBundle 0x600003b04000 </Users/runner/Library/Developer/CoreSimulator/Devices/CE505324-B3F4-4B42-8BC5-419D92D4505A/data/Containers/Bundle/Application/5C75E5F4-AA12-434E-9FCF-A662F27C28D5/OMORI.app> (executable, loaded)
	Request       : MainViewController type: nib
	Result        : file:///Users/runner/Library/Developer/CoreSimulator/Devices/CE505324-B3F4-4B42-8BC5-419D92D4505A/data/Containers/Bundle/Application/5C75E5F4-AA12-434E-9FCF-A662F27C28D5/OMORI.app/MainViewController.nib
2026-07-19 08:11:08.814 Db OMORI[11558:8aae] [com.apple.CFBundle:resources] Resource lookup at CFBundle 0x600003b04000 </Users/runner/Library/Developer/CoreSimulator/Devices/CE505324-B3F4-4B42-8BC5-419D92D4505A/data/Containers/Bundle/Application/5C75E5F4-AA12-434E-9FCF-A662F27C28D5/OMORI.app> (executable, loaded)
	Request       : MainViewController type: nib
	Result        : file:///Users/runner/Library/Developer/CoreSimulator/Devices/CE505324-B3F4-4B42-8BC5-419D92D4505A/data/Containers/Bundle/Application/5C75E5F4-AA12-434E-9FCF-A662F27C28D5/OMORI.app/MainViewController.nib
2026-07-19 08:11:08.819 Db OMORI[11558:8aae] [com.apple.defaults:User Defaults] found no value for key UIBarsApplyChromelessEverywhere in CFPrefsSearchListSource<0x600002c07280> (Domain: com.poring.omori.ru, Container: (null))
2026-07-19 08:11:08.819 Db OMORI[11558:8aae] [com.apple.CFBundle:resources] Resource lookup at CFBundle 0x600003b04000 </Users/runner/Library/Developer/CoreSimulator/Devices/CE505324-B3F4-4B42-8BC5-419D92D4505A/data/Containers/Bundle/Application/5C75E5F4-AA12-434E-9FCF-A662F27C28D5/OMORI.app> (executable, loaded)
	Request       : config.xml
	Result        : file:///Users/runner/Library/Developer/CoreSimulator/Devices/CE505324-B3F4-4B42-8BC5-419D92D4505A/data/Containers/Bundle/Application/5C75E5F4-AA12-434E-9FCF-A662F27C28D5/OMORI.app/config.xml
2026-07-19 08:11:08.828 Db OMORI[11558:8aae] [com.apple.CFBundle:resources] Resource lookup at CFBundle 0x600003b04000 </Users/runner/Library/Developer/CoreSimulator/Devices/CE505324-B3F4-4B42-8BC5-419D92D4505A/data/Containers/Bundle/Application/5C75E5F4-AA12-434E-9FCF-A662F27C28D5/OMORI.app> (executable, loaded)
	Request       : InfoPlist type: strings
	Result        : None
2026-07-19 08:11:08.828 Db OMORI[11558:8aae] [com.apple.CFBundle:resources] Resource lookup at CFBundle 0x600003b04000 </Users/runner/Library/Developer/CoreSimulator/Devices/CE505324-B3F4-4B42-8BC5-419D92D4505A/data/Containers/Bundle/Application/5C75E5F4-AA12-434E-9FCF-A662F27C28D5/OMORI.app> (executable, loaded)
	Request       : InfoPlist type: stringsdict
	Result        : None
2026-07-19 08:11:08.829 Db OMORI[11558:8aae] [com.apple.CFBundle:resources] Resource lookup at CFBundle 0x600003b04000 </Users/runner/Library/Developer/CoreSimulator/Devices/CE505324-B3F4-4B42-8BC5-419D92D4505A/data/Containers/Bundle/Application/5C75E5F4-AA12-434E-9FCF-A662F27C28D5/OMORI.app> (executable, loaded)
	Request       : CDVLaunchScreen type: storyboardc
	Result        : file:///Users/runner/Library/Developer/CoreSimulator/Devices/CE505324-B3F4-4B42-8BC5-419D92D4505A/data/Containers/Bundle/Application/5C75E5F4-AA12-434E-9FCF-A662F27C28D5/OMORI.app/CDVLaunchScreen.storyboardc/
2026-07-19 08:11:08.834 Db OMORI[11558:8aae] [com.apple.CFBundle:resources] Resource lookup at CFBundle 0x600003b04000 </Users/runner/Library/Developer/CoreSimulator/Devices/CE505324-B3F4-4B42-8BC5-419D92D4505A/data/Containers/Bundle/Application/5C75E5F4-AA12-434E-9FCF-A662F27C28D5/OMORI.app> (executable, loaded)
	Request       : CDVLaunchScreen type: storyboardc
	Result        : file:///Users/runner/Library/Developer/CoreSimulator/Devices/CE505324-B3F4-4B42-8BC5-419D92D4505A/data/Containers/Bundle/Application/5C75E5F4-AA12-434E-9FCF-A662F27C28D5/OMORI.app/CDVLaunchScreen.storyboardc/
2026-07-19 08:11:08.834 Db OMORI[11558:8aae] [com.apple.CFBundle:resources] Resource lookup at CFBundle 0x600003b04000 </Users/runner/Library/Developer/CoreSimulator/Devices/CE505324-B3F4-4B42-8BC5-419D92D4505A/data/Containers/Bundle/Application/5C75E5F4-AA12-434E-9FCF-A662F27C28D5/OMORI.app> (executable, loaded)
	Request       : UIViewController-01J-lp-oVM type: nib path: CDVLaunchScreen.storyboardc
	Result        : file:///Users/runner/Library/Developer/CoreSimulator/Devices/CE505324-B3F4-4B42-8BC5-419D92D4505A/data/Containers/Bundle/Application/5C75E5F4-AA12-434E-9FCF-A662F27C28D5/OMORI.app/CDVLaunchScreen.storyboardc/UIViewController-01J-lp-oVM.nib
2026-07-19 08:11:08.837 Db OMORI[11558:8aae] [com.apple.CFBundle:resources] Resource lookup at CFBundle 0x600003b04000 </Users/runner/Library/Developer/CoreSimulator/Devices/CE505324-B3F4-4B42-8BC5-419D92D4505A/data/Containers/Bundle/Application/5C75E5F4-AA12-434E-9FCF-A662F27C28D5/OMORI.app> (executable, loaded)
	Request       : 01J-lp-oVM-view-Ze5-6b-2t3 type: nib path: CDVLaunchScreen.storyboardc
	Result        : file:///Users/runner/Library/Developer/CoreSimulator/Devices/CE505324-B3F4-4B42-8BC5-419D92D4505A/data/Containers/Bundle/Application/5C75E5F4-AA12-434E-9FCF-A662F27C28D5/OMORI.app/CDVLaunchScreen.storyboardc/01J-lp-oVM-view-Ze5-6b-2t3.nib
2026-07-19 08:11:08.837 Db OMORI[11558:8aae] [com.apple.CFBundle:resources] Resource lookup at CFBundle 0x600003b04000 </Users/runner/Library/Developer/CoreSimulator/Devices/CE505324-B3F4-4B42-8BC5-419D92D4505A/data/Containers/Bundle/Application/5C75E5F4-AA12-434E-9FCF-A662F27C28D5/OMORI.app> (executable, loaded)
	Request       : CDVLaunchScreen type: storyboardc
	Result        : file:///Users/runner/Library/Developer/CoreSimulator/Devices/CE505324-B3F4-4B42-8BC5-419D92D4505A/data/Containers/Bundle/Application/5C75E5F4-AA12-434E-9FCF-A662F27C28D5/OMORI.app/CDVLaunchScreen.storyboardc/
2026-07-19 08:11:08.837 Db OMORI[11558:8aae] [com.apple.CFBundle:resources] Resource lookup at CFBundle 0x600003b04000 </Users/runner/Library/Developer/CoreSimulator/Devices/CE505324-B3F4-4B42-8BC5-419D92D4505A/data/Containers/Bundle/Application/5C75E5F4-AA12-434E-9FCF-A662F27C28D5/OMORI.app> (executable, loaded)
	Request       : 01J-lp-oVM-view-Ze5-6b-2t3 type: nib path: CDVLaunchScreen.storyboardc
	Result        : file:///Users/runner/Library/Developer/CoreSimulator/Devices/CE505324-B3F4-4B42-8BC5-419D92D4505A/data/Containers/Bundle/Application/5C75E5F4-AA12-434E-9FCF-A662F27C28D5/OMORI.app/CDVLaunchScreen.storyboardc/01J-lp-oVM-view-Ze5-6b-2t3.nib
2026-07-19 08:11:08.841 Db OMORI[11558:8aae] [com.apple.CFBundle:resources] Resource lookup at CFBundle 0x600003b04000 </Users/runner/Library/Developer/CoreSimulator/Devices/CE505324-B3F4-4B42-8BC5-419D92D4505A/data/Containers/Bundle/Application/5C75E5F4-AA12-434E-9FCF-A662F27C28D5/OMORI.app> (executable, loaded)
	Request       : Assets type: car
	Result        : file:///Users/runner/Library/Developer/CoreSimulator/Devices/CE505324-B3F4-4B42-8BC5-419D92D4505A/data/Containers/Bundle/Application/5C75E5F4-AA12-434E-9FCF-A662F27C28D5/OMORI.app/Assets.car
2026-07-19 08:11:08.842 Db OMORI[11558:8aae] [com.apple.defaults:User Defaults] found no value for key CUIShowDebugLogs in CFPrefsSearchListSource<0x600002c07280> (Domain: com.poring.omori.ru, Container: (null))
2026-07-19 08:11:08.846 Db OMORI[11558:8aae] [com.apple.CFBundle:resources] Resource lookup at CFBundle 0x600003b04000 </Users/runner/Library/Developer/CoreSimulator/Devices/CE505324-B3F4-4B42-8BC5-419D92D4505A/data/Containers/Bundle/Application/5C75E5F4-AA12-434E-9FCF-A662F27C28D5/OMORI.app> (executable, loaded)
	Request       : LaunchStoryboard@3x type: png
	Result        : None
2026-07-19 08:11:08.846 Db OMORI[11558:8aae] [com.apple.CFBundle:resources] Resource lookup at CFBundle 0x600003b04000 </Users/runner/Library/Developer/CoreSimulator/Devices/CE505324-B3F4-4B42-8BC5-419D92D4505A/data/Containers/Bundle/Application/5C75E5F4-AA12-434E-9FCF-A662F27C28D5/OMORI.app> (executable, loaded)
	Request       : LaunchStoryboard@2x type: png
	Result        : None
2026-07-19 08:11:08.846 Db OMORI[11558:8aae] [com.apple.CFBundle:resources] Resource lookup at CFBundle 0x600003b04000 </Users/runner/Library/Developer/CoreSimulator/Devices/CE505324-B3F4-4B42-8BC5-419D92D4505A/data/Containers/Bundle/Application/5C75E5F4-AA12-434E-9FCF-A662F27C28D5/OMORI.app> (executable, loaded)
	Request       : LaunchStoryboard type: png
	Result        : None
2026-07-19 08:11:08.846 Db OMORI[11558:8aae] [com.apple.CFBundle:resources] Resource lookup at CFBundle 0x600003b04000 </Users/runner/Library/Developer/CoreSimulator/Devices/CE505324-B3F4-4B42-8BC5-419D92D4505A/data/Containers/Bundle/Application/5C75E5F4-AA12-434E-9FCF-A662F27C28D5/OMORI.app> (executable, loaded)
	Request       : LaunchStoryboard@1x type: png
	Result        : None
2026-07-19 08:11:08.846 Df OMORI[11558:8aae] (UIKitCore) Could not load the "LaunchStoryboard" image referenced from a nib in the bundle with identifier "com.poring.omori.ru"
2026-07-19 08:11:08.847 Db OMORI[11558:8aae] [com.apple.defaults:User Defaults] found no value for key CGAllowDebuggingDefaults in CFPrefsPlistSource<0x600002c08800> (Domain: kCFPreferencesAnyApplication, User: kCFPreferencesCurrentUser, ByHost: No, Container: (null), Contents Need Refresh: No)
2026-07-19 08:11:08.848 Db OMORI[11558:8aae] [com.apple.defaults:User Defaults] found no value for key UILayoutAnchorsDeferTrippingWantsAutolayoutFlagUntilUsed in CFPrefsSearchListSource<0x600002c07280> (Domain: com.poring.omori.ru, Container: (null))
=== Messages dropped during live streaming (use `log show` to see what they were)
2026-07-19 08:11:09.168 Db OMORI[11558:8aae] [com.apple.defaults:User Defaults] found no value for key AppleKeyboardsIncludeIntl in CFPrefsSearchListSource<0x600002c15e80> (Domain: kCFPreferencesAnyApplication, Container: (null))
2026-07-19 08:11:09.174 Df OMORI[11558:8aae] [com.apple.BackBoard:Keyboard] Activating connection to server: (null)
2026-07-19 08:11:09.175 Df OMORI[11558:8aae] [com.apple.BackBoard:Keyboard] server remote target <BSXPCServiceConnectionProxy<BKSKeyboardServiceClientToServerIPC>: 0x60000291c540>
2026-07-19 08:11:09.175 Df OMORI[11558:8aae] [com.apple.BackBoard:Keyboard] currently observing: YES
2026-07-19 08:11:09.175 Df OMORI[11558:8aae] [com.apple.BackBoard:Keyboard] connected: (
    "<BKSHIDKeyboardDevice: 0x600000227300> {\134n    senderID: 0xACEFADE00000003;\134n    transport: <nil>;\134n    language: <nil>;\134n    layout: US;\134n    countryCode: 0;\134n    standardType: 4294967295;\134n    subinterfaceID: 0;\134n    capsLockKeyHasLanguageSwitchLabel: NO;\134n    globeKeyLabelHasGlobeSymbol: NO;\134n}"
)
2026-07-19 08:11:09.175 Df OMORI[11558:8aae] [com.apple.BackBoard:Keyboard] currently observing: NO
2026-07-19 08:11:09.176 Df OMORI[11558:8aae] [com.apple.BackBoard:Keyboard] disconnected: (
    "<BKSHIDKeyboardDevice: 0x600000227300> {\134n    senderID: 0xACEFADE00000003;\134n    transport: <nil>;\134n    language: <nil>;\134n    layout: US;\134n    countryCode: 0;\134n    standardType: 4294967295;\134n    subinterfaceID: 0;\134n    capsLockKeyHasLanguageSwitchLabel: NO;\134n    globeKeyLabelHasGlobeSymbol: NO;\134n}"
)
2026-07-19 08:11:09.176 Df OMORI[11558:8aae] [com.apple.BackBoard:Keyboard] currently observing: YES
2026-07-19 08:11:09.176 Df OMORI[11558:8aae] [com.apple.BackBoard:Keyboard] connected: (
    "<BKSHIDKeyboardDevice: 0x60000024e060> {\134n    senderID: 0xACEFADE00000003;\134n    transport: <nil>;\134n    language: <nil>;\134n    layout: US;\134n    countryCode: 0;\134n    standardType: 4294967295;\134n    subinterfaceID: 0;\134n    capsLockKeyHasLanguageSwitchLabel: NO;\134n    globeKeyLabelHasGlobeSymbol: NO;\134n}"
)
2026-07-19 08:11:09.176 Df OMORI[11558:8aae] [com.apple.BackBoard:Keyboard] currently observing: NO
2026-07-19 08:11:09.176 Df OMORI[11558:8aae] [com.apple.BackBoard:Keyboard] disconnected: (
    "<BKSHIDKeyboardDevice: 0x60000024e060> {\134n    senderID: 0xACEFADE00000003;\134n    transport: <nil>;\134n    language: <nil>;\134n    layout: US;\134n    countryCode: 0;\134n    standardType: 4294967295;\134n    subinterfaceID: 0;\134n    capsLockKeyHasLanguageSwitchLabel: NO;\134n    globeKeyLabelHasGlobeSymbol: NO;\134n}"
)
2026-07-19 08:11:09.180 Df OMORI[11558:8aae] [com.apple.UIKit:HardwareKeyboard] -[UIApplication GSKeyboardForHWLayout:senderID:forceRebuild:createIfNeeded:], New hardware layout is created with US layout and 0 standardType.
2026-07-19 08:11:09.181 Df OMORI[11558:8aae] [com.apple.BackBoard:Keyboard] currently observing: YES
2026-07-19 08:11:09.181 Df OMORI[11558:8aae] [com.apple.BackBoard:Keyboard] connected: (
    "<BKSHIDKeyboardDevice: 0x60000024e0c0> {\134n    senderID: 0xACEFADE00000003;\134n    transport: <nil>;\134n    language: <nil>;\134n    layout: US;\134n    countryCode: 0;\134n    standardType: 4294967295;\134n    subinterfaceID: 0;\134n    capsLockKeyHasLanguageSwitchLabel: NO;\134n    globeKeyLabelHasGlobeSymbol: NO;\134n}"
)
2026-07-19 08:11:09.181 Df OMORI[11558:8aae] [com.apple.BackBoard:Keyboard] currently observing: NO
2026-07-19 08:11:09.181 Df OMORI[11558:8aae] [com.apple.BackBoard:Keyboard] disconnected: (
    "<BKSHIDKeyboardDevice: 0x60000024e0c0> {\134n    senderID: 0xACEFADE00000003;\134n    transport: <nil>;\134n    language: <nil>;\134n    layout: US;\134n    countryCode: 0;\134n    standardType: 4294967295;\134n    subinterfaceID: 0;\134n    capsLockKeyHasLanguageSwitchLabel: NO;\134n    globeKeyLabelHasGlobeSymbol: NO;\134n}"
)
2026-07-19 08:11:09.182 Df OMORI[11558:8aae] [com.apple.WebKit:ViewState] 0x101823a18 - [pageProxyID=17, webPageID=18, PID=0] WebPageProxy::viewIsBecomingVisible:
2026-07-19 08:11:09.182 Df OMORI[11558:8aae] [com.apple.WebKit:ProcessSuspension] 0x101823a18 - [pageProxyID=17, webPageID=18, PID=0] WebPageProxy::updateThrottleState: UIProcess is taking a foreground assertion because the view is visible
2026-07-19 08:11:09.182 Df OMORI[11558:8aae] [com.apple.WebKit:ProcessSuspension] 0x10e00c780 - [PID=0, throttler=0x10e018188] ProcessThrottler::Activity::Activity: Starting foreground activity / 'View is visible'
2026-07-19 08:11:09.183 Df OMORI[11558:8aae] [com.apple.WebKit:ViewState] 0x10181f600 (pageProxyID=17) -[WKWebView _endLiveResize]
2026-07-19 08:11:09.184 Db OMORI[11558:8aae] [com.apple.defaults:User Defaults] found no value for key UIViewControllerDetachedInheritsContentOverlayInsetsFromSuperview in CFPrefsSearchListSource<0x600002c07280> (Domain: com.poring.omori.ru, Container: (null))
2026-07-19 08:11:09.184 Db OMORI[11558:8aae] [com.apple.defaults:User Defaults] found no value for key ModernContentOverlayInsetsPropagation in CFPrefsSearchListSource<0x600002c07280> (Domain: com.poring.omori.ru, Container: (null))
2026-07-19 08:11:09.184 Db OMORI[11558:8aae] [com.apple.defaults:User Defaults] found no value for key LogOrientation in CFPrefsSearchListSource<0x600002c08400> (Domain: com.apple.UIKit, Container: (null))
2026-07-19 08:11:09.184 Df OMORI[11558:8aae] [com.apple.UIKit:Orientation] <UIWindowScene: 0x10120a4f0> (96171D75-B7E7-4374-82E7-1CC11DFC99D5) Scene updated orientation preferences: none -> ( Ll Lr )
2026-07-19 08:11:09.185 Df OMORI[11558:8aae] [com.apple.FrontBoard:SceneClient] [(FBSceneManager):sceneID:com.poring.omori.ru-default] Client settings update contains non-nil but zero-duration animation settings (rdar://125278944)
2026-07-19 08:11:09.185 Df OMORI[11558:8aae] [com.apple.UIKit:KeyWindow] Key window API is scene-level: YES
2026-07-19 08:11:09.187 Db SpringBoard[9662:7195] [com.apple.UIKit:KeyboardArbiter] [<_UIKeyboardArbiterClientHandle: 0x6000039aef20; [app<com.poring.omori.ru((null))>:11558] <(null)>; hosting PIDs {(
)}; level 0.000000; active NO [wants NO]; suppression 0; iav 0.000000; on screen NO; isAcquiringFocus: NO>] setClientFocusContext: sceneIdentity: com.apple.frontboard.systemappservices/FBSceneManager:sceneID%3Acom.poring.omori.ru-default
2026-07-19 08:11:09.188 Db SpringBoard[9662:7195] [com.apple.UIKit:KeyboardArbiter] -[_UIKeyboardArbiter updateSceneClientSettings:]  [_UIKeyboardArbiter] Updating focus context to (null) level 2.000000
2026-07-19 08:11:09.185 Df OMORI[11558:8aae] [com.apple.UIKit:KeyWindow] UIWindowScene: 0x10120a4f0: Window became key in scene: UIWindow: 0x10120bdf0; contextId: 0xF33D22F0: reason: UIWindowScene: 0x10120a4f0: Window requested to become key in scene: 0x10120bdf0
2026-07-19 08:11:09.188 Db SpringBoard[9662:7195] [com.apple.UIKit:KeyboardArbiter] Advisor: KeyboardFocus from _activeHandleForFocusEvaluation [<_UIKeyboardArbiterClientHandle: 0x6000039aef20; [app<com.poring.omori.ru((null))>:11558] <<UIKBArbiterClientFocusContext: 0x6000004017c0; contextID = f33d22f0; sceneIdentity = com.apple.frontboard.systemappservices/FBSceneManager:sceneID%3Acom.poring.omori.ru-default >>; hosting PIDs {(
)}; level 0.000000; active NO [wants NO]; suppression 0; iav 0.000000; on screen NO; isAcquiringFocus: NO>]
2026-07-19 08:11:09.185 Df OMORI[11558:8aae] [com.apple.UIKit:KeyWindow] Key window needs update: 1; currentKeyWindowScene: 0x0; evaluatedKeyWindowScene: 0x10120a4f0; currentApplicationKeyWindow: 0x0; evaluatedApplicationKeyWindow: 0x10120bdf0; reason: UIWindowScene: 0x10120a4f0: Window requested to become key in scene: 0x10120bdf0
2026-07-19 08:11:09.188 Db SpringBoard[9662:7195] [com.apple.UIKit:KeyboardArbiter] Advisor: invoking request:sceneFocusChange:<pid: 11558; sceneIdentity: com.apple.frontboard.systemappservices/FBSceneManager:sceneID%3Acom.poring.omori.ru-default>
2026-07-19 08:11:09.188 Df SpringBoard[9662:70b1] [com.apple.SpringBoard:KeyboardFocus] [coordinator] handling new keyboard arbiter request pid: 11558 sceneIdentity: com.apple.frontboard.systemappservices/FBSceneManager:sceneID%3Acom.poring.omori.ru-default
2026-07-19 08:11:09.188 Df SpringBoard[9662:70b1] [com.apple.SpringBoard:KeyboardFocus] arbiter: arbiter requested pid 11558 / com.apple.frontboard.systemappservices/FBSceneManager:sceneID%3Acom.poring.omori.ru-default
2026-07-19 08:11:09.188 Df SpringBoard[9662:70b1] [com.apple.SpringBoard:KeyboardFocus] [coordinator] using arbiter suggested pid 11558 + scene: com.apple.frontboard.systemappservices/FBSceneManager:sceneID%3Acom.poring.omori.ru-default
2026-07-19 08:11:09.188 Df SpringBoard[9662:70b1] [com.apple.SpringBoard:KeyboardFocus] [coordinator] informing scene controller 'com.apple.springboard' of focusTarget: <com.apple.frontboard.systemappservices/FBSceneManager:sceneID%3Acom.poring.omori.ru-default pid:11558>
2026-07-19 08:11:09.185 Df OMORI[11558:8aae] [com.apple.UIKit:KeyWindow] Window did become application key: UIWindow: 0x10120bdf0; contextId: 0xF33D22F0; scene identity: com.apple.frontboard.systemappservices/FBSceneManager:sceneID%3Acom.poring.omori.ru-default
2026-07-19 08:11:09.185 Df OMORI[11558:8aae] [com.apple.UIKit:EventDeferring] [0x60000290c2a0] Begin local event deferring requested for token: 0x600002605560; environments: 1; reason: UIWindowScene: 0x10120a4f0: Begin event deferring in keyboardFocus for window: 0x10120bdf0
2026-07-19 08:11:09.188 Db SpringBoard[9662:70b1] [com.apple.SpringBoard:KeyboardFocus] [com.apple.springboard] - generating new policy for reason: <keyboardArbiterSuggestion> - last non-SB keyboard arbiter suggestion: <com.apple.frontboard.systemappservices/FBSceneManager:sceneID%3Acom.poring.omori.ru-default pid:11558>]
2026-07-19 08:11:09.188 Db SpringBoard[9662:70b1] [com.apple.SpringBoard:KeyboardFocus] [com.apple.springboard] - generated policy for reason: <keyboardArbiterSuggestion> - {
    keyboardFocusTarget: <com.apple.frontboard.systemappservices/FBSceneManager:sceneID%3Acom.poring.omori.ru-default pid:11558>;
    selectionPolicy: KeyboardArbiter;
    shouldSuppressRemoteDeferring: 0;
} : <BSAuditHistory: 0x60000000cc40>]
2026-07-19 08:11:09.186 Df OMORI[11558:8aae] [com.apple.BackBoard:EventDelivery] flushing changes: <contentsMask: 0x2; discreteDispatchingRules: <nil>; deferringRules: [[11558-1]; <keyboardFocus; builtin; com.apple.frontboard.systemappservices/FBSceneManager:sceneID%3Acom.poring.omori.ru-default> -> <token: 0xF33D22F0; pid: 11558>; reason: UIWindowScene: 0x10120a4f0: Begin event deferring in keyboardFocus for window: 0x10120bdf0]; keyCommandDispatchingRules: <nil>; keyCommandsRegistrations: <nil>; bufferingPredicates: <nil>; activeUIResponders: <nil>>
2026-07-19 08:11:09.187 Db OMORI[11558:8aae] [com.apple.defaults:User Defaults] found no value for key LogKeyboardFocus in CFPrefsSearchListSource<0x600002c08400> (Domain: com.apple.UIKit, Container: (null))
2026-07-19 08:11:09.188 Db OMORI[11558:8aae] [com.apple.BackgroundTasks:Framework] Application finished launching
2026-07-19 08:11:09.188 Df OMORI[11558:8aae] [com.apple.UIKit:Application] Deactivation reason removed: 10; deactivation reasons: 3104 -> 2080; animating application lifecycle event: 1
2026-07-19 08:11:09.189 Df SpringBoard[9662:70b1] [com.apple.SpringBoard:KeyboardFocus] [coordinator] keyboard arbiter suggested <pid: 11558; sceneIdentity: com.apple.frontboard.systemappservices/FBSceneManager:sceneID%3Acom.poring.omori.ru-default> and we replied <com.apple.frontboard.systemappservices/FBSceneManager:sceneID%3Acom.poring.omori.ru-default pid:11558>
2026-07-19 08:11:09.189 Df backboardd[9683:784d] [com.apple.BackBoard:EventDelivery] new deferring rules for pid:11558: [[11558-1]; <keyboardFocus; builtin; com.apple.frontboard.systemappservices/FBSceneManager:sceneID%3Acom.poring.omori.ru-default> -> <token: 0xF33D22F0; pid: 11558>; reason: UIWindowScene: 0x10120a4f0: Begin event deferring in keyboardFocus for window: 0x10120bdf0]
2026-07-19 08:11:09.189 Db SpringBoard[9662:792a] [com.apple.UIKit:KeyboardArbiter] Advisor: KeyboardFocus from _activeHandleForFocusEvaluation [<_UIKeyboardArbiterClientHandle: 0x6000039aef20; [app<com.poring.omori.ru((null))>:11558] <<UIKBArbiterClientFocusContext: 0x6000004017c0; contextID = f33d22f0; sceneIdentity = com.apple.frontboard.systemappservices/FBSceneManager:sceneID%3Acom.poring.omori.ru-default >>; hosting PIDs {(
)}; level 0.000000; active NO [wants NO]; suppression 0; iav 0.000000; on screen NO; isAcquiringFocus: NO>]
2026-07-19 08:11:09.189 I  SpringBoard[9662:792a] [com.apple.UIKit:KeyboardArbiter] Advisor: Scene focus change request: com.apple.frontboard.systemappservices/FBSceneManager:sceneID%3Acom.poring.omori.ru-default
2026-07-19 08:11:09.189 Db SpringBoard[9662:792a] [com.apple.UIKit:KeyboardArbiter] Advisor: Updating current keyboard focus to PID: 11558; sceneIdentity: com.apple.frontboard.systemappservices/FBSceneManager:sceneID%3Acom.poring.omori.ru-default
2026-07-19 08:11:09.188 Db OMORI[11558:8aae] [com.apple.UIKit:UIDevice.orientation] Setting device orientation to 3 and sending notification.
2026-07-19 08:11:09.189 Db OMORI[11558:8aae] [com.apple.UIKit:UIDevice.orientation] Setting device orientation to 0 and sending notification.
2026-07-19 08:11:09.189 Df OMORI[11558:8aae] [com.apple.UIKit:Application] Deactivation reason added: 12; deactivation reasons: 2080 -> 6176; animating application lifecycle event: 1
2026-07-19 08:11:09.189 Df OMORI[11558:8aae] [com.apple.UIKit:Application] Deactivation reason removed: 11; deactivation reasons: 6176 -> 4128; animating application lifecycle event: 1
2026-07-19 08:11:09.190 Df OMORI[11558:8aae] [com.apple.UIKit:InterfaceStyle] Not push traits update to screen for new style 1, <UIWindowScene: 0x10120a4f0> (96171D75-B7E7-4374-82E7-1CC11DFC99D5)
2026-07-19 08:11:09.190 Db OMORI[11558:8aae] [com.apple.BacklightServices:scenes] 0x600000c11740 environment updated:sceneID:com.poring.omori.ru-default
  delta:{ visualState:0 date:0 active:0 blanked:0 seed:0 }
  diff:(null)
  new:(null) (null)
  old:(null) (null)
  new:(null)
2026-07-19 08:11:09.191 Df OMORI[11558:8aca] [com.apple.UIIntelligenceSupport:xpc] establishing connection to agent
2026-07-19 08:11:09.192 Df OMORI[11558:8aca] [com.apple.xpc:session] [0x60000211a120] Session created.
2026-07-19 08:11:09.192 Db OMORI[11558:8aae] [com.apple.defaults:User Defaults] found no value for key LogGestureEnvironment in CFPrefsSearchListSource<0x600002c08400> (Domain: com.apple.UIKit, Container: (null))
2026-07-19 08:11:09.189 Db SpringBoard[9662:792a] [com.apple.UIKit:KeyboardArbiter] [<_UIKeyboardArbiterClientHandle: 0x6000039aef20; [app<com.poring.omori.ru((null))>:11558] <<UIKBArbiterClientFocusContext: 0x6000004017c0; contextID = f33d22f0; sceneIdentity = com.apple.frontboard.systemappservices/FBSceneManager:sceneID%3Acom.poring.omori.ru-default >>; hosting PIDs {(
)}; level 0.000000; active NO [wants NO]; suppression 0; iav 0.000000; on screen NO; isAcquiringFocus: NO>] beginAcquiringFocusOnQueue: sceneIdentity: com.apple.frontboard.systemappservices/FBSceneManager:sceneID%3Acom.poring.omori.ru-default
2026-07-19 08:11:09.194 I  SpringBoard[9662:7961] [com.apple.FrontBoard:ProcessScene] [(FBSceneManager):sceneID:com.poring.omori.ru-default] Client settings updated with diff: <FBSSceneClientSettingsDiff: 0x6000018c9cc0; UIApplicationSceneClientSettings> {
    settings = <BSKeyedSettingsDiff: 0x600000e1b570> {
        layers = <BSKeyedSettingsDiff: 0x600000e1b930> {
            0xf33d22f0 = <_FBSCapturedSceneLayer: 0x6000022267b0; type: context; level: 0; contextID: 0xf33d22f0 (4080870128)>;
        };
    };
    subclassSettings = <BSSettingsDiff: 0x600000e1b3f0> {
        screenEdgesDeferringSystemGestures = 0;
        idleTimerDisabled = NO;
        deviceOrientationEventsEnabled = YES;
        homeIndicatorAutoHidden = NO;
        (200000) = Yes;
        canvasTitle = (redacted);
        (200001) = No;
        sceneActivationBias = unknown;
    };
}
2026-07-19 08:11:09.194 I  SpringBoard[9662:7961] [com.apple.FrontBoard:ProcessScene] [(FBSceneManager):sceneID:com.poring.omori.ru-default] Client settings updated with diff: <FBSSceneClientSettingsDiff: 0x6000018c9e00; UIApplicationSceneClientSettings> {
    settings = <BSKeyedSettingsDiff: 0x600000e1a9d0> {
        layers = <BSKeyedSettingsDiff: 0x600000e19ad0> {
            0xf33d22f0 = <_FBSCapturedSceneLayer: 0x600002224320; type: context; level: 0; contextID: 0xf33d22f0 (4080870128)>;
        };
    };
}
2026-07-19 08:11:09.192 Df OMORI[11558:8aca] [com.apple.xpc:session] [0x60000211a120] Session created from connection [0x600003d08960]
2026-07-19 08:11:09.193 Df OMORI[11558:8aca] [com.apple.xpc:connection] [0x600003d08960] activating connection: mach=true listener=false peer=false name=com.apple.uiintelligencesupport.agent
2026-07-19 08:11:09.194 Db OMORI[11558:8aae] [com.apple.defaults:User Defaults] found no value for key NSConstraintBasedLayoutLogPivotCounts in CFPrefsSearchListSource<0x600002c07280> (Domain: com.poring.omori.ru, Container: (null))
2026-07-19 08:11:09.194 Db OMORI[11558:8aae] [com.apple.defaults:User Defaults] found no value for key NSConstraintBasedLayoutTrackDirtyObservables in CFPrefsSearchListSource<0x600002c07280> (Domain: com.poring.omori.ru, Container: (null))
2026-07-19 08:11:09.195 Db OMORI[11558:8aae] [com.apple.defaults:User Defaults] found no value for key CGContextHighlight2xScaledImages in CFPrefsPlistSource<0x600002c06a80> (Domain: com.poring.omori.ru, User: kCFPreferencesCurrentUser, ByHost: No, Container: (null), Contents Need Refresh: No)
2026-07-19 08:11:09.195 Db OMORI[11558:8aae] [com.apple.defaults:User Defaults] found no value for key CGContextHighlight2xScaledImages in CFPrefsPlistSource<0x600002c06a80> (Domain: com.poring.omori.ru, User: kCFPreferencesCurrentUser, ByHost: No, Container: (null), Contents Need Refresh: No)
2026-07-19 08:11:09.195 Df SpringBoard[9662:70b1] [com.apple.SpringBoard:IdleTimer] Scene <FBScene: 0x600003d0a760; FBSceneManager:sceneID:com.poring.omori.ru-default> is setting idleTimerDisabled to: NO
2026-07-19 08:11:09.195 Df SpringBoard[9662:70b1] [com.apple.SpringBoard:IdleTimer] SBIdleTimerGlobalCoordinator - updateIdleTimerForReason:"IdleTimerDisableChangedForMainDisplaySceneManager - client:com.poring.omori.ru"]
2026-07-19 08:11:09.195 Db SpringBoard[9662:70b1] [com.apple.SpringBoard:IdleTimer] UPDATE BEHAVIOR: SBMainDisplaySceneManager reason:SBWorkspaceCoordinatorRequested <SBIdleTimerBehavior: 0x600000e1bfc0; duration: Unlocked; mode: Auto; warnMode: Warn>
2026-07-19 08:11:09.195 Db SpringBoard[9662:70b1] [com.apple.FrontBoard:AppDataStore] fetching object for key=_SBScenes appID=com.poring.omori.ru (synchronously)
2026-07-19 08:11:09.195 Db SpringBoard[9662:70b1] [com.apple.FrontBoard:AppDataStore] checking for prefetched object for key=_SBScenes appID=com.poring.omori.ru
2026-07-19 08:11:09.195 Db SpringBoard[9662:70b1] [com.apple.FrontBoard:AppDataStore] found object <NSDictionary: 0x6000018c7100; {
    "sceneID:com.poring.omori.ru-default" =     {
        interfaceOrientationFromUserResizing = 0;
        persistenceIdentifier = "96171D75-B7E7-4374-82E7-1CC11DFC99D5";
        sceneSessionRole = UIWindowSceneSessionRoleApplication;
    };
}>
2026-07-19 08:11:09.195 Db SpringBoard[9662:70b1] [com.apple.FrontBoard:AppDataStore] found prefetched object: <NSDictionary: 0x6000018c7100; {
    "sceneID:com.poring.omori.ru-default" =     {
        interfaceOrientationFromUserResizing = 0;
        persistenceIdentifier = "96171D75-B7E7-4374-82E7-1CC11DFC99D5";
        sceneSessionRole = UIWindowSceneSessionRoleApplication;
    };
}>
2026-07-19 08:11:09.195 Db SpringBoard[9662:70b1] [com.apple.FrontBoard:AppDataStore] fetching object for key=_SBScenes appID=com.poring.omori.ru (synchronously)
2026-07-19 08:11:09.195 Db SpringBoard[9662:70b1] [com.apple.FrontBoard:AppDataStore] checking for prefetched object for key=_SBScenes appID=com.poring.omori.ru
2026-07-19 08:11:09.195 Db SpringBoard[9662:70b1] [com.apple.FrontBoard:AppDataStore] found object <NSDictionary: 0x6000018c7100; {
    "sceneID:com.poring.omori.ru-default" =     {
        interfaceOrientationFromUserResizing = 0;
        persistenceIdentifier = "96171D75-B7E7-4374-82E7-1CC11DFC99D5";
        sceneSessionRole = UIWindowSceneSessionRoleApplication;
    };
}>
2026-07-19 08:11:09.195 Db OMORI[11558:8aae] [com.apple.defaults:User Defaults] found no value for key CGContextHighlight2xScaledImages in CFPrefsPlistSource<0x600002c08800> (Domain: kCFPreferencesAnyApplication, User: kCFPreferencesCurrentUser, ByHost: No, Container: (null), Contents Need Refresh: No)
2026-07-19 08:11:09.195 Db SpringBoard[9662:70b1] [com.apple.FrontBoard:AppDataStore] found prefetched object: <NSDictionary: 0x6000018c7100; {
    "sceneID:com.poring.omori.ru-default" =     {
        interfaceOrientationFromUserResizing = 0;
        persistenceIdentifier = "96171D75-B7E7-4374-82E7-1CC11DFC99D5";
        sceneSessionRole = UIWindowSceneSessionRoleApplication;
    };
}>
2026-07-19 08:11:09.196 I  SpringBoard[9662:70b1] [com.apple.FrontBoard:AppDataStore] setting object for key=_SBScenes appID=com.poring.omori.ru object=<NSDictionary: 0x600001897d00; {
    "sceneID:com.poring.omori.ru-default" =     {
        canvasTitle = "";
        interfaceOrientationFromUserResizing = 0;
        persistenceIdentifier = "96171D75-B7E7-4374-82E7-1CC11DFC99D5";
        sceneSessionRole = UIWindowSceneSessionRoleApplication;
    };
}>
2026-07-19 08:11:09.196 Db SpringBoard[9662:70b1] [com.apple.FrontBoard:AppDataStore] updating cache key=_SBScenes appID=com.poring.omori.ru object=<NSDictionary: 0x600001897d00; {
    "sceneID:com.poring.omori.ru-default" =     {
        canvasTitle = "";
        interfaceOrientationFromUserResizing = 0;
        persistenceIdentifier = "96171D75-B7E7-4374-82E7-1CC11DFC99D5";
        sceneSessionRole = UIWindowSceneSessionRoleApplication;
    };
}>
2026-07-19 08:11:09.195 Db OMORI[11558:8aae] [com.apple.defaults:User Defaults] found no value for key CGContextHighlight2xScaledImages in CFPrefsPlistSource<0x600002c08800> (Domain: kCFPreferencesAnyApplication, User: kCFPreferencesCurrentUser, ByHost: No, Container: (null), Contents Need Refresh: No)
2026-07-19 08:11:09.195 Db OMORI[11558:8aae] [com.apple.defaults:User Defaults] found no value for key CGContextTrackImageDrawing in CFPrefsPlistSource<0x600002c06a80> (Domain: com.poring.omori.ru, User: kCFPreferencesCurrentUser, ByHost: No, Container: (null), Contents Need Refresh: No)
2026-07-19 08:11:09.195 Db OMORI[11558:8aae] [com.apple.defaults:User Defaults] found no value for key CGContextTrackImageDrawing in CFPrefsPlistSource<0x600002c06a80> (Domain: com.poring.omori.ru, User: kCFPreferencesCurrentUser, ByHost: No, Container: (null), Contents Need Refresh: No)
2026-07-19 08:11:09.195 Db OMORI[11558:8aae] [com.apple.defaults:User Defaults] found no value for key CGContextTrackImageDrawing in CFPrefsPlistSource<0x600002c08800> (Domain: kCFPreferencesAnyApplication, User: kCFPreferencesCurrentUser, ByHost: No, Container: (null), Contents Need Refresh: No)
2026-07-19 08:11:09.195 Db OMORI[11558:8aae] [com.apple.defaults:User Defaults] found no value for key CGContextTrackImageDrawing in CFPrefsPlistSource<0x600002c08800> (Domain: kCFPreferencesAnyApplication, User: kCFPreferencesCurrentUser, ByHost: No, Container: (null), Contents Need Refresh: No)
2026-07-19 08:11:09.196 Df OMORI[11558:8aae] [com.apple.WebKit:Loading] 0x10202b818 - [pageProxyID=7, webPageID=8, PID=0] WebPageProxy::close:
2026-07-19 08:11:09.198 Df OMORI[11558:8aae] [com.apple.WebKit:Media] VideoPresentationManagerProxy::invalidate(AD402B50)
2026-07-19 08:11:09.198 Df OMORI[11558:8aae] [com.apple.WebKit:Fullscreen] VideoPresentationManagerProxy::invalidate(AD402B50)
2026-07-19 08:11:09.198 Df OMORI[11558:8aae] [com.apple.WebKit:Fullscreen] VideoPresentationManagerProxy::~VideoPresentationManagerProxy(AD402B50)
2026-07-19 08:11:09.198 Df OMORI[11558:8aae] [com.apple.WebKit:Fullscreen] VideoPresentationManagerProxy::invalidate(AD402B50)
2026-07-19 08:11:09.198 Df OMORI[11558:8aae] [com.apple.WebKit:Media] VideoPresentationManagerProxy::~PlaybackSessionManagerProxy(AD402B50)
=== Messages dropped during live streaming (use `log show` to see what they were)
2026-07-19 08:11:09.324 Db OMORI[11558:8aae] [com.apple.defaults:User Defaults] found no value for key ReduceMotionEnabled in CFPrefsSearchListSource<0x600002c07280> (Domain: com.poring.omori.ru, Container: (null))
2026-07-19 08:11:09.324 Db OMORI[11558:8aae] [com.apple.Accessibility:AXSupportCommon] CF Read: domain = com.poring.omori.ru, preference = ReduceMotionEnabled, appID = com.poring.omori.ru result = (null) (-1 - empty, 0 - false, 1 - true)
2026-07-19 08:11:09.398 Db runningboardd[9665:7c3d] [com.apple.runningboard:assertion] > 11558 ['injecting inherited from "UIScene:com.apple.frontboard.systemappservices/FBSceneManager:com.apple.springboard" to 11558<UIScene:com.apple.frontboard.systemappservices/FBSceneManager:sceneID%3Acom.poring.omori.ru-default>'] [9665-9662-560]
2026-07-19 08:11:09.376 Db OMORI[11558:8abe] [com.apple.defaults:User Defaults] found no value for key MACaptionPreferAccessibleCaptions in CFPrefsSearchListSource<0x600002c06600> (Domain: com.apple.mediaaccessibility, Container: (null))
2026-07-19 08:11:09.377 Db OMORI[11558:8abe] [com.apple.defaults:User Defaults] found no value for key MACaptionPreferAccessibleCaptions in CFPrefsSearchListSource<0x600002c06600> (Domain: com.apple.mediaaccessibility, Container: (null))
2026-07-19 08:11:09.399 I  OMORI[11558:8abc] [com.apple.runningboard:general] Received launch request response: <No Error>
2026-07-19 08:11:09.400 Df OMORI[11558:8abc] [com.apple.runningboard:process] Starting death monitoring for handle [xpcservice<com.apple.WebKit.GPU([app<com.poring.omori.ru((null))>:11558])>{vt hash: 223737757}[uuid:FB2080C0-0810-4727-9A7C-9560F11E4564]:11563]
2026-07-19 08:11:09.400 I  OMORI[11558:8abc] [com.apple.runningboard:process] Subscribing to death of process 11563
2026-07-19 08:11:09.400 I  OMORI[11558:8abc] [com.apple.runningboard:assertion] Acquiring assertion: <RBSAssertionDescriptor| "Taking assertion for pid 11563" ID:(null) target:11563>
2026-07-19 08:11:09.401 Db OMORI[11558:8abe] [com.apple.runningboard:message] PERF: [app<com.poring.omori.ru((null))>:11558] Received message from runningboardd: async_processDidExit:withContext:
2026-07-19 08:11:09.402 A  OMORI[11558:8abe] (RunningBoardServices) processDidExit
2026-07-19 08:11:09.402 Df OMORI[11558:8abe] [com.apple.runningboard:process] Firing exit handlers for 11561 with context <RBSProcessExitContext| specific, status:<RBSProcessExitStatus| domain:runningboard(15) code:0>>
2026-07-19 08:11:09.402 Df OMORI[11558:8abe] [com.apple.runningboard:process] Calling process death completion block for handle [xpcservice<com.apple.WebKit.WebContent([app<com.poring.omori.ru((null))>:11558])>{vt hash: 71395982}[uuid:F90D3C58-AA7C-4D23-8D2B-3C4121077D09]:11561]
2026-07-19 08:11:09.407 Db OMORI[11558:8abc] [com.apple.runningboard:assertion] Adding assertion 9665-11558-563 to dictionary
2026-07-19 08:11:09.407 Df OMORI[11558:8abc] [com.apple.extensionkit:launch] Created new process ExtensionProcess: bundleID: com.apple.WebKit.GPU instance ID: Optional([_EXExtensionInstanceIdentifier: FB2080C0-0810-4727-9A7C-9560F11E4564]) pid: 11563.
2026-07-19 08:11:09.407 Df OMORI[11558:8abc] [com.apple.extensionkit:launch] Launching process with config: bundleID: com.apple.WebKit.WebContent instance ID: Optional([_EXExtensionInstanceIdentifier: 26FDA5A0-1691-4F82-825A-54C6FAE8EC03])
2026-07-19 08:11:09.407 Df OMORI[11558:8ac9] [com.apple.WebKit:Process] AssertionCapability::AssertionCapability: taking assertion Foreground
2026-07-19 08:11:09.407 Db OMORI[11558:8abc] [com.apple.launchservices:record] Invoking selector SDKDictionaryWithContext:tableID:unitID:unitBytes: on <LSExtensionPointRecord 0x600000224ee0> to get the value for property SDKDictionary
2026-07-19 08:11:09.407 Db OMORI[11558:8abc] [com.apple.launchservices:default] Got plist data 0x10130eb70 for unit 990 from database 0x10281f200
2026-07-19 08:11:09.407 I  OMORI[11558:8ac9] [com.apple.runningboard:assertion] Acquiring assertion: <RBSAssertionDescriptor| "Browser Engine helper assertion targeting pid 11563" ID:(null) target:11563>
2026-07-19 08:11:09.407 Db OMORI[11558:8abc] [com.apple.launchservices:default] Getting plist hint for data 0x10130eb70
2026-07-19 08:11:09.408 I  OMORI[11558:8abc] [com.apple.launchservices:datasep] application record search init. Node: <FSNode 0x6000002543c0> { isDir = y, path = '/Users/runner/Library/Developer/CoreSimulator/Devices/CE505324-B3F4-4B42-8BC5-419D92D4505A/data/Containers/Bundle/Application/5C75E5F4-AA12-434E-9FCF-A662F27C28D5/OMORI.app' } bundleID: (null) itemID: 0
2026-07-19 08:11:09.408 Db OMORI[11558:8abc] [com.apple.launchservices:binding] BindingEvaluator::CreateWithBundleInfo(ID=(null), name=OMORI.app, CC=????, vers=(null))
2026-07-19 08:11:09.408 Db OMORI[11558:8abc] [com.apple.launchservices:binding] Running evaluator 0x16f9e58e0
2026-07-19 08:11:09.408 Db OMORI[11558:8abc] [com.apple.launchservices:binding] Adding user preferences
2026-07-19 08:11:09.408 Db OMORI[11558:8abc] [com.apple.launchservices:binding] Skipping weak binding due to options
2026-07-19 08:11:09.408 Db OMORI[11558:8ac9] [com.apple.runningboard:assertion] Adding assertion 9665-11558-564 to dictionary
2026-07-19 08:11:09.408 Db OMORI[11558:8abc] [com.apple.launchservices:binding] 0 bindings found
2026-07-19 08:11:09.408 Db OMORI[11558:8abc] [com.apple.launchservices:binding] Truncating a list of bindings to max 1 known-good ones.
2026-07-19 08:11:09.409 Db OMORI[11558:8abc] [com.apple.launchservices:binding] Adding and sorting bundles
2026-07-19 08:11:09.409 Db OMORI[11558:8abc] [com.apple.launchservices:binding] +++ OMORI (B:0x260, C:0x0) (null)
2026-07-19 08:11:09.409 Df OMORI[11558:8aae] [com.apple.xpc:connection] [0x101212190] activating connection: mach=false listener=false peer=false name=(anonymous)
2026-07-19 08:11:09.409 Db OMORI[11558:8abc] [com.apple.launchservices:binding] 1 bindings found
2026-07-19 08:11:09.409 Db OMORI[11558:8abc] [com.apple.launchservices:binding] Truncating a list of bindings to max 1 known-good ones.
2026-07-19 08:11:09.409 Db OMORI[11558:8abc] [com.apple.launchservices:binding] +++ OMORI (B:0x260, C:0x0) (null)
2026-07-19 08:11:09.409 Db OMORI[11558:8abc] [com.apple.launchservices:binding] Best binding found for evaluator 0x16f9e5bf0: OMORI (B:0x260, C:0x0)
2026-07-19 08:11:09.409 Db OMORI[11558:8abc] [com.apple.launchservices:binding] BindingEvaluator::~BindingEvaluator(0x16f9e58e0)
2026-07-19 08:11:09.409 Db OMORI[11558:8abc] [com.apple.launchservices:binding] BindingEvaluator::~BindingEvaluator(0x16f9e5bf0)
2026-07-19 08:11:09.409 Db OMORI[11558:8abc] [com.apple.launchservices:record] Invoking selector uniqueIdentifierWithContext:tableID:unitID:unitBytes: on <LSApplicationExtensionRecord 0x6000026072a0> to get the value for property uniqueIdentifier
2026-07-19 08:11:09.410 Db OMORI[11558:8abc] [com.apple.launchservices:record] Invoking selector entitlementsWithContext:tableID:unitID:unitBytes: on <LSApplicationExtensionRecord 0x6000026072a0> to get the value for property entitlements
2026-07-19 08:11:09.410 Db OMORI[11558:8abc] [com.apple.launchservices:default] Got plist data 0x101314580 for unit 30b0 from database 0x10281f200
2026-07-19 08:11:09.410 Db OMORI[11558:8abc] [com.apple.launchservices:default] Getting plist hint for data 0x101314580
2026-07-19 08:11:09.410 Db OMORI[11558:8abc] [com.apple.launchservices:record] Invoking selector platformWithContext:tableID:unitID:unitBytes: on <LSApplicationExtensionRecord 0x6000026072a0> to get the value for property platform
