2026-07-19 08:11:17.119 Db OMORI[11558:8b42] [com.apple.coreaudio:AQ]      AudioQueueObject.cpp:1416  GetCodecOutputFormats:   [4]  1 ch,  44100 Hz, Float32
2026-07-19 08:11:17.119 Db OMORI[11558:8b42] [com.apple.coreaudio:AQ]      AudioQueueObject.cpp:1416  GetCodecOutputFormats:   [5]  1 ch,  44100 Hz, Float32
2026-07-19 08:11:17.119 Db OMORI[11558:8b42] [com.apple.coreaudio:AQ]      AudioQueueObject.cpp:1416  GetCodecOutputFormats:   [6]  1 ch,  44100 Hz, Int16
2026-07-19 08:11:17.119 Db OMORI[11558:8b42] [com.apple.coreaudio:AQ]      AudioQueueObject.cpp:1416  GetCodecOutputFormats:   [7]  1 ch,  44100 Hz, Int16
2026-07-19 08:11:17.119 Db OMORI[11558:8b42] [com.apple.coreaudio:aqme]           AQMixEngine.cpp:885   ->AQMEDevice(0x101250238)::AddIOClient <AudioQueueObject@0x1020a1c00; [11558]; play>
2026-07-19 08:11:17.119 Db OMORI[11558:8b42] [com.apple.coreaudio:aqme]  MEDeviceStreamClient.cpp:717   HW output:     2 ch,  48000 Hz, Float32, interleaved
2026-07-19 08:11:17.119 Db OMORI[11558:8b42] [com.apple.coreaudio:aqme]  MEDeviceStreamClient.cpp:718   ioFormat:      2 ch,  48000 Hz, Float32, deinterleaved
2026-07-19 08:11:17.119 Db OMORI[11558:8b42] [com.apple.coreaudio:AQ]      AudioQueueObject.cpp:949   GetProposedIOFormat: mixing to 32 bits, high quality
2026-07-19 08:11:17.119 Db OMORI[11558:8b42] [com.apple.coreaudio:AQ]      AudioQueueObject.cpp:974   GetProposedIOFormat:   [0]  2 ch,  44100 Hz, Float32, interleaved
2026-07-19 08:11:17.119 Db OMORI[11558:8b42] [com.apple.coreaudio:AQ]      AudioQueueObject.cpp:974   GetProposedIOFormat:   [1]  2 ch,  44100 Hz, Float32, deinterleaved
2026-07-19 08:11:17.119 Db OMORI[11558:8b42] [com.apple.coreaudio:AQ]      AudioQueueObject.cpp:974   GetProposedIOFormat:   [2]  2 ch,  44100 Hz, Int16, interleaved
2026-07-19 08:11:17.119 Db OMORI[11558:8b42] [com.apple.coreaudio:AQ]      AudioQueueObject.cpp:974   GetProposedIOFormat:   [3]  2 ch,  44100 Hz, Int16, deinterleaved
2026-07-19 08:11:17.119 Db OMORI[11558:8b42] [com.apple.coreaudio:AQ]      AudioQueueObject.cpp:974   GetProposedIOFormat:   [4]  1 ch,  44100 Hz, Float32
2026-07-19 08:11:17.119 Db OMORI[11558:8b42] [com.apple.coreaudio:AQ]      AudioQueueObject.cpp:974   GetProposedIOFormat:   [5]  1 ch,  44100 Hz, Float32
2026-07-19 08:11:17.119 Db OMORI[11558:8b42] [com.apple.coreaudio:AQ]      AudioQueueObject.cpp:974   GetProposedIOFormat:   [6]  1 ch,  44100 Hz, Int16
2026-07-19 08:11:17.119 Db OMORI[11558:8b42] [com.apple.coreaudio:AQ]      AudioQueueObject.cpp:974   GetProposedIOFormat:   [7]  1 ch,  44100 Hz, Int16
2026-07-19 08:11:17.119 Db OMORI[11558:8b42] [com.apple.coreaudio:aqme]  MEDeviceStreamClient.cpp:722   output:        2 ch,  44100 Hz, Float32, deinterleaved
2026-07-19 08:11:17.119 Db OMORI[11558:8b42] [com.apple.coreaudio:aqme]  MEDeviceStreamClient.cpp:727   mixer format:  2 ch,  44100 Hz, Float32, deinterleaved
2026-07-19 08:11:17.119 I  OMORI[11558:8b42] [com.apple.coreaudio:AQ]        AudioQueueObject.h:2017  LatencyChanged: Latency changed from -1.000000 to 0.000000
2026-07-19 08:11:17.119 Db OMORI[11558:8b42] [com.apple.coreaudio:AQ]      AudioQueueObject.cpp:5184  PropertyChanged: aq@0x1020a1c00: 1902406771 (mDisposalPending=0)
2026-07-19 08:11:17.119 Df OMORI[11558:8b42] [com.apple.coreaudio:aqme]              AQIONode.cpp:625   client <AudioQueueObject@0x1020a1c00; [11558]; play> is NOT Now Playing eligible
2026-07-19 08:11:17.119 Df OMORI[11558:8b42] [com.apple.coreaudio:AQ]      AudioQueueObject.cpp:3046  CheckSpatialization: aq@0x1020a1c00 automatic spatialization check: spatialize=0
2026-07-19 08:11:17.119 Df OMORI[11558:8b42] [com.apple.coreaudio:AQ]      AudioQueueObject.cpp:3059  CheckSpatialization: aq@0x1020a1c00 CheckSpatialization mAutomaticSpatialization=1, mSpatializationEnabled=0 mContentRequiresAUSpatialMixer=0 mHasMetadata=0 mIsOffline=0 STSLabel valid:0 is stereo: 1
2026-07-19 08:11:17.119 Db OMORI[11558:8b42] [com.apple.coreaudio:AQ]      AudioQueueObject.cpp:1674  BuildConverter: Queue's formats:
  i/o format      2 ch,  44100 Hz, Float32, deinterleaved
  PCM format      2 ch,  44100 Hz, Float32, deinterleaved
  client format   2 ch,  44100 Hz, aac  (0x00000000) 0 bits/channel, 0 bytes/packet, 1024 frames/packet, 0 bytes/frame
2026-07-19 08:11:17.119 Db OMORI[11558:8b42] [com.apple.coreaudio:AQ]      AudioQueueObject.cpp:1353  ChooseCodec: aq@0x1020a1c00: 1633969507 1633772320, preferred manuf 0; found hw=0, sw=1634758764; policy 0, chose 1634758764
2026-07-19 08:11:17.119 Db OMORI[11558:8b42] [com.apple.coreaudio:AQ]      AudioQueueObject.cpp:1396  GetCodecOutputFormats: Querying output formats for  2 ch,  44100 Hz, aac  (0x00000000) 0 bits/channel, 0 bytes/packet, 1024 frames/packet, 0 bytes/frame, using codec adec/aac /appl
2026-07-19 08:11:17.120 Db OMORI[11558:8b42] [com.apple.coreaudio:audiocomp] AudioComponentPluginMgr.mm:1213  findNext adec/aac /appl -> 0x600003309680 adec/aac /appl
2026-07-19 08:11:17.120 Db OMORI[11558:8b42] [com.apple.coreaudio:audiocomp] AudioComponentPluginMgr.mm:1213  findNext adec/aac /appl -> 0x600003309680 adec/aac /appl
2026-07-19 08:11:17.120 Db OMORI[11558:8b42] [com.apple.coreaudio:AQ]      AudioQueueObject.cpp:1416  GetCodecOutputFormats:   [0]  2 ch,  44100 Hz, Float32, interleaved
2026-07-19 08:11:17.120 Db OMORI[11558:8b42] [com.apple.coreaudio:AQ]      AudioQueueObject.cpp:1416  GetCodecOutputFormats:   [1]  2 ch,  44100 Hz, Float32, deinterleaved
2026-07-19 08:11:17.120 Db OMORI[11558:8b42] [com.apple.coreaudio:AQ]      AudioQueueObject.cpp:1416  GetCodecOutputFormats:   [2]  2 ch,  44100 Hz, Int16, interleaved
2026-07-19 08:11:17.120 Db OMORI[11558:8b42] [com.apple.coreaudio:AQ]      AudioQueueObject.cpp:1416  GetCodecOutputFormats:   [3]  2 ch,  44100 Hz, Int16, deinterleaved
2026-07-19 08:11:17.120 Db OMORI[11558:8b42] [com.apple.coreaudio:AQ]      AudioQueueObject.cpp:1416  GetCodecOutputFormats:   [4]  1 ch,  44100 Hz, Float32
2026-07-19 08:11:17.120 Db OMORI[11558:8b42] [com.apple.coreaudio:AQ]      AudioQueueObject.cpp:1416  GetCodecOutputFormats:   [5]  1 ch,  44100 Hz, Float32
2026-07-19 08:11:17.120 Db OMORI[11558:8b42] [com.apple.coreaudio:AQ]      AudioQueueObject.cpp:1416  GetCodecOutputFormats:   [6]  1 ch,  44100 Hz, Int16
2026-07-19 08:11:17.120 Db OMORI[11558:8b42] [com.apple.coreaudio:AQ]      AudioQueueObject.cpp:1416  GetCodecOutputFormats:   [7]  1 ch,  44100 Hz, Int16
2026-07-19 08:11:17.120 Db OMORI[11558:8b42] [com.apple.defaults:User Defaults] found no value for key converterkTracesPermitted in CFPrefsSearchListSource<0x600002c28380> (Domain: com.apple.coreaudio, Container: (null))
2026-07-19 08:11:17.120 Db OMORI[11558:8b42] [com.apple.defaults:User Defaults] found no value for key converterkTracesPermitted in CFPrefsSearchListSource<0x600002c28380> (Domain: com.apple.coreaudio, Container: (null))
2026-07-19 08:11:17.120 I  OMORI[11558:8b42] [com.apple.coreaudio:ac]   ACMP4AACBaseDecoder.cpp:308   (0x1028dc040) subType = 'aac ', inputFormat = 0x170a4cd30, outputFormat = 0x102810a28, inMagicCookie = 0x0, inMagicCookieByteSize = 0
2026-07-19 08:11:17.120 Df OMORI[11558:8b42] [com.apple.coreaudio:ac]   ACMP4AACBaseDecoder.cpp:310   (0x1028dc040) Input format:  2 ch,  44100 Hz, aac  (0x00000000) 0 bits/channel, 0 bytes/packet, 1024 frames/packet, 0 bytes/frame
2026-07-19 08:11:17.120 Df OMORI[11558:8b42] [com.apple.coreaudio:ac]   ACMP4AACBaseDecoder.cpp:313   (0x1028dc040) Output format:  2 ch,  44100 Hz, Float32, deinterleaved
2026-07-19 08:11:17.121 Db OMORI[11558:8b42] [com.apple.defaults:User Defaults] found no value for key converterkTracesPermitted in CFPrefsSearchListSource<0x600002c28380> (Domain: com.apple.coreaudio, Container: (null))
2026-07-19 08:11:17.121 Df OMORI[11558:8b42] [com.apple.coreaudio:AudioConverter]        AudioConverter.cpp:1011  Created a new in process converter -> 0x600000c744e0, from  2 ch,  44100 Hz, aac  (0x00000000) 0 bits/channel, 0 bytes/packet, 1024 frames/packet, 0 bytes/frame to  2 ch,  44100 Hz, Float32, deinterleaved
2026-07-19 08:11:17.121 Df OMORI[11558:8b42] [com.apple.coreaudio:AQ]        AQAudioConverter.h:64    AQAudioConverter: Constructed an AudioConverter for the client <AudioQueueObject@0x1020a1c00; [11558]; play>.
2026-07-19 08:11:17.121 Db OMORI[11558:8b42] [com.apple.coreaudio:ac]   ACMP4AACBaseDecoder.cpp:1054  (0x1028dc040) inPropertyID = 'prim', inPropertyDataSize = 8, inPropertyData = 0x170a4d1d8
2026-07-19 08:11:17.121 I  OMORI[11558:8b42] [com.apple.coreaudio:ac]   ACMP4AACBaseDecoder.cpp:308   (0x1028dc040) subType = 'aac ', inputFormat = 0x0, outputFormat = 0x0, inMagicCookie = 0x0, inMagicCookieByteSize = 0
2026-07-19 08:11:17.121 Db OMORI[11558:8b42] [com.apple.defaults:User Defaults] found no value for key apply-custom-loudness-settings in CFPrefsSearchListSource<0x600002c28380> (Domain: com.apple.coreaudio, Container: (null))
2026-07-19 08:11:17.121 Db OMORI[11558:8b42] [com.apple.defaults:User Defaults] found no value for key drc-capable in CFPrefsSearchListSource<0x600002c28380> (Domain: com.apple.coreaudio, Container: (null))
2026-07-19 08:11:17.121 Df OMORI[11558:8b42] [com.apple.coreaudio:AQ]      AudioQueueObject.cpp:9218  SetCodecLoudnessParameters: LoudnessManager::GetSettings() returned -66680 (....): applying loudness defaults
2026-07-19 08:11:17.121 Db OMORI[11558:8b42] [com.apple.defaults:User Defaults] found no value for key cinematic-audio-enabled in CFPrefsSearchListSource<0x600002c28380> (Domain: com.apple.coreaudio, Container: (null))
2026-07-19 08:11:17.121 Df OMORI[11558:8b42] [com.apple.coreaudio:AQ]      AudioQueueObject.cpp:1508  setDRCCompressionProfile: setting DRC compression profile to 0
2026-07-19 08:11:17.121 Db OMORI[11558:8b42] [com.apple.coreaudio:ac]   ACMP4AACBaseDecoder.cpp:1054  (0x1028dc040) inPropertyID = '^pro', inPropertyDataSize = 4, inPropertyData = 0x170a4d29c
2026-07-19 08:11:17.122 Df OMORI[11558:8b42] [com.apple.coreaudio:ac]   ACMP4AACBaseDecoder.cpp:1081  (0x1028dc040) set compression profile ('^pro') to 0
2026-07-19 08:11:17.122 Df OMORI[11558:8b42] [com.apple.coreaudio:AQ]      AudioQueueObject.cpp:1524  setLoudnessNormalizationTarget: disabling normalisation target
2026-07-19 08:11:17.122 Db OMORI[11558:8b42] [com.apple.coreaudio:ac]   ACMP4AACBaseDecoder.cpp:1054  (0x1028dc040) inPropertyID = '^tlc', inPropertyDataSize = 4, inPropertyData = 0x170a4d2a0
2026-07-19 08:11:17.122 Df OMORI[11558:8b42] [com.apple.coreaudio:ac]   ACMP4AACBaseDecoder.cpp:1065  (0x1028dc040) set target level constant ('^tlc') to 0
2026-07-19 08:11:17.122 Df OMORI[11558:8b42] [com.apple.coreaudio:AQ]      AudioQueueObject.cpp:1536  setOutputPeakLevelMax: setting peak level to 0.000000
2026-07-19 08:11:17.122 Db OMORI[11558:8b42] [com.apple.coreaudio:ac]   ACMP4AACBaseDecoder.cpp:1054  (0x1028dc040) inPropertyID = '^plm', inPropertyDataSize = 4, inPropertyData = 0x170a4d30c
2026-07-19 08:11:17.122 Df OMORI[11558:8b42] [com.apple.coreaudio:ac]   ACMP4AACBaseDecoder.cpp:1106  (0x1028dc040) set maximum peak level ('^plm') to 0.000
2026-07-19 08:11:17.122 Df OMORI[11558:8b42] [com.apple.coreaudio:AQ]      AudioQueueObject.cpp:1545  setMomentaryLoudnessLimit: setting momentary limit to 0.000000
2026-07-19 08:11:17.122 Df OMORI[11558:8b42] [com.apple.coreaudio:AQ]      AudioQueueObject.cpp:1554  setNormalizationGainLimit: setting normalization gain limit to 12.000000
2026-07-19 08:11:17.123 Db OMORI[11558:8b42] [com.apple.coreaudio:ac]   ACMP4AACBaseDecoder.cpp:1054  (0x1028dc040) inPropertyID = 'prim', inPropertyDataSize = 8, inPropertyData = 0x170a4d1d8
2026-07-19 08:11:17.123 I  OMORI[11558:8b42] [com.apple.coreaudio:ac]   ACMP4AACBaseDecoder.cpp:308   (0x1028dc040) subType = 'aac ', inputFormat = 0x0, outputFormat = 0x0, inMagicCookie = 0x0, inMagicCookieByteSize = 0
2026-07-19 08:11:17.124 Db OMORI[11558:8b42] [com.apple.coreaudio:AQ]        AQAudioConverter.h:71    LogDescription: Queue's converter/codec:
<AudioConverterRef 0x2d26013 [0x600000c744e0]>
2026-07-19 08:11:17.124 Db OMORI[11558:8b42] [com.apple.coreaudio:AQ]      AudioQueueObject.cpp:2042  AdaptToFormats:  2 ch,  44100 Hz, Float32, deinterleaved
2026-07-19 08:11:17.124 Db OMORI[11558:8b42] [com.apple.coreaudio:AQ]      AudioQueueObject.cpp:2082  AdaptToFormats:   created new slice allocator 0x600002938fc0 for PCM format:  2 ch,  44100 Hz, Float32, deinterleaved
2026-07-19 08:11:17.124 Db OMORI[11558:8b42] [com.apple.coreaudio:AQ]      AudioQueueObject.cpp:2093  AdaptToFormats:   ScheduledSliceAllocator 0x600002938fc0: sliceFormat  2 ch,  44100 Hz, Float32, deinterleaved
2026-07-19 08:11:17.124 Db OMORI[11558:8b42] [com.apple.coreaudio:audiocomp] AudioComponentPluginMgr.mm:1213  findNext adec/aac /appl -> 0x600003309680 adec/aac /appl
2026-07-19 08:11:17.124 I  OMORI[11558:8b42] [com.apple.coreaudio:ac]   ACMP4AACBaseDecoder.cpp:308   (0x1018f5a40) subType = 'aac ', inputFormat = 0x0, outputFormat = 0x0, inMagicCookie = 0x6000029389d0, inMagicCookieByteSize = 39
2026-07-19 08:11:17.124 I  OMORI[11558:8b42] [com.apple.coreaudio:ac]   ACMP4AACBaseDecoder.cpp:1647  (0x1018f5a40) [39 bytes]: '03 80 80 80 22 00 00 00 04 80 80 80 14 40 14 00 18 00 00 01 F4 00 00 01 F4 00 05 80 80 80 02 12 10 06 80 80 80 01 02'
2026-07-19 08:11:17.125 Db OMORI[11558:8b42] [com.apple.coreaudio:audiocomp] AudioComponentPluginMgr.mm:1213  findNext adec/aac /appl -> 0x600003309680 adec/aac /appl
2026-07-19 08:11:17.125 I  OMORI[11558:8b42] [com.apple.coreaudio:ac]   ACMP4AACBaseDecoder.cpp:308   (0x1018f5a40) subType = 'aac ', inputFormat = 0x0, outputFormat = 0x0, inMagicCookie = 0x6000029389d0, inMagicCookieByteSize = 39
2026-07-19 08:11:17.125 I  OMORI[11558:8b42] [com.apple.coreaudio:ac]   ACMP4AACBaseDecoder.cpp:1647  (0x1018f5a40) [39 bytes]: '03 80 80 80 22 00 00 00 04 80 80 80 14 40 14 00 18 00 00 01 F4 00 00 01 F4 00 05 80 80 80 02 12 10 06 80 80 80 01 02'
2026-07-19 08:11:17.125 I  OMORI[11558:8b42] [com.apple.coreaudio:ac]   ACMP4AACBaseDecoder.cpp:308   (0x1028dc040) subType = 'aac ', inputFormat = 0x0, outputFormat = 0x0, inMagicCookie = 0x6000029389d0, inMagicCookieByteSize = 39
2026-07-19 08:11:17.125 I  OMORI[11558:8b42] [com.apple.coreaudio:ac]   ACMP4AACBaseDecoder.cpp:1647  (0x1028dc040) [39 bytes]: '03 80 80 80 22 00 00 00 04 80 80 80 14 40 14 00 18 00 00 01 F4 00 00 01 F4 00 05 80 80 80 02 12 10 06 80 80 80 01 02'
2026-07-19 08:11:17.125 Db OMORI[11558:8b42] [com.apple.coreaudio:AQ]      AudioQueueObject.cpp:1964  ApplyCookie: (39 bytes @ 0x6000029389d0), err=0
2026-07-19 08:11:17.125 Db OMORI[11558:8b42] [com.apple.coreaudio:ac]   ACMP4AACBaseDecoder.cpp:1054  (0x1028dc040) inPropertyID = 'prim', inPropertyDataSize = 8, inPropertyData = 0x170a4d458
2026-07-19 08:11:17.125 I  OMORI[11558:8b42] [com.apple.coreaudio:ac]   ACMP4AACBaseDecoder.cpp:308   (0x1028dc040) subType = 'aac ', inputFormat = 0x0, outputFormat = 0x0, inMagicCookie = 0x0, inMagicCookieByteSize = 0
2026-07-19 08:11:17.126 Db OMORI[11558:8b42] [com.apple.defaults:User Defaults] found no value for key apply-custom-loudness-settings in CFPrefsSearchListSource<0x600002c28380> (Domain: com.apple.coreaudio, Container: (null))
2026-07-19 08:11:17.126 Db OMORI[11558:8b42] [com.apple.defaults:User Defaults] found no value for key drc-capable in CFPrefsSearchListSource<0x600002c28380> (Domain: com.apple.coreaudio, Container: (null))
2026-07-19 08:11:17.126 Df OMORI[11558:8b42] [com.apple.coreaudio:AQ]      AudioQueueObject.cpp:9218  SetCodecLoudnessParameters: LoudnessManager::GetSettings() returned -66680 (....): applying loudness defaults
2026-07-19 08:11:17.126 Db OMORI[11558:8b42] [com.apple.defaults:User Defaults] found no value for key cinematic-audio-enabled in CFPrefsSearchListSource<0x600002c28380> (Domain: com.apple.coreaudio, Container: (null))
2026-07-19 08:11:17.126 Df OMORI[11558:8b42] [com.apple.coreaudio:AQ]      AudioQueueObject.cpp:1508  setDRCCompressionProfile: setting DRC compression profile to 0
2026-07-19 08:11:17.126 Db OMORI[11558:8b42] [com.apple.coreaudio:ac]   ACMP4AACBaseDecoder.cpp:1054  (0x1028dc040) inPropertyID = '^pro', inPropertyDataSize = 4, inPropertyData = 0x170a4d51c
2026-07-19 08:11:17.126 Df OMORI[11558:8b42] [com.apple.coreaudio:ac]   ACMP4AACBaseDecoder.cpp:1081  (0x1028dc040) set compression profile ('^pro') to 0
2026-07-19 08:11:17.126 Df OMORI[11558:8b42] [com.apple.coreaudio:AQ]      AudioQueueObject.cpp:1524  setLoudnessNormalizationTarget: disabling normalisation target
2026-07-19 08:11:17.126 Db OMORI[11558:8b42] [com.apple.coreaudio:ac]   ACMP4AACBaseDecoder.cpp:1054  (0x1028dc040) inPropertyID = '^tlc', inPropertyDataSize = 4, inPropertyData = 0x170a4d520
2026-07-19 08:11:17.126 Df OMORI[11558:8b42] [com.apple.coreaudio:ac]   ACMP4AACBaseDecoder.cpp:1065  (0x1028dc040) set target level constant ('^tlc') to 0
2026-07-19 08:11:17.126 Df OMORI[11558:8b42] [com.apple.coreaudio:AQ]      AudioQueueObject.cpp:1536  setOutputPeakLevelMax: setting peak level to 0.000000
2026-07-19 08:11:17.126 Db OMORI[11558:8b42] [com.apple.coreaudio:ac]   ACMP4AACBaseDecoder.cpp:1054  (0x1028dc040) inPropertyID = '^plm', inPropertyDataSize = 4, inPropertyData = 0x170a4d58c
2026-07-19 08:11:17.126 Df OMORI[11558:8b42] [com.apple.coreaudio:ac]   ACMP4AACBaseDecoder.cpp:1106  (0x1028dc040) set maximum peak level ('^plm') to 0.000
2026-07-19 08:11:17.126 Df OMORI[11558:8b42] [com.apple.coreaudio:AQ]      AudioQueueObject.cpp:1545  setMomentaryLoudnessLimit: setting momentary limit to 0.000000
2026-07-19 08:11:17.127 Df OMORI[11558:8b42] [com.apple.coreaudio:AQ]      AudioQueueObject.cpp:1554  setNormalizationGainLimit: setting normalization gain limit to 12.000000
2026-07-19 08:11:17.127 Db OMORI[11558:8b42] [com.apple.coreaudio:audiocomp] AudioComponentPluginMgr.mm:1213  findNext aufc/nutp/appl -> 0x60000330d180 aufc/nutp/appl
2026-07-19 08:11:17.127 Db OMORI[11558:8b42] [com.apple.coreaudio:aqme]        MEMixerChannel.cpp:1134  enabling processor type 1953329268
2026-07-19 08:11:17.127 Db OMORI[11558:8b42] [com.apple.coreaudio:audiocomp] AudioComponentPluginMgr.mm:1213  findNext aufc/ipto/appl -> 0x60000330c000 aufc/ipto/appl
2026-07-19 08:11:17.127 Db OMORI[11558:8b42] [com.apple.coreaudio:aqme]        MEMixerChannel.cpp:1134  enabling processor type 1953329268
2026-07-19 08:11:17.127 Db OMORI[11558:8b42] [com.apple.coreaudio:aqme]        MEMixerChannel.cpp:3850  set 1903456353; err 0
2026-07-19 08:11:17.128 Db OMORI[11558:8b42] [com.apple.coreaudio:aqme]        MEMixerChannel.cpp:3850  set 21; err 0
2026-07-19 08:11:17.128 Df OMORI[11558:8b42] [com.apple.coreaudio:AQ]      AudioQueueObject.cpp:4743  SetProperty: aq@0x1020a1c00: spatialization disabled, client-controlled. Format  2 ch,  44100 Hz, aac  (0x00000000) 0 bits/channel, 0 bytes/packet, 1024 frames/packet, 0 bytes/frame
2026-07-19 08:11:17.128 Df OMORI[11558:8b42] [com.apple.coremedia:] <<<< FAQ >>>> subaq_buildCAAudioQueue: [0x10132db50:0x10132de60] RP/KG.05 Created new AudioQueue for format:'aac ' (0x61616320), channelsPerFrame:2, framesPerPacket:1024, sampleRate:44100 [LayoutTag: 0x00650002, Channels: 2, TimePitch (Algorithm 'tido'), PauseAfterConfigChange]
2026-07-19 08:11:17.129 Df OMORI[11558:8b42] [com.apple.coremedia:] <<<< FAQRP >>>> faqrp_buildAudioQueue: (0x10130f2f0) RP/KG.05 created faq 0x10132db50
2026-07-19 08:11:17.129 Db OMORI[11558:8b42] [com.apple.coreaudio:aqme]        MEMixerChannel.cpp:3850  set 21; err 0
2026-07-19 08:11:17.129 Df OMORI[11558:8b42] [com.apple.coremedia:player] <<<< FigFilePlayer >>>> itemfig_createRenderTriplesForAudio: <0x10187f000|I/QOI.04> created new audio render pipeline 0x10130f2f0
2026-07-19 08:11:17.129 Db OMORI[11558:8b42] [com.apple.coreaudio:audiocomp] AudioComponentPluginMgr.mm:1213  findNext aufx/ipeq/appl -> 0x600003307e80 aufx/ipeq/appl
2026-07-19 08:11:17.129 Db OMORI[11558:8b42] [com.apple.coreaudio:aqme]        MEMixerChannel.cpp:1134  enabling processor type 1885300081
2026-07-19 08:11:17.129 Db OMORI[11558:8b42] [com.apple.coreaudio:AQClient]         AQ_API_V2Impl.cpp:574   AudioQueueSetParameter: ->0x2d26011 7(EQPreset):0.000
2026-07-19 08:11:17.129 Db OMORI[11558:8b42] [com.apple.coreaudio:aqme]        MEMixerChannel.cpp:4027  Set EQ preset 0
2026-07-19 08:11:17.129 Db OMORI[11558:8b42] [com.apple.coreaudio:AQClient]         AQ_API_V2Impl.cpp:583   AudioQueueSetParameter: <-(0)
2026-07-19 08:11:17.129 Df OMORI[11558:8b42] [com.apple.coremedia:player] <<<< FigFilePlayer >>>> playerfig_applySoftwareVolume: [0x10132d780] P/KG rp: [FigRenderPipeline 0x10130f2f0], propertyName = SoftwareVolume1, targetVolume = 1.00, rampDuration = 0.00, synchronous = NO
2026-07-19 08:11:17.129 Db OMORI[11558:8b42] [com.apple.coreaudio:AQClient]         AQ_API_V2Impl.cpp:574   AudioQueueSetParameter: ->0x2d26011 4(VolumeRampTime):0.000
2026-07-19 08:11:17.129 Db OMORI[11558:8b42] [com.apple.coreaudio:AQClient]         AQ_API_V2Impl.cpp:583   AudioQueueSetParameter: <-(0)
2026-07-19 08:11:17.129 Db OMORI[11558:8b42] [com.apple.coreaudio:AQClient]         AQ_API_V2Impl.cpp:574   AudioQueueSetParameter: ->0x2d26011 1(Volume):1.000
2026-07-19 08:11:17.129 Db OMORI[11558:8b42] [com.apple.coreaudio:AQClient]         AQ_API_V2Impl.cpp:583   AudioQueueSetParameter: <-(0)
2026-07-19 08:11:17.129 Df OMORI[11558:8b42] [com.apple.coremedia:player] <<<< FigFilePlayer >>>> playerfig_applySoftwareVolume: [0x10132d780] P/KG rp: [FigRenderPipeline 0x10130f2f0], propertyName = SoftwareVolume5, targetVolume = 1.00, rampDuration = 0.00, synchronous = YES
2026-07-19 08:11:17.129 Db OMORI[11558:8b42] [com.apple.coreaudio:AQClient]         AQ_API_V2Impl.cpp:574   AudioQueueSetParameter: ->0x2d26011 14(VolumeProcessMute):1.000
2026-07-19 08:11:17.129 Db OMORI[11558:8b42] [com.apple.coreaudio:AQClient]         AQ_API_V2Impl.cpp:583   AudioQueueSetParameter: <-(0)
2026-07-19 08:11:17.129 Db OMORI[11558:8b42] [com.apple.coreaudio:AQClient]         AQ_API_V2Impl.cpp:574   AudioQueueSetParameter: ->0x2d26011 9(Volume3):1.000
2026-07-19 08:11:17.129 Db OMORI[11558:8b42] [com.apple.coreaudio:AQClient]         AQ_API_V2Impl.cpp:583   AudioQueueSetParameter: <-(0)
2026-07-19 08:11:17.130 Df OMORI[11558:8b42] (CoreVideo) pool 0x600003505810 being deallocated [3 in use, 11 free] _targetBufferCountsBitfield 0x0
2026-07-19 08:11:17.130 Df OMORI[11558:8b42] [com.apple.coremedia:] <<<< VMC >>>> vmc2Finalize: Finalized VMC 0x10289c400 on behalf of client pid 11558
2026-07-19 08:11:17.130 Df OMORI[11558:8b42] [com.apple.coremedia:] <<<< IQ-CA >>>> piqca_finalize: Finalized IQ 0x1018af600 on behalf of client pid 11558 (OMORI)
2026-07-19 08:11:17.130 Df OMORI[11558:8b42] [com.apple.coremedia:] <<<< Alt >>>> FPSupport_GetDisplayRefreshInformation: displayMaxRefreshInterval:1/60 displayMinRefreshInterval:1/60 displayRefreshStep:0/0
2026-07-19 08:11:17.130 Df OMORI[11558:8b42] [com.apple.coremedia:] <<<< Alt >>>> FPSupport_GetDisplayRefreshInformation: displayMaxRefreshInterval:1/60 displayMinRefreshInterval:1/60 displayRefreshStep:0/0
2026-07-19 08:11:17.130 Db OMORI[11558:8b42] [com.apple.defaults:User Defaults] found no value for key caiq_capacity in CFPrefsSearchListSource<0x600002c27a00> (Domain: com.apple.coremedia, Container: (null))
2026-07-19 08:11:17.130 Df OMORI[11558:8b42] [com.apple.coremedia:playback-memory] <<< FigDispatchUtilities >>> figPruneOSTransactionArrayWhilePerformingOperation: [Fig Transaction] Pruned transaction weak reference holder: <0x6000002912c0>
2026-07-19 08:11:17.130 Df OMORI[11558:8b42] [com.apple.coremedia:playback-memory] <<< FigDispatchUtilities >>> figPruneOSTransactionArrayWhilePerformingOperation: [Fig Transaction] Pruned transaction weak reference holder: <0x600000294840>
2026-07-19 08:11:17.130 Df OMORI[11558:8b42] [com.apple.coremedia:playback-memory] <<< FigDispatchUtilities >>> FigOSTransactionCreateWithProcessName: [Fig Transaction] Added transaction weak reference holder <0x6000002923a0>: 1784448677 FigImageQueueForCoreAnimation  0:(null) n/a
2026-07-19 08:11:17.130 Db OMORI[11558:8b42] [com.apple.defaults:User Defaults] found no value for key iq_trace_cadence in CFPrefsSearchListSource<0x600002c27a00> (Domain: com.apple.coremedia, Container: (null))
2026-07-19 08:11:17.131 Df OMORI[11558:8b42] [com.apple.coremedia:] <<<< IQ-CA >>>> FigImageQueueCreateForCoreAnimation: Created IQ 0x1018af600 on behalf of client pid 11558 (OMORI)
2026-07-19 08:11:17.131 Db OMORI[11558:8b42] [com.apple.defaults:User Defaults] found no value for key MetalSimulatorEnabled in CFPrefsSearchListSource<0x600002c3c700> (Domain: com.apple.metal, Container: (null))
2026-07-19 08:11:17.131 Db OMORI[11558:8b42] [com.apple.defaults:User Defaults] found no value for key forceDeviceName in CFPrefsSearchListSource<0x600002c40000> (Domain: com.apple.Metal, Container: (null))
2026-07-19 08:11:17.131 Db OMORI[11558:8b42] [com.apple.defaults:User Defaults] found no value for key MetalSimulatorEnabled in CFPrefsSearchListSource<0x600002c3c700> (Domain: com.apple.metal, Container: (null))
2026-07-19 08:11:17.131 Db OMORI[11558:8b42] [com.apple.defaults:User Defaults] found no value for key forceDeviceName in CFPrefsSearchListSource<0x600002c40000> (Domain: com.apple.Metal, Container: (null))
2026-07-19 08:11:17.131 Df OMORI[11558:8b42] [com.apple.coremedia:playback-memory] <<< FigDispatchUtilities >>> FigOSTransactionCreateWithProcessName: [Fig Transaction] Added transaction weak reference holder <0x6000002965c0>: 1784448677 VTDecompressionSession NULL 0:(null) n/a
2026-07-19 08:11:17.131 Db OMORI[11558:8b42] [com.apple.defaults:User Defaults] found no value for key ForceSyncH264SWDecoder in CFPrefsSearchListSource<0x600002c27a00> (Domain: com.apple.coremedia, Container: (null))
2026-07-19 08:11:17.131 Db OMORI[11558:8b42] [com.apple.defaults:User Defaults] found no value for key MetalSimulatorEnabled in CFPrefsSearchListSource<0x600002c3c700> (Domain: com.apple.metal, Container: (null))
2026-07-19 08:11:17.131 Db OMORI[11558:8b42] [com.apple.defaults:User Defaults] found no value for key forceDeviceName in CFPrefsSearchListSource<0x600002c40000> (Domain: com.apple.Metal, Container: (null))
2026-07-19 08:11:17.131 Df OMORI[11558:8b42] [com.apple.coremedia:] <<<< VMC >>>> VMC2CreateWithCallbacks: Created VMC 0x10289a600 on behalf of client pid 11558
2026-07-19 08:11:17.131 Df OMORI[11558:8b42] [com.apple.coremedia:] <<<< IQ-CA >>>> piqca_setImageQueueTiming: (0x1018af600) Paused; Set IQTimingOffset: 0.000 at host time 0.000
2026-07-19 08:11:17.131 Df OMORI[11558:8b3d] [com.apple.coremedia:] <<<< IQ-CA >>>> piqca_setImageQueueTiming: (0x1018af600) Paused; Set IQTimingOffset: 0.000 at host time 775.541
2026-07-19 08:11:17.132 Db OMORI[11558:8b42] [com.apple.CFBundle:resources] Resource lookup at CFBundle 0x600003b18620 </Library/Developer/CoreSimulator/Volumes/iOS_22B81/Library/Developer/CoreSimulator/Profiles/Runtimes/iOS 18.1.simruntime/Contents/Resources/RuntimeRoot/System/Library/Frameworks/MediaToolbox.framework> (framework, loaded)
	Request       : MediaValidator.plist path: D49
	Result        : file:///Library/Developer/CoreSimulator/Volumes/iOS_22B81/Library/Developer/CoreSimulator/Profiles/Runtimes/iOS%2018.1.simruntime/Contents/Resources/RuntimeRoot/System/Library/Frameworks/MediaToolbox.framework/D49/MediaValidator.plist
2026-07-19 08:11:17.132 Df OMORI[11558:8b42] [com.apple.coremedia:] <<<< VDMST >>>> FigGetEstimatedMaxFullFramePlaybackSpeedForFormatDescriptionAndNominalFrameRate:  decoderMaxPixelsPerSec( 530841600.000000 ) / ( nominalFrameRate( 60.197369 ) * encodedDimensions.width ( 350 ) * encodedDimensions.height( 206 ) ) = rate 122.31
2026-07-19 08:11:17.132 Df OMORI[11558:8b42] [com.apple.coremedia:] <<<< Boss >>>> FigPlaybackBossCreate: <0x101258c70|I/QOI.04> calculate IFrameOnlySpeedThreshold (122.31)
2026-07-19 08:11:17.132 Df OMORI[11558:8b42] [com.apple.coremedia:] <<<< FAQRP >>>> faqrp_setTimebase: (0x10130f2f0) setTimebase to 0x101420050 at time 0.000
2026-07-19 08:11:17.132 Db OMORI[11558:8b42] [com.apple.defaults:User Defaults] found no value for key AudioEarlyDumpBefore in CFPrefsPlistSource<0x600002c27a80> (Domain: com.apple.coremedia, User: kCFPreferencesCurrentUser, ByHost: No, Container: (null), Contents Need Refresh: No)
2026-07-19 08:11:17.132 Df OMORI[11558:8b42] [com.apple.coremedia:] <<<< Boss >>>> bossBuildMentorForTrack: <0x101258c70|I/QOI.04> track 2 (soun) enableForStepping mentor 0x101445c80 (snippetMentor 0x101445c80 -> loopingMentor 0x0 -> superEditMentor 0x0 -> editMentor 0x101442b30 -> gaplessMentor 0x0 -> audioMentor 0x101443770
2026-07-19 08:11:17.132 Db OMORI[11558:8b42] [com.apple.defaults:User Defaults] found no value for key VideoEarlyDumpBefore in CFPrefsPlistSource<0x600002c27a80> (Domain: com.apple.coremedia, User: kCFPreferencesCurrentUser, ByHost: No, Container: (null), Contents Need Refresh: No)
2026-07-19 08:11:17.132 Df OMORI[11558:8b42] [com.apple.coremedia:] <<<< Boss >>>> bossBuildMentorForTrack: <0x101258c70|I/QOI.04> track 1 (vide) enableForStepping mentor 0x101257840 (snippetMentor 0x0 -> loopingMentor 0x0 -> superEditMentor 0x0 -> editMentor 0x101257840 -> gaplessMentor 0x0 -> videoMentor 0x101259ec0
2026-07-19 08:11:17.132 Db OMORI[11558:8b42] [com.apple.coreaudio:aqme]        MEMixerChannel.cpp:3850  set 21; err 0
2026-07-19 08:11:17.132 Df OMORI[11558:8b42] [com.apple.coremedia:] <<<< Boss >>>> FigPlaybackBossCreate: returning boss = 0x101258c70
2026-07-19 08:11:17.132 Df OMORI[11558:8b42] [com.apple.coremedia:] <<<< Boss >>>> FigPlaybackBossSetTimeWithRange: <0x101258c70|I/QOI.04> newTime: 0.000000, scruboption = 0, range = [0.000, 0.000] seekID 0
2026-07-19 08:11:17.133 Df OMORI[11558:8b42] [com.apple.coremedia:] <<<< Boss >>>> bossSetMentorModesToScrub: <0x101258c70|I/QOI.04> called, tracks 0...1, time 0.000
2026-07-19 08:11:17.133 Df OMORI[11558:8b42] [com.apple.coremedia:] <<<< Boss >>>> FigPlaybackBossSetTimeWithRange: <0x101258c70|I/QOI.04> playState set to Paused
2026-07-19 08:11:17.133 Df OMORI[11558:8b42] [com.apple.coremedia:] <<<< Boss >>>> FigPlaybackBossSetEndTime: <0x101258c70|I/QOI.04> endTime nan
2026-07-19 08:11:17.133 Df OMORI[11558:8b42] [com.apple.coremedia:] <<<< Boss >>>> FigPlaybackBossSetReverseEndTime: <0x101258c70|I/QOI.04> reverseEndTime nan
2026-07-19 08:11:17.133 Df OMORI[11558:8b42] [com.apple.coremedia:] <<<< Boss >>>> FigPlaybackBossSetStopAtEnd: <0x101258c70|I/QOI.04> FALSE
2026-07-19 08:11:17.133 Df OMORI[11558:8b42] [com.apple.coremedia:] <<<< Boss >>>> FigPlaybackBossSetAdvanceTimeForOverlappedPlayback: <0x101258c70|I/QOI.04> advanceTimeForOverlappedPlayback nan
2026-07-19 08:11:17.133 Df OMORI[11558:8b42] [com.apple.coremedia:] <<<< Boss >>>> FigPlaybackBossSetAudibleRateRange: <0x101258c70|I/QOI.04> (no minAudibleRate) 0.000 (no maxAudibleRate) 0.000
2026-07-19 08:11:17.133 Df OMORI[11558:8b42] [com.apple.coremedia:] <<<< Boss >>>> FigPlaybackBossSetRateSnapping: <0x101258c70|I/QOI.04> snapToSimpleRates = false, minRateToStretchAudio = 0.031, maxRateToStretchAudio = 32.000
2026-07-19 08:11:17.133 Df OMORI[11558:8b42] [com.apple.coremedia:] <<<< Boss >>>> FigPlaybackBossSetContinuePlayingDuringPrerollForSeek: <0x101258c70|I/QOI.04> true
2026-07-19 08:11:17.133 Df OMORI[11558:8b42] [com.apple.coremedia:] <<<< Boss >>>> FigPlaybackBossSetContinuePlayingDuringPrerollForRateChange: <0x101258c70|I/QOI.04> true
2026-07-19 08:11:17.133 Df OMORI[11558:8b42] [com.apple.coremedia:] <<<< Boss >>>> FigPlaybackBossSetUseIFrameOnlyPlaybackForHighRateScaledEdits: <0x101258c70|I/QOI.04> false
2026-07-19 08:11:17.133 Df OMORI[11558:8b42] [com.apple.coremedia:] <<<< Boss >>>> FigPlaybackBossSetMinimumIntervalForIFrameOnlyPlayback: <0x101258c70|I/QOI.04> 0.100
2026-07-19 08:11:17.133 Df OMORI[11558:8b42] [com.apple.coremedia:] <<<< Boss >>>> FigPlaybackBossSetThoroughlyRefreshClosedCaptionsWhenSeeking: <0x101258c70|I/QOI.04> false
2026-07-19 08:11:17.133 Df OMORI[11558:8b42] [com.apple.coremedia:] <<<< Boss >>>> FigPlaybackBossSetMuted: <0x101258c70|I/QOI.04> Muted: No
2026-07-19 08:11:17.133 Df OMORI[11558:8b42] [com.apple.coremedia:player] <<<< FigFilePlayer >>>> itemfig_ReportAudioPlaybackThroughFigLog: [QE Critical][0x10132d780|P/KG]: <0x10187f000|I/QOI.04>: [AudioFormat aac ] [AudioChannels 2] [Spatialization Eligible yes] [Client permits multi: no, stereo: no] [Spatialization no] [StereoSpatialization no]
2026-07-19 08:11:17.133 Df OMORI[11558:8b42] [com.apple.coremedia:] <<<< Alt >>>> FPSupport_GetDisplayRefreshInformation: displayMaxRefreshInterval:1/60 displayMinRefreshInterval:1/60 displayRefreshStep:0/0
2026-07-19 08:11:17.134 Df OMORI[11558:8b42] [com.apple.coremedia:] <<<< Boss >>>> FigPlaybackBossSetRateAndAnchorTime: <0x101258c70|I/QOI.04> called, newRate = 1.000, itemTime = nan, hostClockTime = nan = now (775.543) + nan
2026-07-19 08:11:17.134 Df OMORI[11558:8b42] [com.apple.coremedia:] <<<< Boss >>>> bossScheduleReachedEndCallbackForTime: <0x101258c70|I/QOI.04> called, endTime = nan
2026-07-19 08:11:17.134 Df OMORI[11558:8b42] [com.apple.coremedia:] <<<< Boss >>>> bossScheduleAdvanceForOverlappedPlaybackCallbackForTime: <0x101258c70|I/QOI.04> called, advanceTime = nan
2026-07-19 08:11:17.134 Df OMORI[11558:8b42] [com.apple.coremedia:] <<<< Boss >>>> bossConfigureRatePlan: requested rate 1.000 => will use audio time compression rate 1.000, timebase rate 1.000, NON-snippetised playback
2026-07-19 08:11:17.134 Db OMORI[11558:8c04] [com.apple.defaults:User Defaults] found no value for key ThreadCountH264SWDecoder in CFPrefsSearchListSource<0x600002c27a00> (Domain: com.apple.coremedia, Container: (null))
2026-07-19 08:11:17.134 Df OMORI[11558:8b42] [com.apple.coremedia:] <<<< Boss >>>> figPlaybackBossSetRateToNonZero: <0x101258c70|I/QOI.04> last preroll is not compatible: no previous preroll
2026-07-19 08:11:17.134 Df OMORI[11558:8b42] [com.apple.coremedia:] <<<< Boss >>>> figPlaybackBossStartPrerollAndSetPlayState: <0x101258c70|I/QOI.04> called, prerollRate == 1.000, itemTime = nan, hostClockTime = nan, prerollTime = nan, useSnippetPlayback = NO, currentTimebaseTime == 0.000, newPlayState = PrerollingWillPlay
2026-07-19 08:11:17.134 Df OMORI[11558:8b42] [com.apple.coremedia:] <<<< Boss >>>> bossSetMentorModesToForwardPlayback: <0x101258c70|I/QOI.04> called, tracks 0...1, start time 0.000, end time nan, rate 1.00, previousOutputDisposition=3
2026-07-19 08:11:17.134 Df OMORI[11558:8b42] [com.apple.coremedia:] <<<< Boss >>>> bossTrackShouldRemoveExcessFramesInRefreshIntervals: track 1: minFrameDuration 0.010000 < droppableFrameMinimumInterval 0.016667 * maxEditRate 1.00 * playRate 1.00 * 0.7 (0.012) => REMOVE excess frames
2026-07-19 08:11:17.134 Df OMORI[11558:8c05] [com.apple.coremedia:] <<<< FAQ >>>> faq_reset: [0x10132db50:0x10132de60] RP/KG.05 calling FigAudioQueueTimingShimReset
2026-07-19 08:11:17.134 Df OMORI[11558:8b42] [com.apple.coremedia:] <<<< Boss >>>> figPlaybackBossSetRateToNonZero: <0x101258c70|I/QOI.04> playState set to PrerollingWillPlay
2026-07-19 08:11:17.134 Df OMORI[11558:8c05] [com.apple.coremedia:] <<<< FAQ TIMING SHIM >>>> FigAudioQueueTimingShimReset: [0x6000030032a0] Calling AudioQueueReset(0x2d26010)
2026-07-19 08:11:17.134 Df OMORI[11558:8b42] [com.apple.coremedia:player] <<<< FigFilePlayer >>>> playerfig_prepareWorkingItem2: [0x10132d780] P/KG posting PlayQueueBecameHungry
2026-07-19 08:11:17.135 Db OMORI[11558:8c05] [com.apple.coreaudio:AQClient]         AQ_API_V2Impl.cpp:525   AudioQueueReset: ->0x2d26011
2026-07-19 08:11:17.135 Df OMORI[11558:8b75] [com.apple.coremedia:] <<<< Boss >>>> figPlaybackBoss_MentorPrerollComplete: <0x101258c70|I/QOI.04> track 1 v, currentOrder 0xac0cc591f7786430, orderFromPayload 0xac0cc591f7786430, DidReachPrerollLevel, CURRENT, masterOrder 0xac0cc591f0daac30, waitingForMentorPreroll
2026-07-19 08:11:17.135 Df OMORI[11558:8b42] [com.apple.coremedia:player] <<<< FigFilePlayer >>>> playerfig_prepareWorkingItem2: [0x10132d780|P/KG] <0x10187f000|I/QOI.04> posting ReadyForPlayback
2026-07-19 08:11:17.136 Df OMORI[11558:8b42] [com.apple.coremedia:player] <<<< FigFilePlayer >>>> playerfig_doingGapless: P/KG YES
2026-07-19 08:11:17.136 Db OMORI[11558:8c05] [com.apple.coreaudio:AQ]      AudioQueueObject.cpp:3461  Reset: aq@0x1020a1c00
2026-07-19 08:11:17.136 Df OMORI[11558:8b42] [com.apple.coremedia:player] <<<< FigFilePlayer >>>> playerfig_scheduleVideoSlotAndVideoTargetConfigurationSwitchAndPossiblyStartBossForNextItem: No next item
2026-07-19 08:11:17.136 Db OMORI[11558:8c05] [com.apple.coreaudio:AQ]      AudioQueueObject.cpp:3558  PerformFlush: aq@0x1020a1c00
2026-07-19 08:11:17.136 Df OMORI[11558:8b42] [com.apple.coremedia:player] <<<< FigFilePlayer >>>> playerfig_getNextPlaybackState: [0x10132d780] P/KG new playback state: Playing (Player) (playerRate: 1.000), WILL NOT update boss rate (nan), previous state: Playing, change reason: CurrentItemChanged, playthrough prediction: likely, options: None
2026-07-19 08:11:17.136 Df OMORI[11558:8c07] [com.apple.coremedia:] <<<< VMC >>>> vmc2GMFigLogDumpStats: VMC(0x10289a600): client pid 11558; timebase time: 0.000 s rate: 0.00. recent stats: cfq empty: 2 times; frames decoded: 1, dropped: 0; decode: mean 0.002 s, max: 0.002 s; codec service tier: 0.
2026-07-19 08:11:17.136 Df OMORI[11558:8c07] [com.apple.coremedia:] <<<< VMC >>>> vmc2GMFigLogDumpStats: VMC(0x10289a600):Snapshots:
CodecType: avc1, DecodedPixelBuffer: 420v, 350 x 206
Last Decoded Frames [
{PTS: 0.000 s, decode: 1.945 ms},
]
2026-07-19 08:11:17.136 Db OMORI[11558:8c05] [com.apple.coreaudio:AQ]      AudioQueueObject.cpp:5184  PropertyChanged: aq@0x1020a1c00: 1718383464 (mDisposalPending=0)
2026-07-19 08:11:17.136 Df OMORI[11558:8aae] [com.apple.coremedia:player] <<<< FigFilePlayer >>>> itemfig_DeferredFirstVideoFrameEnqueued: [0x10132d780|P/KG] <0x10187f000|I/QOI.04> Received first video frame enqueued notification
2026-07-19 08:11:17.136 Df OMORI[11558:8b42] [com.apple.coremedia:player] <<<< FigFilePlayer >>>> playerfig_getNextPlaybackState: [0x10132d780] P/KG new playback state: Playing (Player) (playerRate: 1.000), WILL NOT update boss rate (nan), previous state: Playing, change reason: PlaythroughPredictionChanged, playthrough prediction: likely, options: None
2026-07-19 08:11:17.137 Db OMORI[11558:8c05] [com.apple.coreaudio:aqme]        MEMixerChannel.cpp:4670  ionc@0x1020a1c00: Resetting processors (not disconnecting)
2026-07-19 08:11:17.137 Df OMORI[11558:8b42] [com.apple.coremedia:player] <<<< FigFilePlayer >>>> playerfig_getNextPlaybackState: [0x10132d780] P/KG new playback state: Playing (Player) (playerRate: 1.000), WILL NOT update boss rate (nan), previous state: Playing, change reason: PlaythroughPredictionChanged, playthrough prediction: likely, options: None
2026-07-19 08:11:17.137 Db OMORI[11558:8c05] [com.apple.coreaudio:aqme]        MEMixerChannel.cpp:4678  ionc@0x1020a1c00: Finished resetting processors
2026-07-19 08:11:17.137 Df OMORI[11558:8aae] [com.apple.coremedia:player] <<<< FigFilePlayer >>>> playerfig_connectLayerSynchronizerToLayer: FigLayerSynchronizerSetLayerArraysWithDeferredTransaction: layersSubjectToImageQueueMediaTiming = (
    "<FigVideoLayer: 0x600000c70fc0>"
), layersNotSubjectToImageQueueMediaTiming = (
)
2026-07-19 08:11:17.137 Db OMORI[11558:8c05] [com.apple.coreaudio:aqme]        MEMixerChannel.cpp:4681  ionc@0x1020a1c00: startingTimeline 1
2026-07-19 08:11:17.137 Df OMORI[11558:8aae] [com.apple.coremedia:] <<<< LayerSync >>>> FigLayerSynchronizerSetLayerArraysWithDeferredTransaction: (0x600002621b60) set layersSubjectToImageQueueMediaTiming ((
    "<FigVideoLayer: 0x600000c70fc0>"
)); layersNotSubjectToImageQueueMediaTiming ((
))
2026-07-19 08:11:17.137 Db OMORI[11558:8c05] [com.apple.coreaudio:AQClient]           ClientQueue.cpp:612   AwaitAllPendingCallbacks: 0x10131d078: done
2026-07-19 08:11:17.137 Df OMORI[11558:8aae] [com.apple.coremedia:player] <<<< FigFilePlayer >>>> itemfig_handleReadyToDisplayVideoLatch: <0x10187f000|I/QOI.04> Posting kFigPlaybackItemNotification_FirstVideoFrameEnqueued
2026-07-19 08:11:17.137 Db OMORI[11558:8c05] [com.apple.coreaudio:AQClient]         AQ_API_V2Impl.cpp:536   AudioQueueReset: <-
2026-07-19 08:11:17.137 Df OMORI[11558:8aae] [com.apple.coremedia:player] <<<< FigFilePlayer >>>> playerfig_doingGapless: P/KG YES
2026-07-19 08:11:17.137 Db OMORI[11558:8c05] [com.apple.coreaudio:AQClient]         AQ_API_V2Impl.cpp:574   AudioQueueSetParameter: ->0x2d26011 2(Rate):1.000
2026-07-19 08:11:17.137 Df OMORI[11558:8aae] [com.apple.coremedia:player] <<<< FigFilePlayer >>>> playerfig_scheduleVideoSlotAndVideoTargetConfigurationSwitchAndPossiblyStartBossForNextItem: No next item
2026-07-19 08:11:17.137 Db OMORI[11558:8c05] [com.apple.coreaudio:AQClient]         AQ_API_V2Impl.cpp:583   AudioQueueSetParameter: <-(0)
2026-07-19 08:11:17.137 Df OMORI[11558:8b39] [com.apple.coremedia:player] <<<< FigPlayerSurrogate >>>> surrogatePlayer_initiateLoadingOfItemAssetTypeInternal: [0x600003500e70] P/KG preparing item 0x600003905d40(0x102877800) I/QOI.05 for enqueueing
2026-07-19 08:11:17.137 Db OMORI[11558:8c05] [com.apple.coreaudio:AQClient]         AQ_API_V2Impl.cpp:574   AudioQueueSetParameter: ->0x2d26011 1(Volume):1.000
2026-07-19 08:11:17.137 Df OMORI[11558:8b39] [com.apple.coremedia:player] <<<< FigPlayerSurrogate >>>> surrogatePlayer_initiateLoadingOfItemAssetTypeInternal: [0x600003500e70] P/KG load ok 0x600003905d40(0x102877800) I/QOI.05 already loaded
2026-07-19 08:11:17.137 Db OMORI[11558:8c05] [com.apple.coreaudio:AQClient]         AQ_API_V2Impl.cpp:583   AudioQueueSetParameter: <-(0)
2026-07-19 08:11:17.137 Df OMORI[11558:8aae] (CoreVideo) pool 0x0 being deallocated [0 in use, 0 free] _targetBufferCountsBitfield 0x0
2026-07-19 08:11:17.137 Df OMORI[11558:8b39] [com.apple.coremedia:player] <<<< FigPlayerSurrogate >>>> surrogatePlayer_respondToLoadingOfItemAssetTypeInternal: [0x600003500e70] P/KG called, enqueuing item 0x600003905d40 I/QOI.05 if appropriate
2026-07-19 08:11:17.137 Db OMORI[11558:8c05] [com.apple.coreaudio:AQClient]         AQ_API_V2Impl.cpp:574   AudioQueueSetParameter: ->0x2d26011 9(Volume3):1.000
2026-07-19 08:11:17.137 Df OMORI[11558:8aae] [com.apple.coremedia:] <<<< LayerSync >>>> figlayersync_getLayerDisplayLatency: layer 0x600000c70fc0, context 0x0, displayID 0: latency 0.000
2026-07-19 08:11:17.137 Db OMORI[11558:8c05] [com.apple.coreaudio:AQClient]         AQ_API_V2Impl.cpp:583   AudioQueueSetParameter: <-(0)
2026-07-19 08:11:17.137 Df OMORI[11558:8b39] [com.apple.coremedia:player] <<<< FigPlayerSurrogate >>>> surrogatePlayer_respondToLoadingOfItemAssetTypeInternal: [0x600003500e70] P/KG called for item 0x600003905d40 I/QOI.05. item index is 1 in surrogate playQueue. realPlayer 0x10132d780, realItem 0x102877800.
2026-07-19 08:11:17.137 Db OMORI[11558:8c05] [com.apple.coreaudio:AQClient]         AQ_API_V2Impl.cpp:574   AudioQueueSetParameter: ->0x2d26011 14(VolumeProcessMute):1.000
2026-07-19 08:11:17.137 Df OMORI[11558:8aae] [com.apple.coremedia:] <<<< LayerSync >>>> figlayersync_setLayerTiming: (layer 0x600000c70fc0) only set layer timeOffset: 0.000000 at hostTime 775.546847
2026-07-19 08:11:17.138 Db OMORI[11558:8c05] [com.apple.coreaudio:AQClient]         AQ_API_V2Impl.cpp:583   AudioQueueSetParameter: <-(0)
2026-07-19 08:11:17.138 Df OMORI[11558:8b39] [com.apple.coremedia:player] <<<< FigPlayerSurrogate >>>> surrogatePlayer_respondToLoadingOfItemAssetTypeInternal: [0x600003500e70] P/KG called for item 0x600003905d40 I/QOI.05. Real player matches previous item [0x600003908410] I/QOI.04 which is enqueued => enqueuing this item now
2026-07-19 08:11:17.138 Df OMORI[11558:8aae] [com.apple.coremedia:] <<<< AVPlayer >>>> -[AVPlayer _advanceCurrentItemAccordingToFigPlaybackItem:]: currentItem KVO: P/KG called
2026-07-19 08:11:17.138 Df OMORI[11558:8c05] [com.apple.coremedia:] <<<< FAQ >>>> faq_reset: [0x10132db50:0x10132de60] RP/KG.05 calling FigAudioQueueTimingShimReset
2026-07-19 08:11:17.138 Df OMORI[11558:8b39] [com.apple.coremedia:player] <<<< FigPlayerSurrogate >>>> surrogatePlayer_respondToLoadingOfItemAssetTypeInternal: [0x600003500e70] P/KG adding item 0x600003905d40(0x102877800) I/QOI.05 to real player play queue
2026-07-19 08:11:17.138 Df OMORI[11558:8aae] [com.apple.coremedia:] <<<< AVPlayer >>>> -[AVPlayer _removeItem:]: currentItem KVO: P/KG called with I/QOI.03
2026-07-19 08:11:17.138 Df OMORI[11558:8c05] [com.apple.coremedia:] <<<< FAQ TIMING SHIM >>>> FigAudioQueueTimingShimReset: [0x6000030032a0] Calling AudioQueueReset(0x2d26010)
2026-07-19 08:11:17.138 Df OMORI[11558:8b39] [com.apple.coremedia:player] <<<< FigFilePlayer >>>> playerfig_AddToPlayQueue: [0x10132d780] P/KG item 0x102877800 I/QOI.05 after 0x0
2026-07-19 08:11:17.138 Df OMORI[11558:8aae] [com.apple.coremedia:] <<<< AVPlayer >>>> -[AVPlayer _runOnIvarAccessQueueOperationThatMayChangeCurrentItemWithPreflightBlock:modificationBlock:error:]_block_invoke_2: currentItem KVO: P/KG will willChange AVPlayer.currentItem
2026-07-19 08:11:17.138 Df OMORI[11558:8b39] [com.apple.coremedia:player] <<<< FigFilePlayer >>>> itemfig_establishStereoAudioSpatializationPreferenceForAsset: <0x102877800|I/QOI.05>: Stereo Spatialization allowed by default due to asset containing video.
2026-07-19 08:11:17.138 Db OMORI[11558:8c05] [com.apple.coreaudio:AQClient]         AQ_API_V2Impl.cpp:525   AudioQueueReset: ->0x2d26011
2026-07-19 08:11:17.138 Df OMORI[11558:8b39] [com.apple.coremedia:player] <<<< FigFilePlayer >>>> playerfig_AddToPlayQueue: [0x10132d780] P/KG play queue is no longer hungry
2026-07-19 08:11:17.138 Df OMORI[11558:8aae] [com.apple.coremedia:] <<<< AVPlayer >>>> -[AVPlayer _runOnIvarAccessQueueOperationThatMayChangeCurrentItemWithPreflightBlock:modificationBlock:error:]_block_invoke: currentItem KVO: P/KG did willChange AVPlayer.currentItem
2026-07-19 08:11:17.138 Db OMORI[11558:8c05] [com.apple.coreaudio:AQ]      AudioQueueObject.cpp:3461  Reset: aq@0x1020a1c00
2026-07-19 08:11:17.138 Db OMORI[11558:8c05] [com.apple.coreaudio:AQ]      AudioQueueObject.cpp:3558  PerformFlush: aq@0x1020a1c00
2026-07-19 08:11:17.138 Df OMORI[11558:8b39] [com.apple.coremedia:player] <<<< FigFilePlayer >>>> playerfig_AddToPlayQueue: [0x10132d780] P/KG play queue now: [item 0x10187f000 I/QOI.04 (boss 0x101258c70) item 0x102877800 I/QOI.05 (boss 0x0)]
2026-07-19 08:11:17.138 Df OMORI[11558:8aae] [com.apple.coremedia:] <<<< AVPlayer >>>> -[AVPlayer _setCurrentItem:]: currentItem KVO: P/KG updating current item from I/QOI.03 to I/QOI.04
2026-07-19 08:11:17.138 Db OMORI[11558:8c05] [com.apple.coreaudio:AQ]      AudioQueueObject.cpp:5184  PropertyChanged: aq@0x1020a1c00: 1718383464 (mDisposalPending=0)
2026-07-19 08:11:17.139 Df OMORI[11558:8aae] [com.apple.coremedia:] <<<< AVPlayer >>>> -[AVPlayer _runOnIvarAccessQueueOperationThatMayChangeCurrentItemWithPreflightBlock:modificationBlock:error:]_block_invoke: P/KG setting timeControlStatus=2, reasonForWaitingToPlay=(null)
2026-07-19 08:11:17.139 Db OMORI[11558:8c05] [com.apple.coreaudio:aqme]        MEMixerChannel.cpp:4670  ionc@0x1020a1c00: Resetting processors (not disconnecting)
2026-07-19 08:11:17.139 Db OMORI[11558:8c05] [com.apple.coreaudio:aqme]        MEMixerChannel.cpp:4678  ionc@0x1020a1c00: Finished resetting processors
2026-07-19 08:11:17.139 Db OMORI[11558:8c05] [com.apple.coreaudio:aqme]        MEMixerChannel.cpp:4681  ionc@0x1020a1c00: startingTimeline 1
2026-07-19 08:11:17.139 Df OMORI[11558:8aae] [com.apple.coremedia:] <<<< AVPlayer >>>> -[AVPlayer _runOnIvarAccessQueueOperationThatMayChangeCurrentItemWithPreflightBlock:modificationBlock:error:]_block_invoke: currentItem KVO: P/KG will didChange AVPlayer.currentItem
2026-07-19 08:11:17.139 Db OMORI[11558:8c05] [com.apple.coreaudio:AQClient]           ClientQueue.cpp:612   AwaitAllPendingCallbacks: 0x10131d078: done
2026-07-19 08:11:17.139 Db OMORI[11558:8c05] [com.apple.coreaudio:AQClient]         AQ_API_V2Impl.cpp:536   AudioQueueReset: <-
2026-07-19 08:11:17.139 Db OMORI[11558:8c05] [com.apple.coreaudio:AQClient]         AQ_API_V2Impl.cpp:574   AudioQueueSetParameter: ->0x2d26011 2(Rate):1.000
2026-07-19 08:11:17.139 Df OMORI[11558:8aae] [com.apple.coremedia:] <<<< AVPlayer >>>> -[AVPlayer _insertItem:afterItem:]: currentItem KVO: P/KG called with I/QOI.03 (afterItem = I/QOI.02)
2026-07-19 08:11:17.139 Db OMORI[11558:8c05] [com.apple.coreaudio:AQClient]         AQ_API_V2Impl.cpp:583   AudioQueueSetParameter: <-(0)
2026-07-19 08:11:17.139 Df OMORI[11558:8aae] [com.apple.coremedia:] <<<< AVPlayerItem >>>> -[AVPlayerItem _updateItemIdentifierForCoordinatedPlayback]_block_invoke: self I/QOI.03: setting coordination identifier to (null)
2026-07-19 08:11:17.139 Db OMORI[11558:8c05] [com.apple.coreaudio:AQClient]         AQ_API_V2Impl.cpp:574   AudioQueueSetParameter: ->0x2d26011 1(Volume):1.000
2026-07-19 08:11:17.139 Df OMORI[11558:8aae] [com.apple.coremedia:] <<<< AVPlayer >>>> -[AVPlayer _runOnIvarAccessQueueOperationThatMayChangeCurrentItemWithPreflightBlock:modificationBlock:error:]_block_invoke: currentItem KVO: P/KG did didChange AVPlayer.currentItem
2026-07-19 08:11:17.139 Db OMORI[11558:8c05] [com.apple.coreaudio:AQClient]         AQ_API_V2Impl.cpp:583   AudioQueueSetParameter: <-(0)
2026-07-19 08:11:17.139 Db OMORI[11558:8c05] [com.apple.coreaudio:AQClient]         AQ_API_V2Impl.cpp:574   AudioQueueSetParameter: ->0x2d26011 9(Volume3):1.000
2026-07-19 08:11:17.139 Db OMORI[11558:8c05] [com.apple.coreaudio:AQClient]         AQ_API_V2Impl.cpp:583   AudioQueueSetParameter: <-(0)
2026-07-19 08:11:17.139 Db OMORI[11558:8c05] [com.apple.coreaudio:AQClient]         AQ_API_V2Impl.cpp:574   AudioQueueSetParameter: ->0x2d26011 14(VolumeProcessMute):1.000
2026-07-19 08:11:17.139 Db OMORI[11558:8c05] [com.apple.coreaudio:AQClient]         AQ_API_V2Impl.cpp:583   AudioQueueSetParameter: <-(0)
