    Request: <SBMainWorkspaceTransitionRequest: 0x60000331d4a0; eventLabel: OpenApplication(sceneID:com.poring.omori.ru-default)ForRequester(CoreSimulatorBr.3112); display: Main; source: FBSystemService>
    To Application Scene Entities: 
        <SBDeviceApplicationSceneEntity: 0x6000017cdd40; ID: sceneID:com.poring.omori.ru-default; layoutRole: primary>
    Interruptible? YES
    Milestones pending: 
        synchronizedCommit-0x103d1cea0
    Audit history: 
        TIME: 08:17:59.540; DESCRIPTION: Life assertion taken for reason: beginning
        TIME: 08:17:59.542; DESCRIPTION: State changed from 'Initial' to 'Working'
        TIME: 08:17:59.543; DESCRIPTION: Milestones added: synchronizedCommit-0x103d1cea0
        TIME: 08:17:59.543; DESCRIPTION: Adding child transaction: <SBSceneLayoutWorkspaceTransaction: 0x103d1cea0>
        TIME: 08:17:59.587; DESCRIPTION: Life as
2026-07-19 08:17:59.624 Df SpringBoard[3083:3b77] [com.apple.FrontBoard:ProcessScene] [0x6000037c2e80:PosterKit:B1416B59-A405-4171-9617-1163ADA0F479] Scene activity mode did change: support (transient).
2026-07-19 08:17:59.625 Df SpringBoard[3083:3b77] [com.apple.FrontBoard:ProcessScene] [0x6000037c2e80:PosterKit:B1416B59-A405-4171-9617-1163ADA0F479] Scene assertion state did change: ForegroundNonFocal.
2026-07-19 08:17:59.632 Df runningboardd[3086:3b7b] [com.apple.runningboard:monitor] Calculated state for xpcservice<com.apple.MercuryPoster([osservice<com.apple.SpringBoard>:3083])>{vt hash: 126936722}[uuid:00000000-0000-0000-0000-000000000001]: running-active (role: UserInteractiveNonFocal) (endowments: {(
    <RBSProcessEndowmentInfo| namespace:com.apple.frontboard.visibility env:UIScene:com.apple.frontboard.systemappservices/PosterKit:B1416B59-A405-4171-9617-1163ADA0F479 payload: 9469504155267033108>,
    <RBSProcessEndowmentInfo| namespace:com.apple.frontboard.visibility env:(null)  0>
)})
2026-07-19 08:17:59.632 Db runningboardd[3086:3b7b] [com.apple.runningboard:monitor] Sending state update for xpcservice<com.apple.MercuryPoster([osservice<com.apple.SpringBoard>:3083])>{vt hash: 126936722}[uuid:00000000-0000-0000-0000-000000000001]: <RBSProcessState| task:running-active debug:none terminationResistance:Interactive endowmentNamespace:[
	com.apple.frontboard.visibility
	] endowmentInfo:[
	<RBSProcessEndowmentInfo| namespace:com.apple.frontboard.visibility env:UIScene:com.apple.frontboard.systemappservices/PosterKit:B1416B59-A405-4171-9617-1163ADA0F479 payload: 9469504155267033108>,
	<RBSProcessEndowmentInfo| namespace:com.apple.frontboard.visibility env:(null)  0> tags:[
	SupportsBackgroundAudio
	] rbAssertions:[
	<RBSProcessAssertionInfo| type:2 reason:0 name:"Domain" domain:"com.apple.posterkit.provider:Rendering-Entitled" expl:"<MercuryPoster: 0x1ec5fdc78; 1163ADA0F479>">,
	<RBSProcessAssertionInfo| type:2 reason:0 name:"Domain" domain:"com.apple.frontboard:AfterLife-Subordinate" expl:"com.apple.frontboard.after-life.subordinate">,
	<RBSProcessAssertionInfo| type:2 reason:0 name:"Doma
2026-07-19 08:17:59.648 Df runningboardd[3086:324c] [com.apple.runningboard:monitor] Calculated state for xpcservice<com.apple.MercuryPoster([osservice<com.apple.SpringBoard>:3083])>{vt hash: 126936722}[uuid:00000000-0000-0000-0000-000000000001]: running-active (role: UserInteractiveNonFocal) (endowments: {(
    <RBSProcessEndowmentInfo| namespace:com.apple.frontboard.visibility env:UIScene:com.apple.frontboard.systemappservices/PosterKit:B1416B59-A405-4171-9617-1163ADA0F479 payload: 9469504155267033108>,
    <RBSProcessEndowmentInfo| namespace:com.apple.frontboard.visibility env:(null)  0>
)})
2026-07-19 08:17:59.648 Db runningboardd[3086:324c] [com.apple.runningboard:monitor] SUPPRESSING state update for xpcservice<com.apple.MercuryPoster([osservice<com.apple.SpringBoard>:3083])>{vt hash: 126936722}[uuid:00000000-0000-0000-0000-000000000001]: <RBSProcessState| task:running-active debug:none terminationResistance:Interactive endowmentNamespace:[
	com.apple.frontboard.visibility
	] endowmentInfo:[
	<RBSProcessEndowmentInfo| namespace:com.apple.frontboard.visibility env:UIScene:com.apple.frontboard.systemappservices/PosterKit:B1416B59-A405-4171-9617-1163ADA0F479 payload: 9469504155267033108>,
	<RBSProcessEndowmentInfo| namespace:com.apple.frontboard.visibility env:(null)  0> tags:[
	SupportsBackgroundAudio
	] rbAssertions:[
	<RBSProcessAssertionInfo| type:2 reason:20420 name:"Domain" domain:"com.apple.UIKit.KeyboardManagement.xpc:Arbiter" expl:"com.apple.UIKit.KeyboardManagement.message">,
	<RBSProcessAssertionInfo| type:2 reason:0 name:"Domain" domain:"com.apple.posterkit.provider:Rendering-Entitled" expl:"<MercuryPoster: 0x1ec5fdc78; 1163ADA0F479>">,
	<RBSProcessAssertionInfo| type:2 reason:0 nam
2026-07-19 08:17:59.676 I  runningboardd[3086:3249] [com.apple.runningboard:state] Process: [xpcservice<com.apple.MercuryPoster([osservice<com.apple.SpringBoard>:3083])>{vt hash: 126936722}[uuid:00000000-0000-0000-0000-000000000001]:3765] has changes in inheritances: {(
    <RBSInheritance| environment:(none) name:com.apple.frontboard.visibility origID:3086-3083-188 0>,
    <RBSInheritance| environment:UIScene:com.apple.frontboard.systemappservices/PosterKit:B1416B59-A405-4171-9617-1163ADA0F479 name:com.apple.frontboard.visibility origID:3086-3083-179 payload 9469504155267033108>,
    <RBSInheritance| environment:(none) name:com.apple.frontboard.visibility origID:3086-3083-617 0>,
    <RBSInheritance| environment:UIScene:com.apple.frontboard.systemappservices/PosterKit:B1416B59-A405-4171-9617-1163ADA0F479 name:com.apple.frontboard.visibility origID:3086-3083-166 payload 9469504155267033108>
)}
2026-07-19 08:17:59.692 I  runningboardd[3086:3249] [com.apple.runningboard:state] Process: [xpcservice<com.apple.MercuryPoster([osservice<com.apple.SpringBoard>:3083])>{vt hash: 126936722}[uuid:00000000-0000-0000-0000-000000000001]:3765] has changes in inheritances: {(
    <RBSInheritance| environment:(none) name:com.apple.frontboard.visibility origID:3086-3083-188 0>,
    <RBSInheritance| environment:UIScene:com.apple.frontboard.systemappservices/PosterKit:B1416B59-A405-4171-9617-1163ADA0F479 name:com.apple.frontboard.visibility origID:3086-3083-179 payload 9469504155267033108>,
    <RBSInheritance| environment:(none) name:com.apple.frontboard.visibility origID:3086-3083-617 0>,
    <RBSInheritance| environment:UIScene:com.apple.frontboard.systemappservices/PosterKit:B1416B59-A405-4171-9617-1163ADA0F479 name:com.apple.frontboard.visibility origID:3086-3083-166 payload 9469504155267033108>
)}
2026-07-19 08:17:59.846 Df SpringBoard[3083:31f9] [com.apple.SpringBoard:StatusBarish] removing status bar settings assertion after 0.465575 seconds: <SBWindowSceneStatusBarSettingsAssertion: 0x600000ca0990> {
    settings = <SBStatusBarSettings: 0x60000002fd60; alpha: 0> {
    };
    level = fullscreen alert animation;
    reason = SBDashBoardStatusBarController-0x0x6000017129c0;
}
2026-07-19 08:17:59.872 Df SpringBoard[3083:31f9] [com.apple.SpringBoard:StatusBarish] removing status bar settings assertion after 104.006397 seconds: <SBWindowSceneStatusBarSettingsAssertion: 0x600000dbb6f0> {
    settings = <SBStatusBarSettings: 0x600000038230; alpha: 1> {
        style = UIStatusBarStyleLightContent;
        legibilitySettings = <_UILegibilitySettings: 0x600002692fa0; style: Light> {
            primaryColor = UIExtendedGrayColorSpace 1 1;
            secondaryColor = UIExtendedGrayColorSpace 1 0.45;
            shadowColor = UIExtendedSRGBColorSpace 0.175 0.175 0.25 1;
            contentColor = 0x0;
        };
    };
    level = fullscreen alert;
    reason = SBDashBoardStatusBar;
}
2026-07-19 08:17:59.872 Db MercuryPosterExtension[3765:3d7e] [com.apple.BacklightServices:scenes] 0x600000c117a0 environment updated:B1416B59-A405-4171-9617-1163ADA0F479
  delta:{ visualState:0 date:0 active:0 blanked:0 seed:0 }
  diff:<FBSSceneSettingsDiff: 0x600001720180; UIApplicationSceneSettings> {
    subclassSettings = <BSSettingsDiff: 0x600000c21230> {
        (20664) = 0.007716241634702525;
    };
}
  new:(null) (null)
  old:(null) (null)
  new:(null)
2026-07-19 08:17:59.874 Db MercuryPosterExtension[3765:3d7e] [com.apple.BaseBoard:Common] [BSBlockSentinel:FBSScene] signaled! 1 of 2
2026-07-19 08:17:59.877 Db MercuryPosterExtension[3765:51f2] [com.apple.BaseBoard:Common] [BSBlockSentinel:FBSScene] signaled! 2 of 2
2026-07-19 08:17:59.877 I  SpringBoard[3083:32b5] [com.apple.FrontBoard:ProcessScene] [0x6000037c2e80:PosterKit:B1416B59-A405-4171-9617-1163ADA0F479] Scene action [Forward Event][0xcc10] completed with success: 1
2026-07-19 08:17:59.877 Db MercuryPosterExtension[3765:51f2] [com.apple.BaseBoard:Common] [BSBlockSentinel:FBSScene] dealloc
2026-07-19 08:17:59.878 Db MercuryPosterExtension[3765:3d7e] [com.apple.BacklightServices:scenes] 0x600000c117a0 environment updated:B1416B59-A405-4171-9617-1163ADA0F479
  delta:{ visualState:0 date:0 active:0 blanked:0 seed:0 }
  diff:<FBSSceneSettingsDiff: 0x60000171be80; UIApplicationSceneSettings> {
    subclassSettings = <BSSettingsDiff: 0x600000c21440> {
        (20664) = 0.06681106364399914;
    };
}
  new:(null) (null)
  old:(null) (null)
  new:(null)
2026-07-19 08:17:59.879 Db MercuryPosterExtension[3765:3d7e] [com.apple.BaseBoard:Common] [BSBlockSentinel:FBSScene] signaled! 1 of 2
2026-07-19 08:17:59.895 Db MercuryPosterExtension[3765:3d7e] [com.apple.BacklightServices:scenes] 0x600000c117a0 environment updated:B1416B59-A405-4171-9617-1163ADA0F479
  delta:{ visualState:0 date:0 active:0 blanked:0 seed:0 }
  diff:<FBSSceneSettingsDiff: 0x60000171ba40; UIApplicationSceneSettings> {
    subclassSettings = <BSSettingsDiff: 0x600000c21560> {
        (20664) = 0.1592987466103813;
    };
}
  new:(null) (null)
  old:(null) (null)
  new:(null)
2026-07-19 08:17:59.894 Db MercuryPosterExtension[3765:3f16] [com.apple.BaseBoard:Common] [BSBlockSentinel:FBSScene] signaled! 2 of 2
2026-07-19 08:17:59.895 Db MercuryPosterExtension[3765:3d7e] [com.apple.BaseBoard:Common] [BSBlockSentinel:FBSScene] signaled! 1 of 2
2026-07-19 08:17:59.897 Db MercuryPosterExtension[3765:3f16] [com.apple.BaseBoard:Common] [BSBlockSentinel:FBSScene] dealloc
2026-07-19 08:17:59.907 Db MercuryPosterExtension[3765:3d7e] [com.apple.BacklightServices:scenes] 0x600000c117a0 environment updated:B1416B59-A405-4171-9617-1163ADA0F479
  delta:{ visualState:0 date:0 active:0 blanked:0 seed:0 }
  diff:<FBSSceneSettingsDiff: 0x60000171bac0; UIApplicationSceneSettings> {
    subclassSettings = <BSSettingsDiff: 0x600000c215c0> {
        (20664) = 0.2648908617530824;
    };
}
  new:(null) (null)
  old:(null) (null)
  new:(null)
2026-07-19 08:17:59.906 Db MercuryPosterExtension[3765:3f16] [com.apple.BaseBoard:Common] [BSBlockSentinel:FBSScene] signaled! 2 of 2
2026-07-19 08:17:59.907 Db MercuryPosterExtension[3765:3d7e] [com.apple.BaseBoard:Common] [BSBlockSentinel:FBSScene] signaled! 1 of 2
2026-07-19 08:17:59.896 I  SpringBoard[3083:3b7c] [com.apple.FrontBoard:ProcessScene] [0x6000037c2e80:PosterKit:B1416B59-A405-4171-9617-1163ADA0F479] Scene action [Forward Event][0x5eb4] completed with success: 1
2026-07-19 08:17:59.907 I  SpringBoard[3083:32b5] [com.apple.FrontBoard:ProcessScene] [0x6000037c2e80:PosterKit:B1416B59-A405-4171-9617-1163ADA0F479] Scene action [Forward Event][0x4e9e] completed with success: 1
2026-07-19 08:17:59.908 Db MercuryPosterExtension[3765:3f16] [com.apple.BaseBoard:Common] [BSBlockSentinel:FBSScene] dealloc
2026-07-19 08:17:59.910 Db MercuryPosterExtension[3765:3d7e] [com.apple.BacklightServices:scenes] 0x600000c117a0 environment updated:B1416B59-A405-4171-9617-1163ADA0F479
  delta:{ visualState:0 date:0 active:0 blanked:0 seed:0 }
  diff:<FBSSceneSettingsDiff: 0x60000171ad40; UIApplicationSceneSettings> {
    subclassSettings = <BSSettingsDiff: 0x600000c21620> {
        (20664) = 0.3712475729932734;
    };
}
  new:(null) (null)
  old:(null) (null)
  new:(null)
2026-07-19 08:17:59.910 Db MercuryPosterExtension[3765:3d7e] [com.apple.BaseBoard:Common] [BSBlockSentinel:FBSScene] signaled! 1 of 2
2026-07-19 08:17:59.915 Db MercuryPosterExtension[3765:3d7e] [com.apple.BacklightServices:scenes] 0x600000c117a0 environment updated:B1416B59-A405-4171-9617-1163ADA0F479
  delta:{ visualState:0 date:0 active:0 blanked:0 seed:0 }
  diff:<FBSSceneSettingsDiff: 0x600001718880; UIApplicationSceneSettings> {
    subclassSettings = <BSSettingsDiff: 0x600000c21680> {
        (20664) = 0.471318783457948;
    };
}
  new:(null) (null)
  old:(null) (null)
  new:(null)
2026-07-19 08:17:59.916 Db MercuryPosterExtension[3765:3d7e] [com.apple.BaseBoard:Common] [BSBlockSentinel:FBSScene] signaled! 1 of 2
2026-07-19 08:17:59.919 Db MercuryPosterExtension[3765:3f16] [com.apple.BaseBoard:Common] [BSBlockSentinel:FBSScene] signaled! 2 of 2
2026-07-19 08:17:59.920 Db MercuryPosterExtension[3765:3f16] [com.apple.BaseBoard:Common] [BSBlockSentinel:FBSScene] dealloc
2026-07-19 08:17:59.920 I  SpringBoard[3083:3b7c] [com.apple.FrontBoard:ProcessScene] [0x6000037c2e80:PosterKit:B1416B59-A405-4171-9617-1163ADA0F479] Scene action [Forward Event][0x761] completed with success: 1
2026-07-19 08:17:59.922 Db MercuryPosterExtension[3765:3f16] [com.apple.BaseBoard:Common] [BSBlockSentinel:FBSScene] signaled! 2 of 2
2026-07-19 08:17:59.922 Db MercuryPosterExtension[3765:3f16] [com.apple.BaseBoard:Common] [BSBlockSentinel:FBSScene] dealloc
2026-07-19 08:17:59.922 Db MercuryPosterExtension[3765:3f16] [com.apple.BaseBoard:Common] [BSBlockSentinel:FBSScene] signaled! 2 of 2
2026-07-19 08:17:59.922 Db MercuryPosterExtension[3765:3f16] [com.apple.BaseBoard:Common] [BSBlockSentinel:FBSScene] dealloc
2026-07-19 08:17:59.923 Db MercuryPosterExtension[3765:3d7e] [com.apple.BacklightServices:scenes] 0x600000c117a0 environment updated:B1416B59-A405-4171-9617-1163ADA0F479
  delta:{ visualState:0 date:0 active:0 blanked:0 seed:0 }
  diff:<FBSSceneSettingsDiff: 0x60000171db40; UIApplicationSceneSettings> {
    subclassSettings = <BSSettingsDiff: 0x600000c1b720> {
        (20664) = 0.5615012735630338;
    };
}
  new:(null) (null)
  old:(null) (null)
  new:(null)
2026-07-19 08:17:59.922 I  SpringBoard[3083:32b5] [com.apple.FrontBoard:ProcessScene] [0x6000037c2e80:PosterKit:B1416B59-A405-4171-9617-1163ADA0F479] Scene action [Forward Event][0x7b01] completed with success: 1
2026-07-19 08:17:59.922 I  SpringBoard[3083:32b5] [com.apple.FrontBoard:ProcessScene] [0x6000037c2e80:PosterKit:B1416B59-A405-4171-9617-1163ADA0F479] Scene action [Forward Event][0x1e35] completed with success: 1
2026-07-19 08:17:59.924 Db MercuryPosterExtension[3765:3d7e] [com.apple.BaseBoard:Common] [BSBlockSentinel:FBSScene] signaled! 1 of 2
2026-07-19 08:17:59.925 Db MercuryPosterExtension[3765:3d7e] [com.apple.BacklightServices:scenes] 0x600000c117a0 environment updated:B1416B59-A405-4171-9617-1163ADA0F479
  delta:{ visualState:0 date:0 active:0 blanked:0 seed:0 }
  diff:<FBSSceneSettingsDiff: 0x60000171d580; UIApplicationSceneSettings> {
    subclassSettings = <BSSettingsDiff: 0x600000c1a220> {
        (20664) = 0.6403752711451226;
    };
}
  new:(null) (null)
  old:(null) (null)
  new:(null)
2026-07-19 08:17:59.926 Db MercuryPosterExtension[3765:3d7e] [com.apple.BaseBoard:Common] [BSBlockSentinel:FBSScene] signaled! 1 of 2
2026-07-19 08:17:59.929 Db MercuryPosterExtension[3765:3d7e] [com.apple.BacklightServices:scenes] 0x600000c117a0 environment updated:B1416B59-A405-4171-9617-1163ADA0F479
  delta:{ visualState:0 date:0 active:0 blanked:0 seed:0 }
  diff:<FBSSceneSettingsDiff: 0x60000171e680; UIApplicationSceneSettings> {
    subclassSettings = <BSSettingsDiff: 0x600000c1adc0> {
        (20664) = 0.7078496194995807;
    };
}
  new:(null) (null)
  old:(null) (null)
  new:(null)
2026-07-19 08:17:59.929 Db MercuryPosterExtension[3765:3d7e] [com.apple.BaseBoard:Common] [BSBlockSentinel:FBSScene] signaled! 1 of 2
2026-07-19 08:17:59.932 Db MercuryPosterExtension[3765:51fa] [com.apple.BaseBoard:Common] [BSBlockSentinel:FBSScene] signaled! 2 of 2
2026-07-19 08:17:59.932 Db MercuryPosterExtension[3765:51fa] [com.apple.BaseBoard:Common] [BSBlockSentinel:FBSScene] dealloc
2026-07-19 08:17:59.932 Db MercuryPosterExtension[3765:51fa] [com.apple.BaseBoard:Common] [BSBlockSentinel:FBSScene] signaled! 2 of 2
2026-07-19 08:17:59.932 Db MercuryPosterExtension[3765:51fa] [com.apple.BaseBoard:Common] [BSBlockSentinel:FBSScene] dealloc
2026-07-19 08:17:59.932 I  SpringBoard[3083:32b5] [com.apple.FrontBoard:ProcessScene] [0x6000037c2e80:PosterKit:B1416B59-A405-4171-9617-1163ADA0F479] Scene action [Forward Event][0xf905] completed with success: 1
2026-07-19 08:17:59.933 I  SpringBoard[3083:32b5] [com.apple.FrontBoard:ProcessScene] [0x6000037c2e80:PosterKit:B1416B59-A405-4171-9617-1163ADA0F479] Scene action [Forward Event][0xe84a] completed with success: 1
2026-07-19 08:17:59.933 Db MercuryPosterExtension[3765:51fa] [com.apple.BaseBoard:Common] [BSBlockSentinel:FBSScene] signaled! 2 of 2
2026-07-19 08:17:59.934 Db MercuryPosterExtension[3765:51fa] [com.apple.BaseBoard:Common] [BSBlockSentinel:FBSScene] dealloc
2026-07-19 08:17:59.934 I  SpringBoard[3083:3b7c] [com.apple.FrontBoard:ProcessScene] [0x6000037c2e80:PosterKit:B1416B59-A405-4171-9617-1163ADA0F479] Scene action [Forward Event][0x7f1a] completed with success: 1
2026-07-19 08:17:59.934 Db MercuryPosterExtension[3765:3d7e] [com.apple.BacklightServices:scenes] 0x600000c117a0 environment updated:B1416B59-A405-4171-9617-1163ADA0F479
  delta:{ visualState:0 date:0 active:0 blanked:0 seed:0 }
  diff:<FBSSceneSettingsDiff: 0x60000171e740; UIApplicationSceneSettings> {
    subclassSettings = <BSSettingsDiff: 0x600000c1b8a0> {
        (20664) = 0.7645927955406866;
    };
}
  new:(null) (null)
  old:(null) (null)
  new:(null)
2026-07-19 08:17:59.934 Db MercuryPosterExtension[3765:3d7e] [com.apple.BaseBoard:Common] [BSBlockSentinel:FBSScene] signaled! 1 of 2
2026-07-19 08:17:59.936 Db MercuryPosterExtension[3765:3d7e] [com.apple.BacklightServices:scenes] 0x600000c117a0 environment updated:B1416B59-A405-4171-9617-1163ADA0F479
  delta:{ visualState:0 date:0 active:0 blanked:0 seed:0 }
  diff:<FBSSceneSettingsDiff: 0x600001721140; UIApplicationSceneSettings> {
    subclassSettings = <BSSettingsDiff: 0x600000c0edf0> {
        (20664) = 0.8116620700312541;
    };
}
  new:(null) (null)
  old:(null) (null)
  new:(null)
2026-07-19 08:17:59.936 Db MercuryPosterExtension[3765:3d7e] [com.apple.BaseBoard:Common] [BSBlockSentinel:FBSScene] signaled! 1 of 2
2026-07-19 08:17:59.938 Db MercuryPosterExtension[3765:3d7e] [com.apple.BacklightServices:scenes] 0x600000c117a0 environment updated:B1416B59-A405-4171-9617-1163ADA0F479
  delta:{ visualState:0 date:0 active:0 blanked:0 seed:0 }
  diff:<FBSSceneSettingsDiff: 0x60000171dec0; UIApplicationSceneSettings> {
    subclassSettings = <BSSettingsDiff: 0x600000c1b3f0> {
        (20664) = 0.8502685250343502;
    };
}
  new:(null) (null)
  old:(null) (null)
  new:(null)
2026-07-19 08:17:59.938 Db MercuryPosterExtension[3765:3d7e] [com.apple.BaseBoard:Common] [BSBlockSentinel:FBSScene] signaled! 1 of 2
2026-07-19 08:17:59.939 Db MercuryPosterExtension[3765:3d7e] [com.apple.BacklightServices:scenes] 0x600000c117a0 environment updated:B1416B59-A405-4171-9617-1163ADA0F479
  delta:{ visualState:0 date:0 active:0 blanked:0 seed:0 }
  diff:<FBSSceneSettingsDiff: 0x60000171e900; UIApplicationSceneSettings> {
    subclassSettings = <BSSettingsDiff: 0x600000c1ad60> {
        (20664) = 0.8816340042028323;
    };
}
  new:(null) (null)
  old:(null) (null)
  new:(null)
2026-07-19 08:17:59.939 Db MercuryPosterExtension[3765:3d7e] [com.apple.BaseBoard:Common] [BSBlockSentinel:FBSScene] signaled! 1 of 2
2026-07-19 08:17:59.940 Db MercuryPosterExtension[3765:3d7e] [com.apple.BacklightServices:scenes] 0x600000c117a0 environment updated:B1416B59-A405-4171-9617-1163ADA0F479
  delta:{ visualState:0 date:0 active:0 blanked:0 seed:0 }
  diff:<FBSSceneSettingsDiff: 0x60000171e5c0; UIApplicationSceneSettings> {
    subclassSettings = <BSSettingsDiff: 0x600000c1acd0> {
        (20664) = 0.9069092645276093;
    };
}
  new:(null) (null)
  old:(null) (null)
  new:(null)
2026-07-19 08:17:59.940 Db MercuryPosterExtension[3765:3d7e] [com.apple.BaseBoard:Common] [BSBlockSentinel:FBSScene] signaled! 1 of 2
2026-07-19 08:17:59.942 Db MercuryPosterExtension[3765:3d7e] [com.apple.BacklightServices:scenes] 0x600000c117a0 environment updated:B1416B59-A405-4171-9617-1163ADA0F479
  delta:{ visualState:0 date:0 active:0 blanked:0 seed:0 }
  diff:<FBSSceneSettingsDiff: 0x6000017225c0; UIApplicationSceneSettings> {
    subclassSettings = <BSSettingsDiff: 0x600000c031e0> {
        (20664) = 0.9271320255936353;
    };
}
  new:(null) (null)
  old:(null) (null)
  new:(null)
2026-07-19 08:17:59.942 Db MercuryPosterExtension[3765:3d7e] [com.apple.BaseBoard:Common] [BSBlockSentinel:FBSScene] signaled! 1 of 2
2026-07-19 08:17:59.943 Db MercuryPosterExtension[3765:3d7e] [com.apple.BacklightServices:scenes] 0x600000c117a0 environment updated:B1416B59-A405-4171-9617-1163ADA0F479
  delta:{ visualState:0 date:0 active:0 blanked:0 seed:0 }
  diff:<FBSSceneSettingsDiff: 0x60000171eec0; UIApplicationSceneSettings> {
    subclassSettings = <BSSettingsDiff: 0x600000c1b840> {
        (20664) = 0.9432103075660905;
    };
}
  new:(null) (null)
  old:(null) (null)
  new:(null)
2026-07-19 08:17:59.943 Db MercuryPosterExtension[3765:3d7e] [com.apple.BaseBoard:Common] [BSBlockSentinel:FBSScene] signaled! 1 of 2
2026-07-19 08:17:59.944 Db MercuryPosterExtension[3765:3d7e] [com.apple.BacklightServices:scenes] 0x600000c117a0 environment updated:B1416B59-A405-4171-9617-1163ADA0F479
  delta:{ visualState:0 date:0 active:0 blanked:0 seed:0 }
  diff:<FBSSceneSettingsDiff: 0x60000171e080; UIApplicationSceneSettings> {
    subclassSettings = <BSSettingsDiff: 0x600000c1ae50> {
        (20664) = 0.9559211710117835;
    };
}
  new:(null) (null)
  old:(null) (null)
  new:(null)
2026-07-19 08:17:59.944 Db MercuryPosterExtension[3765:3d7e] [com.apple.BaseBoard:Common] [BSBlockSentinel:FBSScene] signaled! 1 of 2
2026-07-19 08:17:59.946 Db MercuryPosterExtension[3765:3d7e] [com.apple.BacklightServices:scenes] 0x600000c117a0 environment updated:B1416B59-A405-4171-9617-1163ADA0F479
  delta:{ visualState:0 date:0 active:0 blanked:0 seed:0 }
  diff:<FBSSceneSettingsDiff: 0x600001721b80; UIApplicationSceneSettings> {
    subclassSettings = <BSSettingsDiff: 0x600000c08720> {
        (20664) = 0.9659182755461688;
    };
}
  new:(null) (null)
  old:(null) (null)
  new:(null)
2026-07-19 08:17:59.947 Db MercuryPosterExtension[3765:3d7e] [com.apple.BaseBoard:Common] [BSBlockSentinel:FBSScene] signaled! 1 of 2
2026-07-19 08:17:59.950 Db MercuryPosterExtension[3765:3d7e] [com.apple.BacklightServices:scenes] 0x600000c117a0 environment updated:B1416B59-A405-4171-9617-1163ADA0F479
  delta:{ visualState:0 date:0 active:0 blanked:0 seed:0 }
  diff:<FBSSceneSettingsDiff: 0x600001709dc0; UIApplicationSceneSettings> {
    subclassSettings = <BSSettingsDiff: 0x600000c21e90> {
        (20664) = 0.9737439648674806;
    };
}
  new:(null) (null)
  old:(null) (null)
  new:(null)
2026-07-19 08:17:59.950 Db MercuryPosterExtension[3765:3d7e] [com.apple.BaseBoard:Common] [BSBlockSentinel:FBSScene] signaled! 1 of 2
2026-07-19 08:17:59.957 Db MercuryPosterExtension[3765:51f2] [com.apple.BaseBoard:Common] [BSBlockSentinel:FBSScene] signaled! 2 of 2
2026-07-19 08:17:59.957 Db MercuryPosterExtension[3765:51f2] [com.apple.BaseBoard:Common] [BSBlockSentinel:FBSScene] dealloc
2026-07-19 08:17:59.957 Db MercuryPosterExtension[3765:51f2] [com.apple.BaseBoard:Common] [BSBlockSentinel:FBSScene] signaled! 2 of 2
2026-07-19 08:17:59.957 Db MercuryPosterExtension[3765:51f2] [com.apple.BaseBoard:Common] [BSBlockSentinel:FBSScene] dealloc
2026-07-19 08:17:59.957 Db MercuryPosterExtension[3765:51f2] [com.apple.BaseBoard:Common] [BSBlockSentinel:FBSScene] signaled! 2 of 2
2026-07-19 08:17:59.957 Db MercuryPosterExtension[3765:51f2] [com.apple.BaseBoard:Common] [BSBlockSentinel:FBSScene] dealloc
2026-07-19 08:17:59.958 Db MercuryPosterExtension[3765:51f2] [com.apple.BaseBoard:Common] [BSBlockSentinel:FBSScene] signaled! 2 of 2
2026-07-19 08:17:59.958 Db MercuryPosterExtension[3765:51f2] [com.apple.BaseBoard:Common] [BSBlockSentinel:FBSScene] dealloc
2026-07-19 08:17:59.958 Db MercuryPosterExtension[3765:51f2] [com.apple.BaseBoard:Common] [BSBlockSentinel:FBSScene] signaled! 2 of 2
2026-07-19 08:17:59.958 Db MercuryPosterExtension[3765:51f2] [com.apple.BaseBoard:Common] [BSBlockSentinel:FBSScene] dealloc
2026-07-19 08:17:59.957 I  SpringBoard[3083:3b35] [com.apple.FrontBoard:ProcessScene] [0x6000037c2e80:PosterKit:B1416B59-A405-4171-9617-1163ADA0F479] Scene action [Forward Event][0xfe75] completed with success: 1
2026-07-19 08:17:59.958 Db MercuryPosterExtension[3765:51f2] [com.apple.BaseBoard:Common] [BSBlockSentinel:FBSScene] signaled! 2 of 2
2026-07-19 08:17:59.957 I  SpringBoard[3083:3b35] [com.apple.FrontBoard:ProcessScene] [0x6000037c2e80:PosterKit:B1416B59-A405-4171-9617-1163ADA0F479] Scene action [Forward Event][0x9561] completed with success: 1
2026-07-19 08:17:59.958 Db MercuryPosterExtension[3765:51f2] [com.apple.BaseBoard:Common] [BSBlockSentinel:FBSScene] dealloc
2026-07-19 08:17:59.958 Db MercuryPosterExtension[3765:51f2] [com.apple.BaseBoard:Common] [BSBlockSentinel:FBSScene] signaled! 2 of 2
2026-07-19 08:17:59.959 I  SpringBoard[3083:3b35] [com.apple.FrontBoard:ProcessScene] [0x6000037c2e80:PosterKit:B1416B59-A405-4171-9617-1163ADA0F479] Scene action [Forward Event][0x4f06] completed with success: 1
2026-07-19 08:17:59.959 Db MercuryPosterExtension[3765:51f2] [com.apple.BaseBoard:Common] [BSBlockSentinel:FBSScene] dealloc
2026-07-19 08:17:59.959 I  SpringBoard[3083:3b35] [com.apple.FrontBoard:ProcessScene] [0x6000037c2e80:PosterKit:B1416B59-A405-4171-9617-1163ADA0F479] Scene action [Forward Event][0xb871] completed with success: 1
2026-07-19 08:17:59.959 Db MercuryPosterExtension[3765:51f2] [com.apple.BaseBoard:Common] [BSBlockSentinel:FBSScene] signaled! 2 of 2
2026-07-19 08:17:59.959 I  SpringBoard[3083:3b35] [com.apple.FrontBoard:ProcessScene] [0x6000037c2e80:PosterKit:B1416B59-A405-4171-9617-1163ADA0F479] Scene action [Forward Event][0x85f9] completed with success: 1
2026-07-19 08:17:59.960 Db MercuryPosterExtension[3765:51f2] [com.apple.BaseBoard:Common] [BSBlockSentinel:FBSScene] dealloc
2026-07-19 08:17:59.960 I  SpringBoard[3083:3b35] [com.apple.FrontBoard:ProcessScene] [0x6000037c2e80:PosterKit:B1416B59-A405-4171-9617-1163ADA0F479] Scene action [Forward Event][0xb379] completed with success: 1
2026-07-19 08:17:59.961 Db MercuryPosterExtension[3765:51f2] [com.apple.BaseBoard:Common] [BSBlockSentinel:FBSScene] signaled! 2 of 2
2026-07-19 08:17:59.962 Db MercuryPosterExtension[3765:51f2] [com.apple.BaseBoard:Common] [BSBlockSentinel:FBSScene] dealloc
2026-07-19 08:17:59.962 Db MercuryPosterExtension[3765:51f2] [com.apple.BaseBoard:Common] [BSBlockSentinel:FBSScene] signaled! 2 of 2
2026-07-19 08:17:59.962 Db MercuryPosterExtension[3765:51f2] [com.apple.BaseBoard:Common] [BSBlockSentinel:FBSScene] dealloc
2026-07-19 08:17:59.962 Db MercuryPosterExtension[3765:3d7e] [com.apple.BacklightServices:scenes] 0x600000c117a0 environment updated:B1416B59-A405-4171-9617-1163ADA0F479
  delta:{ visualState:0 date:0 active:0 blanked:0 seed:0 }
  diff:<FBSSceneSettingsDiff: 0x6000017229c0; UIApplicationSceneSettings> {
    subclassSettings = <BSSettingsDiff: 0x600000c00270> {
        (20664) = 0.9798431566230453;
    };
}
  new:(null) (null)
  old:(null) (null)
  new:(null)
2026-07-19 08:17:59.962 Db MercuryPosterExtension[3765:3d7e] [com.apple.BaseBoard:Common] [BSBlockSentinel:FBSScene] signaled! 1 of 2
2026-07-19 08:17:59.961 I  SpringBoard[3083:3b35] [com.apple.FrontBoard:ProcessScene] [0x6000037c2e80:PosterKit:B1416B59-A405-4171-9617-1163ADA0F479] Scene action [Forward Event][0xe561] completed with success: 1
2026-07-19 08:17:59.964 Db MercuryPosterExtension[3765:3d7e] [com.apple.BacklightServices:scenes] 0x600000c117a0 environment updated:B1416B59-A405-4171-9617-1163ADA0F479
  delta:{ visualState:0 date:0 active:0 blanked:0 seed:0 }
  diff:<FBSSceneSettingsDiff: 0x600001721cc0; UIApplicationSceneSettings> {
    subclassSettings = <BSSettingsDiff: 0x600000c03990> {
        (20664) = 0.984577378836432;
    };
}
  new:(null) (null)
  old:(null) (null)
  new:(null)
2026-07-19 08:17:59.964 Db MercuryPosterExtension[3765:3d7e] [com.apple.BaseBoard:Common] [BSBlockSentinel:FBSScene] signaled! 1 of 2
2026-07-19 08:17:59.962 I  SpringBoard[3083:3b35] [com.apple.FrontBoard:ProcessScene] [0x6000037c2e80:PosterKit:B1416B59-A405-4171-9617-1163ADA0F479] Scene action [Forward Event][0x2880] completed with success: 1
2026-07-19 08:17:59.970 Db MercuryPosterExtension[3765:3f16] [com.apple.BaseBoard:Common] [BSBlockSentinel:FBSScene] signaled! 2 of 2
2026-07-19 08:17:59.970 Db MercuryPosterExtension[3765:3f16] [com.apple.BaseBoard:Common] [BSBlockSentinel:FBSScene] dealloc
2026-07-19 08:17:59.970 Db MercuryPosterExtension[3765:3f16] [com.apple.BaseBoard:Common] [BSBlockSentinel:FBSScene] signaled! 2 of 2
2026-07-19 08:17:59.970 Db MercuryPosterExtension[3765:3f16] [com.apple.BaseBoard:Common] [BSBlockSentinel:FBSScene] dealloc
2026-07-19 08:17:59.743 Db runningboardd[3086:32a3] [com.apple.runningboard:monitor] Sending state update for xpcservice<com.apple.MercuryPoster([osservice<com.apple.SpringBoard>:3083])>{vt hash: 126936722}[uuid:00000000-0000-0000-0000-000000000001]: <RBSProcessState| task:running-active debug:none terminationResistance:Interactive endowmentNamespace:[
	com.apple.frontboard.visibility
	] endowmentInfo:[
	<RBSProcessEndowmentInfo| namespace:com.apple.frontboard.visibility env:UIScene:com.apple.frontboard.systemappservices/PosterKit:B1416B59-A405-4171-9617-1163ADA0F479 payload: 9469504155267033108>,
	<RBSProcessEndowmentInfo| namespace:com.apple.frontboard.visibility env:(null)  0> tags:[
	SupportsBackgroundAudio
	] rbAssertions:[
	<RBSProcessAssertionInfo| type:2 reason:20420 name:"Domain" domain:"com.apple.UIKit.KeyboardManagement.xpc:Arbiter" expl:"com.apple.UIKit.KeyboardManagement.message">,
	<RBSProcessAssertionInfo| type:2 reason:0 name:"Domain" domain:"com.apple.posterkit.provider:Rendering-Entitled" expl:"<MercuryPoster: 0x1ec5fdc78; 1163ADA0F479>">,
	<RBSProcessAssertionInfo| type:2 reason:0 nam
2026-07-19 08:17:59.962 I  SpringBoard[3083:3b35] [com.apple.FrontBoard:ProcessScene] [0x6000037c2e80:PosterKit:B1416B59-A405-4171-9617-1163ADA0F479] Scene action [Forward Event][0x9eb6] completed with success: 1
2026-07-19 08:17:59.962 I  SpringBoard[3083:3b35] [com.apple.FrontBoard:ProcessScene] [0x6000037c2e80:PosterKit:B1416B59-A405-4171-9617-1163ADA0F479] Scene action [Forward Event][0xb962] completed with success: 1
2026-07-19 08:17:59.970 I  SpringBoard[3083:3b7c] [com.apple.FrontBoard:ProcessScene] [0x6000037c2e80:PosterKit:B1416B59-A405-4171-9617-1163ADA0F479] Scene action [Forward Event][0xbfdf] completed with success: 1
2026-07-19 08:17:59.970 I  SpringBoard[3083:3b35] [com.apple.FrontBoard:ProcessScene] [0x6000037c2e80:PosterKit:B1416B59-A405-4171-9617-1163ADA0F479] Scene action [Forward Event][0x858a] completed with success: 1
2026-07-19 08:17:59.980 Db runningboardd[3086:3b7b] [com.apple.runningboard:assertion] > osservice<com.apple.SpringBoard> ['injecting inherited from "UIRootWindow:0x104046c00" to 3083<UIScene:com.apple.frontboard.systemappservices/FBSceneManager:com.apple.springboard>'] [3086-3083-18]
2026-07-19 08:17:59.981 I  SpringBoard[3083:3b7c] [com.apple.FrontBoard:ProcessScene] [0x6000037c2e80:PosterKit:B1416B59-A405-4171-9617-1163ADA0F479] Scene action [Forward Event][0x53f6] completed with success: 1
2026-07-19 08:17:59.982 Db runningboardd[3086:3b7b] [com.apple.runningboard:assertion] > xpcservice<com.apple.MercuryPoster([osservice<com.apple.SpringBoard>:3083])>{vt hash: 126936722}[uuid:00000000-0000-0000-0000-000000000001] ['injecting inherited from "UIScene:com.apple.frontboard.systemappservices/FBSceneManager:com.apple.springboard" to 3765<UIScene:com.apple.frontboard.systemappservices/PosterKit:B1416B59-A405-4171-9617-1163ADA0F479>'] [3086-3083-179]
2026-07-19 08:17:59.981 Df SpringBoard[3083:3b7c] [com.apple.FrontBoard:ProcessScene] [0x6000037c2e80:PosterKit:B1416B59-A405-4171-9617-1163ADA0F479] Scene activity mode did change: suspended.
2026-07-19 08:17:59.983 Db runningboardd[3086:3b7b] [com.apple.runningboard:assertion] > xpcservice<com.apple.MercuryPoster([osservice<com.apple.SpringBoard>:3083])>{vt hash: 126936722}[uuid:00000000-0000-0000-0000-000000000001] ['injecting inherited from "UIScene:com.apple.frontboard.systemappservices/FBSceneManager:com.apple.springboard" to 3765<UIScene:com.apple.frontboard.systemappservices/PosterKit:B1416B59-A405-4171-9617-1163ADA0F479>'] [3086-3083-166]
2026-07-19 08:17:59.983 Db runningboardd[3086:3b7b] [com.apple.runningboard:assertion] > 3083 ['injecting inherited from "UIScene:com.apple.frontboard.systemappservices/FBSceneManager:com.apple.springboard" to 3765<UIScene:com.apple.frontboard.systemappservices/PosterKit:B1416B59-A405-4171-9617-1163ADA0F479>'] [3086-3083-179]
2026-07-19 08:17:59.983 Db runningboardd[3086:3b7b] [com.apple.runningboard:assertion] > 3083 ['injecting inherited from "UIScene:com.apple.frontboard.systemappservices/FBSceneManager:com.apple.springboard" to 3765<UIScene:com.apple.frontboard.systemappservices/PosterKit:B1416B59-A405-4171-9617-1163ADA0F479>'] [3086-3083-166]
2026-07-19 08:17:59.982 Df SpringBoard[3083:3b7c] [com.apple.FrontBoard:ProcessScene] [0x6000037c2e80:PosterKit:B1416B59-A405-4171-9617-1163ADA0F479] Scene assertion state did change: ForegroundSuspended.
2026-07-19 08:17:59.989 Df SpringBoard[3083:3b7c] [com.apple.FrontBoard:ProcessScene] [0x6000037c2e80:PosterKit:B1416B59-A405-4171-9617-1163ADA0F479] Scene activity mode did change: support (transient).
2026-07-19 08:17:59.989 Df SpringBoard[3083:3b7c] [com.apple.FrontBoard:ProcessScene] [0x6000037c2e80:PosterKit:B1416B59-A405-4171-9617-1163ADA0F479] Scene assertion state did change: ForegroundNonFocal.
2026-07-19 08:17:59.993 Df runningboardd[3086:3249] [com.apple.runningboard:monitor] Calculated state for xpcservice<com.apple.MercuryPoster([osservice<com.apple.SpringBoard>:3083])>{vt hash: 126936722}[uuid:00000000-0000-0000-0000-000000000001]: running-active (role: UserInteractiveNonFocal) (endowments: {(
    <RBSProcessEndowmentInfo| namespace:com.apple.frontboard.visibility env:UIScene:com.apple.frontboard.systemappservices/PosterKit:B1416B59-A405-4171-9617-1163ADA0F479 payload: 9469504155267033108>,
    <RBSProcessEndowmentInfo| namespace:com.apple.frontboard.visibility env:(null)  0>
)})
2026-07-19 08:17:59.993 Db runningboardd[3086:3249] [com.apple.runningboard:monitor] Sending state update for xpcservice<com.apple.MercuryPoster([osservice<com.apple.SpringBoard>:3083])>{vt hash: 126936722}[uuid:00000000-0000-0000-0000-000000000001]: <RBSProcessState| task:running-active debug:none terminationResistance:Interactive endowmentNamespace:[
	com.apple.frontboard.visibility
	] endowmentInfo:[
	<RBSProcessEndowmentInfo| namespace:com.apple.frontboard.visibility env:UIScene:com.apple.frontboard.systemappservices/PosterKit:B1416B59-A405-4171-9617-1163ADA0F479 payload: 9469504155267033108>,
	<RBSProcessEndowmentInfo| namespace:com.apple.frontboard.visibility env:(null)  0> tags:[
	SupportsBackgroundAudio
	] rbAssertions:[
	<RBSProcessAssertionInfo| type:1 reason:0 name:"Custom" domain:"(null)" expl:"injecting inherited from "UIScene:com.apple.frontboard.systemappservices/FBSceneManager:com.apple.springboard" to 3765<UIScene:com.apple.frontboard.systemappservices/PosterKit:B1416B59-A405-4171-9617-1163ADA0F479>">,
	<RBSProcessAssertionInfo| type:2 reason:0 name:"Domain" domain:"com.apple.frontboard
2026-07-19 08:17:59.998 I  SpringBoard[3083:31f9] [com.apple.BaseBoard:Transaction] <SBApplicationSceneUpdateTransaction:0x103941090> Adding child transaction: <FBUpdateSceneTransaction: 0x600003b26ae0>
2026-07-19 08:17:59.999 I  SpringBoard[3083:31f9] [com.apple.BaseBoard:Transaction] <FBUpdateSceneTransaction:0x600003b26ae0> Life assertion taken for reason: beginning
2026-07-19 08:17:59.999 I  SpringBoard[3083:31f9] [com.apple.BaseBoard:Transaction] <FBUpdateSceneTransaction:0x600003b26ae0> State changed from 'Initial' to 'Working'
2026-07-19 08:17:59.999 I  SpringBoard[3083:31f9] [com.apple.BaseBoard:Transaction] <FBUpdateSceneTransaction:0x600003b26ae0> Milestones added: synchronizedCommit
2026-07-19 08:17:59.999 I  SpringBoard[3083:31f9] [com.apple.BaseBoard:Transaction] <SBApplicationSceneUpdateTransaction:0x103941090> Milestones added: synchronizedCommit
2026-07-19 08:17:59.999 I  runningboardd[3086:4200] [com.apple.runningboard:state] Process: [xpcservice<com.apple.MercuryPoster([osservice<com.apple.SpringBoard>:3083])>{vt hash: 126936722}[uuid:00000000-0000-0000-0000-000000000001]:3765] has changes in inheritances: {(
    <RBSInheritance| environment:(none) name:com.apple.frontboard.visibility origID:3086-3083-617 0>,
    <RBSInheritance| environment:UIScene:com.apple.frontboard.systemappservices/PosterKit:B1416B59-A405-4171-9617-1163ADA0F479 name:com.apple.frontboard.visibility origID:3086-3083-166 payload 9469504155267033108>,
    <RBSInheritance| environment:UIScene:com.apple.frontboard.systemappservices/PosterKit:B1416B59-A405-4171-9617-1163ADA0F479 name:com.apple.frontboard.visibility origID:3086-3083-179 payload 9469504155267033108>
)}
2026-07-19 08:17:59.999 I  runningboardd[3086:4200] [com.apple.runningboard:state] Process: [xpcservice<com.apple.MercuryPoster([osservice<com.apple.SpringBoard>:3083])>{vt hash: 126936722}[uuid:00000000-0000-0000-0000-000000000001]:3765] has changes in inheritances: {(
    <RBSInheritance| environment:(none) name:com.apple.frontboard.visibility origID:3086-3083-617 0>,
    <RBSInheritance| environment:UIScene:com.apple.frontboard.systemappservices/PosterKit:B1416B59-A405-4171-9617-1163ADA0F479 name:com.apple.frontboard.visibility origID:3086-3083-179 payload 9469504155267033108>,
    <RBSInheritance| environment:UIScene:com.apple.frontboard.systemappservices/PosterKit:B1416B59-A405-4171-9617-1163ADA0F479 name:com.apple.frontboard.visibility origID:3086-3083-166 payload 9469504155267033108>,
    <RBSInheritance| environment:(none) name:com.apple.frontboard.visibility origID:3086-3083-620 0>
)}
2026-07-19 08:17:59.999 I  SpringBoard[3083:31f9] [com.apple.BaseBoard:Transaction] <SBSceneLayoutSynchronizeTransitionTransaction:0x600003317de0> Milestone satisfied: synchronizedCommit
2026-07-19 08:17:59.999 I  SpringBoard[3083:31f9] [com.apple.BaseBoard:Transaction] <SBSceneLayoutSynchronizeTransitionTransaction:0x600003317de0> State changed from 'Working' to 'Done Working'
2026-07-19 08:17:59.999 I  SpringBoard[3083:31f9] [com.apple.BaseBoard:Transaction] <SBSceneLayoutWorkspaceTransaction:0x103d1cea0> Child transaction finished work: <SBSceneLayoutSynchronizeTransitionTransaction: 0x600003317de0>
2026-07-19 08:18:00.001 I  SpringBoard[3083:31f9] [com.apple.BaseBoard:Transaction] <SBSceneLayoutWorkspaceTransaction:0x103d1cea0> Child transaction finished work: <BSBlockTransaction: 0x60000350f2e0>: prepareTransition
2026-07-19 08:17:59.972 Db MercuryPosterExtension[3765:3d7e] [com.apple.BacklightServices:scenes] 0x600000c117a0 environment updated:B1416B59-A405-4171-9617-1163ADA0F479
  delta:{ visualState:0 date:0 active:0 blanked:0 seed:0 }
  diff:<FBSSceneSettingsDiff: 0x60000170a200; UIApplicationSceneSettings> {
    subclassSettings = <BSSettingsDiff: 0x600000c21aa0> {
        (20664) = 0.9882380027095079;
    };
}
  new:(null) (null)
  old:(null) (null)
  new:(null)
2026-07-19 08:17:59.973 Db MercuryPosterExtension[3765:3d7e] [com.apple.BaseBoard:Common] [BSBlockSentinel:FBSScene] signaled! 1 of 2
2026-07-19 08:18:00.005 I  SpringBoard[3083:31f9] [com.apple.BaseBoard:Transaction] <SBSceneLayoutWorkspaceTransaction:0x103d1cea0> Milestones added: synchronizedCommit
2026-07-19 08:17:59.980 Db MercuryPosterExtension[3765:3f16] [com.apple.BaseBoard:Common] [BSBlockSentinel:FBSScene] signaled! 2 of 2
2026-07-19 08:17:59.981 Db MercuryPosterExtension[3765:3f16] [com.apple.BaseBoard:Common] [BSBlockSentinel:FBSScene] dealloc
2026-07-19 08:18:00.008 Db SpringBoard[3083:31f9] [com.apple.FrontBoard:Scene] [(FBSceneManager):sceneID:com.poring.omori.ru-default] Adding extension: "_UISceneRelationshipManagementExtension"
2026-07-19 08:18:00.008 Db SpringBoard[3083:31f9] [com.apple.FrontBoard:Scene] [(FBSceneManager):sceneID:com.poring.omori.ru-default] Instantiated component: "<_UISceneRelationshipManagementHostComponent: 0x600001723240>"
2026-07-19 08:18:00.010 Db MercuryPosterExtension[3765:3d7e] [com.apple.BacklightServices:scenes] 0x600000c117a0 environment updated:B1416B59-A405-4171-9617-1163ADA0F479
  delta:{ visualState:0 date:0 active:0 blanked:0 seed:0 }
  diff:<FBSSceneSettingsDiff: 0x60000171df80; UIApplicationSceneSettings> {
    subclassSettings = <BSSettingsDiff: 0x600000c1aa60> {
        (20664) = 0.99105818342258;
    };
}
  new:(null) (null)
  old:(null) (null)
  new:(null)
2026-07-19 08:18:00.009 Db SpringBoard[3083:31f9] [com.apple.FrontBoard:Scene] [(FBSceneManager):sceneID:com.poring.omori.ru-default] Adding extension: "_UIApplicationSceneKeyboardExtension"
2026-07-19 08:18:00.009 Db SpringBoard[3083:31f9] [com.apple.FrontBoard:Scene] [(FBSceneManager):sceneID:com.poring.omori.ru-default] Instantiated component: "<_UIApplicationSceneKeyboardHostComponent: 0x6000003668e0>"
2026-07-19 08:18:00.011 Db SpringBoard[3083:31f9] [com.apple.FrontBoard:Scene] [(FBSceneManager):sceneID:com.poring.omori.ru-default] Adding extension: "_UISceneOcclusionExtension"
2026-07-19 08:18:00.010 Db MercuryPosterExtension[3765:3d7e] [com.apple.BaseBoard:Common] [BSBlockSentinel:FBSScene] signaled! 1 of 2
2026-07-19 08:18:00.011 Db SpringBoard[3083:31f9] [com.apple.FrontBoard:Scene] [(FBSceneManager):sceneID:com.poring.omori.ru-default] Instantiated component: "<_UISceneOcclusionHostComponent: 0x600000365fc0>"
2026-07-19 08:18:00.011 Db SpringBoard[3083:31f9] [com.apple.FrontBoard:Scene] [(FBSceneManager):sceneID:com.poring.omori.ru-default] Adding extension: "_UIApplicationInterfaceProtectionSceneExtension"
2026-07-19 08:18:00.011 Db SpringBoard[3083:31f9] [com.apple.FrontBoard:Scene] [(FBSceneManager):sceneID:com.poring.omori.ru-default] Instantiated component: "<_UISceneInterfaceProtectionHostComponent: 0x6000003671c0>"
2026-07-19 08:18:00.011 Db SpringBoard[3083:31f9] [com.apple.FrontBoard:Scene] [(FBSceneManager):sceneID:com.poring.omori.ru-default] Adding extension: "_UISceneMaskingExtension"
2026-07-19 08:18:00.012 Db SpringBoard[3083:31f9] [com.apple.FrontBoard:Scene] [(FBSceneManager):sceneID:com.poring.omori.ru-default] Instantiated component: "<_UISceneMaskingHostComponent: 0x6000003662c0>"
2026-07-19 08:18:00.012 Db SpringBoard[3083:31f9] [com.apple.FrontBoard:Scene] [(FBSceneManager):sceneID:com.poring.omori.ru-default] Adding extension: "_UISystemChromeSceneExtension"
2026-07-19 08:18:00.011 Db MercuryPosterExtension[3765:3d7e] [com.apple.BacklightServices:scenes] 0x600000c117a0 environment updated:B1416B59-A405-4171-9617-1163ADA0F479
  delta:{ visualState:0 date:0 active:0 blanked:0 seed:0 }
  diff:<FBSSceneSettingsDiff: 0x600001702b00; UIApplicationSceneSettings> {
    subclassSettings = <BSSettingsDiff: 0x600000c21560> {
        (20664) = 0.9932233134458389;
    };
}
  new:(null) (null)
  old:(null) (null)
  new:(null)
2026-07-19 08:18:00.012 Db SpringBoard[3083:31f9] [com.apple.FrontBoard:Scene] [(FBSceneManager):sceneID:com.poring.omori.ru-default] Instantiated component: "<_UIHomeAffordanceHostSceneComponent: 0x6000021be0d0>"
2026-07-19 08:18:00.012 Db MercuryPosterExtension[3765:3d7e] [com.apple.BaseBoard:Common] [BSBlockSentinel:FBSScene] signaled! 1 of 2
2026-07-19 08:18:00.012 Db SpringBoard[3083:31f9] [com.apple.FrontBoard:Scene] [(FBSceneManager):sceneID:com.poring.omori.ru-default] Adding extension: "_UISystemShellSceneHostingEnvironmentExtension"
2026-07-19 08:18:00.013 Db SpringBoard[3083:31f9] [com.apple.FrontBoard:Scene] [(FBSceneManager):sceneID:com.poring.omori.ru-default] Instantiated component: "<_UISystemShellSceneHostingEnvironmentHostComponent: 0x600000365900>"
2026-07-19 08:18:00.013 Db SpringBoard[3083:31f9] [com.apple.FrontBoard:Scene] [(FBSceneManager):sceneID:com.poring.omori.ru-default] Adding extension: "_UISceneRenderingEnvironmentExtension"
2026-07-19 08:18:00.013 I  SpringBoard[3083:3b35] [com.apple.FrontBoard:ProcessScene] [0x6000037c2e80:PosterKit:B1416B59-A405-4171-9617-1163ADA0F479] Scene action [Forward Event][0xd0b] completed with success: 1
2026-07-19 08:18:00.013 Db SpringBoard[3083:31f9] [com.apple.FrontBoard:Scene] [(FBSceneManager):sceneID:com.poring.omori.ru-default] Instantiated component: "<_UISceneRenderingEnvironmentHostComponent: 0x600000367f40>"
2026-07-19 08:18:00.014 I  SpringBoard[3083:3b7c] [com.apple.FrontBoard:ProcessScene] [0x6000037c2e80:PosterKit:B1416B59-A405-4171-9617-1163ADA0F479] Scene action [Forward Event][0x91ab] completed with success: 1
2026-07-19 08:18:00.014 Db SpringBoard[3083:31f9] [com.apple.FrontBoard:Scene] [(FBSceneManager):sceneID:com.poring.omori.ru-default] Adding extension: "_UISceneTransitioningExtension"
2026-07-19 08:18:00.014 Df SpringBoard[3083:3b7c] [com.apple.FrontBoard:ProcessScene] [0x6000037c2e80:PosterKit:B1416B59-A405-4171-9617-1163ADA0F479] Scene activity mode did change: suspended.
2026-07-19 08:18:00.014 Db SpringBoard[3083:31f9] [com.apple.FrontBoard:Scene] [(FBSceneManager):sceneID:com.poring.omori.ru-default] Instantiated component: "<_UISceneTransitioningHostComponent: 0x6000003334e0>"
2026-07-19 08:18:00.014 Df SpringBoard[3083:3b7c] [com.apple.FrontBoard:ProcessScene] [0x6000037c2e80:PosterKit:B1416B59-A405-4171-9617-1163ADA0F479] Scene assertion state did change: ForegroundSuspended.
2026-07-19 08:18:00.005 I  runningboardd[3086:4200] [com.apple.runningboard:state] Process: [xpcservice<com.apple.MercuryPoster([osservice<com.apple.SpringBoard>:3083])>{vt hash: 126936722}[uuid:00000000-0000-0000-0000-000000000001]:3765] has changes in inheritances: {(
    <RBSInheritance| environment:(none) name:com.apple.frontboard.visibility origID:3086-3083-617 0>,
    <RBSInheritance| environment:UIScene:com.apple.frontboard.systemappservices/PosterKit:B1416B59-A405-4171-9617-1163ADA0F479 name:com.apple.frontboard.visibility origID:3086-3083-179 payload 9469504155267033108>,
    <RBSInheritance| environment:(none) name:com.apple.frontboard.visibility origID:3086-3083-621 0>,
    <RBSInheritance| environment:UIScene:com.apple.frontboard.systemappservices/PosterKit:B1416B59-A405-4171-9617-1163ADA0F479 name:com.apple.frontboard.visibility origID:3086-3083-166 payload 9469504155267033108>,
    <RBSInheritance| environment:(none) name:com.apple.frontboard.visibility origID:3086-3083-620 0>
)}
2026-07-19 08:18:00.014 Df SpringBoard[3083:31f9] [com.apple.FrontBoard:ProcessScene] [0x60000378c000:(FBSceneManager):sceneID:com.poring.omori.ru-default] Initialized with connection: 0x600000d99980.
2026-07-19 08:18:00.014 Df SpringBoard[3083:31f9] [com.apple.FrontBoard:ProcessWorkspace] [app<com.poring.omori.ru>:5504] Registered new scene: <FBUIApplicationWorkspaceScene: 0x60000378c000; (FBSceneManager):sceneID:com.poring.omori.ru-default> (fromRemnant = 0)
2026-07-19 08:18:00.015 Df SpringBoard[3083:31f9] [com.apple.FrontBoard:Scene] [(FBSceneManager):sceneID:com.poring.omori.ru-default][1] Scene activated.
2026-07-19 08:18:00.015 Db SpringBoard[3083:31f9] [com.apple.SpringBoard:Common] [-[SBMainDisplaySceneManager (0x10390a830) fetchOrCreateApplicationSceneHandleForRequest:]] Fetched existing sceneHandle: <SBDeviceApplicationSceneHandle: 0x1038b4f70; sceneID: sceneID:com.poring.omori.ru-default; scenePointer: 0x0; scene: 0x0>
2026-07-19 08:18:00.019 Db SpringBoard[3083:31f9] [com.apple.FrontBoard:AppDataStore] fetching object for key=_SBScenes appID=com.poring.omori.ru (synchronously)
2026-07-19 08:18:00.019 Db SpringBoard[3083:31f9] [com.apple.FrontBoard:AppDataStore] checking for prefetched object for key=_SBScenes appID=com.poring.omori.ru
2026-07-19 08:18:00.020 Db SpringBoard[3083:31f9] [com.apple.FrontBoard:AppDataStore] fetching object for key=_SBScenes appID=com.poring.omori.ru (synchronously)
2026-07-19 08:18:00.020 Db SpringBoard[3083:31f9] [com.apple.FrontBoard:AppDataStore] checking for prefetched object for key=_SBScenes appID=com.poring.omori.ru
2026-07-19 08:18:00.020 I  SpringBoard[3083:31f9] [com.apple.FrontBoard:AppDataStore] setting object for key=_SBScenes appID=com.poring.omori.ru object=<NSDictionary: 0x600001725880; {
    "sceneID:com.poring.omori.ru-default" =     {
        interfaceOrientationFromUserResizing = 0;
        persistenceIdentifier = "62C5E511-328C-4109-8435-A248EF07A66B";
        sceneSessionRole = UIWindowSceneSessionRoleApplication;
    };
}>
2026-07-19 08:18:00.020 Db SpringBoard[3083:31f9] [com.apple.FrontBoard:AppDataStore] updating cache key=_SBScenes appID=com.poring.omori.ru object=<NSDictionary: 0x600001725880; {
    "sceneID:com.poring.omori.ru-default" =     {
        interfaceOrientationFromUserResizing = 0;
        persistenceIdentifier = "62C5E511-328C-4109-8435-A248EF07A66B";
        sceneSessionRole = UIWindowSceneSessionRoleApplication;
    };
}>
2026-07-19 08:18:00.022 Df SpringBoard[3083:31f9] [com.apple.SpringBoard:KeyboardFocus] [com.apple.springboard] didAddExternalForegroundApplicationSceneHandle pid:5504 scene:com.apple.frontboard.systemappservices/FBSceneManager:sceneID%3Acom.poring.omori.ru-default now:<recentPIDs: [5504]; recentSceneIdentityTokensByPID: {5504: [com.apple.frontboard.systemappservices/FBSceneManager:sceneID%3Acom.poring.omori.ru-default]}>
