2026-07-18 20:38:49.309 Db OMORI[37743:1669a] [com.apple.defaults:User Defaults] CFPrefsPlistSource<0x600002c21b80> (Domain: com.apple.assistant.backedup, User: kCFPreferencesCurrentUser, ByHost: Yes, Container: (null), Contents Need Refresh: No) loaded: an empty base plist and no additional changes from the base plist
2026-07-18 20:38:49.309 Db OMORI[37743:1669a] [com.apple.defaults:User Defaults] found no value for key Additional Languages in CFPrefsSearchListSource<0x600002c21700> (Domain: com.apple.assistant.backedup, Container: (null))
2026-07-18 20:38:49.310 Db OMORI[37743:1669a] [com.apple.defaults:User Defaults] looked up value (
    "en-US"
) for key AppleLanguages in CFPrefsPlistSource<0x600002c04a00> (Domain: kCFPreferencesAnyApplication, User: kCFPreferencesCurrentUser, ByHost: No, Container: /Users/runner/Library/Developer/CoreSimulator/Devices/CE505324-B3F4-4B42-8BC5-419D92D4505A/data, Contents Need Refresh: No) via CFPrefsSearchListSource<0x600002c0a780> (Domain: com.poring.omori.ru, Container: (null))
2026-07-18 20:38:49.311 Df OMORI[37743:1669a] [com.apple.xpc:connection] [0x10272eae0] activating connection: mach=true listener=false peer=false name=com.apple.TextInput.preferences
2026-07-18 20:38:49.312 Db OMORI[37743:1669a] [com.apple.defaults:User Defaults] found no value for key DictationLanguagesEnabled in CFPrefsSearchListSource<0x600002c02400> (Domain: com.apple.keyboard.preferences, Container: (null))
2026-07-18 20:38:49.316 I  OMORI[37743:1669a] [com.apple.siri:Client] -[AFDictationConnection initWithInstanceContext:] 0x600003b06f40 (Caller = <AFCallSiteInfo: 0x600000271dc0> {imagePath = /Library/Developer/CoreSimulator/Volumes/iOS_22B81/Library/Developer/CoreSimulator/Profiles/Runtimes/iOS 18.1.simruntime/Contents/Resources/RuntimeRoot/System/Library/PrivateFrameworks/AssistantServices.framework/AssistantServices, symbolName = -[AFDictationConnection init]})
2026-07-18 20:38:49.317 Db OMORI[37743:1669a] [com.apple.siri:Client] -[AFDictationConnection dictationIsAvailableForLanguage:synchronous:] 0x600003b06f40 Checking if language en-US is available
2026-07-18 20:38:49.317 Df OMORI[37743:166ae] [com.apple.xpc:connection] [0x600003d262b0] activating connection: mach=true listener=false peer=false name=com.apple.SystemConfiguration.NetworkInformation_sim
2026-07-18 20:38:49.318 Db OMORI[37743:1669a] [com.apple.siri:Client] -[AFDictationConnection dictationIsAvailableForLanguage:synchronous:] 0x600003b06f40 Language en-US is available over network
2026-07-18 20:38:49.319 Db OMORI[37743:1669a] [com.apple.defaults:User Defaults] CFPrefsPlistSource<0x600002c01c80> (Domain: com.apple.keyboard.preferences, User: kCFPreferencesCurrentUser, ByHost: No, Container: (null), Contents Need Refresh: No) loaded: an empty base plist and no additional changes from the base plist
2026-07-18 20:38:49.319 Db OMORI[37743:1669a] [com.apple.defaults:User Defaults] CFPrefsPlistSource<0x600002c03500> (Domain: com.apple.keyboard.preferences, User: kCFPreferencesCurrentUser, ByHost: No, Container: /Users/runner/Library/Developer/CoreSimulator/Devices/CE505324-B3F4-4B42-8BC5-419D92D4505A/data, Contents Need Refresh: No) loaded: a new base plist and no additional changes from the base plist
2026-07-18 20:38:49.319 Db OMORI[37743:1669a] [com.apple.defaults:User Defaults] CFPrefsPlistSource<0x600002c02f00> (Domain: com.apple.keyboard.preferences, User: kCFPreferencesCurrentUser, ByHost: Yes, Container: (null), Contents Need Refresh: No) loaded: an empty base plist and no additional changes from the base plist
2026-07-18 20:38:49.319 Db OMORI[37743:1669a] [com.apple.defaults:User Defaults] found no value for key DictationLanguagesLastUsed in CFPrefsSearchListSource<0x600002c02400> (Domain: com.apple.keyboard.preferences, Container: (null))
2026-07-18 20:38:49.319 Db OMORI[37743:1669a] [com.apple.defaults:User Defaults] looked up value (
    "en-US"
) for key AppleLanguages in CFPrefsPlistSource<0x600002c04a00> (Domain: kCFPreferencesAnyApplication, User: kCFPreferencesCurrentUser, ByHost: No, Container: /Users/runner/Library/Developer/CoreSimulator/Devices/CE505324-B3F4-4B42-8BC5-419D92D4505A/data, Contents Need Refresh: No) via CFPrefsSearchListSource<0x600002c0a780> (Domain: com.poring.omori.ru, Container: (null))
2026-07-18 20:38:49.319 Db OMORI[37743:1669a] [com.apple.defaults:User Defaults] looked up value (
    "en-US"
) for key AppleLanguages in CFPrefsPlistSource<0x600002c04a00> (Domain: kCFPreferencesAnyApplication, User: kCFPreferencesCurrentUser, ByHost: No, Container: /Users/runner/Library/Developer/CoreSimulator/Devices/CE505324-B3F4-4B42-8BC5-419D92D4505A/data, Contents Need Refresh: No) via CFPrefsSearchListSource<0x600002c0a780> (Domain: com.poring.omori.ru, Container: (null))
2026-07-18 20:38:49.319 Db OMORI[37743:1669a] [com.apple.defaults:User Defaults] looked up value (
    "en-US"
) for key AppleLanguages in CFPrefsPlistSource<0x600002c04a00> (Domain: kCFPreferencesAnyApplication, User: kCFPreferencesCurrentUser, ByHost: No, Container: /Users/runner/Library/Developer/CoreSimulator/Devices/CE505324-B3F4-4B42-8BC5-419D92D4505A/data, Contents Need Refresh: No) via CFPrefsSearchListSource<0x600002c0a780> (Domain: com.poring.omori.ru, Container: (null))
2026-07-18 20:38:49.319 Db OMORI[37743:1669a] [com.apple.UIKit:KeyboardVisualMode] useVisualModeWindowed: 0 (windowingModeEnabled: 0)
2026-07-18 20:38:49.319 Db OMORI[37743:1669a] [com.apple.UIKit:KeyboardVisualMode] useVisualModeWindowed: 0 (windowingModeEnabled: 0)
2026-07-18 20:38:49.319 Db OMORI[37743:1669a] [com.apple.UIKit:KeyboardVisualMode] useVisualModeWindowed: 0 (windowingModeEnabled: 0)
2026-07-18 20:38:49.319 Db OMORI[37743:1669a] [com.apple.UIKit:KeyboardVisualMode] useVisualModeWindowed: 0 (windowingModeEnabled: 0)
2026-07-18 20:38:49.319 Db OMORI[37743:1669a] [com.apple.UIKit:KeyboardVisualMode] useVisualModeWindowed: 0 (windowingModeEnabled: 0)
2026-07-18 20:38:49.319 Db OMORI[37743:1669a] [com.apple.UIKit:KeyboardVisualMode] useVisualModeWindowed: 0 (windowingModeEnabled: 0)
2026-07-18 20:38:49.319 Db OMORI[37743:1669a] [com.apple.UIKit:KeyboardVisualMode] useVisualModeWindowed: 0 (windowingModeEnabled: 0)
2026-07-18 20:38:49.319 Db OMORI[37743:1669a] [com.apple.UIKit:KeyboardVisualMode] useVisualModeWindowed: 0 (windowingModeEnabled: 0)
2026-07-18 20:38:49.319 Db OMORI[37743:1669a] [com.apple.UIKit:KeyboardVisualMode] useVisualModeWindowed: 0 (windowingModeEnabled: 0)
2026-07-18 20:38:49.319 Db OMORI[37743:1669a] [com.apple.UIKit:KeyboardVisualMode] useVisualModeWindowed: 0 (windowingModeEnabled: 0)
2026-07-18 20:38:49.325 Db OMORI[37743:1669a] [com.apple.defaults:User Defaults] looked up value (
    "en-US"
) for key AppleLanguages in CFPrefsPlistSource<0x600002c04a00> (Domain: kCFPreferencesAnyApplication, User: kCFPreferencesCurrentUser, ByHost: No, Container: /Users/runner/Library/Developer/CoreSimulator/Devices/CE505324-B3F4-4B42-8BC5-419D92D4505A/data, Contents Need Refresh: No) via CFPrefsSearchListSource<0x600002c0a780> (Domain: com.poring.omori.ru, Container: (null))
2026-07-18 20:38:49.326 Db OMORI[37743:1669a] [com.apple.UIKit:KeyboardVisualMode] useVisualModeWindowed: 0 (windowingModeEnabled: 0)
2026-07-18 20:38:49.327 Db OMORI[37743:1669a] [com.apple.UIKit:KeyboardVisualMode] useVisualModeWindowed: 0 (windowingModeEnabled: 0)
2026-07-18 20:38:49.327 Db OMORI[37743:1669a] [com.apple.UIKit:KeyboardVisualMode] useVisualModeWindowed: 0 (windowingModeEnabled: 0)
2026-07-18 20:38:49.327 Db OMORI[37743:1669a] [com.apple.UIKit:KeyboardVisualMode] useVisualModeWindowed: 0 (windowingModeEnabled: 0)
2026-07-18 20:38:49.328 Db OMORI[37743:1669a] [com.apple.UIKit:KeyboardVisualMode] useVisualModeWindowed: 0 (windowingModeEnabled: 0)
2026-07-18 20:38:49.329 Db OMORI[37743:1669a] [com.apple.UIKit:KeyboardVisualMode] useVisualModeWindowed: 0 (windowingModeEnabled: 0)
2026-07-18 20:38:49.330 Db OMORI[37743:1669a] [com.apple.defaults:User Defaults] found no value for key LowerCaseKeyboard in CFPrefsSearchListSource<0x600002c06d00> (Domain: com.apple.Accessibility, Container: (null))
2026-07-18 20:38:49.330 Db OMORI[37743:1669a] [com.apple.Accessibility:AXSupportCommon] CF Read: domain = com.apple.Accessibility, preference = LowerCaseKeyboard, appID = (null) result = (null) (-1 - empty, 0 - false, 1 - true)
2026-07-18 20:38:49.330 Db OMORI[37743:1669a] [com.apple.defaults:User Defaults] found no value for key LowerCaseKeyboard in CFPrefsPlistSource<0x600002c07180> (Domain: com.apple.Accessibility, User: kCFPreferencesCurrentUser, ByHost: No, Container: /Users/runner/Library/Developer/CoreSimulator/Devices/CE505324-B3F4-4B42-8BC5-419D92D4505A/data, Contents Need Refresh: No)
2026-07-18 20:38:49.331 Db OMORI[37743:1669a] [com.apple.UIKit:KeyboardVisualMode] useVisualModeWindowed: 0 (windowingModeEnabled: 0)
2026-07-18 20:38:49.331 Db OMORI[37743:1669a] [com.apple.UIKit:KeyboardVisualMode] useVisualModeWindowed: 0 (windowingModeEnabled: 0)
2026-07-18 20:38:49.331 Db OMORI[37743:1669a] [com.apple.UIKit:KeyboardVisualMode] useVisualModeWindowed: 0 (windowingModeEnabled: 0)
2026-07-18 20:38:49.331 Db OMORI[37743:1669a] [com.apple.UIKit:KeyboardVisualMode] useVisualModeWindowed: 0 (windowingModeEnabled: 0)
2026-07-18 20:38:49.331 Db OMORI[37743:1669a] [com.apple.UIKit:KeyboardVisualMode] useVisualModeWindowed: 0 (windowingModeEnabled: 0)
2026-07-18 20:38:49.331 Db OMORI[37743:1669a] [com.apple.UIKit:KeyboardVisualMode] useVisualModeWindowed: 0 (windowingModeEnabled: 0)
2026-07-18 20:38:49.331 Db OMORI[37743:1669a] [com.apple.defaults:User Defaults] looked up value (
    "en-US"
) for key AppleLanguages in CFPrefsPlistSource<0x600002c04a00> (Domain: kCFPreferencesAnyApplication, User: kCFPreferencesCurrentUser, ByHost: No, Container: /Users/runner/Library/Developer/CoreSimulator/Devices/CE505324-B3F4-4B42-8BC5-419D92D4505A/data, Contents Need Refresh: No) via CFPrefsSearchListSource<0x600002c0a780> (Domain: com.poring.omori.ru, Container: (null))
2026-07-18 20:38:49.332 Db OMORI[37743:1669a] [com.apple.defaults:User Defaults] found no value for key DictationLanguagesLastUsed in CFPrefsSearchListSource<0x600002c02400> (Domain: com.apple.keyboard.preferences, Container: (null))
2026-07-18 20:38:49.332 Db OMORI[37743:1669a] [com.apple.defaults:User Defaults] found no value for key DictationLanguagesLastUsed in CFPrefsSearchListSource<0x600002c02400> (Domain: com.apple.keyboard.preferences, Container: (null))
2026-07-18 20:38:49.332 Db OMORI[37743:1669a] [com.apple.UIKit:KeyboardVisualMode] useVisualModeWindowed: 0 (windowingModeEnabled: 0)
2026-07-18 20:38:49.332 Db OMORI[37743:1669a] [com.apple.defaults:User Defaults] looked up value (
    "en-US"
) for key AppleLanguages in CFPrefsPlistSource<0x600002c04a00> (Domain: kCFPreferencesAnyApplication, User: kCFPreferencesCurrentUser, ByHost: No, Container: /Users/runner/Library/Developer/CoreSimulator/Devices/CE505324-B3F4-4B42-8BC5-419D92D4505A/data, Contents Need Refresh: No) via CFPrefsSearchListSource<0x600002c0a780> (Domain: com.poring.omori.ru, Container: (null))
2026-07-18 20:38:49.332 Db OMORI[37743:1669a] [com.apple.defaults:User Defaults] looked up value (
    "en-US"
) for key AppleLanguages in CFPrefsPlistSource<0x600002c04a00> (Domain: kCFPreferencesAnyApplication, User: kCFPreferencesCurrentUser, ByHost: No, Container: /Users/runner/Library/Developer/CoreSimulator/Devices/CE505324-B3F4-4B42-8BC5-419D92D4505A/data, Contents Need Refresh: No) via CFPrefsSearchListSource<0x600002c0a780> (Domain: com.poring.omori.ru, Container: (null))
2026-07-18 20:38:49.332 Db OMORI[37743:1669a] [com.apple.defaults:User Defaults] found no value for key DictationLanguagesLastUsed in CFPrefsSearchListSource<0x600002c02400> (Domain: com.apple.keyboard.preferences, Container: (null))
2026-07-18 20:38:49.332 Db OMORI[37743:1669a] [com.apple.defaults:User Defaults] looked up value (
    "en-US"
) for key AppleLanguages in CFPrefsPlistSource<0x600002c04a00> (Domain: kCFPreferencesAnyApplication, User: kCFPreferencesCurrentUser, ByHost: No, Container: /Users/runner/Library/Developer/CoreSimulator/Devices/CE505324-B3F4-4B42-8BC5-419D92D4505A/data, Contents Need Refresh: No) via CFPrefsSearchListSource<0x600002c0a780> (Domain: com.poring.omori.ru, Container: (null))
2026-07-18 20:38:49.332 Db OMORI[37743:1669a] [com.apple.defaults:User Defaults] found no value for key DictationLanguagesLastUsed in CFPrefsSearchListSource<0x600002c02400> (Domain: com.apple.keyboard.preferences, Container: (null))
2026-07-18 20:38:49.332 Db OMORI[37743:1669a] [com.apple.defaults:User Defaults] found no value for key DictationLanguagesLastUsed in CFPrefsSearchListSource<0x600002c02400> (Domain: com.apple.keyboard.preferences, Container: (null))
2026-07-18 20:38:49.333 Db OMORI[37743:1669a] [com.apple.UIKit:KeyboardVisualMode] useVisualModeWindowed: 0 (windowingModeEnabled: 0)
2026-07-18 20:38:49.334 Db OMORI[37743:1669a] [com.apple.UIKit:KeyboardVisualMode] useVisualModeWindowed: 0 (windowingModeEnabled: 0)
2026-07-18 20:38:49.334 Db OMORI[37743:1669a] [com.apple.UIKit:KeyboardVisualMode] useVisualModeWindowed: 0 (windowingModeEnabled: 0)
2026-07-18 20:38:49.334 Db OMORI[37743:1669a] [com.apple.UIKit:KeyboardVisualMode] useVisualModeWindowed: 0 (windowingModeEnabled: 0)
2026-07-18 20:38:49.334 Db OMORI[37743:1669a] [com.apple.UIKit:KeyboardVisualMode] useVisualModeWindowed: 0 (windowingModeEnabled: 0)
2026-07-18 20:38:49.334 Db OMORI[37743:1669a] [com.apple.UIKit:KeyboardVisualMode] useVisualModeWindowed: 0 (windowingModeEnabled: 0)
2026-07-18 20:38:49.334 Db OMORI[37743:1669a] [com.apple.defaults:User Defaults] looked up value (
    "en-US"
) for key AppleLanguages in CFPrefsPlistSource<0x600002c04a00> (Domain: kCFPreferencesAnyApplication, User: kCFPreferencesCurrentUser, ByHost: No, Container: /Users/runner/Library/Developer/CoreSimulator/Devices/CE505324-B3F4-4B42-8BC5-419D92D4505A/data, Contents Need Refresh: No) via CFPrefsSearchListSource<0x600002c0a780> (Domain: com.poring.omori.ru, Container: (null))
2026-07-18 20:38:49.334 Db OMORI[37743:1669a] [com.apple.UIKit:KeyboardVisualMode] useVisualModeWindowed: 0 (windowingModeEnabled: 0)
2026-07-18 20:38:49.334 Db OMORI[37743:1669a] [com.apple.UIKit:KeyboardVisualMode] useVisualModeWindowed: 0 (windowingModeEnabled: 0)
2026-07-18 20:38:49.334 Db OMORI[37743:1669a] [com.apple.UIKit:KeyboardVisualMode] useVisualModeWindowed: 0 (windowingModeEnabled: 0)
2026-07-18 20:38:49.334 Db OMORI[37743:1669a] [com.apple.UIKit:KeyboardVisualMode] useVisualModeWindowed: 0 (windowingModeEnabled: 0)
2026-07-18 20:38:49.334 Db OMORI[37743:1669a] [com.apple.UIKit:KeyboardVisualMode] useVisualModeWindowed: 0 (windowingModeEnabled: 0)
2026-07-18 20:38:49.335 Db OMORI[37743:1669a] [com.apple.defaults:User Defaults] looked up value (
    "en-US"
) for key AppleLanguages in CFPrefsPlistSource<0x600002c04a00> (Domain: kCFPreferencesAnyApplication, User: kCFPreferencesCurrentUser, ByHost: No, Container: /Users/runner/Library/Developer/CoreSimulator/Devices/CE505324-B3F4-4B42-8BC5-419D92D4505A/data, Contents Need Refresh: No) via CFPrefsSearchListSource<0x600002c0a780> (Domain: com.poring.omori.ru, Container: (null))
2026-07-18 20:38:49.335 Db OMORI[37743:1669a] [com.apple.UIKit:KeyboardVisualMode] useVisualModeWindowed: 0 (windowingModeEnabled: 0)
2026-07-18 20:38:49.335 Db OMORI[37743:1669a] [com.apple.UIKit:KeyboardVisualMode] useVisualModeWindowed: 0 (windowingModeEnabled: 0)
2026-07-18 20:38:49.335 Db OMORI[37743:1669a] [com.apple.UIKit:KeyboardVisualMode] useVisualModeWindowed: 0 (windowingModeEnabled: 0)
2026-07-18 20:38:49.335 Db OMORI[37743:1669a] [com.apple.UIKit:KeyboardVisualMode] useVisualModeWindowed: 0 (windowingModeEnabled: 0)
2026-07-18 20:38:49.335 Db OMORI[37743:1669a] [com.apple.UIKit:KeyboardVisualMode] useVisualModeWindowed: 0 (windowingModeEnabled: 0)
2026-07-18 20:38:49.335 Db OMORI[37743:1669a] [com.apple.defaults:User Defaults] looked up value (
    "en-US"
) for key AppleLanguages in CFPrefsPlistSource<0x600002c04a00> (Domain: kCFPreferencesAnyApplication, User: kCFPreferencesCurrentUser, ByHost: No, Container: /Users/runner/Library/Developer/CoreSimulator/Devices/CE505324-B3F4-4B42-8BC5-419D92D4505A/data, Contents Need Refresh: No) via CFPrefsSearchListSource<0x600002c0a780> (Domain: com.poring.omori.ru, Container: (null))
2026-07-18 20:38:49.335 Db OMORI[37743:1669a] [com.apple.UIKit:KeyboardVisualMode] useVisualModeWindowed: 0 (windowingModeEnabled: 0)
2026-07-18 20:38:49.335 Db OMORI[37743:1669a] [com.apple.UIKit:KeyboardVisualMode] useVisualModeWindowed: 0 (windowingModeEnabled: 0)
2026-07-18 20:38:49.336 Db OMORI[37743:1669a] [com.apple.UIKit:KeyboardVisualMode] useVisualModeWindowed: 0 (windowingModeEnabled: 0)
2026-07-18 20:38:49.336 Db OMORI[37743:1669a] [com.apple.UIKit:KeyboardVisualMode] useVisualModeWindowed: 0 (windowingModeEnabled: 0)
2026-07-18 20:38:49.336 Db OMORI[37743:1669a] [com.apple.UIKit:KeyboardVisualMode] useVisualModeWindowed: 0 (windowingModeEnabled: 0)
2026-07-18 20:38:49.336 Db OMORI[37743:1669a] [com.apple.defaults:User Defaults] looked up value (
    "en-US"
) for key AppleLanguages in CFPrefsPlistSource<0x600002c04a00> (Domain: kCFPreferencesAnyApplication, User: kCFPreferencesCurrentUser, ByHost: No, Container: /Users/runner/Library/Developer/CoreSimulator/Devices/CE505324-B3F4-4B42-8BC5-419D92D4505A/data, Contents Need Refresh: No) via CFPrefsSearchListSource<0x600002c0a780> (Domain: com.poring.omori.ru, Container: (null))
2026-07-18 20:38:49.336 Db OMORI[37743:1669a] [com.apple.UIKit:KeyboardVisualMode] useVisualModeWindowed: 0 (windowingModeEnabled: 0)
2026-07-18 20:38:49.336 Db OMORI[37743:1669a] [com.apple.UIKit:KeyboardVisualMode] useVisualModeWindowed: 0 (windowingModeEnabled: 0)
2026-07-18 20:38:49.336 Db OMORI[37743:1669a] [com.apple.UIKit:KeyboardVisualMode] useVisualModeWindowed: 0 (windowingModeEnabled: 0)
2026-07-18 20:38:49.336 Db OMORI[37743:1669a] [com.apple.UIKit:KeyboardVisualMode] useVisualModeWindowed: 0 (windowingModeEnabled: 0)
2026-07-18 20:38:49.336 Db OMORI[37743:1669a] [com.apple.UIKit:KeyboardVisualMode] useVisualModeWindowed: 0 (windowingModeEnabled: 0)
2026-07-18 20:38:49.337 Db OMORI[37743:1669a] [com.apple.defaults:User Defaults] looked up value (
    "en-US"
) for key AppleLanguages in CFPrefsPlistSource<0x600002c04a00> (Domain: kCFPreferencesAnyApplication, User: kCFPreferencesCurrentUser, ByHost: No, Container: /Users/runner/Library/Developer/CoreSimulator/Devices/CE505324-B3F4-4B42-8BC5-419D92D4505A/data, Contents Need Refresh: No) via CFPrefsSearchListSource<0x600002c0a780> (Domain: com.poring.omori.ru, Container: (null))
2026-07-18 20:38:49.337 Db OMORI[37743:1669a] [com.apple.defaults:User Defaults] found no value for key HWKeyboardCapsLockRomanSwitch in CFPrefsSearchListSource<0x600002c02400> (Domain: com.apple.keyboard.preferences, Container: (null))
2026-07-18 20:38:49.337 Db OMORI[37743:1669a] [com.apple.UIKit:KeyboardVisualMode] useVisualModeWindowed: 0 (windowingModeEnabled: 0)
2026-07-18 20:38:49.337 Db OMORI[37743:1669a] [com.apple.UIKit:KeyboardVisualMode] useVisualModeWindowed: 0 (windowingModeEnabled: 0)
2026-07-18 20:38:49.337 Db OMORI[37743:1669a] [com.apple.UIKit:KeyboardVisualMode] useVisualModeWindowed: 0 (windowingModeEnabled: 0)
2026-07-18 20:38:49.339 Db OMORI[37743:1669a] [com.apple.UIKit:KeyboardVisualMode] useVisualModeWindowed: 0 (windowingModeEnabled: 0)
2026-07-18 20:38:49.340 Db OMORI[37743:1669a] [com.apple.UIKit:KeyboardVisualMode] useVisualModeWindowed: 0 (windowingModeEnabled: 0)
2026-07-18 20:38:49.340 Db OMORI[37743:1669a] [com.apple.defaults:User Defaults] found no value for key AssistiveTouchScannerEnabled in CFPrefsSearchListSource<0x600002c06d00> (Domain: com.apple.Accessibility, Container: (null))
2026-07-18 20:38:49.340 Db OMORI[37743:1669a] [com.apple.Accessibility:AXSupportCommon] CF Read: domain = com.apple.Accessibility, preference = AssistiveTouchScannerEnabled, appID = (null) result = (null) (-1 - empty, 0 - false, 1 - true)
2026-07-18 20:38:49.340 Db OMORI[37743:1669a] [com.apple.defaults:User Defaults] found no value for key AssistiveTouchScannerEnabled in CFPrefsPlistSource<0x600002c07180> (Domain: com.apple.Accessibility, User: kCFPreferencesCurrentUser, ByHost: No, Container: /Users/runner/Library/Developer/CoreSimulator/Devices/CE505324-B3F4-4B42-8BC5-419D92D4505A/data, Contents Need Refresh: No)
2026-07-18 20:38:49.340 Db OMORI[37743:1669a] [com.apple.defaults:User Defaults] found no value for key AssistiveTouchEnabled in CFPrefsSearchListSource<0x600002c06d00> (Domain: com.apple.Accessibility, Container: (null))
2026-07-18 20:38:49.340 Db OMORI[37743:1669a] [com.apple.Accessibility:AXSupportCommon] CF Read: domain = com.apple.Accessibility, preference = AssistiveTouchEnabled, appID = (null) result = (null) (-1 - empty, 0 - false, 1 - true)
2026-07-18 20:38:49.340 Db OMORI[37743:1669a] [com.apple.defaults:User Defaults] found no value for key AssistiveTouchEnabled in CFPrefsPlistSource<0x600002c07180> (Domain: com.apple.Accessibility, User: kCFPreferencesCurrentUser, ByHost: No, Container: /Users/runner/Library/Developer/CoreSimulator/Devices/CE505324-B3F4-4B42-8BC5-419D92D4505A/data, Contents Need Refresh: No)
2026-07-18 20:38:49.341 Db OMORI[37743:1669a] [com.apple.defaults:User Defaults] found no value for key WebKitDebugDragLiftDelay in CFPrefsSearchListSource<0x600002c0a780> (Domain: com.poring.omori.ru, Container: (null))
2026-07-18 20:38:49.341 Db OMORI[37743:1669a] [com.apple.UIKit:KeyboardVisualMode] useVisualModeWindowed: 0 (windowingModeEnabled: 0)
2026-07-18 20:38:49.341 Db OMORI[37743:1669a] [com.apple.UIKit:KeyboardVisualMode] useVisualModeWindowed: 0 (windowingModeEnabled: 0)
2026-07-18 20:38:49.341 Db OMORI[37743:1669a] [com.apple.UIKit:KeyboardVisualMode] useVisualModeWindowed: 0 (windowingModeEnabled: 0)
=== Messages dropped during live streaming (use `log show` to see what they were)
=== Messages dropped during live streaming (use `log show` to see what they were)
2026-07-18 20:38:49.750 Db OMORI[37743:168a2] [com.apple.CFBundle:plugin] Registered factory <_CFPFactory 0x6000017648c0 [0x1e006f658]> (<CFUUID 0x600000290e40> 1CD05C1C-BB0C-48A1-8ED0-3EF5ADE3AAEB)
2026-07-18 20:38:49.750 Db OMORI[37743:168a2] [com.apple.CFBundle:plugin] Type <CFUUID 0x600000290ea0> F8BB1C28-BAE8-11D6-9C31-00039315CD46 added to factory <CFUUID 0x600000290e40> 1CD05C1C-BB0C-48A1-8ED0-3EF5ADE3AAEB
2026-07-18 20:38:49.750 Df OMORI[37743:168a2] (CoreAudio)   HALPlugInManagement.cpp:442    HALPlugInManagement::RegisterPlugIns: loading in-process plug-ins
2026-07-18 20:38:49.753 E  OMORI[37743:168a2] [com.apple.CFBundle:plugin] AddInstanceForFactory: No factory registered for id <CFUUID 0x600000290ea0> F8BB1C28-BAE8-11D6-9C31-00039315CD46
2026-07-18 20:38:49.753 Db OMORI[37743:168a2] [com.apple.CFBundle:plugin] Created instance of plugin for factory <CFUUID 0x600000290e40> 1CD05C1C-BB0C-48A1-8ED0-3EF5ADE3AAEB type <CFUUID 0x600000290ea0> F8BB1C28-BAE8-11D6-9C31-00039315CD46
2026-07-18 20:38:49.754 Db OMORI[37743:1669a] [com.apple.defaults:User Defaults] found no value for key ButtonShapesEnabled in CFPrefsSearchListSource<0x600002c0a780> (Domain: com.poring.omori.ru, Container: (null))
2026-07-18 20:38:49.754 Db OMORI[37743:1669a] [com.apple.Accessibility:AXSupportCommon] CF Read: domain = com.poring.omori.ru, preference = ButtonShapesEnabled, appID = com.poring.omori.ru result = (null) (-1 - empty, 0 - false, 1 - true)
=== Messages dropped during live streaming (use `log show` to see what they were)
2026-07-18 20:38:49.948 Df OMORI[37743:168ae] [com.apple.coreaudio:aqme]            AQMEIO_HAL.cpp:2625  aqmeio@0x1048b1218, device 110 (iOSSimulatorAudioDevice-37743-0), AudioDeviceStart (err 0)
2026-07-18 20:38:49.948 Db OMORI[37743:168cb] [com.apple.coreaudio:aqme]            AQMEIO_HAL.cpp:3469  aqmeio@0x1048b1218 IsRunning 1
2026-07-18 20:38:49.960 Db OMORI[37743:168ae] [com.apple.coreaudio:aqme]                AQMEIO.cpp:224   Audio device started by mix engine
2026-07-18 20:38:49.960 Db OMORI[37743:168b3] [com.apple.coreaudio:aqme]           AQMixEngine.cpp:885   ->AQMEDevice(0x10272af38)::AddIOClient <AudioQueueObject@0x104061a00; [37743]; play>
2026-07-18 20:38:49.960 Db OMORI[37743:168b3] [com.apple.coreaudio:aqme]  MEDeviceStreamClient.cpp:717   HW output:     2 ch,  48000 Hz, Float32, interleaved
2026-07-18 20:38:49.960 Db OMORI[37743:168b3] [com.apple.coreaudio:aqme]  MEDeviceStreamClient.cpp:718   ioFormat:      2 ch,  48000 Hz, Float32, deinterleaved
2026-07-18 20:38:49.960 Db OMORI[37743:168b3] [com.apple.coreaudio:AQ]      AudioQueueObject.cpp:949   GetProposedIOFormat: mixing to 32 bits, high quality
2026-07-18 20:38:49.960 Db OMORI[37743:168b3] [com.apple.coreaudio:AQ]      AudioQueueObject.cpp:974   GetProposedIOFormat:   [0]  2 ch,  44100 Hz, Float32, interleaved
2026-07-18 20:38:49.960 Db OMORI[37743:168b3] [com.apple.coreaudio:AQ]      AudioQueueObject.cpp:974   GetProposedIOFormat:   [1]  2 ch,  44100 Hz, Float32, deinterleaved
2026-07-18 20:38:49.960 Db OMORI[37743:168b3] [com.apple.coreaudio:AQ]      AudioQueueObject.cpp:974   GetProposedIOFormat:   [2]  2 ch,  44100 Hz, Int16, interleaved
2026-07-18 20:38:49.960 Db OMORI[37743:168b3] [com.apple.coreaudio:AQ]      AudioQueueObject.cpp:974   GetProposedIOFormat:   [3]  2 ch,  44100 Hz, Int16, deinterleaved
2026-07-18 20:38:49.960 Db OMORI[37743:168b3] [com.apple.coreaudio:AQ]      AudioQueueObject.cpp:974   GetProposedIOFormat:   [4]  1 ch,  44100 Hz, Float32
2026-07-18 20:38:49.960 Db OMORI[37743:168b3] [com.apple.coreaudio:AQ]      AudioQueueObject.cpp:974   GetProposedIOFormat:   [5]  1 ch,  44100 Hz, Float32
2026-07-18 20:38:49.960 Db OMORI[37743:168b3] [com.apple.coreaudio:AQ]      AudioQueueObject.cpp:974   GetProposedIOFormat:   [6]  1 ch,  44100 Hz, Int16
2026-07-18 20:38:49.960 Db OMORI[37743:168b3] [com.apple.coreaudio:AQ]      AudioQueueObject.cpp:974   GetProposedIOFormat:   [7]  1 ch,  44100 Hz, Int16
2026-07-18 20:38:49.960 Db OMORI[37743:168b3] [com.apple.coreaudio:aqme]  MEDeviceStreamClient.cpp:722   output:        2 ch,  44100 Hz, Float32, deinterleaved
2026-07-18 20:38:49.960 Db OMORI[37743:168b3] [com.apple.coreaudio:aqme]  MEDeviceStreamClient.cpp:727   mixer format:  2 ch,  44100 Hz, Float32, deinterleaved
2026-07-18 20:38:49.961 I  OMORI[37743:168b3] [com.apple.coreaudio:AQ]        AudioQueueObject.h:2017  LatencyChanged: Latency changed from -1.000000 to 0.000000
2026-07-18 20:38:49.961 Db OMORI[37743:168b3] [com.apple.coreaudio:AQ]      AudioQueueObject.cpp:5184  PropertyChanged: aq@0x104061a00: 1902406771 (mDisposalPending=0)
2026-07-18 20:38:49.961 Df OMORI[37743:168b3] [com.apple.coreaudio:aqme]              AQIONode.cpp:625   client <AudioQueueObject@0x104061a00; [37743]; play> is NOT Now Playing eligible
2026-07-18 20:38:49.961 Df OMORI[37743:168b3] [com.apple.coreaudio:AQ]      AudioQueueObject.cpp:3046  CheckSpatialization: aq@0x104061a00 automatic spatialization check: spatialize=0
2026-07-18 20:38:49.961 Df OMORI[37743:168b3] [com.apple.coreaudio:AQ]      AudioQueueObject.cpp:3059  CheckSpatialization: aq@0x104061a00 CheckSpatialization mAutomaticSpatialization=1, mSpatializationEnabled=0 mContentRequiresAUSpatialMixer=0 mHasMetadata=0 mIsOffline=0 STSLabel valid:0 is stereo: 1
2026-07-18 20:38:49.961 Db OMORI[37743:168b3] [com.apple.coreaudio:AQ]      AudioQueueObject.cpp:1674  BuildConverter: Queue's formats:
  i/o format      2 ch,  44100 Hz, Float32, deinterleaved
  PCM format      2 ch,  44100 Hz, Float32, deinterleaved
  client format   2 ch,  44100 Hz, aac  (0x00000000) 0 bits/channel, 0 bytes/packet, 1024 frames/packet, 0 bytes/frame
2026-07-18 20:38:49.961 Db OMORI[37743:168b3] [com.apple.coreaudio:AQ]      AudioQueueObject.cpp:1353  ChooseCodec: aq@0x104061a00: 1633969507 1633772320, preferred manuf 0; found hw=0, sw=1634758764; policy 0, chose 1634758764
2026-07-18 20:38:49.961 Db OMORI[37743:168b3] [com.apple.coreaudio:AQ]      AudioQueueObject.cpp:1396  GetCodecOutputFormats: Querying output formats for  2 ch,  44100 Hz, aac  (0x00000000) 0 bits/channel, 0 bytes/packet, 1024 frames/packet, 0 bytes/frame, using codec adec/aac /appl
2026-07-18 20:38:49.961 Db OMORI[37743:168b3] [com.apple.coreaudio:audiocomp] AudioComponentPluginMgr.mm:1213  findNext adec/aac /appl -> 0x60000330bac0 adec/aac /appl
2026-07-18 20:38:49.961 Db OMORI[37743:168b3] [com.apple.coreaudio:audiocomp] AudioComponentPluginMgr.mm:1213  findNext adec/aac /appl -> 0x60000330bac0 adec/aac /appl
2026-07-18 20:38:49.961 Db OMORI[37743:168b3] [com.apple.coreaudio:AQ]      AudioQueueObject.cpp:1416  GetCodecOutputFormats:   [0]  2 ch,  44100 Hz, Float32, interleaved
2026-07-18 20:38:49.961 Db OMORI[37743:168b3] [com.apple.coreaudio:AQ]      AudioQueueObject.cpp:1416  GetCodecOutputFormats:   [1]  2 ch,  44100 Hz, Float32, deinterleaved
2026-07-18 20:38:49.961 Db OMORI[37743:168b3] [com.apple.coreaudio:AQ]      AudioQueueObject.cpp:1416  GetCodecOutputFormats:   [2]  2 ch,  44100 Hz, Int16, interleaved
2026-07-18 20:38:49.961 Db OMORI[37743:168b3] [com.apple.coreaudio:AQ]      AudioQueueObject.cpp:1416  GetCodecOutputFormats:   [3]  2 ch,  44100 Hz, Int16, deinterleaved
2026-07-18 20:38:49.961 Db OMORI[37743:168b3] [com.apple.coreaudio:AQ]      AudioQueueObject.cpp:1416  GetCodecOutputFormats:   [4]  1 ch,  44100 Hz, Float32
2026-07-18 20:38:49.961 Db OMORI[37743:168b3] [com.apple.coreaudio:AQ]      AudioQueueObject.cpp:1416  GetCodecOutputFormats:   [5]  1 ch,  44100 Hz, Float32
2026-07-18 20:38:49.961 Db OMORI[37743:168b3] [com.apple.coreaudio:AQ]      AudioQueueObject.cpp:1416  GetCodecOutputFormats:   [6]  1 ch,  44100 Hz, Int16
2026-07-18 20:38:49.961 Db OMORI[37743:168b3] [com.apple.coreaudio:AQ]      AudioQueueObject.cpp:1416  GetCodecOutputFormats:   [7]  1 ch,  44100 Hz, Int16
2026-07-18 20:38:49.962 Db OMORI[37743:168b3] [com.apple.defaults:User Defaults] found no value for key converterkTracesPermitted in CFPrefsSearchListSource<0x600002c2c980> (Domain: com.apple.coreaudio, Container: (null))
2026-07-18 20:38:49.962 Db OMORI[37743:168b3] [com.apple.defaults:User Defaults] found no value for key converterkTracesPermitted in CFPrefsSearchListSource<0x600002c2c980> (Domain: com.apple.coreaudio, Container: (null))
2026-07-18 20:38:49.962 I  OMORI[37743:168b3] [com.apple.coreaudio:ac]   ACMP4AACBaseDecoder.cpp:308   (0x1048ac040) subType = 'aac ', inputFormat = 0x16ee2cef0, outputFormat = 0x1048af428, inMagicCookie = 0x0, inMagicCookieByteSize = 0
2026-07-18 20:38:49.962 Df OMORI[37743:168b3] [com.apple.coreaudio:ac]   ACMP4AACBaseDecoder.cpp:310   (0x1048ac040) Input format:  2 ch,  44100 Hz, aac  (0x00000000) 0 bits/channel, 0 bytes/packet, 1024 frames/packet, 0 bytes/frame
2026-07-18 20:38:49.962 Df OMORI[37743:168b3] [com.apple.coreaudio:ac]   ACMP4AACBaseDecoder.cpp:313   (0x1048ac040) Output format:  2 ch,  44100 Hz, Float32, deinterleaved
2026-07-18 20:38:49.963 Db OMORI[37743:168b3] [com.apple.defaults:User Defaults] found no value for key converterkTracesPermitted in CFPrefsSearchListSource<0x600002c2c980> (Domain: com.apple.coreaudio, Container: (null))
2026-07-18 20:38:49.963 Df OMORI[37743:168b3] [com.apple.coreaudio:AudioConverter]        AudioConverter.cpp:1011  Created a new in process converter -> 0x600000c62160, from  2 ch,  44100 Hz, aac  (0x00000000) 0 bits/channel, 0 bytes/packet, 1024 frames/packet, 0 bytes/frame to  2 ch,  44100 Hz, Float32, deinterleaved
2026-07-18 20:38:49.963 Df OMORI[37743:168b3] [com.apple.coreaudio:AQ]        AQAudioConverter.h:64    AQAudioConverter: Constructed an AudioConverter for the client <AudioQueueObject@0x104061a00; [37743]; play>.
2026-07-18 20:38:49.963 Db OMORI[37743:168b3] [com.apple.coreaudio:ac]   ACMP4AACBaseDecoder.cpp:1054  (0x1048ac040) inPropertyID = 'prim', inPropertyDataSize = 8, inPropertyData = 0x16ee2d398
2026-07-18 20:38:49.963 I  OMORI[37743:168b3] [com.apple.coreaudio:ac]   ACMP4AACBaseDecoder.cpp:308   (0x1048ac040) subType = 'aac ', inputFormat = 0x0, outputFormat = 0x0, inMagicCookie = 0x0, inMagicCookieByteSize = 0
2026-07-18 20:38:49.963 Db OMORI[37743:168b3] [com.apple.defaults:User Defaults] found no value for key apply-custom-loudness-settings in CFPrefsSearchListSource<0x600002c2c980> (Domain: com.apple.coreaudio, Container: (null))
2026-07-18 20:38:49.963 Db OMORI[37743:168b3] [com.apple.defaults:User Defaults] found no value for key drc-capable in CFPrefsSearchListSource<0x600002c2c980> (Domain: com.apple.coreaudio, Container: (null))
2026-07-18 20:38:49.965 E  OMORI[37743:168b3] [com.apple.coreaudio:aqme]        LoudnessManager.mm:709   unable to open stream for LoudnessManager plist
2026-07-18 20:38:49.965 Df OMORI[37743:168b3] [com.apple.coreaudio:AQ]      AudioQueueObject.cpp:9218  SetCodecLoudnessParameters: LoudnessManager::GetSettings() returned -66680 (....): applying loudness defaults
2026-07-18 20:38:49.965 Db OMORI[37743:168b3] [com.apple.defaults:User Defaults] found no value for key cinematic-audio-enabled in CFPrefsSearchListSource<0x600002c2c980> (Domain: com.apple.coreaudio, Container: (null))
2026-07-18 20:38:49.965 Df OMORI[37743:168b3] [com.apple.coreaudio:AQ]      AudioQueueObject.cpp:1508  setDRCCompressionProfile: setting DRC compression profile to 0
2026-07-18 20:38:49.965 Db OMORI[37743:168b3] [com.apple.coreaudio:ac]   ACMP4AACBaseDecoder.cpp:1054  (0x1048ac040) inPropertyID = '^pro', inPropertyDataSize = 4, inPropertyData = 0x16ee2d45c
2026-07-18 20:38:49.965 Df OMORI[37743:168b3] [com.apple.coreaudio:ac]   ACMP4AACBaseDecoder.cpp:1081  (0x1048ac040) set compression profile ('^pro') to 0
2026-07-18 20:38:49.965 Df OMORI[37743:168b3] [com.apple.coreaudio:AQ]      AudioQueueObject.cpp:1524  setLoudnessNormalizationTarget: disabling normalisation target
2026-07-18 20:38:49.965 Db OMORI[37743:168b3] [com.apple.coreaudio:ac]   ACMP4AACBaseDecoder.cpp:1054  (0x1048ac040) inPropertyID = '^tlc', inPropertyDataSize = 4, inPropertyData = 0x16ee2d460
2026-07-18 20:38:49.965 Df OMORI[37743:168b3] [com.apple.coreaudio:ac]   ACMP4AACBaseDecoder.cpp:1065  (0x1048ac040) set target level constant ('^tlc') to 0
2026-07-18 20:38:49.965 Df OMORI[37743:168b3] [com.apple.coreaudio:AQ]      AudioQueueObject.cpp:1536  setOutputPeakLevelMax: setting peak level to 0.000000
2026-07-18 20:38:49.965 Db OMORI[37743:168b3] [com.apple.coreaudio:ac]   ACMP4AACBaseDecoder.cpp:1054  (0x1048ac040) inPropertyID = '^plm', inPropertyDataSize = 4, inPropertyData = 0x16ee2d4cc
2026-07-18 20:38:49.965 Df OMORI[37743:168b3] [com.apple.coreaudio:ac]   ACMP4AACBaseDecoder.cpp:1106  (0x1048ac040) set maximum peak level ('^plm') to 0.000
2026-07-18 20:38:49.965 Df OMORI[37743:168b3] [com.apple.coreaudio:AQ]      AudioQueueObject.cpp:1545  setMomentaryLoudnessLimit: setting momentary limit to 0.000000
2026-07-18 20:38:49.966 Df OMORI[37743:168b3] [com.apple.coreaudio:AQ]      AudioQueueObject.cpp:1554  setNormalizationGainLimit: setting normalization gain limit to 12.000000
2026-07-18 20:38:49.966 Db OMORI[37743:168b3] [com.apple.coreaudio:ac]   ACMP4AACBaseDecoder.cpp:1054  (0x1048ac040) inPropertyID = 'prim', inPropertyDataSize = 8, inPropertyData = 0x16ee2d398
2026-07-18 20:38:49.967 I  OMORI[37743:168b3] [com.apple.coreaudio:ac]   ACMP4AACBaseDecoder.cpp:308   (0x1048ac040) subType = 'aac ', inputFormat = 0x0, outputFormat = 0x0, inMagicCookie = 0x0, inMagicCookieByteSize = 0
2026-07-18 20:38:49.967 Db OMORI[37743:168b3] [com.apple.coreaudio:AQ]        AQAudioConverter.h:71    LogDescription: Queue's converter/codec:
<AudioConverterRef 0x936f007 [0x600000c62160]>
2026-07-18 20:38:49.967 Db OMORI[37743:168b3] [com.apple.coreaudio:AQ]      AudioQueueObject.cpp:2042  AdaptToFormats:  2 ch,  44100 Hz, Float32, deinterleaved
2026-07-18 20:38:49.968 Db OMORI[37743:168b3] [com.apple.coreaudio:AQ]      AudioQueueObject.cpp:2082  AdaptToFormats:   created new slice allocator 0x600002924af0 for PCM format:  2 ch,  44100 Hz, Float32, deinterleaved
2026-07-18 20:38:49.968 Db OMORI[37743:168b3] [com.apple.coreaudio:AQ]      AudioQueueObject.cpp:2093  AdaptToFormats:   ScheduledSliceAllocator 0x600002924af0: sliceFormat  2 ch,  44100 Hz, Float32, deinterleaved
2026-07-18 20:38:49.968 Db OMORI[37743:168b3] [com.apple.coreaudio:audiocomp] AudioComponentPluginMgr.mm:1213  findNext adec/aac /appl -> 0x60000330bac0 adec/aac /appl
2026-07-18 20:38:49.968 I  OMORI[37743:168b3] [com.apple.coreaudio:ac]   ACMP4AACBaseDecoder.cpp:308   (0x10388f440) subType = 'aac ', inputFormat = 0x0, outputFormat = 0x0, inMagicCookie = 0x600002917360, inMagicCookieByteSize = 39
2026-07-18 20:38:49.968 I  OMORI[37743:168b3] [com.apple.coreaudio:ac]   ACMP4AACBaseDecoder.cpp:1647  (0x10388f440) [39 bytes]: '03 80 80 80 22 00 00 00 04 80 80 80 14 40 14 00 18 00 00 01 F4 00 00 01 F4 00 05 80 80 80 02 12 10 06 80 80 80 01 02'
2026-07-18 20:38:49.969 Db OMORI[37743:168b3] [com.apple.coreaudio:audiocomp] AudioComponentPluginMgr.mm:1213  findNext adec/aac /appl -> 0x60000330bac0 adec/aac /appl
2026-07-18 20:38:49.969 I  OMORI[37743:168b3] [com.apple.coreaudio:ac]   ACMP4AACBaseDecoder.cpp:308   (0x10388f440) subType = 'aac ', inputFormat = 0x0, outputFormat = 0x0, inMagicCookie = 0x600002917360, inMagicCookieByteSize = 39
2026-07-18 20:38:49.969 I  OMORI[37743:168b3] [com.apple.coreaudio:ac]   ACMP4AACBaseDecoder.cpp:1647  (0x10388f440) [39 bytes]: '03 80 80 80 22 00 00 00 04 80 80 80 14 40 14 00 18 00 00 01 F4 00 00 01 F4 00 05 80 80 80 02 12 10 06 80 80 80 01 02'
2026-07-18 20:38:49.969 I  OMORI[37743:168b3] [com.apple.coreaudio:ac]   ACMP4AACBaseDecoder.cpp:308   (0x1048ac040) subType = 'aac ', inputFormat = 0x0, outputFormat = 0x0, inMagicCookie = 0x600002917360, inMagicCookieByteSize = 39
2026-07-18 20:38:49.969 I  OMORI[37743:168b3] [com.apple.coreaudio:ac]   ACMP4AACBaseDecoder.cpp:1647  (0x1048ac040) [39 bytes]: '03 80 80 80 22 00 00 00 04 80 80 80 14 40 14 00 18 00 00 01 F4 00 00 01 F4 00 05 80 80 80 02 12 10 06 80 80 80 01 02'
2026-07-18 20:38:49.969 Db OMORI[37743:168b3] [com.apple.coreaudio:AQ]      AudioQueueObject.cpp:1964  ApplyCookie: (39 bytes @ 0x600002917360), err=0
2026-07-18 20:38:49.969 Db OMORI[37743:168b3] [com.apple.coreaudio:ac]   ACMP4AACBaseDecoder.cpp:1054  (0x1048ac040) inPropertyID = 'prim', inPropertyDataSize = 8, inPropertyData = 0x16ee2d618
2026-07-18 20:38:49.970 I  OMORI[37743:168b3] [com.apple.coreaudio:ac]   ACMP4AACBaseDecoder.cpp:308   (0x1048ac040) subType = 'aac ', inputFormat = 0x0, outputFormat = 0x0, inMagicCookie = 0x0, inMagicCookieByteSize = 0
2026-07-18 20:38:49.970 Db OMORI[37743:168b3] [com.apple.defaults:User Defaults] found no value for key apply-custom-loudness-settings in CFPrefsSearchListSource<0x600002c2c980> (Domain: com.apple.coreaudio, Container: (null))
2026-07-18 20:38:49.970 Db OMORI[37743:168b3] [com.apple.defaults:User Defaults] found no value for key drc-capable in CFPrefsSearchListSource<0x600002c2c980> (Domain: com.apple.coreaudio, Container: (null))
2026-07-18 20:38:49.970 Df OMORI[37743:168b3] [com.apple.coreaudio:AQ]      AudioQueueObject.cpp:9218  SetCodecLoudnessParameters: LoudnessManager::GetSettings() returned -66680 (....): applying loudness defaults
2026-07-18 20:38:49.970 Db OMORI[37743:168b3] [com.apple.defaults:User Defaults] found no value for key cinematic-audio-enabled in CFPrefsSearchListSource<0x600002c2c980> (Domain: com.apple.coreaudio, Container: (null))
2026-07-18 20:38:49.970 Df OMORI[37743:168b3] [com.apple.coreaudio:AQ]      AudioQueueObject.cpp:1508  setDRCCompressionProfile: setting DRC compression profile to 0
2026-07-18 20:38:49.970 Db OMORI[37743:168b3] [com.apple.coreaudio:ac]   ACMP4AACBaseDecoder.cpp:1054  (0x1048ac040) inPropertyID = '^pro', inPropertyDataSize = 4, inPropertyData = 0x16ee2d6dc
2026-07-18 20:38:49.970 Df OMORI[37743:168b3] [com.apple.coreaudio:ac]   ACMP4AACBaseDecoder.cpp:1081  (0x1048ac040) set compression profile ('^pro') to 0
2026-07-18 20:38:49.970 Df OMORI[37743:168b3] [com.apple.coreaudio:AQ]      AudioQueueObject.cpp:1524  setLoudnessNormalizationTarget: disabling normalisation target
2026-07-18 20:38:49.970 Db OMORI[37743:168b3] [com.apple.coreaudio:ac]   ACMP4AACBaseDecoder.cpp:1054  (0x1048ac040) inPropertyID = '^tlc', inPropertyDataSize = 4, inPropertyData = 0x16ee2d6e0
2026-07-18 20:38:49.970 Df OMORI[37743:168b3] [com.apple.coreaudio:ac]   ACMP4AACBaseDecoder.cpp:1065  (0x1048ac040) set target level constant ('^tlc') to 0
2026-07-18 20:38:49.970 Df OMORI[37743:168b3] [com.apple.coreaudio:AQ]      AudioQueueObject.cpp:1536  setOutputPeakLevelMax: setting peak level to 0.000000
2026-07-18 20:38:49.970 Db OMORI[37743:168b3] [com.apple.coreaudio:ac]   ACMP4AACBaseDecoder.cpp:1054  (0x1048ac040) inPropertyID = '^plm', inPropertyDataSize = 4, inPropertyData = 0x16ee2d74c
2026-07-18 20:38:49.970 Df OMORI[37743:168b3] [com.apple.coreaudio:ac]   ACMP4AACBaseDecoder.cpp:1106  (0x1048ac040) set maximum peak level ('^plm') to 0.000
2026-07-18 20:38:49.970 Df OMORI[37743:168b3] [com.apple.coreaudio:AQ]      AudioQueueObject.cpp:1545  setMomentaryLoudnessLimit: setting momentary limit to 0.000000
2026-07-18 20:38:49.971 Df OMORI[37743:168b3] [com.apple.coreaudio:AQ]      AudioQueueObject.cpp:1554  setNormalizationGainLimit: setting normalization gain limit to 12.000000
2026-07-18 20:38:49.972 Db OMORI[37743:168b3] [com.apple.coreaudio:audiocomp] AudioComponentPluginMgr.mm:1213  findNext aufc/nutp/appl -> 0x600003307520 aufc/nutp/appl
2026-07-18 20:38:49.972 Db OMORI[37743:168b3] [com.apple.coreaudio:aqme]        MEMixerChannel.cpp:1134  enabling processor type 1953329268
2026-07-18 20:38:49.973 Db OMORI[37743:168b3] [com.apple.coreaudio:audiocomp] AudioComponentPluginMgr.mm:1213  findNext aufc/ipto/appl -> 0x600003306300 aufc/ipto/appl
2026-07-18 20:38:49.973 Db OMORI[37743:168b3] [com.apple.coreaudio:aqme]        MEMixerChannel.cpp:1134  enabling processor type 1953329268
2026-07-18 20:38:49.973 Db OMORI[37743:168b3] [com.apple.coreaudio:aqme]        MEMixerChannel.cpp:3850  set 1903456353; err 0
2026-07-18 20:38:49.973 Db OMORI[37743:168b3] [com.apple.coreaudio:aqme]        MEMixerChannel.cpp:3850  set 21; err 0
2026-07-18 20:38:49.973 Df OMORI[37743:168b3] [com.apple.coreaudio:AQ]      AudioQueueObject.cpp:4743  SetProperty: aq@0x104061a00: spatialization disabled, client-controlled. Format  2 ch,  44100 Hz, aac  (0x00000000) 0 bits/channel, 0 bytes/packet, 1024 frames/packet, 0 bytes/frame
=== Messages dropped during live streaming (use `log show` to see what they were)
2026-07-18 20:38:50.032 Db OMORI[37743:168d7] [com.apple.coreaudio:AQClient]         AQ_API_V2Impl.cpp:525   AudioQueueReset: ->0x936f001
2026-07-18 20:38:50.032 Db OMORI[37743:168d6] [com.apple.defaults:User Defaults] found no value for key pool_iosurface_backing in CFPrefsSearchListSource<0x600002c39200> (Domain: com.apple.corevideo, Container: (null))
2026-07-18 20:38:50.075 Db OMORI[37743:168d6] [com.apple.defaults:User Defaults] found no value for key pools_trace in CFPrefsSearchListSource<0x600002c39200> (Domain: com.apple.corevideo, Container: (null))
2026-07-18 20:38:50.076 Db OMORI[37743:168d7] [com.apple.coreaudio:AQ]      AudioQueueObject.cpp:3461  Reset: aq@0x104061a00
2026-07-18 20:38:50.076 Db OMORI[37743:168d7] [com.apple.coreaudio:AQ]      AudioQueueObject.cpp:3558  PerformFlush: aq@0x104061a00
2026-07-18 20:38:50.076 Db OMORI[37743:168d6] [com.apple.defaults:User Defaults] found no value for key corevideo_minimum_alignment in CFPrefsSearchListSource<0x600002c39200> (Domain: com.apple.corevideo, Container: (null))
2026-07-18 20:38:50.076 Db OMORI[37743:168d7] [com.apple.coreaudio:AQ]      AudioQueueObject.cpp:5184  PropertyChanged: aq@0x104061a00: 1718383464 (mDisposalPending=0)
2026-07-18 20:38:50.076 Db OMORI[37743:168d7] [com.apple.coreaudio:aqme]        MEMixerChannel.cpp:4670  ionc@0x104061a00: Resetting processors (not disconnecting)
2026-07-18 20:38:50.076 Db OMORI[37743:168d7] [com.apple.coreaudio:aqme]        MEMixerChannel.cpp:4678  ionc@0x104061a00: Finished resetting processors
2026-07-18 20:38:50.076 Db OMORI[37743:168d7] [com.apple.coreaudio:aqme]        MEMixerChannel.cpp:4681  ionc@0x104061a00: startingTimeline 1
2026-07-18 20:38:50.076 Db OMORI[37743:168d7] [com.apple.coreaudio:AQClient]           ClientQueue.cpp:612   AwaitAllPendingCallbacks: 0x103315ca8: done
2026-07-18 20:38:50.076 Db OMORI[37743:168d7] [com.apple.coreaudio:AQClient]         AQ_API_V2Impl.cpp:536   AudioQueueReset: <-
2026-07-18 20:38:50.076 Db OMORI[37743:168d7] [com.apple.coreaudio:AQClient]         AQ_API_V2Impl.cpp:574   AudioQueueSetParameter: ->0x936f001 2(Rate):1.000
2026-07-18 20:38:50.077 Db OMORI[37743:168d7] [com.apple.coreaudio:AQClient]         AQ_API_V2Impl.cpp:583   AudioQueueSetParameter: <-(0)
2026-07-18 20:38:50.077 Db OMORI[37743:168d7] [com.apple.coreaudio:AQClient]         AQ_API_V2Impl.cpp:574   AudioQueueSetParameter: ->0x936f001 1(Volume):0.000
2026-07-18 20:38:50.077 Db OMORI[37743:168d7] [com.apple.coreaudio:AQClient]         AQ_API_V2Impl.cpp:583   AudioQueueSetParameter: <-(0)
2026-07-18 20:38:50.077 Db OMORI[37743:168d7] [com.apple.coreaudio:AQClient]         AQ_API_V2Impl.cpp:574   AudioQueueSetParameter: ->0x936f001 9(Volume3):1.000
2026-07-18 20:38:50.077 Db OMORI[37743:168d7] [com.apple.coreaudio:AQClient]         AQ_API_V2Impl.cpp:583   AudioQueueSetParameter: <-(0)
2026-07-18 20:38:50.077 Db OMORI[37743:168d7] [com.apple.coreaudio:AQClient]         AQ_API_V2Impl.cpp:574   AudioQueueSetParameter: ->0x936f001 14(VolumeProcessMute):1.000
2026-07-18 20:38:50.077 Db OMORI[37743:168d6] [com.apple.defaults:User Defaults] found no value for key backings_trace in CFPrefsSearchListSource<0x600002c39200> (Domain: com.apple.corevideo, Container: (null))
2026-07-18 20:38:50.077 Db OMORI[37743:168d7] [com.apple.coreaudio:AQClient]         AQ_API_V2Impl.cpp:583   AudioQueueSetParameter: <-(0)
2026-07-18 20:38:50.077 Db OMORI[37743:168b3] [com.apple.coreaudio:AQClient]         AQ_API_V2Impl.cpp:574   AudioQueueSetParameter: ->0x936f001 4(VolumeRampTime):0.000
2026-07-18 20:38:50.077 Db OMORI[37743:168b3] [com.apple.coreaudio:AQClient]         AQ_API_V2Impl.cpp:583   AudioQueueSetParameter: <-(0)
2026-07-18 20:38:50.077 Db OMORI[37743:168b3] [com.apple.coreaudio:AQClient]         AQ_API_V2Impl.cpp:574   AudioQueueSetParameter: ->0x936f001 1(Volume):1.000
2026-07-18 20:38:50.077 Db OMORI[37743:168b3] [com.apple.coreaudio:AQClient]         AQ_API_V2Impl.cpp:583   AudioQueueSetParameter: <-(0)
2026-07-18 20:38:50.077 Df OMORI[37743:168d7] [com.apple.coremedia:] <<<< FAQ >>>> faq_reset: [0x103329590:0x10332fab0] RP/RD.01 calling FigAudioQueueTimingShimReset
2026-07-18 20:38:50.077 Df OMORI[37743:168aa] [com.apple.coremedia:player] <<<< FigFilePlayer >>>> playerfig_getNextPlaybackState: [0x1033264b0] P/RD new playback state: Playing (Player) (playerRate: 1.000), WILL NOT update boss rate (nan), previous state: Playing, change reason: PlaythroughPredictionChanged, playthrough prediction: likely, options: None
2026-07-18 20:38:50.077 Df OMORI[37743:168d7] [com.apple.coremedia:] <<<< FAQ TIMING SHIM >>>> FigAudioQueueTimingShimReset: [0x6000030093b0] Calling AudioQueueReset(0x936f000)
2026-07-18 20:38:50.078 Df OMORI[37743:168a7] [com.apple.coremedia:player] <<<< FigPlayerSurrogate >>>> surrogatePlayer_initiateLoadingOfItemAssetTypeInternal: [0x600003504c60] P/RD preparing item 0x600003903a80(0x104056000) I/OZZ.03 for enqueueing
2026-07-18 20:38:50.078 Db OMORI[37743:168d7] [com.apple.coreaudio:AQClient]         AQ_API_V2Impl.cpp:525   AudioQueueReset: ->0x936f001
2026-07-18 20:38:50.078 Df OMORI[37743:168a7] [com.apple.coremedia:player] <<<< FigPlayerSurrogate >>>> surrogatePlayer_initiateLoadingOfItemAssetTypeInternal: [0x600003504c60] P/RD load ok 0x600003903a80(0x104056000) I/OZZ.03 already loaded
2026-07-18 20:38:50.078 Df OMORI[37743:168a7] [com.apple.coremedia:player] <<<< FigPlayerSurrogate >>>> surrogatePlayer_respondToLoadingOfItemAssetTypeInternal: [0x600003504c60] P/RD called, enqueuing item 0x600003903a80 I/OZZ.03 if appropriate
2026-07-18 20:38:50.078 Db OMORI[37743:168d7] [com.apple.coreaudio:AQ]      AudioQueueObject.cpp:3461  Reset: aq@0x104061a00
2026-07-18 20:38:50.078 Df OMORI[37743:168a7] [com.apple.coremedia:player] <<<< FigPlayerSurrogate >>>> surrogatePlayer_respondToLoadingOfItemAssetTypeInternal: [0x600003504c60] P/RD called for item 0x600003903a80 I/OZZ.03. item index is 1 in surrogate playQueue. realPlayer 0x1033264b0, realItem 0x104056000.
2026-07-18 20:38:50.079 Db OMORI[37743:168d7] [com.apple.coreaudio:AQ]      AudioQueueObject.cpp:3558  PerformFlush: aq@0x104061a00
2026-07-18 20:38:50.079 Df OMORI[37743:168a7] [com.apple.coremedia:player] <<<< FigPlayerSurrogate >>>> surrogatePlayer_respondToLoadingOfItemAssetTypeInternal: [0x600003504c60] P/RD called for item 0x600003903a80 I/OZZ.03. Real player matches previous item [0x6000039039b0] I/OZZ.02 which is enqueued => enqueuing this item now
2026-07-18 20:38:50.079 Db OMORI[37743:168d7] [com.apple.coreaudio:AQ]      AudioQueueObject.cpp:5184  PropertyChanged: aq@0x104061a00: 1718383464 (mDisposalPending=0)
2026-07-18 20:38:50.079 Df OMORI[37743:168a7] [com.apple.coremedia:player] <<<< FigPlayerSurrogate >>>> surrogatePlayer_respondToLoadingOfItemAssetTypeInternal: [0x600003504c60] P/RD adding item 0x600003903a80(0x104056000) I/OZZ.03 to real player play queue
2026-07-18 20:38:50.079 Db OMORI[37743:168d7] [com.apple.coreaudio:aqme]        MEMixerChannel.cpp:4670  ionc@0x104061a00: Resetting processors (not disconnecting)
2026-07-18 20:38:50.079 Df OMORI[37743:168a7] [com.apple.coremedia:player] <<<< FigFilePlayer >>>> playerfig_AddToPlayQueue: [0x1033264b0] P/RD item 0x104056000 I/OZZ.03 after 0x0
2026-07-18 20:38:50.079 Db OMORI[37743:168d7] [com.apple.coreaudio:aqme]        MEMixerChannel.cpp:4678  ionc@0x104061a00: Finished resetting processors
