2026-07-18 20:38:42.519 Db OMORI[37743:1669a] [com.apple.Accessibility:AXSupportCommon] CF Read: domain = com.apple.Accessibility, preference = ApplicationAccessibilityEnabled, appID = (null) result = (null) (-1 - empty, 0 - false, 1 - true)
2026-07-18 20:38:42.519 Db OMORI[37743:1669a] [com.apple.defaults:User Defaults] found no value for key ApplicationAccessibilityEnabled in CFPrefsPlistSource<0x600002c07180> (Domain: com.apple.Accessibility, User: kCFPreferencesCurrentUser, ByHost: No, Container: /Users/runner/Library/Developer/CoreSimulator/Devices/CE505324-B3F4-4B42-8BC5-419D92D4505A/data, Contents Need Refresh: No)
2026-07-18 20:38:42.519 Df OMORI[37743:1669a] [com.apple.dt.xctest:Default] Registering for test daemon availability notify post.
2026-07-18 20:38:42.519 Db OMORI[37743:166a0] [com.apple.FrontBoard:SceneExtension] registering method "actions" from extension FBSSceneTransitionContextCore on class "FBSSceneTransitionContext"
2026-07-18 20:38:42.520 Db OMORI[37743:166a0] [com.apple.FrontBoard:SceneExtension] registering method "setActions:" from extension FBSSceneTransitionContextCore on class "FBSSceneTransitionContext"
2026-07-18 20:38:42.520 Db OMORI[37743:166a0] [com.apple.FrontBoard:SceneExtension] registering method "executionContext" from extension FBSSceneTransitionContextCore on class "FBSSceneTransitionContext"
2026-07-18 20:38:42.520 Db OMORI[37743:166a0] [com.apple.FrontBoard:SceneExtension] registering method "setExecutionContext:" from extension FBSSceneTransitionContextCore on class "FBSSceneTransitionContext"
2026-07-18 20:38:42.520 Db OMORI[37743:166a0] [com.apple.FrontBoard:SceneExtension] registering method "clientProcessHandle" from extension FBSSceneTransitionContextCore on class "FBSSceneTransitionContext"
2026-07-18 20:38:42.520 Db OMORI[37743:166a0] [com.apple.FrontBoard:SceneExtension] registering method "setClientProcessHandle:" from extension FBSSceneTransitionContextCore on class "FBSSceneTransitionContext"
2026-07-18 20:38:42.520 Db OMORI[37743:166a0] [com.apple.FrontBoard:SceneExtension] registering method "isRunningBoardAssertionDisabled" from extension FBSSceneTransitionContextCore on class "FBSSceneTransitionContext"
2026-07-18 20:38:42.520 Df OMORI[37743:1669a] [com.apple.dt.xctest:Default] notify_get_state check indicated test daemon not ready.
2026-07-18 20:38:42.521 Db OMORI[37743:166a0] [com.apple.FrontBoard:SceneExtension] registering method "setRunningBoardAssertionDisabled:" from extension FBSSceneTransitionContextCore on class "FBSSceneTransitionContext"
2026-07-18 20:38:42.521 Db OMORI[37743:166a0] [com.apple.FrontBoard:SceneExtension] registering method "animationSettings" from extension FBSSceneTransitionContextCore on class "FBSSceneTransitionContext"
2026-07-18 20:38:42.510 A  OMORI[37743:166a5] (RunningBoardServices) didChangeInheritances
2026-07-18 20:38:42.521 Df OMORI[37743:1669a] [com.apple.dt.xctest:Default] notify_get_state check indicated test daemon not ready.
2026-07-18 20:38:42.521 Db OMORI[37743:166a0] [com.apple.FrontBoard:SceneExtension] registering method "setAnimationSettings:" from extension FBSSceneTransitionContextCore on class "FBSSceneTransitionContext"
2026-07-18 20:38:42.521 Df OMORI[37743:1669a] [com.apple.dt.xctest:Default] notify_get_state check indicated test daemon not ready.
2026-07-18 20:38:42.521 Db OMORI[37743:166a0] [com.apple.FrontBoard:SceneExtension] registering method "parentUpdate" from extension FBSSceneTransitionContextCore on class "FBSSceneTransitionContext"
2026-07-18 20:38:42.521 Db OMORI[37743:166a0] [com.apple.FrontBoard:SceneExtension] registering method "setParentUpdate:" from extension FBSSceneTransitionContextCore on class "FBSSceneTransitionContext"
2026-07-18 20:38:42.521 Db OMORI[37743:166a0] [com.apple.FrontBoard:SceneExtension] registering method "watchdogTransitionContext" from extension FBSSceneTransitionContextCore on class "FBSSceneTransitionContext"
2026-07-18 20:38:42.521 Db OMORI[37743:166a0] [com.apple.FrontBoard:SceneExtension] registering method "setWatchdogTransitionContext:" from extension FBSSceneTransitionContextCore on class "FBSSceneTransitionContext"
2026-07-18 20:38:42.521 Db OMORI[37743:166a0] [com.apple.FrontBoard:SceneExtension] registering method "updateContext" from extension FBSSceneTransitionContextCore on class "FBSSceneTransitionContext"
2026-07-18 20:38:42.521 Db OMORI[37743:166a0] [com.apple.FrontBoard:SceneExtension] registering method "setUpdateContext:" from extension FBSSceneTransitionContextCore on class "FBSSceneTransitionContext"
2026-07-18 20:38:42.521 Db OMORI[37743:166a0] [com.apple.FrontBoard:SceneExtension] registering method "animationFence" from extension FBSSceneTransitionContextCore on class "FBSSceneTransitionContext"
2026-07-18 20:38:42.521 Db OMORI[37743:1669a] [com.apple.defaults:User Defaults] found no value for key UIRequireCrimsonLifecycle in CFPrefsSearchListSource<0x600002c04480> (Domain: com.apple.UIKit, Container: (null))
2026-07-18 20:38:42.521 Db OMORI[37743:166a0] [com.apple.FrontBoard:SceneExtension] registering method "setAnimationFence:" from extension FBSSceneTransitionContextCore on class "FBSSceneTransitionContext"
2026-07-18 20:38:42.521 Db OMORI[37743:166a0] [com.apple.FrontBoard:SceneExtension] registering method "error" from extension FBSSceneTransitionContextCore on class "FBSSceneTransitionContext"
2026-07-18 20:38:42.521 Db OMORI[37743:1669a] [com.apple.defaults:User Defaults] found no value for key LogUpdateScheduler in CFPrefsSearchListSource<0x600002c04480> (Domain: com.apple.UIKit, Container: (null))
2026-07-18 20:38:42.521 Db OMORI[37743:166a0] [com.apple.FrontBoard:SceneExtension] registering method "setError:" from extension FBSSceneTransitionContextCore on class "FBSSceneTransitionContext"
2026-07-18 20:38:42.521 Df OMORI[37743:1669a] [com.apple.UIKit:UpdateScheduler] Selected display: name=LCD (PurpleMain), id=1
2026-07-18 20:38:42.521 Db OMORI[37743:166a0] [com.apple.FrontBoard:SceneExtension] registering method "originatingProcess" from extension FBSSceneTransitionContextCore on class "FBSSceneTransitionContext"
2026-07-18 20:38:42.521 Db OMORI[37743:166a0] [com.apple.FrontBoard:SceneExtension] registering method "setOriginatingProcess:" from extension FBSSceneTransitionContextCore on class "FBSSceneTransitionContext"
2026-07-18 20:38:42.522 Db OMORI[37743:166a0] [com.apple.FrontBoard:SceneExtension] registering method "allowCPUThrottling" from extension FBSSceneTransitionContextCore on class "FBSSceneTransitionContext"
2026-07-18 20:38:42.522 Db OMORI[37743:166a0] [com.apple.FrontBoard:SceneExtension] registering method "setAllowCPUThrottling:" from extension FBSSceneTransitionContextCore on class "FBSSceneTransitionContext"
2026-07-18 20:38:42.522 I  OMORI[37743:166a0] [com.apple.FrontBoard:Common] [FBSScene] [(FBSceneManager):sceneID:com.poring.omori.ru-default] Created client agent: <UIApplicationSceneClientAgent: 0x60000000c810>
2026-07-18 20:38:42.522 A  OMORI[37743:1669a] (CoreFoundation) Updating Key-Value Observers Of Preferences
2026-07-18 20:38:42.521 Db OMORI[37743:166a5] [com.apple.runningboard:connection] didChangeInheritances: <RBSInheritanceChangeSet| gained:{(
    <RBSInheritance| environment:(none) name:com.apple.frontboard.visibility origID:35487-35484-358 0>
)} lost:(null)>
2026-07-18 20:38:42.525 Db OMORI[37743:1669a] [com.apple.FrontBoard:SceneClient] [(FBSceneManager):sceneID:com.poring.omori.ru-default] Adding extension: "_UISceneRelationshipManagementExtension"
2026-07-18 20:38:42.525 Db OMORI[37743:1669a] [com.apple.FrontBoard:SceneClient] [(FBSceneManager):sceneID:com.poring.omori.ru-default] Adding extension: "_UIApplicationSceneKeyboardExtension"
2026-07-18 20:38:42.525 Db OMORI[37743:1669a] [com.apple.FrontBoard:SceneClient] [(FBSceneManager):sceneID:com.poring.omori.ru-default] Instantiated component: "<_UIApplicationSceneKeyboardClientComponent: 0x600000216f80>"
2026-07-18 20:38:42.525 Db OMORI[37743:1669a] [com.apple.FrontBoard:SceneClient] [(FBSceneManager):sceneID:com.poring.omori.ru-default] Adding extension: "_UISceneOcclusionExtension"
2026-07-18 20:38:42.526 Db OMORI[37743:1669a] [com.apple.FrontBoard:SceneClient] [(FBSceneManager):sceneID:com.poring.omori.ru-default] Adding extension: "_UIApplicationInterfaceProtectionSceneExtension"
2026-07-18 20:38:42.526 Db OMORI[37743:1669a] [com.apple.FrontBoard:SceneClient] [(FBSceneManager):sceneID:com.poring.omori.ru-default] Adding extension: "_UISceneMaskingExtension"
2026-07-18 20:38:42.526 Db OMORI[37743:1669a] [com.apple.FrontBoard:SceneClient] [(FBSceneManager):sceneID:com.poring.omori.ru-default] Instantiated component: "<_UISceneMaskingClientComponent: 0x600000210ba0>"
2026-07-18 20:38:42.526 Db OMORI[37743:1669a] [com.apple.FrontBoard:SceneClient] [(FBSceneManager):sceneID:com.poring.omori.ru-default] Adding extension: "_UISystemChromeSceneExtension"
2026-07-18 20:38:42.526 Db OMORI[37743:1669a] [com.apple.FrontBoard:SceneClient] [(FBSceneManager):sceneID:com.poring.omori.ru-default] Instantiated component: "<_UIHomeAffordanceClientSceneComponent: 0x60000020dde0>"
2026-07-18 20:38:42.526 Db OMORI[37743:1669a] [com.apple.FrontBoard:SceneClient] [(FBSceneManager):sceneID:com.poring.omori.ru-default] Adding extension: "_UISystemShellSceneHostingEnvironmentExtension"
2026-07-18 20:38:42.526 Db OMORI[37743:1669a] [com.apple.FrontBoard:SceneClient] [(FBSceneManager):sceneID:com.poring.omori.ru-default] Instantiated component: "<_UISystemShellSceneHostingEnvironmentClientComponent: 0x600000210ac0>"
2026-07-18 20:38:42.526 Db OMORI[37743:1669a] [com.apple.FrontBoard:SceneClient] [(FBSceneManager):sceneID:com.poring.omori.ru-default] Adding extension: "_UISceneRenderingEnvironmentExtension"
2026-07-18 20:38:42.526 Db OMORI[37743:1669a] [com.apple.FrontBoard:SceneClient] [(FBSceneManager):sceneID:com.poring.omori.ru-default] Instantiated component: "<_UISceneRenderingEnvironmentClientComponent: 0x600000210a40>"
2026-07-18 20:38:42.526 Db OMORI[37743:1669a] [com.apple.FrontBoard:SceneClient] [(FBSceneManager):sceneID:com.poring.omori.ru-default] Adding extension: "_UISceneTransitioningExtension"
2026-07-18 20:38:42.526 Db OMORI[37743:1669a] [com.apple.FrontBoard:SceneClient] [(FBSceneManager):sceneID:com.poring.omori.ru-default] Instantiated component: "<_UISceneTransitioningClientComponent: 0x600000217040>"
2026-07-18 20:38:42.527 Df OMORI[37743:1669a] [com.apple.UIKit:BackgroundTask] Will add backgroundTask with taskName: Persistent SceneSession Map Update, expirationHandler: <__NSGlobalBlock__: 0x1e08e83c0>
2026-07-18 20:38:42.505 Df SpringBoard[35484:14aaf] [com.apple.SpringBoard:Common] SceneWorkspaceDelegate[0x60000024a640-com.apple.SpringBoard.SceneWorkspace.EyedropperUI] client did connect with handshake: <FBSceneClientHandshake:0x60000030d4a0; [app<com.poring.omori.ru((null))>:37743] remnants=0>
2026-07-18 20:38:42.527 Df OMORI[37743:1669a] [com.apple.UIKit:BackgroundTask] Reusing background assertion <BKSProcessAssertion: 0x6000021003c0>
2026-07-18 20:38:42.505 Df SpringBoard[35484:14aaf] [com.apple.SpringBoard:Common] SceneWorkspaceDelegate[0x60000024f6a0-com.apple.SpringBoard.SceneWorkspace.InternalPerfPowerHUD] client did connect with handshake: <FBSceneClientHandshake:0x6000003004a0; [app<com.poring.omori.ru((null))>:37743] remnants=0>
2026-07-18 20:38:42.527 Df OMORI[37743:1669a] [com.apple.UIKit:BackgroundTask] Incrementing reference count for background assertion <BKSProcessAssertion: 0x6000021003c0>
2026-07-18 20:38:42.528 Df OMORI[37743:1669a] [com.apple.UIKit:BackgroundTask] Created background task <_UIBackgroundTaskInfo: 0x600001711980>: taskID = 2, taskName = Persistent SceneSession Map Update, creationTime = 1920 (elapsed = 0).
2026-07-18 20:38:42.528 Df OMORI[37743:1669a] [com.apple.UIKit:Application] Deactivation reason added: 5; deactivation reasons: 1024 -> 1056; animating application lifecycle event: 1
2026-07-18 20:38:42.505 Df SpringBoard[35484:14aaf] [com.apple.SpringBoard:Common] SceneWorkspaceDelegate[0x60000024ed00-com.apple.SpringBoard.SceneWorkspace.Moments] client did connect with handshake: <FBSceneClientHandshake:0x60000030d100; [app<com.poring.omori.ru((null))>:37743] remnants=0>
2026-07-18 20:38:42.528 Db OMORI[37743:1669a] [com.apple.defaults:User Defaults] found no value for key LogInterfaceStyle in CFPrefsSearchListSource<0x600002c04480> (Domain: com.apple.UIKit, Container: (null))
2026-07-18 20:38:42.528 Df OMORI[37743:1669a] [com.apple.UIKit:InterfaceStyle] Not push traits update to screen for new style 1, <UIWindowScene: 0x103308830> (43967B8A-8EAA-4418-838B-A30EEB3CB558)
2026-07-18 20:38:42.505 Df SpringBoard[35484:14aaf] [com.apple.SpringBoard:Common] SceneWorkspaceDelegate[0x60000024e420-com.apple.SpringBoard.SceneWorkspace.AccessibilityUIServerUI] client did connect with handshake: <FBSceneClientHandshake:0x600000302440; [app<com.poring.omori.ru((null))>:37743] remnants=0>
2026-07-18 20:38:42.529 Df OMORI[37743:1669a] [com.apple.UIKit:InterfaceStyle] Should send trait collection or coordinate space update, interface style 1 -> 1, <UIWindowScene: 0x103308830> (43967B8A-8EAA-4418-838B-A30EEB3CB558)
2026-07-18 20:38:42.505 Df SpringBoard[35484:14aaf] [com.apple.SpringBoard:Common] SceneWorkspaceDelegate[0x60000024c820-com.apple.SpringBoard.SceneWorkspace.LiveTranscriptionUI] client did connect with handshake: <FBSceneClientHandshake:0x600000302440; [app<com.poring.omori.ru((null))>:37743] remnants=0>
2026-07-18 20:38:42.529 Db OMORI[37743:1669a] [com.apple.defaults:User Defaults] found no value for key FullKeyboardAccessEnabled in CFPrefsSearchListSource<0x600002c06d00> (Domain: com.apple.Accessibility, Container: (null))
2026-07-18 20:38:42.529 Db OMORI[37743:1669a] [com.apple.Accessibility:AXSupportCommon] CF Read: domain = com.apple.Accessibility, preference = FullKeyboardAccessEnabled, appID = (null) result = (null) (-1 - empty, 0 - false, 1 - true)
2026-07-18 20:38:42.506 Db SpringBoard[35484:156d5] [com.apple.BaseBoard:Common] [BSBlockSentinel:FBSScene] signaled! 2 of 2
2026-07-18 20:38:42.530 Db OMORI[37743:1669a] [com.apple.defaults:User Defaults] found no value for key FullKeyboardAccessEnabled in CFPrefsPlistSource<0x600002c07180> (Domain: com.apple.Accessibility, User: kCFPreferencesCurrentUser, ByHost: No, Container: /Users/runner/Library/Developer/CoreSimulator/Devices/CE505324-B3F4-4B42-8BC5-419D92D4505A/data, Contents Need Refresh: No)
2026-07-18 20:38:42.506 Db SpringBoard[35484:156d5] [com.apple.BaseBoard:Common] [BSBlockSentinel:FBSScene] dealloc
2026-07-18 20:38:42.530 Df OMORI[37743:1669a] [com.apple.UIKit:InterfaceStyle] Not push traits update to screen for new style 1, <UIWindowScene: 0x103308830> (43967B8A-8EAA-4418-838B-A30EEB3CB558)
2026-07-18 20:38:42.530 Db OMORI[37743:1669a] [com.apple.BacklightServices:scenes] create BLSBacklightFBSSceneEnvironment (BacklightUIServices) for scene:<UIWindowScene: 0x103308830; role: UIWindowSceneSessionRoleApplication; activationState: UISceneActivationStateUnattached> {
    session = <UISceneSession: 0x60000170c6c0; persistentIdentifier: 43967B8A-8EAA-4418-838B-A30EEB3CB558> {
        configuration = <UISceneConfiguration: 0x60000170c580; name: 0x0>;
    };
    delegate = (nil);
    screen = <UIScreen: 0x102706900; bounds: {{0, 0}, {667, 375}}; mode: <UIScreenMode: 0x6000002112a0; size = 750.000000 x 1334.000000>>;
}
2026-07-18 20:38:42.531 Db OMORI[37743:1669a] [com.apple.BacklightServices:scenes] 0x600000c10750 create environment:<BLSBacklightFBSSceneEnvironment: 0x600000c10750; identifier: 0x0; active: NO; liveUpdating: NO; unrestrictedFramerate: NO; aoSupport: NO; visualState: 0x0; presentationDate: 0x0> for scene:<FBSScene: 0x600003304a00; (FBSceneManager):sceneID:com.poring.omori.ru-default; valid: YES> {
    settings = <UIApplicationSceneSettings: 0x600002108be0> {
        settings = <BSKeyedSettings: 0x600000c03090> {
            displayConfiguration = <FBSDisplayConfiguration: 0x600003d04780; Main; mode: "375x667@2x 60Hz p3 SDR">;
            foreground = Yes;
            frame = NSRect: {{0, 0}, {375, 667}};
            interfaceOrientation = landscapeRight (3);
            interruptionPolicy = reconnect (2);
            level = 1;
            <SBSUIHomeScreenIconStyleSceneSettings> = <BSKeyedSettings: 0x600000c033f0> {
                iconStyleConfiguration = <SBSHomeScreenIconStyleConfiguration: 0x600000213240>;
            };
            <_UISceneTransitioningHostSettings> = <BSKeyedSettings: 0x600000c033c0> <…>
2026-07-18 20:38:42.531 Db OMORI[37743:1669a] [com.apple.BacklightServices:scenes] BLSBacklightFBSSceneEnvironment (BacklightUIServices) _settingsDiffActionsForScene
2026-07-18 20:38:42.531 Db OMORI[37743:1669a] [com.apple.BacklightServices:scenes] create BLSBacklightUISceneEnvironmentDiffAction:<_UIBacklightUISceneEnvironmentDiffAction: 0x6000000086d0>
2026-07-18 20:38:42.532 Db OMORI[37743:1669a] [com.apple.BacklightServices:scenes] BLSBacklightFBSSceneEnvironment (BacklightUIServices) _actionRespondersForScene
2026-07-18 20:38:42.532 Db OMORI[37743:1669a] [com.apple.BacklightServices:scenes] create BLSBacklightUISceneEnvironmentActionHandler:<_UIBacklightUISceneEnvironmentActionHandler: 0x600000004480>
2026-07-18 20:38:42.532 Db OMORI[37743:1669a] [com.apple.defaults:User Defaults] found no value for key LogHomeAffordanceObservation in CFPrefsSearchListSource<0x600002c04480> (Domain: com.apple.UIKit, Container: (null))
2026-07-18 20:38:42.532 Df OMORI[37743:1669a] [com.apple.UIKit:HomeAffordanceObservation] Initializing: <_UIHomeAffordanceSceneNotifier: 0x6000029097a0>; with scene: <UIWindowScene: 0x103308830>
2026-07-18 20:38:42.532 Db OMORI[37743:1669a] [com.apple.BacklightServices:scenes] BLSBacklightFBSSceneEnvironment (BacklightUIServices) _settingsDiffActionsForScene
2026-07-18 20:38:42.532 Db OMORI[37743:1669a] [com.apple.BacklightServices:scenes] create BLSBacklightUISceneEnvironmentDiffAction:<_UIBacklightUISceneEnvironmentDiffAction: 0x600000008710>
2026-07-18 20:38:42.532 Db OMORI[37743:1669a] [com.apple.BacklightServices:scenes] BLSBacklightFBSSceneEnvironment (BacklightUIServices) _actionRespondersForScene
2026-07-18 20:38:42.532 Db OMORI[37743:1669a] [com.apple.BacklightServices:scenes] create BLSBacklightUISceneEnvironmentActionHandler:<_UIBacklightUISceneEnvironmentActionHandler: 0x600000004650>
2026-07-18 20:38:42.532 Df OMORI[37743:1669a] [com.apple.BacklightServices:scenes] 0x600000c10750 setDelegate:<0x600000c03780 _UIBacklightEnvironment> hasDelegate:YES for environment:sceneID:com.poring.omori.ru-default
2026-07-18 20:38:42.533 Db OMORI[37743:1669a] [com.apple.BacklightServices:scenes] 0x600000c10750 setSupportsAlwaysOn:NO for environment:sceneID:com.poring.omori.ru-default
2026-07-18 20:38:42.533 Db OMORI[37743:1669a] [com.apple.BacklightServices:scenes] BLSBacklightFBSSceneEnvironment (BacklightUIServices) _settingsDiffActionsForScene
2026-07-18 20:38:42.533 Db OMORI[37743:1669a] [com.apple.BacklightServices:scenes] create BLSBacklightUISceneEnvironmentDiffAction:<_UIBacklightUISceneEnvironmentDiffAction: 0x600000008730>
2026-07-18 20:38:42.533 Db OMORI[37743:1669a] [com.apple.BacklightServices:scenes] BLSBacklightFBSSceneEnvironment (BacklightUIServices) _actionRespondersForScene
2026-07-18 20:38:42.533 Db OMORI[37743:1669a] [com.apple.BacklightServices:scenes] create BLSBacklightUISceneEnvironmentActionHandler:<_UIBacklightUISceneEnvironmentActionHandler: 0x600000008710>
2026-07-18 20:38:42.533 Df OMORI[37743:1669a] [com.apple.UIKit:InterfaceStyle] Not push traits update to screen for new style 1, <UIWindowScene: 0x103308830> (43967B8A-8EAA-4418-838B-A30EEB3CB558)
2026-07-18 20:38:42.533 Db OMORI[37743:1669a] [com.apple.defaults:User Defaults] found no value for key LogEventDeferring in CFPrefsSearchListSource<0x600002c04480> (Domain: com.apple.UIKit, Container: (null))
2026-07-18 20:38:42.533 Df OMORI[37743:1669a] [com.apple.UIKit:EventDeferring] [0x600002908850] Initialized with scene: <UIWindowScene: 0x103308830>; behavior: <_UIEventDeferringBehavior_iOS: 0x600000210ec0>; systemShellManagesKeyboardFocus: 1
2026-07-18 20:38:42.533 Db OMORI[37743:1669a] [com.apple.BacklightServices:scenes] BLSBacklightFBSSceneEnvironment (BacklightUIServices) _settingsDiffActionsForScene
2026-07-18 20:38:42.533 Db OMORI[37743:1669a] [com.apple.BacklightServices:scenes] create BLSBacklightUISceneEnvironmentDiffAction:<_UIBacklightUISceneEnvironmentDiffAction: 0x6000000044c0>
2026-07-18 20:38:42.533 Db OMORI[37743:1669a] [com.apple.BacklightServices:scenes] BLSBacklightFBSSceneEnvironment (BacklightUIServices) _actionRespondersForScene
2026-07-18 20:38:42.533 Db OMORI[37743:1669a] [com.apple.BacklightServices:scenes] create BLSBacklightUISceneEnvironmentActionHandler:<_UIBacklightUISceneEnvironmentActionHandler: 0x60000000c690>
2026-07-18 20:38:42.533 Db OMORI[37743:1669a] [com.apple.defaults:User Defaults] found no value for key LogKeyWindow in CFPrefsSearchListSource<0x600002c04480> (Domain: com.apple.UIKit, Container: (null))
2026-07-18 20:38:42.534 Df OMORI[37743:1669a] [com.apple.xpc:connection] [0x103309140] activating connection: mach=false listener=false peer=false name=(anonymous)
2026-07-18 20:38:42.535 Db OMORI[37743:166a6] [com.apple.BaseBoard:MachPort]  *|machport|* <BSMachPortTaskNameRight: 0x600001713b40; usable: YES; (37743:4603:send task_name_for_pid:backboardd.35505)> -> (<NSThread: 0x600001713b00>{number = 6, name = (null)}) (
	0   BaseBoard                           0x0000000183b27b10 -[BSMachPortRight _initWithPort:type:owner:trace:] + 192
	1   BaseBoard                           0x0000000183b29adc -[BSMachPortTaskNameRight initWithPID:] + 260
	2   BaseBoard                           0x0000000183b2997c +[BSMachPortTaskNameRight taskNameForPID:] + 56
	3   BaseBoard                           0x0000000183b39380 +[BSProcessHandle processHandleForXPCConnection:] + 176
	4   BoardServices                       0x00000001874b8448 +[BSXPCServiceConnectionPeer peerOfConnection:] + 316
	5   BoardServices                       0x00000001874e1ea4 __55-[BSXPCServiceConnection _lock_activateNowOrWhenReady:]_block_invoke_3 + 132
	6   BoardServices                       0x00000001874da408 __55-[BSXPCServiceConnectionMessage _actuallySendWithMode:]_block_invoke + 1
2026-07-18 20:38:42.536 Df OMORI[37743:1669a] [com.apple.BackBoard:EventDelivery] policyStatus:<BKSHIDEventDeliveryPolicyObserver: 0x600002103570; process scope; status: target> was:none
2026-07-18 20:38:42.536 Df OMORI[37743:1669a] [com.apple.UIKit:KeyWindow] Setting default evaluation strategy for UIUserInterfaceIdiomPhone to LastOneWins
2026-07-18 20:38:42.536 Df OMORI[37743:1669a] [com.apple.UIKit:KeyWindow] Scene target of keyboard event deferring environment did change: 1; scene: UIWindowScene: 0x103308830; scene identity: com.apple.frontboard.systemappservices/FBSceneManager:sceneID%3Acom.poring.omori.ru-default
2026-07-18 20:38:42.536 Df OMORI[37743:1669a] [com.apple.UIKit:EventDeferring] [0x600002908850] Scene target of event deferring environments did update: scene: 0x103308830; current systemShellManagesKeyboardFocus: 1; systemShellManagesKeyboardFocusForScene: 1; eligibleForRecordRemoval: 1;
2026-07-18 20:38:42.536 Df OMORI[37743:1669a] [com.apple.UIKit:KeyWindow] Scene became target of keyboard event deferring environment: UIWindowScene: 0x103308830; scene identity: com.apple.frontboard.systemappservices/FBSceneManager:sceneID%3Acom.poring.omori.ru-default
2026-07-18 20:38:42.536 Df OMORI[37743:1669a] [com.apple.UIKit:KeyWindow] Setting default evaluation strategy for UIUserInterfaceIdiomPhone to SystemShellManaged
2026-07-18 20:38:42.536 Df OMORI[37743:1669a] [com.apple.UIKit:KeyWindow] Key window needs update: 0; currentKeyWindowScene: 0x0; evaluatedKeyWindowScene: 0x103308830; currentApplicationKeyWindow: 0x0; evaluatedApplicationKeyWindow: 0x0; reason: UIWindowScene: 0x103308830: Window scene became target of keyboard environment
2026-07-18 20:38:42.536 Db OMORI[37743:1669a] [com.apple.BacklightServices:scenes] BLSBacklightFBSSceneEnvironment (BacklightUIServices) _settingsDiffActionsForScene
2026-07-18 20:38:42.536 Db OMORI[37743:1669a] [com.apple.BacklightServices:scenes] create BLSBacklightUISceneEnvironmentDiffAction:<_UIBacklightUISceneEnvironmentDiffAction: 0x600000008740>
2026-07-18 20:38:42.536 Db OMORI[37743:1669a] [com.apple.BacklightServices:scenes] BLSBacklightFBSSceneEnvironment (BacklightUIServices) _actionRespondersForScene
2026-07-18 20:38:42.536 Db OMORI[37743:1669a] [com.apple.BacklightServices:scenes] create BLSBacklightUISceneEnvironmentActionHandler:<_UIBacklightUISceneEnvironmentActionHandler: 0x60000000c680>
2026-07-18 20:38:42.537 Db OMORI[37743:1669a] [com.apple.BacklightServices:scenes] BLSBacklightFBSSceneEnvironment (BacklightUIServices) _settingsDiffActionsForScene
2026-07-18 20:38:42.537 Db OMORI[37743:1669a] [com.apple.BacklightServices:scenes] create BLSBacklightUISceneEnvironmentDiffAction:<_UIBacklightUISceneEnvironmentDiffAction: 0x6000000086d0>
2026-07-18 20:38:42.537 Db OMORI[37743:1669a] [com.apple.BacklightServices:scenes] BLSBacklightFBSSceneEnvironment (BacklightUIServices) _actionRespondersForScene
2026-07-18 20:38:42.537 Db OMORI[37743:1669a] [com.apple.BacklightServices:scenes] create BLSBacklightUISceneEnvironmentActionHandler:<_UIBacklightUISceneEnvironmentActionHandler: 0x600000004530>
2026-07-18 20:38:42.537 Df OMORI[37743:1669a] [com.apple.UIKit:InterfaceStyle] Not push traits update to screen for new style 1, <UIWindowScene: 0x103308830> (43967B8A-8EAA-4418-838B-A30EEB3CB558)
2026-07-18 20:38:42.537 Db OMORI[37743:1669a] [com.apple.BacklightServices:scenes] BLSBacklightFBSSceneEnvironment (BacklightUIServices) _settingsDiffActionsForScene
2026-07-18 20:38:42.537 Db OMORI[37743:1669a] [com.apple.BacklightServices:scenes] create BLSBacklightUISceneEnvironmentDiffAction:<_UIBacklightUISceneEnvironmentDiffAction: 0x6000000044f0>
2026-07-18 20:38:42.537 Db OMORI[37743:1669a] [com.apple.BacklightServices:scenes] BLSBacklightFBSSceneEnvironment (BacklightUIServices) _actionRespondersForScene
2026-07-18 20:38:42.537 Db OMORI[37743:1669a] [com.apple.BacklightServices:scenes] create BLSBacklightUISceneEnvironmentActionHandler:<_UIBacklightUISceneEnvironmentActionHandler: 0x60000000c650>
2026-07-18 20:38:42.537 Db OMORI[37743:1669a] [com.apple.BacklightServices:scenes] BLSBacklightFBSSceneEnvironment (BacklightUIServices) _settingsDiffActionsForScene
2026-07-18 20:38:42.537 Db OMORI[37743:1669a] [com.apple.BacklightServices:scenes] create BLSBacklightUISceneEnvironmentDiffAction:<_UIBacklightUISceneEnvironmentDiffAction: 0x600000008770>
2026-07-18 20:38:42.537 Db OMORI[37743:1669a] [com.apple.BacklightServices:scenes] BLSBacklightFBSSceneEnvironment (BacklightUIServices) _actionRespondersForScene
2026-07-18 20:38:42.537 Db OMORI[37743:1669a] [com.apple.BacklightServices:scenes] create BLSBacklightUISceneEnvironmentActionHandler:<_UIBacklightUISceneEnvironmentActionHandler: 0x600000008760>
2026-07-18 20:38:42.538 Db OMORI[37743:1669a] [com.apple.BacklightServices:scenes] BLSBacklightFBSSceneEnvironment (BacklightUIServices) _settingsDiffActionsForScene
2026-07-18 20:38:42.538 Db OMORI[37743:1669a] [com.apple.BacklightServices:scenes] create BLSBacklightUISceneEnvironmentDiffAction:<_UIBacklightUISceneEnvironmentDiffAction: 0x600000008740>
2026-07-18 20:38:42.538 Db OMORI[37743:1669a] [com.apple.BacklightServices:scenes] BLSBacklightFBSSceneEnvironment (BacklightUIServices) _actionRespondersForScene
2026-07-18 20:38:42.538 Db OMORI[37743:1669a] [com.apple.BacklightServices:scenes] create BLSBacklightUISceneEnvironmentActionHandler:<_UIBacklightUISceneEnvironmentActionHandler: 0x600000004620>
2026-07-18 20:38:42.538 Df OMORI[37743:1669a] [com.apple.UIKit:InterfaceStyle] Not push traits update to screen for new style 1, <UIWindowScene: 0x103308830> (43967B8A-8EAA-4418-838B-A30EEB3CB558)
2026-07-18 20:38:42.538 Db OMORI[37743:1669a] [com.apple.BacklightServices:scenes] BLSBacklightFBSSceneEnvironment (BacklightUIServices) _settingsDiffActionsForScene
2026-07-18 20:38:42.538 Db OMORI[37743:1669a] [com.apple.BacklightServices:scenes] create BLSBacklightUISceneEnvironmentDiffAction:<_UIBacklightUISceneEnvironmentDiffAction: 0x600000008900>
2026-07-18 20:38:42.538 Db OMORI[37743:1669a] [com.apple.BacklightServices:scenes] BLSBacklightFBSSceneEnvironment (BacklightUIServices) _actionRespondersForScene
2026-07-18 20:38:42.538 Db OMORI[37743:1669a] [com.apple.BacklightServices:scenes] create BLSBacklightUISceneEnvironmentActionHandler:<_UIBacklightUISceneEnvironmentActionHandler: 0x600000004680>
2026-07-18 20:38:42.538 Db OMORI[37743:1669a] [com.apple.BacklightServices:scenes] BLSBacklightFBSSceneEnvironment (BacklightUIServices) _settingsDiffActionsForScene
2026-07-18 20:38:42.538 Db OMORI[37743:1669a] [com.apple.BacklightServices:scenes] create BLSBacklightUISceneEnvironmentDiffAction:<_UIBacklightUISceneEnvironmentDiffAction: 0x600000008710>
2026-07-18 20:38:42.538 Db OMORI[37743:1669a] [com.apple.BacklightServices:scenes] BLSBacklightFBSSceneEnvironment (BacklightUIServices) _actionRespondersForScene
2026-07-18 20:38:42.538 Db OMORI[37743:1669a] [com.apple.BacklightServices:scenes] create BLSBacklightUISceneEnvironmentActionHandler:<_UIBacklightUISceneEnvironmentActionHandler: 0x600000008820>
2026-07-18 20:38:42.538 Db OMORI[37743:1669a] [com.apple.BacklightServices:scenes] BLSBacklightFBSSceneEnvironment (BacklightUIServices) _settingsDiffActionsForScene
2026-07-18 20:38:42.538 Db OMORI[37743:1669a] [com.apple.BacklightServices:scenes] create BLSBacklightUISceneEnvironmentDiffAction:<_UIBacklightUISceneEnvironmentDiffAction: 0x600000008760>
2026-07-18 20:38:42.539 Db OMORI[37743:1669a] [com.apple.BacklightServices:scenes] BLSBacklightFBSSceneEnvironment (BacklightUIServices) _actionRespondersForScene
2026-07-18 20:38:42.539 Db OMORI[37743:1669a] [com.apple.BacklightServices:scenes] create BLSBacklightUISceneEnvironmentActionHandler:<_UIBacklightUISceneEnvironmentActionHandler: 0x6000000046b0>
2026-07-18 20:38:42.539 Df OMORI[37743:1669a] [com.apple.UIKit:InterfaceStyle] Not push traits update to screen for new style 1, <UIWindowScene: 0x103308830> (43967B8A-8EAA-4418-838B-A30EEB3CB558)
2026-07-18 20:38:42.539 Db OMORI[37743:1669a] [com.apple.BacklightServices:scenes] BLSBacklightFBSSceneEnvironment (BacklightUIServices) _settingsDiffActionsForScene
2026-07-18 20:38:42.539 Db OMORI[37743:1669a] [com.apple.BacklightServices:scenes] create BLSBacklightUISceneEnvironmentDiffAction:<_UIBacklightUISceneEnvironmentDiffAction: 0x600000008820>
2026-07-18 20:38:42.539 Db OMORI[37743:1669a] [com.apple.BacklightServices:scenes] BLSBacklightFBSSceneEnvironment (BacklightUIServices) _actionRespondersForScene
2026-07-18 20:38:42.539 Db OMORI[37743:1669a] [com.apple.BacklightServices:scenes] create BLSBacklightUISceneEnvironmentActionHandler:<_UIBacklightUISceneEnvironmentActionHandler: 0x600000004690>
2026-07-18 20:38:42.539 Db OMORI[37743:1669a] [com.apple.BacklightServices:scenes] BLSBacklightFBSSceneEnvironment (BacklightUIServices) _settingsDiffActionsForScene
2026-07-18 20:38:42.539 Db OMORI[37743:1669a] [com.apple.BacklightServices:scenes] create BLSBacklightUISceneEnvironmentDiffAction:<_UIBacklightUISceneEnvironmentDiffAction: 0x6000000046b0>
2026-07-18 20:38:42.539 Db OMORI[37743:1669a] [com.apple.BacklightServices:scenes] BLSBacklightFBSSceneEnvironment (BacklightUIServices) _actionRespondersForScene
2026-07-18 20:38:42.539 Db OMORI[37743:1669a] [com.apple.BacklightServices:scenes] create BLSBacklightUISceneEnvironmentActionHandler:<_UIBacklightUISceneEnvironmentActionHandler: 0x6000000044f0>
2026-07-18 20:38:42.540 Df OMORI[37743:1669a] [com.apple.UIKit:InterfaceStyle] Not push traits update to screen for new style 1, <UIWindowScene: 0x103308830> (43967B8A-8EAA-4418-838B-A30EEB3CB558)
2026-07-18 20:38:42.541 Db OMORI[37743:1669a] [com.apple.defaults:User Defaults] found no value for key LogAppLifecycle in CFPrefsSearchListSource<0x600002c04480> (Domain: com.apple.UIKit, Container: (null))
2026-07-18 20:38:42.541 Df OMORI[37743:1669a] [com.apple.UIKit:AppLifecycle] sceneOfRecord: sceneID: sceneID:com.poring.omori.ru-default  persistentID: 43967B8A-8EAA-4418-838B-A30EEB3CB558
2026-07-18 20:38:42.544 Df SpringBoard[35484:14aaf] [com.apple.SpringBoard:KeyboardFocus] [coordinator] using MRU target <com.apple.frontboard.systemappservices/FBSceneManager:sceneID%3Acom.poring.omori.ru-default pid:37743>
2026-07-18 20:38:42.544 Df SpringBoard[35484:14aaf] [com.apple.SpringBoard:KeyboardFocus] [coordinator] informing scene controller 'com.apple.springboard' of focusTarget: <com.apple.frontboard.systemappservices/FBSceneManager:sceneID%3Acom.poring.omori.ru-default pid:37743>
2026-07-18 20:38:42.544 Db SpringBoard[35484:14aaf] [com.apple.SpringBoard:KeyboardFocus] [com.apple.springboard] - generating new policy for reason: <keyboardArbiterSuggestion> - last non-SB keyboard arbiter suggestion: <com.apple.frontboard.systemappservices/FBSceneManager:sceneID%3Acom.poring.omori.ru-default pid:37743>]
2026-07-18 20:38:42.544 Db SpringBoard[35484:14aaf] [com.apple.SpringBoard:KeyboardFocus] [com.apple.springboard] - generated policy for reason: <keyboardArbiterSuggestion> - {
    keyboardFocusTarget: <com.apple.frontboard.systemappservices/FBSceneManager:sceneID%3Acom.poring.omori.ru-default pid:37743>;
    selectionPolicy: KeyboardArbiter;
    shouldSuppressRemoteDeferring: 0;
} : <BSAuditHistory: 0x6000000367b0>]
2026-07-18 20:38:42.544 Df SpringBoard[35484:14aaf] [com.apple.SpringBoard:KeyboardFocus] [coordinator] keyboard arbiter suggested <nothing> and we replied <com.apple.frontboard.systemappservices/FBSceneManager:sceneID%3Acom.poring.omori.ru-default pid:37743>
=== Messages dropped during live streaming (use `log show` to see what they were)
2026-07-18 20:38:42.701 Db OMORI[37743:1669a] [com.apple.defaults:User Defaults] found no value for key WebCoreLogging in CFPrefsSearchListSource<0x600002c0a780> (Domain: com.poring.omori.ru, Container: (null))
2026-07-18 20:38:42.702 Db OMORI[37743:1669a] [com.apple.defaults:User Defaults] found no value for key WebKit2Logging in CFPrefsSearchListSource<0x600002c0a780> (Domain: com.poring.omori.ru, Container: (null))
2026-07-18 20:38:42.712 I  OMORI[37743:166a1] [com.apple.WebPrivacy:XPC] Connecting to system daemon: com.apple.webprivacyd
2026-07-18 20:38:42.712 Df OMORI[37743:166a1] [com.apple.xpc:connection] [0x600003d003c0] activating connection: mach=true listener=false peer=false name=com.apple.webprivacyd
2026-07-18 20:38:42.713 Db OMORI[37743:1669a] [com.apple.CFBundle:resources] Resource lookup at CFBundle 0x600003b001c0 </Users/runner/Library/Developer/CoreSimulator/Devices/CE505324-B3F4-4B42-8BC5-419D92D4505A/data/Containers/Bundle/Application/68FD9B46-0DC2-4DCC-A79E-7788F5EADCC6/OMORI.app> (executable, loaded)
	Request       : InfoPlist type: strings
	Result        : None
2026-07-18 20:38:42.713 Db OMORI[37743:1669a] [com.apple.CFBundle:resources] Resource lookup at CFBundle 0x600003b001c0 </Users/runner/Library/Developer/CoreSimulator/Devices/CE505324-B3F4-4B42-8BC5-419D92D4505A/data/Containers/Bundle/Application/68FD9B46-0DC2-4DCC-A79E-7788F5EADCC6/OMORI.app> (executable, loaded)
	Request       : InfoPlist type: stringsdict
	Result        : None
2026-07-18 20:38:42.713 Db OMORI[37743:1669a] [com.apple.defaults:User Defaults] found no value for key WebKitDebugDeveloperExtrasEnabled in CFPrefsSearchListSource<0x600002c0a780> (Domain: com.poring.omori.ru, Container: (null))
2026-07-18 20:38:42.713 Db OMORI[37743:1669a] [com.apple.defaults:User Defaults] found no value for key WebKitDebugVisibleDebugOverlayRegions in CFPrefsSearchListSource<0x600002c0a780> (Domain: com.poring.omori.ru, Container: (null))
2026-07-18 20:38:42.713 Db OMORI[37743:1669a] [com.apple.defaults:User Defaults] found no value for key WebKitDebugCompositingBordersVisible in CFPrefsSearchListSource<0x600002c0a780> (Domain: com.poring.omori.ru, Container: (null))
2026-07-18 20:38:42.713 Db OMORI[37743:1669a] [com.apple.defaults:User Defaults] found no value for key WebKitDebugCompositingRepaintCountersVisible in CFPrefsSearchListSource<0x600002c0a780> (Domain: com.poring.omori.ru, Container: (null))
2026-07-18 20:38:42.713 Db OMORI[37743:1669a] [com.apple.defaults:User Defaults] found no value for key WebKitDebugDeclarativeWebPush in CFPrefsSearchListSource<0x600002c0a780> (Domain: com.poring.omori.ru, Container: (null))
2026-07-18 20:38:42.713 Db OMORI[37743:1669a] [com.apple.defaults:User Defaults] found no value for key WebKitDebugDisableScreenSizeOverride in CFPrefsSearchListSource<0x600002c0a780> (Domain: com.poring.omori.ru, Container: (null))
2026-07-18 20:38:42.713 Db OMORI[37743:1669a] [com.apple.defaults:User Defaults] found no value for key WebKitDebugForceAlwaysUserScalable in CFPrefsSearchListSource<0x600002c0a780> (Domain: com.poring.omori.ru, Container: (null))
2026-07-18 20:38:42.713 Db OMORI[37743:1669a] [com.apple.defaults:User Defaults] found no value for key WebKitDebugAcceleratedDrawingEnabled in CFPrefsSearchListSource<0x600002c0a780> (Domain: com.poring.omori.ru, Container: (null))
2026-07-18 20:38:42.713 Db OMORI[37743:1669a] [com.apple.defaults:User Defaults] found no value for key WebKitDebugLegacyLineLayoutVisualCoverageEnabled in CFPrefsSearchListSource<0x600002c0a780> (Domain: com.poring.omori.ru, Container: (null))
2026-07-18 20:38:42.713 Db OMORI[37743:1669a] [com.apple.defaults:User Defaults] found no value for key WebKitDebugLogsPageMessagesToSystemConsoleEnabled in CFPrefsSearchListSource<0x600002c0a780> (Domain: com.poring.omori.ru, Container: (null))
2026-07-18 20:38:42.713 Db OMORI[37743:1669a] [com.apple.defaults:User Defaults] found no value for key WebKitDebugNeedsInAppBrowserPrivacyQuirks in CFPrefsSearchListSource<0x600002c0a780> (Domain: com.poring.omori.ru, Container: (null))
2026-07-18 20:38:42.713 Db OMORI[37743:1669a] [com.apple.defaults:User Defaults] found no value for key WebKitDebugResourceUsageOverlayVisible in CFPrefsSearchListSource<0x600002c0a780> (Domain: com.poring.omori.ru, Container: (null))
2026-07-18 20:38:42.713 Db OMORI[37743:1669a] [com.apple.defaults:User Defaults] found no value for key WebKitDebugTiledScrollingIndicatorVisible in CFPrefsSearchListSource<0x600002c0a780> (Domain: com.poring.omori.ru, Container: (null))
2026-07-18 20:38:42.713 Db OMORI[37743:1669a] [com.apple.defaults:User Defaults] found no value for key WebKitDebugWebInspectorEngineeringSettingsAllowed in CFPrefsSearchListSource<0x600002c0a780> (Domain: com.poring.omori.ru, Container: (null))
2026-07-18 20:38:42.713 Db OMORI[37743:1669a] [com.apple.defaults:User Defaults] found no value for key WKLockdownModeEnabled in CFPrefsPlistSource<0x600002c04880> (Domain: kCFPreferencesAnyApplication, User: kCFPreferencesCurrentUser, ByHost: No, Container: (null), Contents Need Refresh: No)
2026-07-18 20:38:42.713 Db OMORI[37743:1669a] [com.apple.defaults:User Defaults] found no value for key LDMGlobalEnabled in CFPrefsPlistSource<0x600002c04880> (Domain: kCFPreferencesAnyApplication, User: kCFPreferencesCurrentUser, ByHost: No, Container: (null), Contents Need Refresh: No)
2026-07-18 20:38:42.714 Db OMORI[37743:1669a] [com.apple.defaults:User Defaults] found no value for key WebKitDebugDragLiftDelay in CFPrefsSearchListSource<0x600002c0a780> (Domain: com.poring.omori.ru, Container: (null))
2026-07-18 20:38:42.716 Db OMORI[37743:1669a] [com.apple.Foundation:general] NSURL parameterString is deprecated and now always returns nil. The path component now includes the part of the URL string which parameterString used to return.
URL = file:///Users/runner/Library/Developer/CoreSimulator/Devices/CE505324-B3F4-4B42-8BC5-419D92D4505A/data/Containers/Data/Application/61E23A35-B697-4817-80F8-415BCE5F076C/Library/Caches/com.poring.omori.ru/WebKit/CacheStorage/
2026-07-18 20:38:42.716 Db OMORI[37743:1669a] [com.apple.foundation:general] CFURLCopyParameterString is deprecated and now always returns NULL. The path component now includes the part of the URL string which CFURLCopyParameterString used to return.
URL = file:///Users/runner/Library/Developer/CoreSimulator/Devices/CE505324-B3F4-4B42-8BC5-419D92D4505A/data/Containers/Data/Application/61E23A35-B697-4817-80F8-415BCE5F076C/Library/Caches/com.poring.omori.ru/WebKit/CacheStorage/
2026-07-18 20:38:42.720 Df OMORI[37743:1669a] [com.apple.WebKit:Storage] 0x10270f178 - WebsiteDataStore::WebsiteDataStore sessionID=1
2026-07-18 20:38:42.721 Db OMORI[37743:166a4] [com.apple.CFBundle:resources] Resource lookup at CFBundle 0x600003b001c0 </Users/runner/Library/Developer/CoreSimulator/Devices/CE505324-B3F4-4B42-8BC5-419D92D4505A/data/Containers/Bundle/Application/68FD9B46-0DC2-4DCC-A79E-7788F5EADCC6/OMORI.app> (executable, loaded)
	Request       : InfoPlist type: strings
	Result        : None
2026-07-18 20:38:42.721 Db OMORI[37743:166a4] [com.apple.CFBundle:resources] Resource lookup at CFBundle 0x600003b001c0 </Users/runner/Library/Developer/CoreSimulator/Devices/CE505324-B3F4-4B42-8BC5-419D92D4505A/data/Containers/Bundle/Application/68FD9B46-0DC2-4DCC-A79E-7788F5EADCC6/OMORI.app> (executable, loaded)
	Request       : InfoPlist type: stringsdict
	Result        : None
2026-07-18 20:38:42.722 Db OMORI[37743:166a4] [com.apple.CFBundle:resources] Resource lookup at CFBundle 0x600003b001c0 </Users/runner/Library/Developer/CoreSimulator/Devices/CE505324-B3F4-4B42-8BC5-419D92D4505A/data/Containers/Bundle/Application/68FD9B46-0DC2-4DCC-A79E-7788F5EADCC6/OMORI.app> (executable, loaded)
	Request       : InfoPlist type: strings
	Result        : None
2026-07-18 20:38:42.722 Db OMORI[37743:166a4] [com.apple.CFBundle:resources] Resource lookup at CFBundle 0x600003b001c0 </Users/runner/Library/Developer/CoreSimulator/Devices/CE505324-B3F4-4B42-8BC5-419D92D4505A/data/Containers/Bundle/Application/68FD9B46-0DC2-4DCC-A79E-7788F5EADCC6/OMORI.app> (executable, loaded)
	Request       : InfoPlist type: stringsdict
	Result        : None
2026-07-18 20:38:42.724 Db OMORI[37743:1669a] [com.apple.defaults:User Defaults] found no value for key WebKitFastClickingDisabled in CFPrefsSearchListSource<0x600002c0a780> (Domain: com.poring.omori.ru, Container: (null))
2026-07-18 20:38:42.728 Df OMORI[37743:1669a] [com.apple.WebKit:Process] 0x103204f08 - PageConfiguration::delaysWebProcessLaunchUntilFirstLoad() -> false because of associated processPool value
2026-07-18 20:38:42.728 Df OMORI[37743:1669a] [com.apple.WebKit:Process] 0x10382ec08 - WebProcessPool::createWebPage: Not delaying WebProcess launch
2026-07-18 20:38:42.731 Df OMORI[37743:1669a] [com.apple.WebKit:Process] 0x110018c40 - [PID=0] WebProcessProxy::constructor:
2026-07-18 20:38:42.732 Db OMORI[37743:1669a] [com.apple.defaults:User Defaults] found no value for key WKStylusDeviceObserverChangeTimeInterval in CFPrefsSearchListSource<0x600002c0a780> (Domain: com.poring.omori.ru, Container: (null))
2026-07-18 20:38:42.733 Df OMORI[37743:166a4] [com.apple.BackBoard:MousePointer] Activating Connection: <(null):0x60000210cb90>
2026-07-18 20:38:42.733 Db OMORI[37743:1669a] [com.apple.defaults:User Defaults] looked up value (
    "en-US"
) for key AppleLanguages in CFPrefsPlistSource<0x600002c04a00> (Domain: kCFPreferencesAnyApplication, User: kCFPreferencesCurrentUser, ByHost: No, Container: /Users/runner/Library/Developer/CoreSimulator/Devices/CE505324-B3F4-4B42-8BC5-419D92D4505A/data, Contents Need Refresh: No) via CFPrefsSearchListSource<0x600002c0a780> (Domain: com.poring.omori.ru, Container: (null))
2026-07-18 20:38:42.735 Db OMORI[37743:1669a] [com.apple.CFBundle:resources] Resource lookup at CFBundle 0x600003b001c0 </Users/runner/Library/Developer/CoreSimulator/Devices/CE505324-B3F4-4B42-8BC5-419D92D4505A/data/Containers/Bundle/Application/68FD9B46-0DC2-4DCC-A79E-7788F5EADCC6/OMORI.app> (executable, loaded)
	Request       : WebContentExtension type: appex path: Extensions
	Result        : None
2026-07-18 20:38:42.736 Db OMORI[37743:166a0] [com.apple.launchservices:error] Constructing NSError NSOSStatusErrorDomain/-10813 at _LSCopyLocalDatabase:799
2026-07-18 20:38:42.736 Df OMORI[37743:1669a] [com.apple.WebKit:ProcessSuspension] 0x11000c2d0 - [PID=0, throttler=0x110018d08] ProcessThrottler::Activity::Activity: Starting background activity / 'WebProcess initialization'
2026-07-18 20:38:42.736 Db OMORI[37743:166a0] [com.apple.launchservices:db] LS DB needs to be mapped into process 37743 for session LSSessionKey(system: 0 uid: 501) (existing DB @ 0x0).
2026-07-18 20:38:42.737 Db OMORI[37743:1669a] [com.apple.defaults:User Defaults] found no value for key WebKitCrashOnSecureCodingWithExemptClassesKey in CFPrefsSearchListSource<0x600002c0a780> (Domain: com.poring.omori.ru, Container: (null))
2026-07-18 20:38:42.737 Df OMORI[37743:166a0] [com.apple.xpc:connection] [0x103214310] activating connection: mach=true listener=false peer=false name=com.apple.lsd.mapdb
2026-07-18 20:38:42.737 Db OMORI[37743:1669a] [com.apple.defaults:User Defaults] found no value for key WebKitJavaScriptCoreUseConfigFile in CFPrefsSearchListSource<0x600002c0a780> (Domain: com.poring.omori.ru, Container: (null))
2026-07-18 20:38:42.737 Db OMORI[37743:166a0] [com.apple.coreservicesstore:default] Creating CSStore from XPC coder with length 6209536
2026-07-18 20:38:42.737 Db OMORI[37743:166a0] [com.apple.coreservicesstore:default] Checked CSStore data with lengths 6209536/6205812/6209284
2026-07-18 20:38:42.737 Db OMORI[37743:166a0] [com.apple.launchservices:db] Loaded LS database with sequence number 608
2026-07-18 20:38:42.738 Db OMORI[37743:166a0] [com.apple.launchservices:db] Client database updated - seq#: 608
2026-07-18 20:38:42.738 Db OMORI[37743:166a0] [com.apple.launchservices:default] No extension point parent specified, returning first extension point found id: 184
2026-07-18 20:38:42.738 Db OMORI[37743:166a0] [com.apple.launchservices:record] Invoking selector extensionPointRecordWithContext:tableID:unitID:unitBytes: on <LSApplicationExtensionRecord 0x600002605da0> to get the value for property extensionPointRecord
2026-07-18 20:38:42.738 Db OMORI[37743:166a0] [com.apple.launchservices:default] No extension point parent specified, returning first extension point found id: 184
2026-07-18 20:38:42.738 Db OMORI[37743:166a0] [com.apple.launchservices:record] Invoking selector identifierWithContext:tableID:unitID:unitBytes: on <LSExtensionPointRecord 0x600000219060> to get the value for property identifier
2026-07-18 20:38:42.739 Db OMORI[37743:1669a] [com.apple.defaults:User Defaults] found no value for key UITextCheckerEnablePostEditingGrammarCheck in CFPrefsSearchListSource<0x600002c0a780> (Domain: com.poring.omori.ru, Container: (null))
2026-07-18 20:38:42.739 Df OMORI[37743:166a4] [com.apple.extensionkit:launch] Launching process with config: bundleID: com.apple.WebKit.WebContent instance ID: Optional([_EXExtensionInstanceIdentifier: E2502A56-07F4-4FA7-992D-BFDF7F54D091])
2026-07-18 20:38:42.739 Db OMORI[37743:166a4] [com.apple.launchservices:record] Invoking selector SDKDictionaryWithContext:tableID:unitID:unitBytes: on <LSExtensionPointRecord 0x600000219060> to get the value for property SDKDictionary
2026-07-18 20:38:42.739 Db OMORI[37743:166a4] [com.apple.launchservices:default] Got plist data 0x103215830 for unit 990 from database 0x10480f600
2026-07-18 20:38:42.739 Db OMORI[37743:166a4] [com.apple.launchservices:default] Getting plist hint for data 0x103215830
2026-07-18 20:38:42.740 I  OMORI[37743:166a4] [com.apple.launchservices:datasep] application record search init. Node: <FSNode 0x600000224960> { isDir = y, path = '/Users/runner/Library/Developer/CoreSimulator/Devices/CE505324-B3F4-4B42-8BC5-419D92D4505A/data/Containers/Bundle/Application/68FD9B46-0DC2-4DCC-A79E-7788F5EADCC6/OMORI.app' } bundleID: (null) itemID: 0
2026-07-18 20:38:42.740 Db OMORI[37743:1669a] [com.apple.defaults:User Defaults] looked up value 1 for key WebKitJSCJITEnabledDefaultsKey in CFPrefsSource<0x6000017085c0> (Domain: Volatile, User: , ByHost: No, Container: , Contents Need Refresh: No) via CFPrefsSearchListSource<0x600002c0a780> (Domain: com.poring.omori.ru, Container: (null))
2026-07-18 20:38:42.740 Db OMORI[37743:1669a] [com.apple.defaults:User Defaults] looked up value 1 for key WebKitJSCFTLJITEnabledDefaultsKey in CFPrefsSource<0x6000017085c0> (Domain: Volatile, User: , ByHost: No, Container: , Contents Need Refresh: No) via CFPrefsSearchListSource<0x600002c0a780> (Domain: com.poring.omori.ru, Container: (null))
2026-07-18 20:38:42.740 Db OMORI[37743:1669a] [com.apple.defaults:User Defaults] found no value for key LogMemoryJetsamDetails in CFPrefsSearchListSource<0x600002c0a780> (Domain: com.poring.omori.ru, Container: (null))
2026-07-18 20:38:42.740 Db OMORI[37743:166a4] [com.apple.launchservices:binding] BindingEvaluator::CreateWithBundleInfo(ID=(null), name=OMORI.app, CC=????, vers=(null))
2026-07-18 20:38:42.740 Db OMORI[37743:1669a] [com.apple.defaults:User Defaults] found no value for key WebKitSuppressMemoryPressureHandler in CFPrefsSearchListSource<0x600002c0a780> (Domain: com.poring.omori.ru, Container: (null))
2026-07-18 20:38:42.740 Db OMORI[37743:166a4] [com.apple.launchservices:binding] Running evaluator 0x16dcad8e0
2026-07-18 20:38:42.740 Db OMORI[37743:166a4] [com.apple.launchservices:binding] Adding user preferences
2026-07-18 20:38:42.740 Db OMORI[37743:166a4] [com.apple.launchservices:binding] Skipping weak binding due to options
2026-07-18 20:38:42.740 Db OMORI[37743:166a4] [com.apple.launchservices:binding] 0 bindings found
2026-07-18 20:38:42.740 Db OMORI[37743:166a4] [com.apple.launchservices:binding] Truncating a list of bindings to max 1 known-good ones.
2026-07-18 20:38:42.740 Db OMORI[37743:166a4] [com.apple.launchservices:binding] Adding and sorting bundles
